../Core/Src/ili9341.c:74:6:ILI9341_Init	8	static
../Core/Src/ili9341.c:197:6:ILI9341_FillScreen	24	static
../Core/Src/ili9341.c:210:6:ILI9341_SetWindow	24	static
../Core/Src/ili9341.c:227:6:ILI9341_WritePixel	24	static
../Core/Src/ili9341.c:241:13:ConvHL	24	static
../Core/Src/ili9341.c:256:6:ILI9341_DrawBitmap	16	static
../Core/Src/ili9341.c:277:6:ILI9341_EndOfDrawBitmap	4	static
../Core/Src/ili9341.c:286:6:ILI9341_Reset	8	static
../Core/Src/ili9341.c:296:6:ILI9341_SoftReset	16	static
../Core/Src/ili9341.c:307:6:LCD_WR_REG	16	static
../Core/Src/ili9341.c:315:13:LCD_WR_DATA	16	static
../Core/Src/ili9341.c:323:6:LCD_IO_WriteMultipleData	16	static
../Core/Src/ili9341.c:336:6:ILI9341_SpiDmaComplete	4	static
../Core/Src/ili9341.c:341:13:LCD_direction	16	static
../Core/Src/ili9341.c:363:13:RESET_L	8	static
../Core/Src/ili9341.c:368:13:RESET_H	8	static
../Core/Src/ili9341.c:373:13:CS_L	8	static
../Core/Src/ili9341.c:378:13:DC_L	8	static
../Core/Src/ili9341.c:383:13:DC_H	8	static
../Core/Src/ili9341.c:388:13:LED_H	4	static
