../Core/Src/main.c:127:5:main	24	static
../Core/Src/main.c:233:6:SystemClock_Config	88	static
../Core/Src/main.c:280:13:MX_CRC_Init	8	static
../Core/Src/main.c:306:13:MX_SPI1_Init	8	static
../Core/Src/main.c:344:13:MX_SPI2_Init	8	static
../Core/Src/main.c:382:13:MX_TIM2_Init	32	static
../Core/Src/main.c:427:13:MX_USART1_UART_Init	8	static
../Core/Src/main.c:458:13:MX_DMA_Init	16	static
../Core/Src/main.c:479:13:MX_GPIO_Init	40	static
../Core/Src/main.c:531:6:HAL_UART_ErrorCallback	32	static
../Core/Src/main.c:552:6:StartDefaultTask	16	static
../Core/Src/main.c:569:6:RefreshGUI	24	static
../Core/Src/main.c:593:6:Counter_UP	16	static
../Core/Src/main.c:611:6:ParserTask	48	static
../Core/Src/main.c:646:6:HAL_TIM_PeriodElapsedCallback	16	static
../Core/Src/main.c:663:6:Error_Handler	4	static,ignoring_inline_asm
