../Core/Src/main.c:132:5:main	1
../Core/Src/main.c:237:6:SystemClock_Config	3
../Core/Src/main.c:284:13:MX_CRC_Init	2
../Core/Src/main.c:310:13:MX_I2C1_Init	2
../Core/Src/main.c:344:13:MX_SPI1_Init	2
../Core/Src/main.c:382:13:MX_SPI2_Init	2
../Core/Src/main.c:420:13:MX_TIM2_Init	4
../Core/Src/main.c:465:13:MX_USART1_UART_Init	2
../Core/Src/main.c:496:13:MX_DMA_Init	1
../Core/Src/main.c:520:13:MX_GPIO_Init	1
../Core/Src/main.c:582:6:StartDefaultTask	1
../Core/Src/main.c:599:6:RefreshGUI	1
../Core/Src/main.c:623:6:Counter_UP	1
../Core/Src/main.c:641:6:ParserTask	3
../Core/Src/main.c:671:6:HAL_TIM_PeriodElapsedCallback	2
../Core/Src/main.c:688:6:Error_Handler	1
