../Core/Src/main.c:128:5:main	24	static
../Core/Src/main.c:237:6:SystemClock_Config	88	static
../Core/Src/main.c:284:13:MX_CRC_Init	8	static
../Core/Src/main.c:310:13:MX_SPI1_Init	8	static
../Core/Src/main.c:348:13:MX_SPI2_Init	8	static
../Core/Src/main.c:386:13:MX_TIM2_Init	32	static
../Core/Src/main.c:431:13:MX_USART1_UART_Init	8	static
../Core/Src/main.c:462:13:MX_DMA_Init	16	static
../Core/Src/main.c:486:13:MX_GPIO_Init	40	static
../Core/Src/main.c:578:6:HAL_UART_ErrorCallback	32	static
../Core/Src/main.c:599:6:StartDefaultTask	16	static
../Core/Src/main.c:616:6:RefreshGUI	24	static
../Core/Src/main.c:640:6:Counter_UP	16	static
../Core/Src/main.c:658:6:ParserTask	48	static
../Core/Src/main.c:702:6:HAL_TIM_PeriodElapsedCallback	16	static
../Core/Src/main.c:719:6:Error_Handler	4	static,ignoring_inline_asm
