../Core/Src/stm32f4xx_it.c:60:6:HAL_GPIO_EXTI_Callback	24	static
../Core/Src/stm32f4xx_it.c:106:6:NMI_Handler	4	static
../Core/Src/stm32f4xx_it.c:121:6:HardFault_Handler	4	static
../Core/Src/stm32f4xx_it.c:136:6:MemManage_Handler	4	static
../Core/Src/stm32f4xx_it.c:151:6:BusFault_Handler	4	static
../Core/Src/stm32f4xx_it.c:166:6:UsageFault_Handler	4	static
../Core/Src/stm32f4xx_it.c:181:6:DebugMon_Handler	4	static
../Core/Src/stm32f4xx_it.c:201:6:EXTI9_5_IRQHandler	8	static
../Core/Src/stm32f4xx_it.c:215:6:TIM1_UP_TIM10_IRQHandler	8	static
../Core/Src/stm32f4xx_it.c:229:6:TIM2_IRQHandler	8	static
../Core/Src/stm32f4xx_it.c:243:6:SPI1_IRQHandler	8	static
../Core/Src/stm32f4xx_it.c:257:6:SPI2_IRQHandler	8	static
../Core/Src/stm32f4xx_it.c:271:6:USART1_IRQHandler	16	static
../Core/Src/stm32f4xx_it.c:290:6:EXTI15_10_IRQHandler	8	static
../Core/Src/stm32f4xx_it.c:305:6:DMA2_Stream2_IRQHandler	8	static
../Core/Src/stm32f4xx_it.c:319:6:DMA2_Stream5_IRQHandler	8	static
../Core/Src/stm32f4xx_it.c:333:6:DMA2_Stream7_IRQHandler	8	static
