../Core/Src/stm32f4xx_it.c:65:6:HAL_GPIO_EXTI_Callback	32	static
../Core/Src/stm32f4xx_it.c:190:6:NMI_Handler	4	static
../Core/Src/stm32f4xx_it.c:205:6:HardFault_Handler	4	static
../Core/Src/stm32f4xx_it.c:220:6:MemManage_Handler	4	static
../Core/Src/stm32f4xx_it.c:235:6:BusFault_Handler	4	static
../Core/Src/stm32f4xx_it.c:250:6:UsageFault_Handler	4	static
../Core/Src/stm32f4xx_it.c:265:6:DebugMon_Handler	4	static
../Core/Src/stm32f4xx_it.c:285:6:EXTI0_IRQHandler	8	static
../Core/Src/stm32f4xx_it.c:299:6:EXTI1_IRQHandler	8	static
../Core/Src/stm32f4xx_it.c:313:6:EXTI2_IRQHandler	8	static
../Core/Src/stm32f4xx_it.c:327:6:EXTI3_IRQHandler	8	static
../Core/Src/stm32f4xx_it.c:341:6:EXTI4_IRQHandler	8	static
../Core/Src/stm32f4xx_it.c:355:6:EXTI9_5_IRQHandler	8	static
../Core/Src/stm32f4xx_it.c:369:6:TIM1_UP_TIM10_IRQHandler	8	static
../Core/Src/stm32f4xx_it.c:383:6:TIM2_IRQHandler	8	static
../Core/Src/stm32f4xx_it.c:397:6:SPI1_IRQHandler	8	static
../Core/Src/stm32f4xx_it.c:411:6:SPI2_IRQHandler	8	static
../Core/Src/stm32f4xx_it.c:425:6:USART1_IRQHandler	16	static
../Core/Src/stm32f4xx_it.c:444:6:EXTI15_10_IRQHandler	8	static
../Core/Src/stm32f4xx_it.c:462:6:DMA2_Stream2_IRQHandler	8	static
../Core/Src/stm32f4xx_it.c:476:6:DMA2_Stream5_IRQHandler	8	static
../Core/Src/stm32f4xx_it.c:490:6:DMA2_Stream7_IRQHandler	8	static
