Archive member included to satisfy reference by file (symbol)

D:/Documentos/Electronica/Nueva carpeta/STM32CubeIDE_1.15.0/STM32CubeIDE/plugins/com.st.stm32cube.ide.mcu.externaltools.gnu-tools-for-stm32.12.3.rel1.win32_1.0.100.202403111256/tools/bin/../lib/gcc/arm-none-eabi/12.3.1/../../../../arm-none-eabi/lib/thumb/v7e-m+fp/hard\libm.a(libm_a-w_atan2.o)
                              ./Core/Src/main.o (atan2)
D:/Documentos/Electronica/Nueva carpeta/STM32CubeIDE_1.15.0/STM32CubeIDE/plugins/com.st.stm32cube.ide.mcu.externaltools.gnu-tools-for-stm32.12.3.rel1.win32_1.0.100.202403111256/tools/bin/../lib/gcc/arm-none-eabi/12.3.1/../../../../arm-none-eabi/lib/thumb/v7e-m+fp/hard\libm.a(libm_a-w_sqrt.o)
                              ./Core/Src/main.o (sqrt)
D:/Documentos/Electronica/Nueva carpeta/STM32CubeIDE_1.15.0/STM32CubeIDE/plugins/com.st.stm32cube.ide.mcu.externaltools.gnu-tools-for-stm32.12.3.rel1.win32_1.0.100.202403111256/tools/bin/../lib/gcc/arm-none-eabi/12.3.1/../../../../arm-none-eabi/lib/thumb/v7e-m+fp/hard\libm.a(libm_a-e_sqrt.o)
                              D:/Documentos/Electronica/Nueva carpeta/STM32CubeIDE_1.15.0/STM32CubeIDE/plugins/com.st.stm32cube.ide.mcu.externaltools.gnu-tools-for-stm32.12.3.rel1.win32_1.0.100.202403111256/tools/bin/../lib/gcc/arm-none-eabi/12.3.1/../../../../arm-none-eabi/lib/thumb/v7e-m+fp/hard\libm.a(libm_a-w_sqrt.o) (__ieee754_sqrt)
D:/Documentos/Electronica/Nueva carpeta/STM32CubeIDE_1.15.0/STM32CubeIDE/plugins/com.st.stm32cube.ide.mcu.externaltools.gnu-tools-for-stm32.12.3.rel1.win32_1.0.100.202403111256/tools/bin/../lib/gcc/arm-none-eabi/12.3.1/../../../../arm-none-eabi/lib/thumb/v7e-m+fp/hard\libm.a(libm_a-e_atan2.o)
                              D:/Documentos/Electronica/Nueva carpeta/STM32CubeIDE_1.15.0/STM32CubeIDE/plugins/com.st.stm32cube.ide.mcu.externaltools.gnu-tools-for-stm32.12.3.rel1.win32_1.0.100.202403111256/tools/bin/../lib/gcc/arm-none-eabi/12.3.1/../../../../arm-none-eabi/lib/thumb/v7e-m+fp/hard\libm.a(libm_a-w_atan2.o) (__ieee754_atan2)
D:/Documentos/Electronica/Nueva carpeta/STM32CubeIDE_1.15.0/STM32CubeIDE/plugins/com.st.stm32cube.ide.mcu.externaltools.gnu-tools-for-stm32.12.3.rel1.win32_1.0.100.202403111256/tools/bin/../lib/gcc/arm-none-eabi/12.3.1/../../../../arm-none-eabi/lib/thumb/v7e-m+fp/hard\libm.a(libm_a-s_atan.o)
                              D:/Documentos/Electronica/Nueva carpeta/STM32CubeIDE_1.15.0/STM32CubeIDE/plugins/com.st.stm32cube.ide.mcu.externaltools.gnu-tools-for-stm32.12.3.rel1.win32_1.0.100.202403111256/tools/bin/../lib/gcc/arm-none-eabi/12.3.1/../../../../arm-none-eabi/lib/thumb/v7e-m+fp/hard\libm.a(libm_a-e_atan2.o) (atan)
D:/Documentos/Electronica/Nueva carpeta/STM32CubeIDE_1.15.0/STM32CubeIDE/plugins/com.st.stm32cube.ide.mcu.externaltools.gnu-tools-for-stm32.12.3.rel1.win32_1.0.100.202403111256/tools/bin/../lib/gcc/arm-none-eabi/12.3.1/../../../../arm-none-eabi/lib/thumb/v7e-m+fp/hard\libm.a(libm_a-s_fabs.o)
                              D:/Documentos/Electronica/Nueva carpeta/STM32CubeIDE_1.15.0/STM32CubeIDE/plugins/com.st.stm32cube.ide.mcu.externaltools.gnu-tools-for-stm32.12.3.rel1.win32_1.0.100.202403111256/tools/bin/../lib/gcc/arm-none-eabi/12.3.1/../../../../arm-none-eabi/lib/thumb/v7e-m+fp/hard\libm.a(libm_a-e_atan2.o) (fabs)
D:/Documentos/Electronica/Nueva carpeta/STM32CubeIDE_1.15.0/STM32CubeIDE/plugins/com.st.stm32cube.ide.mcu.externaltools.gnu-tools-for-stm32.12.3.rel1.win32_1.0.100.202403111256/tools/bin/../lib/gcc/arm-none-eabi/12.3.1/../../../../arm-none-eabi/lib/thumb/v7e-m+fp/hard\libc_nano.a(libc_a-exit.o)
                              D:/Documentos/Electronica/Nueva carpeta/STM32CubeIDE_1.15.0/STM32CubeIDE/plugins/com.st.stm32cube.ide.mcu.externaltools.gnu-tools-for-stm32.12.3.rel1.win32_1.0.100.202403111256/tools/bin/../lib/gcc/arm-none-eabi/12.3.1/../../../../arm-none-eabi/lib/thumb/v7e-m+fp/hard/crt0.o (exit)
D:/Documentos/Electronica/Nueva carpeta/STM32CubeIDE_1.15.0/STM32CubeIDE/plugins/com.st.stm32cube.ide.mcu.externaltools.gnu-tools-for-stm32.12.3.rel1.win32_1.0.100.202403111256/tools/bin/../lib/gcc/arm-none-eabi/12.3.1/../../../../arm-none-eabi/lib/thumb/v7e-m+fp/hard\libc_nano.a(libc_a-findfp.o)
                              ./Middlewares/Third_Party/FreeRTOS/Source/tasks.o (__sf)
D:/Documentos/Electronica/Nueva carpeta/STM32CubeIDE_1.15.0/STM32CubeIDE/plugins/com.st.stm32cube.ide.mcu.externaltools.gnu-tools-for-stm32.12.3.rel1.win32_1.0.100.202403111256/tools/bin/../lib/gcc/arm-none-eabi/12.3.1/../../../../arm-none-eabi/lib/thumb/v7e-m+fp/hard\libc_nano.a(libc_a-fwalk.o)
                              D:/Documentos/Electronica/Nueva carpeta/STM32CubeIDE_1.15.0/STM32CubeIDE/plugins/com.st.stm32cube.ide.mcu.externaltools.gnu-tools-for-stm32.12.3.rel1.win32_1.0.100.202403111256/tools/bin/../lib/gcc/arm-none-eabi/12.3.1/../../../../arm-none-eabi/lib/thumb/v7e-m+fp/hard\libc_nano.a(libc_a-findfp.o) (_fwalk_sglue)
[...]
Memory Configuration

Name             Origin             Length             Attributes
RAM              0x20000000         0x00020000         xrw
FLASH            0x08000000         0x00080000         xr
*default*        0x00000000         0xffffffff

Linker script and memory map

LOAD D:/Documentos/Electronica/Nueva carpeta/STM32CubeIDE_1.15.0/STM32CubeIDE/plugins/com.st.stm32cube.ide.mcu.externaltools.gnu-tools-for-stm32.12.3.rel1.win32_1.0.100.202403111256/tools/bin/../lib/gcc/arm-none-eabi/12.3.1/thumb/v7e-m+fp/hard/crti.o
LOAD D:/Documentos/Electronica/Nueva carpeta/STM32CubeIDE_1.15.0/STM32CubeIDE/plugins/com.st.stm32cube.ide.mcu.externaltools.gnu-tools-for-stm32.12.3.rel1.win32_1.0.100.202403111256/tools/bin/../lib/gcc/arm-none-eabi/12.3.1/thumb/v7e-m+fp/hard/crtbegin.o
LOAD D:/Documentos/Electronica/Nueva carpeta/STM32CubeIDE_1.15.0/STM32CubeIDE/plugins/com.st.stm32cube.ide.mcu.externaltools.gnu-tools-for-stm32.12.3.rel1.win32_1.0.100.202403111256/tools/bin/../lib/gcc/arm-none-eabi/12.3.1/../../../../arm-none-eabi/lib/thumb/v7e-m+fp/hard/crt0.o
LOAD ./Core/Src/INA226.o
LOAD ./Core/Src/freertos.o
LOAD ./Core/Src/main.o
LOAD ./Core/Src/motor_control.o
LOAD ./Core/Src/packetbuilder.o
LOAD ./Core/Src/parser.o
LOAD ./Core/Src/stm32f4xx_hal_msp.o
LOAD ./Core/Src/stm32f4xx_hal_timebase_tim.o
LOAD ./Core/Src/stm32f4xx_it.o
LOAD ./Core/Src/syscalls.o
LOAD ./Core/Src/sysmem.o
LOAD ./Core/Src/system_stm32f4xx.o
LOAD ./Core/Src/vl53l0x_api.o
LOAD ./Core/Src/vl53l0x_api_calibration.o
LOAD ./Core/Src/vl53l0x_api_core.o
LOAD ./Core/Src/vl53l0x_api_ranging.o
LOAD ./Core/Src/vl53l0x_api_strings.o
LOAD ./Core/Src/vl53l0x_platform.o
LOAD ./Core/Startup/startup_stm32f411ceux.o
LOAD ./Drivers/STM32F4xx_HAL_Driver/Src/stm32f4xx_hal.o
LOAD ./Drivers/STM32F4xx_HAL_Driver/Src/stm32f4xx_hal_adc.o
LOAD ./Drivers/STM32F4xx_HAL_Driver/Src/stm32f4xx_hal_adc_ex.o
LOAD ./Drivers/STM32F4xx_HAL_Driver/Src/stm32f4xx_hal_cortex.o
LOAD ./Drivers/STM32F4xx_HAL_Driver/Src/stm32f4xx_hal_dma.o
LOAD ./Drivers/STM32F4xx_HAL_Driver/Src/stm32f4xx_hal_dma_ex.o
LOAD ./Drivers/STM32F4xx_HAL_Driver/Src/stm32f4xx_hal_exti.o
LOAD ./Drivers/STM32F4xx_HAL_Driver/Src/stm32f4xx_hal_flash.o
LOAD ./Drivers/STM32F4xx_HAL_Driver/Src/stm32f4xx_hal_flash_ex.o
LOAD ./Drivers/STM32F4xx_HAL_Driver/Src/stm32f4xx_hal_flash_ramfunc.o
LOAD ./Drivers/STM32F4xx_HAL_Driver/Src/stm32f4xx_hal_gpio.o
LOAD ./Drivers/STM32F4xx_HAL_Driver/Src/stm32f4xx_hal_i2c.o
LOAD ./Drivers/STM32F4xx_HAL_Driver/Src/stm32f4xx_hal_i2c_ex.o
LOAD ./Drivers/STM32F4xx_HAL_Driver/Src/stm32f4xx_hal_pwr.o
LOAD ./Drivers/STM32F4xx_HAL_Driver/Src/stm32f4xx_hal_pwr_ex.o
LOAD ./Drivers/STM32F4xx_HAL_Driver/Src/stm32f4xx_hal_rcc.o
LOAD ./Drivers/STM32F4xx_HAL_Driver/Src/stm32f4xx_hal_rcc_ex.o
LOAD ./Drivers/STM32F4xx_HAL_Driver/Src/stm32f4xx_hal_tim.o
LOAD ./Drivers/STM32F4xx_HAL_Driver/Src/stm32f4xx_hal_tim_ex.o
LOAD ./Drivers/STM32F4xx_HAL_Driver/Src/stm32f4xx_hal_uart.o
LOAD ./Drivers/STM32F4xx_HAL_Driver/Src/stm32f4xx_ll_adc.o
LOAD ./Middlewares/Third_Party/FreeRTOS/Source/CMSIS_RTOS_V2/cmsis_os2.o
LOAD ./Middlewares/Third_Party/FreeRTOS/Source/croutine.o
LOAD ./Middlewares/Third_Party/FreeRTOS/Source/event_groups.o
LOAD ./Middlewares/Third_Party/FreeRTOS/Source/list.o
LOAD ./Middlewares/Third_Party/FreeRTOS/Source/queue.o
LOAD ./Middlewares/Third_Party/FreeRTOS/Source/stream_buffer.o
LOAD ./Middlewares/Third_Party/FreeRTOS/Source/tasks.o
LOAD ./Middlewares/Third_Party/FreeRTOS/Source/timers.o
LOAD ./Middlewares/Third_Party/FreeRTOS/Source/portable/GCC/ARM_CM4F/port.o
LOAD ./Middlewares/Third_Party/FreeRTOS/Source/portable/MemMang/heap_4.o
START GROUP
LOAD D:/Documentos/Electronica/Nueva carpeta/STM32CubeIDE_1.15.0/STM32CubeIDE/plugins/com.st.stm32cube.ide.mcu.externaltools.gnu-tools-for-stm32.12.3.rel1.win32_1.0.100.202403111256/tools/bin/../lib/gcc/arm-none-eabi/12.3.1/../../../../arm-none-eabi/lib/thumb/v7e-m+fp/hard\libstdc++_nano.a
LOAD D:/Documentos/Electronica/Nueva carpeta/STM32CubeIDE_1.15.0/STM32CubeIDE/plugins/com.st.stm32cube.ide.mcu.externaltools.gnu-tools-for-stm32.12.3.rel1.win32_1.0.100.202403111256/tools/bin/../lib/gcc/arm-none-eabi/12.3.1/../../../../arm-none-eabi/lib/thumb/v7e-m+fp/hard\libsupc++_nano.a
END GROUP
LOAD D:/Documentos/Electronica/Nueva carpeta/STM32CubeIDE_1.15.0/STM32CubeIDE/plugins/com.st.stm32cube.ide.mcu.externaltools.gnu-tools-for-stm32.12.3.rel1.win32_1.0.100.202403111256/tools/bin/../lib/gcc/arm-none-eabi/12.3.1/../../../../arm-none-eabi/lib/thumb/v7e-m+fp/hard\libstdc++_nano.a
LOAD D:/Documentos/Electronica/Nueva carpeta/STM32CubeIDE_1.15.0/STM32CubeIDE/plugins/com.st.stm32cube.ide.mcu.externaltools.gnu-tools-for-stm32.12.3.rel1.win32_1.0.100.202403111256/tools/bin/../lib/gcc/arm-none-eabi/12.3.1/../../../../arm-none-eabi/lib/thumb/v7e-m+fp/hard\libm.a
LOAD D:/Documentos/Electronica/Nueva carpeta/STM32CubeIDE_1.15.0/STM32CubeIDE/plugins/com.st.stm32cube.ide.mcu.externaltools.gnu-tools-for-stm32.12.3.rel1.win32_1.0.100.202403111256/tools/bin/../lib/gcc/arm-none-eabi/12.3.1/../../../../arm-none-eabi/lib/thumb/v7e-m+fp/hard\libc_nano.a
START GROUP
LOAD D:/Documentos/Electronica/Nueva carpeta/STM32CubeIDE_1.15.0/STM32CubeIDE/plugins/com.st.stm32cube.ide.mcu.externaltools.gnu-tools-for-stm32.12.3.rel1.win32_1.0.100.202403111256/tools/bin/../lib/gcc/arm-none-eabi/12.3.1/thumb/v7e-m+fp/hard\libgcc.a
LOAD D:/Documentos/Electronica/Nueva carpeta/STM32CubeIDE_1.15.0/STM32CubeIDE/plugins/com.st.stm32cube.ide.mcu.externaltools.gnu-tools-for-stm32.12.3.rel1.win32_1.0.100.202403111256/tools/bin/../lib/gcc/arm-none-eabi/12.3.1/../../../../arm-none-eabi/lib/thumb/v7e-m+fp/hard\libc_nano.a
END GROUP
START GROUP
LOAD D:/Documentos/Electronica/Nueva carpeta/STM32CubeIDE_1.15.0/STM32CubeIDE/plugins/com.st.stm32cube.ide.mcu.externaltools.gnu-tools-for-stm32.12.3.rel1.win32_1.0.100.202403111256/tools/bin/../lib/gcc/arm-none-eabi/12.3.1/thumb/v7e-m+fp/hard\libgcc.a
LOAD D:/Documentos/Electronica/Nueva carpeta/STM32CubeIDE_1.15.0/STM32CubeIDE/plugins/com.st.stm32cube.ide.mcu.externaltools.gnu-tools-for-stm32.12.3.rel1.win32_1.0.100.202403111256/tools/bin/../lib/gcc/arm-none-eabi/12.3.1/../../../../arm-none-eabi/lib/thumb/v7e-m+fp/hard\libc_nano.a
END GROUP
LOAD D:/Documentos/Electronica/Nueva carpeta/STM32CubeIDE_1.15.0/STM32CubeIDE/plugins/com.st.stm32cube.ide.mcu.externaltools.gnu-tools-for-stm32.12.3.rel1.win32_1.0.100.202403111256/tools/bin/../lib/gcc/arm-none-eabi/12.3.1/thumb/v7e-m+fp/hard/crtend.o
LOAD D:/Documentos/Electronica/Nueva carpeta/STM32CubeIDE_1.15.0/STM32CubeIDE/plugins/com.st.stm32cube.ide.mcu.externaltools.gnu-tools-for-stm32.12.3.rel1.win32_1.0.100.202403111256/tools/bin/../lib/gcc/arm-none-eabi/12.3.1/thumb/v7e-m+fp/hard/crtn.o
                0x20020000                        _estack = (ORIGIN (RAM) + LENGTH (RAM))
                0x00000200                        _Min_Heap_Size = 0x200
                0x00000400                        _Min_Stack_Size = 0x400

.isr_vector     0x08000000      0x198
                0x08000000                        . = ALIGN (0x4)
 *(.isr_vector)
 .isr_vector    0x08000000      0x198 ./Core/Startup/startup_stm32f411ceux.o
                0x08000000                g_pfnVectors
                0x08000198                        . = ALIGN (0x4)

.text           0x080001a0    0x10a5c
                0x080001a0                        . = ALIGN (0x4)
 *(.text)
 .text          0x080001a0       0x40 D:/Documentos/Electronica/Nueva carpeta/STM32CubeIDE_1.15.0/STM32CubeIDE/plugins/com.st.stm32cube.ide.mcu.externaltools.gnu-tools-for-stm32.12.3.rel1.win32_1.0.100.202403111256/tools/bin/../lib/gcc/arm-none-eabi/12.3.1/thumb/v7e-m+fp/hard/crtbegin.o
 .text          0x080001e0      0x378 D:/Documentos/Electronica/Nueva carpeta/STM32CubeIDE_1.15.0/STM32CubeIDE/plugins/com.st.stm32cube.ide.mcu.externaltools.gnu-tools-for-stm32.12.3.rel1.win32_1.0.100.202403111256/tools/bin/../lib/gcc/arm-none-eabi/12.3.1/thumb/v7e-m+fp/hard\libgcc.a(_arm_addsubdf3.o)
                0x080001e0                __aeabi_drsub
                0x080001e8                __aeabi_dsub
                0x080001e8                __subdf3
                0x080001ec                __aeabi_dadd
                0x080001ec                __adddf3
                0x08000464                __floatunsidf
                0x08000464                __aeabi_ui2d
                0x08000484                __floatsidf
                0x08000484                __aeabi_i2d
                0x080004a8                __aeabi_f2d
                0x080004a8                __extendsfdf2
                0x080004ec                __floatundidf
                0x080004ec                __aeabi_ul2d
                0x080004fc                __floatdidf
                0x080004fc                __aeabi_l2d
 .text          0x08000558      0x424 D:/Documentos/Electronica/Nueva carpeta/STM32CubeIDE_1.15.0/STM32CubeIDE/plugins/com.st.stm32cube.ide.mcu.externaltools.gnu-tools-for-stm32.12.3.rel1.win32_1.0.100.202403111256/tools/bin/../lib/gcc/arm-none-eabi/12.3.1/thumb/v7e-m+fp/hard\libgcc.a(_arm_muldivdf3.o)
                0x08000558                __aeabi_dmul
                0x08000558                __muldf3
                0x080007ac                __divdf3
                0x080007ac                __aeabi_ddiv
 .text          0x0800097c      0x110 D:/Documentos/Electronica/Nueva carpeta/STM32CubeIDE_1.15.0/STM32CubeIDE/plugins/com.st.stm32cube.ide.mcu.externaltools.gnu-tools-for-stm32.12.3.rel1.win32_1.0.100.202403111256/tools/bin/../lib/gcc/arm-none-eabi/12.3.1/thumb/v7e-m+fp/hard\libgcc.a(_arm_cmpdf2.o)
                0x0800097c                __gtdf2
                0x0800097c                __gedf2
                0x08000984                __ltdf2
                0x08000984                __ledf2
                0x0800098c                __nedf2
                0x0800098c                __eqdf2
                0x0800098c                __cmpdf2
                0x08000a08                __aeabi_cdrcmple
                0x08000a18                __aeabi_cdcmpeq
                0x08000a18                __aeabi_cdcmple
                0x08000a28                __aeabi_dcmpeq
                0x08000a3c                __aeabi_dcmplt
                0x08000a50                __aeabi_dcmple
                0x08000a64                __aeabi_dcmpge
                0x08000a78                __aeabi_dcmpgt
 .text          0x08000a8c       0x2c D:/Documentos/Electronica/Nueva carpeta/STM32CubeIDE_1.15.0/STM32CubeIDE/plugins/com.st.stm32cube.ide.mcu.externaltools.gnu-tools-for-stm32.12.3.rel1.win32_1.0.100.202403111256/tools/bin/../lib/gcc/arm-none-eabi/12.3.1/thumb/v7e-m+fp/hard\libgcc.a(_arm_unorddf2.o)
                0x08000a8c                __unorddf2
                0x08000a8c                __aeabi_dcmpun
 .text          0x08000ab8       0xa0 D:/Documentos/Electronica/Nueva carpeta/STM32CubeIDE_1.15.0/STM32CubeIDE/plugins/com.st.stm32cube.ide.mcu.externaltools.gnu-tools-for-stm32.12.3.rel1.win32_1.0.100.202403111256/tools/bin/../lib/gcc/arm-none-eabi/12.3.1/thumb/v7e-m+fp/hard\libgcc.a(_arm_truncdfsf2.o)
                0x08000ab8                __truncdfsf2
                0x08000ab8                __aeabi_d2f
 .text          0x08000b58       0x30 D:/Documentos/Electronica/Nueva carpeta/STM32CubeIDE_1.15.0/STM32CubeIDE/plugins/com.st.stm32cube.ide.mcu.externaltools.gnu-tools-for-stm32.12.3.rel1.win32_1.0.100.202403111256/tools/bin/../lib/gcc/arm-none-eabi/12.3.1/thumb/v7e-m+fp/hard\libgcc.a(_aeabi_uldivmod.o)
                0x08000b58                __aeabi_uldivmod
 .text          0x08000b88      0x2bc D:/Documentos/Electronica/Nueva carpeta/STM32CubeIDE_1.15.0/STM32CubeIDE/plugins/com.st.stm32cube.ide.mcu.externaltools.gnu-tools-for-stm32.12.3.rel1.win32_1.0.100.202403111256/tools/bin/../lib/gcc/arm-none-eabi/12.3.1/thumb/v7e-m+fp/hard\libgcc.a(_udivmoddi4.o)
                0x08000b88                __udivmoddi4
 .text          0x08000e44        0x4 D:/Documentos/Electronica/Nueva carpeta/STM32CubeIDE_1.15.0/STM32CubeIDE/plugins/com.st.stm32cube.ide.mcu.externaltools.gnu-tools-for-stm32.12.3.rel1.win32_1.0.100.202403111256/tools/bin/../lib/gcc/arm-none-eabi/12.3.1/thumb/v7e-m+fp/hard\libgcc.a(_dvmd_tls.o)
                0x08000e44                __aeabi_idiv0
                0x08000e44                __aeabi_ldiv0
 *(.text*)
 .text.updateConfiguration
                0x08000e48       0xa0 ./Core/Src/INA226.o
                0x08000e48                updateConfiguration
 .text.getBusVol
                0x08000ee8       0x50 ./Core/Src/INA226.o
                0x08000ee8                getBusVol
 .text.calibrateDevice
                0x08000f38       0x44 ./Core/Src/INA226.o
                0x08000f38                calibrateDevice
 .text.lcd_send_cmd
                0x08000f7c       0x60 ./Core/Src/main.o
                0x08000f7c                lcd_send_cmd
 .text.LCD_CLEAR
                0x08000fdc       0x14 ./Core/Src/main.o
                0x08000fdc                LCD_CLEAR
 .text.MPU6050_Init
                0x08000ff0       0xc8 ./Core/Src/main.o
                0x08000ff0                MPU6050_Init
 .text.MPU6050_Read
                0x080010b8       0xa0 ./Core/Src/main.o
                0x080010b8                MPU6050_Read
 .text.main     0x08001158      0x388 ./Core/Src/main.o
                0x08001158                main
 .text.SystemClock_Config
                0x080014e0       0xd0 ./Core/Src/main.o
                0x080014e0                SystemClock_Config
 .text.MX_ADC1_Init
                0x080015b0       0xa4 ./Core/Src/main.o
 .text.MX_I2C1_Init
                0x08001654       0x5c ./Core/Src/main.o
 .text.MX_TIM1_Init
                0x080016b0      0x18c ./Core/Src/main.o
 .text.MX_TIM2_Init
                0x0800183c      0x100 ./Core/Src/main.o
 .text.MX_USART1_UART_Init
                0x0800193c       0x54 ./Core/Src/main.o
 .text.MX_DMA_Init
                0x08001990       0x60 ./Core/Src/main.o
 .text.MX_GPIO_Init
                0x080019f0      0x118 ./Core/Src/main.o
 .text.StartDefaultTask
                0x08001b08       0x10 ./Core/Src/main.o
                0x08001b08                StartDefaultTask
 .text.ParserTask
                0x08001b18       0x9c ./Core/Src/main.o
                0x08001b18                ParserTask
 .text.StartTelemetriaTask
                0x08001bb4       0xf0 ./Core/Src/main.o
                0x08001bb4                StartTelemetriaTask
 .text.HAL_TIM_PeriodElapsedCallback
                0x08001ca4       0x24 ./Core/Src/main.o
                0x08001ca4                HAL_TIM_PeriodElapsedCallback
 .text.Error_Handler
                0x08001cc8        0xc ./Core/Src/main.o
                0x08001cc8                Error_Handler
 .text.Motor_Init
                0x08001cd4       0x5c ./Core/Src/motor_control.o
                0x08001cd4                Motor_Init
 .text.Motor_SetAllPulse
                0x08001d30       0x98 ./Core/Src/motor_control.o
                0x08001d30                Motor_SetAllPulse
 .text.Motor_SpeedInc
                0x08001dc8       0x34 ./Core/Src/motor_control.o
                0x08001dc8                Motor_SpeedInc
 .text.Motor_SpeedDec
                0x08001dfc       0x30 ./Core/Src/motor_control.o
                0x08001dfc                Motor_SpeedDec
 .text.Motor_Stop
                0x08001e2c        0xe ./Core/Src/motor_control.o
                0x08001e2c                Motor_Stop
 *fill*         0x08001e3a        0x2 
 .text.Servo_Pinza
                0x08001e3c       0x28 ./Core/Src/motor_control.o
                0x08001e3c                Servo_Pinza
 .text.Motor_GetCurrentPulse
                0x08001e64       0x18 ./Core/Src/motor_control.o
                0x08001e64                Motor_GetCurrentPulse
 .text.build_packet
                0x08001e7c       0xc2 ./Core/Src/packetbuilder.o
                0x08001e7c                build_packet
 *fill*         0x08001f3e        0x2 
 .text.parse_byte
                0x08001f40      0x134 ./Core/Src/parser.o
                0x08001f40                parse_byte
 .text.execute_command
                0x08002074       0xd0 ./Core/Src/parser.o
                0x08002074                execute_command
 .text.HAL_MspInit
                0x08002144       0x58 ./Core/Src/stm32f4xx_hal_msp.o
                0x08002144                HAL_MspInit
 .text.HAL_ADC_MspInit
                0x0800219c       0xec ./Core/Src/stm32f4xx_hal_msp.o
                0x0800219c                HAL_ADC_MspInit
 .text.HAL_I2C_MspInit
                0x08002288       0x90 ./Core/Src/stm32f4xx_hal_msp.o
                0x08002288                HAL_I2C_MspInit
 .text.HAL_TIM_Base_MspInit
                0x08002318       0x78 ./Core/Src/stm32f4xx_hal_msp.o
                0x08002318                HAL_TIM_Base_MspInit
 .text.HAL_TIM_MspPostInit
                0x08002390       0xbc ./Core/Src/stm32f4xx_hal_msp.o
                0x08002390                HAL_TIM_MspPostInit
 .text.HAL_UART_MspInit
                0x0800244c      0x16c ./Core/Src/stm32f4xx_hal_msp.o
                0x0800244c                HAL_UART_MspInit
 .text.HAL_InitTick
                0x080025b8       0xe4 ./Core/Src/stm32f4xx_hal_timebase_tim.o
                0x080025b8                HAL_InitTick
 .text.NMI_Handler
                0x0800269c        0x8 ./Core/Src/stm32f4xx_it.o
                0x0800269c                NMI_Handler
 .text.HardFault_Handler
                0x080026a4        0x8 ./Core/Src/stm32f4xx_it.o
                0x080026a4                HardFault_Handler
 .text.MemManage_Handler
                0x080026ac        0x8 ./Core/Src/stm32f4xx_it.o
                0x080026ac                MemManage_Handler
 .text.BusFault_Handler
                0x080026b4        0x8 ./Core/Src/stm32f4xx_it.o
                0x080026b4                BusFault_Handler
 .text.UsageFault_Handler
                0x080026bc        0x8 ./Core/Src/stm32f4xx_it.o
                0x080026bc                UsageFault_Handler
 .text.DebugMon_Handler
                0x080026c4        0xe ./Core/Src/stm32f4xx_it.o
                0x080026c4                DebugMon_Handler
 *fill*         0x080026d2        0x2 
 .text.TIM1_BRK_TIM9_IRQHandler
                0x080026d4       0x1c ./Core/Src/stm32f4xx_it.o
                0x080026d4                TIM1_BRK_TIM9_IRQHandler
 .text.USART1_IRQHandler
                0x080026f0       0x54 ./Core/Src/stm32f4xx_it.o
                0x080026f0                USART1_IRQHandler
 .text.DMA2_Stream0_IRQHandler
                0x08002744       0x14 ./Core/Src/stm32f4xx_it.o
                0x08002744                DMA2_Stream0_IRQHandler
 .text.DMA2_Stream2_IRQHandler
                0x08002758       0x14 ./Core/Src/stm32f4xx_it.o
                0x08002758                DMA2_Stream2_IRQHandler
 .text.DMA2_Stream7_IRQHandler
                0x0800276c       0x14 ./Core/Src/stm32f4xx_it.o
                0x0800276c                DMA2_Stream7_IRQHandler
 .text.SystemInit
                0x08002780       0x24 ./Core/Src/system_stm32f4xx.o
                0x08002780                SystemInit
 .text.VL53L0X_GetOffsetCalibrationDataMicroMeter
                0x080027a4       0x26 ./Core/Src/vl53l0x_api.o
                0x080027a4                VL53L0X_GetOffsetCalibrationDataMicroMeter
 *fill*         0x080027ca        0x2 
 .text.VL53L0X_DataInit
                0x080027cc      0x30c ./Core/Src/vl53l0x_api.o
                0x080027cc                VL53L0X_DataInit
 .text.VL53L0X_StaticInit
                0x08002ad8      0x304 ./Core/Src/vl53l0x_api.o
                0x08002ad8                VL53L0X_StaticInit
 .text.VL53L0X_GetDeviceParameters
                0x08002ddc      0x16a ./Core/Src/vl53l0x_api.o
                0x08002ddc                VL53L0X_GetDeviceParameters
 *fill*         0x08002f46        0x2 
 .text.VL53L0X_SetDeviceMode
                0x08002f48       0x58 ./Core/Src/vl53l0x_api.o
                0x08002f48                VL53L0X_SetDeviceMode
 .text.VL53L0X_GetDeviceMode
                0x08002fa0       0x26 ./Core/Src/vl53l0x_api.o
                0x08002fa0                VL53L0X_GetDeviceMode
 .text.VL53L0X_GetFractionEnable
                0x08002fc6       0x3e ./Core/Src/vl53l0x_api.o
                0x08002fc6                VL53L0X_GetFractionEnable
 .text.VL53L0X_SetMeasurementTimingBudgetMicroSeconds
                0x08003004       0x26 ./Core/Src/vl53l0x_api.o
                0x08003004                VL53L0X_SetMeasurementTimingBudgetMicroSeconds
 .text.VL53L0X_GetMeasurementTimingBudgetMicroSeconds
                0x0800302a       0x26 ./Core/Src/vl53l0x_api.o
                0x0800302a                VL53L0X_GetMeasurementTimingBudgetMicroSeconds
 .text.VL53L0X_GetVcselPulsePeriod
                0x08003050       0x2e ./Core/Src/vl53l0x_api.o
                0x08003050                VL53L0X_GetVcselPulsePeriod
 *fill*         0x0800307e        0x2 
 .text.VL53L0X_SetSequenceStepEnable
                0x08003080      0x140 ./Core/Src/vl53l0x_api.o
                0x08003080                VL53L0X_SetSequenceStepEnable
 .text.sequence_step_enabled
                0x080031c0       0xa4 ./Core/Src/vl53l0x_api.o
                0x080031c0                sequence_step_enabled
 .text.VL53L0X_GetSequenceStepEnables
                0x08003264       0xb0 ./Core/Src/vl53l0x_api.o
                0x08003264                VL53L0X_GetSequenceStepEnables
 .text.VL53L0X_GetInterMeasurementPeriodMilliSeconds
                0x08003314       0x68 ./Core/Src/vl53l0x_api.o
                0x08003314                VL53L0X_GetInterMeasurementPeriodMilliSeconds
 .text.VL53L0X_GetXTalkCompensationEnable
                0x0800337c       0x2a ./Core/Src/vl53l0x_api.o
                0x0800337c                VL53L0X_GetXTalkCompensationEnable
 .text.VL53L0X_GetXTalkCompensationRateMegaCps
                0x080033a6       0x66 ./Core/Src/vl53l0x_api.o
                0x080033a6                VL53L0X_GetXTalkCompensationRateMegaCps
 .text.VL53L0X_SetLimitCheckEnable
                0x0800340c      0x118 ./Core/Src/vl53l0x_api.o
                0x0800340c                VL53L0X_SetLimitCheckEnable
 .text.VL53L0X_GetLimitCheckEnable
                0x08003524       0x46 ./Core/Src/vl53l0x_api.o
                0x08003524                VL53L0X_GetLimitCheckEnable
 *fill*         0x0800356a        0x2 
 .text.VL53L0X_SetLimitCheckValue
                0x0800356c       0xc4 ./Core/Src/vl53l0x_api.o
                0x0800356c                VL53L0X_SetLimitCheckValue
 .text.VL53L0X_GetLimitCheckValue
                0x08003630      0x11c ./Core/Src/vl53l0x_api.o
                0x08003630                VL53L0X_GetLimitCheckValue
 .text.VL53L0X_GetWrapAroundCheckEnable
                0x0800374c       0x64 ./Core/Src/vl53l0x_api.o
                0x0800374c                VL53L0X_GetWrapAroundCheckEnable
 .text.VL53L0X_PerformSingleMeasurement
                0x080037b0       0x68 ./Core/Src/vl53l0x_api.o
                0x080037b0                VL53L0X_PerformSingleMeasurement
 .text.VL53L0X_PerformRefCalibration
                0x08003818       0x2c ./Core/Src/vl53l0x_api.o
                0x08003818                VL53L0X_PerformRefCalibration
 .text.VL53L0X_CheckAndLoadInterruptSettings
                0x08003844      0x1e4 ./Core/Src/vl53l0x_api.o
                0x08003844                VL53L0X_CheckAndLoadInterruptSettings
 .text.VL53L0X_StartMeasurement
                0x08003a28      0x184 ./Core/Src/vl53l0x_api.o
                0x08003a28                VL53L0X_StartMeasurement
 .text.VL53L0X_GetMeasurementDataReady
                0x08003bac       0x80 ./Core/Src/vl53l0x_api.o
                0x08003bac                VL53L0X_GetMeasurementDataReady
 .text.VL53L0X_GetRangingMeasurementData
                0x08003c2c      0x238 ./Core/Src/vl53l0x_api.o
                0x08003c2c                VL53L0X_GetRangingMeasurementData
 .text.VL53L0X_PerformSingleRangingMeasurement
                0x08003e64       0x60 ./Core/Src/vl53l0x_api.o
                0x08003e64                VL53L0X_PerformSingleRangingMeasurement
 .text.VL53L0X_SetGpioConfig
                0x08003ec4      0x244 ./Core/Src/vl53l0x_api.o
                0x08003ec4                VL53L0X_SetGpioConfig
 .text.VL53L0X_GetInterruptThresholds
                0x08004108       0x68 ./Core/Src/vl53l0x_api.o
                0x08004108                VL53L0X_GetInterruptThresholds
 .text.VL53L0X_ClearInterruptMask
                0x08004170       0x80 ./Core/Src/vl53l0x_api.o
                0x08004170                VL53L0X_ClearInterruptMask
 .text.VL53L0X_GetInterruptMaskStatus
                0x080041f0       0x44 ./Core/Src/vl53l0x_api.o
                0x080041f0                VL53L0X_GetInterruptMaskStatus
 .text.VL53L0X_PerformRefSpadManagement
                0x08004234       0x2a ./Core/Src/vl53l0x_api.o
                0x08004234                VL53L0X_PerformRefSpadManagement
 .text.VL53L0X_get_offset_calibration_data_micro_meter
                0x0800425e       0x7e ./Core/Src/vl53l0x_api_calibration.o
                0x0800425e                VL53L0X_get_offset_calibration_data_micro_meter
 .text.get_next_good_spad
                0x080042dc       0xbc ./Core/Src/vl53l0x_api_calibration.o
                0x080042dc                get_next_good_spad
 .text.is_aperture
                0x08004398       0x34 ./Core/Src/vl53l0x_api_calibration.o
                0x08004398                is_aperture
 .text.enable_spad_bit
                0x080043cc       0x70 ./Core/Src/vl53l0x_api_calibration.o
                0x080043cc                enable_spad_bit
 .text.set_ref_spad_map
                0x0800443c       0x26 ./Core/Src/vl53l0x_api_calibration.o
                0x0800443c                set_ref_spad_map
 .text.get_ref_spad_map
                0x08004462       0x26 ./Core/Src/vl53l0x_api_calibration.o
                0x08004462                get_ref_spad_map
 .text.enable_ref_spads
                0x08004488       0xf8 ./Core/Src/vl53l0x_api_calibration.o
                0x08004488                enable_ref_spads
 .text.perform_ref_signal_measurement
                0x08004580       0xd4 ./Core/Src/vl53l0x_api_calibration.o
                0x08004580                perform_ref_signal_measurement
 .text.VL53L0X_perform_ref_spad_management
                0x08004654      0x418 ./Core/Src/vl53l0x_api_calibration.o
                0x08004654                VL53L0X_perform_ref_spad_management
 .text.VL53L0X_set_reference_spads
                0x08004a6c      0x14a ./Core/Src/vl53l0x_api_calibration.o
                0x08004a6c                VL53L0X_set_reference_spads
 .text.VL53L0X_perform_single_ref_calibration
                0x08004bb6       0x76 ./Core/Src/vl53l0x_api_calibration.o
                0x08004bb6                VL53L0X_perform_single_ref_calibration
 .text.VL53L0X_ref_calibration_io
                0x08004c2c      0x132 ./Core/Src/vl53l0x_api_calibration.o
                0x08004c2c                VL53L0X_ref_calibration_io
 .text.VL53L0X_perform_vhv_calibration
                0x08004d5e       0xce ./Core/Src/vl53l0x_api_calibration.o
                0x08004d5e                VL53L0X_perform_vhv_calibration
 .text.VL53L0X_perform_phase_calibration
                0x08004e2c       0xca ./Core/Src/vl53l0x_api_calibration.o
                0x08004e2c                VL53L0X_perform_phase_calibration
 .text.VL53L0X_perform_ref_calibration
                0x08004ef6       0x7a ./Core/Src/vl53l0x_api_calibration.o
                0x08004ef6                VL53L0X_perform_ref_calibration
 .text.VL53L0X_measurement_poll_for_completion
                0x08004f70       0x60 ./Core/Src/vl53l0x_api_core.o
                0x08004f70                VL53L0X_measurement_poll_for_completion
 .text.VL53L0X_decode_vcsel_period
                0x08004fd0       0x26 ./Core/Src/vl53l0x_api_core.o
                0x08004fd0                VL53L0X_decode_vcsel_period
 .text.VL53L0X_isqrt
                0x08004ff6       0x68 ./Core/Src/vl53l0x_api_core.o
                0x08004ff6                VL53L0X_isqrt
 .text.VL53L0X_device_read_strobe
                0x0800505e       0x86 ./Core/Src/vl53l0x_api_core.o
                0x0800505e                VL53L0X_device_read_strobe
 .text.VL53L0X_get_info_from_device
                0x080050e4      0x99c ./Core/Src/vl53l0x_api_core.o
                0x080050e4                VL53L0X_get_info_from_device
 .text.VL53L0X_calc_macro_period_ps
                0x08005a80       0x3c ./Core/Src/vl53l0x_api_core.o
                0x08005a80                VL53L0X_calc_macro_period_ps
 .text.VL53L0X_encode_timeout
                0x08005abc       0x54 ./Core/Src/vl53l0x_api_core.o
                0x08005abc                VL53L0X_encode_timeout
 .text.VL53L0X_decode_timeout
                0x08005b10       0x2c ./Core/Src/vl53l0x_api_core.o
                0x08005b10                VL53L0X_decode_timeout
 .text.VL53L0X_calc_timeout_mclks
                0x08005b3c       0x54 ./Core/Src/vl53l0x_api_core.o
                0x08005b3c                VL53L0X_calc_timeout_mclks
 .text.VL53L0X_calc_timeout_us
                0x08005b90       0x54 ./Core/Src/vl53l0x_api_core.o
                0x08005b90                VL53L0X_calc_timeout_us
 .text.get_sequence_step_timeout
                0x08005be4      0x1c0 ./Core/Src/vl53l0x_api_core.o
                0x08005be4                get_sequence_step_timeout
 .text.set_sequence_step_timeout
                0x08005da4      0x1e4 ./Core/Src/vl53l0x_api_core.o
                0x08005da4                set_sequence_step_timeout
 .text.VL53L0X_get_vcsel_pulse_period
                0x08005f88       0x6e ./Core/Src/vl53l0x_api_core.o
                0x08005f88                VL53L0X_get_vcsel_pulse_period
 .text.VL53L0X_set_measurement_timing_budget_micro_seconds
                0x08005ff6      0x1a6 ./Core/Src/vl53l0x_api_core.o
                0x08005ff6                VL53L0X_set_measurement_timing_budget_micro_seconds
 .text.VL53L0X_get_measurement_timing_budget_micro_seconds
                0x0800619c      0x162 ./Core/Src/vl53l0x_api_core.o
                0x0800619c                VL53L0X_get_measurement_timing_budget_micro_seconds
 *fill*         0x080062fe        0x2 
 .text.VL53L0X_load_tuning_settings
                0x08006300      0x1c4 ./Core/Src/vl53l0x_api_core.o
                0x08006300                VL53L0X_load_tuning_settings
 .text.VL53L0X_get_total_xtalk_rate
                0x080064c4       0x5e ./Core/Src/vl53l0x_api_core.o
                0x080064c4                VL53L0X_get_total_xtalk_rate
 .text.VL53L0X_get_total_signal_rate
                0x08006522       0x4a ./Core/Src/vl53l0x_api_core.o
                0x08006522                VL53L0X_get_total_signal_rate
 .text.get_dmax_lut_points
                0x0800656c       0x8e ./Core/Src/vl53l0x_api_core.o
                0x0800656c                get_dmax_lut_points
 .text.VL53L0X_calc_dmax
                0x080065fa      0x14c ./Core/Src/vl53l0x_api_core.o
                0x080065fa                VL53L0X_calc_dmax
 *fill*         0x08006746        0x2 
 .text.VL53L0X_calc_sigma_estimate
                0x08006748      0x45c ./Core/Src/vl53l0x_api_core.o
                0x08006748                VL53L0X_calc_sigma_estimate
 .text.VL53L0X_get_pal_range_status
                0x08006ba4      0x3c4 ./Core/Src/vl53l0x_api_core.o
                0x08006ba4                VL53L0X_get_pal_range_status
 .text.VL53L0X_WriteMulti
                0x08006f68       0xb0 ./Core/Src/vl53l0x_platform.o
                0x08006f68                VL53L0X_WriteMulti
 .text.VL53L0X_ReadMulti
                0x08007018       0x6c ./Core/Src/vl53l0x_platform.o
                0x08007018                VL53L0X_ReadMulti
 .text.VL53L0X_WrByte
                0x08007084       0x26 ./Core/Src/vl53l0x_platform.o
                0x08007084                VL53L0X_WrByte
 .text.VL53L0X_WrWord
                0x080070aa       0x38 ./Core/Src/vl53l0x_platform.o
                0x080070aa                VL53L0X_WrWord
 .text.VL53L0X_RdByte
                0x080070e2       0x24 ./Core/Src/vl53l0x_platform.o
                0x080070e2                VL53L0X_RdByte
 .text.VL53L0X_RdWord
                0x08007106       0x44 ./Core/Src/vl53l0x_platform.o
                0x08007106                VL53L0X_RdWord
 .text.VL53L0X_RdDWord
                0x0800714a       0x48 ./Core/Src/vl53l0x_platform.o
                0x0800714a                VL53L0X_RdDWord
 .text.VL53L0X_PollingDelay
                0x08007192       0x18 ./Core/Src/vl53l0x_platform.o
                0x08007192                VL53L0X_PollingDelay
 .text.VL53L0X_UpdateByte
                0x080071aa       0x60 ./Core/Src/vl53l0x_platform.o
                0x080071aa                VL53L0X_UpdateByte
 *fill*         0x0800720a        0x2 
 .text.Reset_Handler
                0x0800720c       0x50 ./Core/Startup/startup_stm32f411ceux.o
                0x0800720c                Reset_Handler
 .text.Default_Handler
                0x0800725c        0x2 ./Core/Startup/startup_stm32f411ceux.o
                0x0800725c                RTC_Alarm_IRQHandler
                0x0800725c                EXTI2_IRQHandler
                0x0800725c                SPI4_IRQHandler
                0x0800725c                TIM1_CC_IRQHandler
                0x0800725c                DMA2_Stream5_IRQHandler
                0x0800725c                DMA1_Stream5_IRQHandler
                0x0800725c                PVD_IRQHandler
                0x0800725c                SDIO_IRQHandler
                0x0800725c                TAMP_STAMP_IRQHandler
                0x0800725c                EXTI3_IRQHandler
                0x0800725c                TIM1_UP_TIM10_IRQHandler
                0x0800725c                I2C3_ER_IRQHandler
                0x0800725c                EXTI0_IRQHandler
                0x0800725c                I2C2_EV_IRQHandler
                0x0800725c                DMA1_Stream2_IRQHandler
                0x0800725c                FPU_IRQHandler
                0x0800725c                SPI1_IRQHandler
                0x0800725c                DMA2_Stream3_IRQHandler
                0x0800725c                USART6_IRQHandler
                0x0800725c                TIM4_IRQHandler
                0x0800725c                I2C1_EV_IRQHandler
                0x0800725c                DMA1_Stream6_IRQHandler
                0x0800725c                DMA1_Stream1_IRQHandler
                0x0800725c                TIM3_IRQHandler
                0x0800725c                RCC_IRQHandler
                0x0800725c                Default_Handler
                0x0800725c                EXTI15_10_IRQHandler
                0x0800725c                ADC_IRQHandler
                0x0800725c                DMA1_Stream7_IRQHandler
                0x0800725c                SPI5_IRQHandler
                0x0800725c                TIM5_IRQHandler
                0x0800725c                I2C3_EV_IRQHandler
                0x0800725c                EXTI9_5_IRQHandler
                0x0800725c                RTC_WKUP_IRQHandler
                0x0800725c                SPI2_IRQHandler
                0x0800725c                DMA1_Stream0_IRQHandler
                0x0800725c                EXTI4_IRQHandler
                0x0800725c                WWDG_IRQHandler
                0x0800725c                TIM2_IRQHandler
                0x0800725c                OTG_FS_WKUP_IRQHandler
                0x0800725c                TIM1_TRG_COM_TIM11_IRQHandler
                0x0800725c                EXTI1_IRQHandler
                0x0800725c                USART2_IRQHandler
                0x0800725c                I2C2_ER_IRQHandler
                0x0800725c                DMA2_Stream1_IRQHandler
                0x0800725c                FLASH_IRQHandler
                0x0800725c                DMA2_Stream4_IRQHandler
                0x0800725c                OTG_FS_IRQHandler
                0x0800725c                SPI3_IRQHandler
                0x0800725c                DMA1_Stream4_IRQHandler
                0x0800725c                I2C1_ER_IRQHandler
                0x0800725c                DMA2_Stream6_IRQHandler
                0x0800725c                DMA1_Stream3_IRQHandler
 *fill*         0x0800725e        0x2 
 .text.HAL_Init
                0x08007260       0x44 ./Drivers/STM32F4xx_HAL_Driver/Src/stm32f4xx_hal.o
                0x08007260                HAL_Init
 .text.HAL_IncTick
                0x080072a4       0x28 ./Drivers/STM32F4xx_HAL_Driver/Src/stm32f4xx_hal.o
                0x080072a4                HAL_IncTick
 .text.HAL_GetTick
                0x080072cc       0x18 ./Drivers/STM32F4xx_HAL_Driver/Src/stm32f4xx_hal.o
                0x080072cc                HAL_GetTick
 .text.HAL_Delay
                0x080072e4       0x48 ./Drivers/STM32F4xx_HAL_Driver/Src/stm32f4xx_hal.o
                0x080072e4                HAL_Delay
 .text.HAL_ADC_Init
                0x0800732c       0x86 ./Drivers/STM32F4xx_HAL_Driver/Src/stm32f4xx_hal_adc.o
                0x0800732c                HAL_ADC_Init
 *fill*         0x080073b2        0x2 
 .text.HAL_ADC_ConfigChannel
                0x080073b4      0x264 ./Drivers/STM32F4xx_HAL_Driver/Src/stm32f4xx_hal_adc.o
                0x080073b4                HAL_ADC_ConfigChannel
 .text.ADC_Init
                0x08007618      0x1f8 ./Drivers/STM32F4xx_HAL_Driver/Src/stm32f4xx_hal_adc.o
 .text.__NVIC_SetPriorityGrouping
                0x08007810       0x48 ./Drivers/STM32F4xx_HAL_Driver/Src/stm32f4xx_hal_cortex.o
 .text.__NVIC_GetPriorityGrouping
                0x08007858       0x1c ./Drivers/STM32F4xx_HAL_Driver/Src/stm32f4xx_hal_cortex.o
 .text.__NVIC_EnableIRQ
                0x08007874       0x3c ./Drivers/STM32F4xx_HAL_Driver/Src/stm32f4xx_hal_cortex.o
 .text.__NVIC_SetPriority
                0x080078b0       0x54 ./Drivers/STM32F4xx_HAL_Driver/Src/stm32f4xx_hal_cortex.o
 .text.NVIC_EncodePriority
                0x08007904       0x66 ./Drivers/STM32F4xx_HAL_Driver/Src/stm32f4xx_hal_cortex.o
 .text.HAL_NVIC_SetPriorityGrouping
                0x0800796a       0x16 ./Drivers/STM32F4xx_HAL_Driver/Src/stm32f4xx_hal_cortex.o
                0x0800796a                HAL_NVIC_SetPriorityGrouping
 .text.HAL_NVIC_SetPriority
                0x08007980       0x38 ./Drivers/STM32F4xx_HAL_Driver/Src/stm32f4xx_hal_cortex.o
                0x08007980                HAL_NVIC_SetPriority
 .text.HAL_NVIC_EnableIRQ
                0x080079b8       0x1c ./Drivers/STM32F4xx_HAL_Driver/Src/stm32f4xx_hal_cortex.o
                0x080079b8                HAL_NVIC_EnableIRQ
 .text.HAL_DMA_Init
                0x080079d4      0x15c ./Drivers/STM32F4xx_HAL_Driver/Src/stm32f4xx_hal_dma.o
                0x080079d4                HAL_DMA_Init
 .text.HAL_DMA_Start_IT
                0x08007b30       0xb0 ./Drivers/STM32F4xx_HAL_Driver/Src/stm32f4xx_hal_dma.o
                0x08007b30                HAL_DMA_Start_IT
 .text.HAL_DMA_Abort
                0x08007be0       0xe0 ./Drivers/STM32F4xx_HAL_Driver/Src/stm32f4xx_hal_dma.o
                0x08007be0                HAL_DMA_Abort
 .text.HAL_DMA_Abort_IT
                0x08007cc0       0x44 ./Drivers/STM32F4xx_HAL_Driver/Src/stm32f4xx_hal_dma.o
                0x08007cc0                HAL_DMA_Abort_IT
 .text.HAL_DMA_IRQHandler
                0x08007d04      0x314 ./Drivers/STM32F4xx_HAL_Driver/Src/stm32f4xx_hal_dma.o
                0x08007d04                HAL_DMA_IRQHandler
 .text.DMA_SetConfig
                0x08008018       0x5c ./Drivers/STM32F4xx_HAL_Driver/Src/stm32f4xx_hal_dma.o
 .text.DMA_CalcBaseAndBitshift
                0x08008074       0x6c ./Drivers/STM32F4xx_HAL_Driver/Src/stm32f4xx_hal_dma.o
 .text.DMA_CheckFifoParam
                0x080080e0       0xf8 ./Drivers/STM32F4xx_HAL_Driver/Src/stm32f4xx_hal_dma.o
 .text.HAL_GPIO_Init
                0x080081d8      0x308 ./Drivers/STM32F4xx_HAL_Driver/Src/stm32f4xx_hal_gpio.o
                0x080081d8                HAL_GPIO_Init
 .text.HAL_GPIO_WritePin
                0x080084e0       0x32 ./Drivers/STM32F4xx_HAL_Driver/Src/stm32f4xx_hal_gpio.o
                0x080084e0                HAL_GPIO_WritePin
 *fill*         0x08008512        0x2 
 .text.HAL_I2C_Init
                0x08008514      0x288 ./Drivers/STM32F4xx_HAL_Driver/Src/stm32f4xx_hal_i2c.o
                0x08008514                HAL_I2C_Init
 .text.HAL_I2C_Master_Transmit
                0x0800879c      0x1fc ./Drivers/STM32F4xx_HAL_Driver/Src/stm32f4xx_hal_i2c.o
                0x0800879c                HAL_I2C_Master_Transmit
 .text.HAL_I2C_Master_Receive
                0x08008998      0x464 ./Drivers/STM32F4xx_HAL_Driver/Src/stm32f4xx_hal_i2c.o
                0x08008998                HAL_I2C_Master_Receive
 .text.HAL_I2C_Mem_Write
                0x08008dfc      0x1f4 ./Drivers/STM32F4xx_HAL_Driver/Src/stm32f4xx_hal_i2c.o
                0x08008dfc                HAL_I2C_Mem_Write
 .text.HAL_I2C_Mem_Read
                0x08008ff0      0x464 ./Drivers/STM32F4xx_HAL_Driver/Src/stm32f4xx_hal_i2c.o
                0x08008ff0                HAL_I2C_Mem_Read
 .text.I2C_MasterRequestWrite
                0x08009454      0x104 ./Drivers/STM32F4xx_HAL_Driver/Src/stm32f4xx_hal_i2c.o
 .text.I2C_MasterRequestRead
                0x08009558      0x19c ./Drivers/STM32F4xx_HAL_Driver/Src/stm32f4xx_hal_i2c.o
 .text.I2C_RequestMemoryWrite
                0x080096f4      0x12c ./Drivers/STM32F4xx_HAL_Driver/Src/stm32f4xx_hal_i2c.o
 .text.I2C_RequestMemoryRead
                0x08009820      0x1d0 ./Drivers/STM32F4xx_HAL_Driver/Src/stm32f4xx_hal_i2c.o
 .text.I2C_WaitOnFlagUntilTimeout
                0x080099f0       0xf4 ./Drivers/STM32F4xx_HAL_Driver/Src/stm32f4xx_hal_i2c.o
 .text.I2C_WaitOnMasterAddressFlagUntilTimeout
                0x08009ae4      0x140 ./Drivers/STM32F4xx_HAL_Driver/Src/stm32f4xx_hal_i2c.o
 .text.I2C_WaitOnTXEFlagUntilTimeout
                0x08009c24       0x90 ./Drivers/STM32F4xx_HAL_Driver/Src/stm32f4xx_hal_i2c.o
 .text.I2C_WaitOnBTFFlagUntilTimeout
                0x08009cb4       0x90 ./Drivers/STM32F4xx_HAL_Driver/Src/stm32f4xx_hal_i2c.o
 .text.I2C_WaitOnRXNEFlagUntilTimeout
                0x08009d44       0xba ./Drivers/STM32F4xx_HAL_Driver/Src/stm32f4xx_hal_i2c.o
 .text.I2C_IsAcknowledgeFailed
                0x08009dfe       0x5e ./Drivers/STM32F4xx_HAL_Driver/Src/stm32f4xx_hal_i2c.o
 .text.HAL_RCC_OscConfig
                0x08009e5c      0x4f0 ./Drivers/STM32F4xx_HAL_Driver/Src/stm32f4xx_hal_rcc.o
                0x08009e5c                HAL_RCC_OscConfig
 .text.HAL_RCC_ClockConfig
                0x0800a34c      0x1cc ./Drivers/STM32F4xx_HAL_Driver/Src/stm32f4xx_hal_rcc.o
                0x0800a34c                HAL_RCC_ClockConfig
 .text.HAL_RCC_GetSysClockFreq
                0x0800a518      0x18c ./Drivers/STM32F4xx_HAL_Driver/Src/stm32f4xx_hal_rcc.o
                0x0800a518                HAL_RCC_GetSysClockFreq
 .text.HAL_RCC_GetHCLKFreq
                0x0800a6a4       0x18 ./Drivers/STM32F4xx_HAL_Driver/Src/stm32f4xx_hal_rcc.o
                0x0800a6a4                HAL_RCC_GetHCLKFreq
 .text.HAL_RCC_GetPCLK1Freq
                0x0800a6bc       0x28 ./Drivers/STM32F4xx_HAL_Driver/Src/stm32f4xx_hal_rcc.o
                0x0800a6bc                HAL_RCC_GetPCLK1Freq
 .text.HAL_RCC_GetPCLK2Freq
                0x0800a6e4       0x28 ./Drivers/STM32F4xx_HAL_Driver/Src/stm32f4xx_hal_rcc.o
                0x0800a6e4                HAL_RCC_GetPCLK2Freq
 .text.HAL_RCC_GetClockConfig
                0x0800a70c       0x64 ./Drivers/STM32F4xx_HAL_Driver/Src/stm32f4xx_hal_rcc.o
                0x0800a70c                HAL_RCC_GetClockConfig
 .text.HAL_TIM_Base_Init
                0x0800a770       0x9e ./Drivers/STM32F4xx_HAL_Driver/Src/stm32f4xx_hal_tim.o
                0x0800a770                HAL_TIM_Base_Init
 *fill*         0x0800a80e        0x2 
 .text.HAL_TIM_Base_Start_IT
                0x0800a810       0xc4 ./Drivers/STM32F4xx_HAL_Driver/Src/stm32f4xx_hal_tim.o
                0x0800a810                HAL_TIM_Base_Start_IT
 .text.HAL_TIM_PWM_Init
                0x0800a8d4       0x9e ./Drivers/STM32F4xx_HAL_Driver/Src/stm32f4xx_hal_tim.o
                0x0800a8d4                HAL_TIM_PWM_Init
 .text.HAL_TIM_PWM_MspInit
                0x0800a972       0x14 ./Drivers/STM32F4xx_HAL_Driver/Src/stm32f4xx_hal_tim.o
                0x0800a972                HAL_TIM_PWM_MspInit
 *fill*         0x0800a986        0x2 
 .text.HAL_TIM_PWM_Start
                0x0800a988      0x160 ./Drivers/STM32F4xx_HAL_Driver/Src/stm32f4xx_hal_tim.o
                0x0800a988                HAL_TIM_PWM_Start
 .text.HAL_TIM_IRQHandler
                0x0800aae8      0x1e0 ./Drivers/STM32F4xx_HAL_Driver/Src/stm32f4xx_hal_tim.o
                0x0800aae8                HAL_TIM_IRQHandler
 .text.HAL_TIM_PWM_ConfigChannel
                0x0800acc8      0x184 ./Drivers/STM32F4xx_HAL_Driver/Src/stm32f4xx_hal_tim.o
                0x0800acc8                HAL_TIM_PWM_ConfigChannel
 .text.HAL_TIM_ConfigClockSource
                0x0800ae4c      0x18e ./Drivers/STM32F4xx_HAL_Driver/Src/stm32f4xx_hal_tim.o
                0x0800ae4c                HAL_TIM_ConfigClockSource
 .text.HAL_TIM_OC_DelayElapsedCallback
                0x0800afda       0x14 ./Drivers/STM32F4xx_HAL_Driver/Src/stm32f4xx_hal_tim.o
                0x0800afda                HAL_TIM_OC_DelayElapsedCallback
 .text.HAL_TIM_IC_CaptureCallback
                0x0800afee       0x14 ./Drivers/STM32F4xx_HAL_Driver/Src/stm32f4xx_hal_tim.o
                0x0800afee                HAL_TIM_IC_CaptureCallback
 .text.HAL_TIM_PWM_PulseFinishedCallback
                0x0800b002       0x14 ./Drivers/STM32F4xx_HAL_Driver/Src/stm32f4xx_hal_tim.o
                0x0800b002                HAL_TIM_PWM_PulseFinishedCallback
 .text.HAL_TIM_TriggerCallback
                0x0800b016       0x14 ./Drivers/STM32F4xx_HAL_Driver/Src/stm32f4xx_hal_tim.o
                0x0800b016                HAL_TIM_TriggerCallback
 *fill*         0x0800b02a        0x2 
 .text.TIM_Base_SetConfig
                0x0800b02c      0x10c ./Drivers/STM32F4xx_HAL_Driver/Src/stm32f4xx_hal_tim.o
                0x0800b02c                TIM_Base_SetConfig
 .text.TIM_OC1_SetConfig
                0x0800b138       0xcc ./Drivers/STM32F4xx_HAL_Driver/Src/stm32f4xx_hal_tim.o
 .text.TIM_OC2_SetConfig
                0x0800b204       0xd8 ./Drivers/STM32F4xx_HAL_Driver/Src/stm32f4xx_hal_tim.o
                0x0800b204                TIM_OC2_SetConfig
 .text.TIM_OC3_SetConfig
                0x0800b2dc       0xd4 ./Drivers/STM32F4xx_HAL_Driver/Src/stm32f4xx_hal_tim.o
 .text.TIM_OC4_SetConfig
                0x0800b3b0       0xa0 ./Drivers/STM32F4xx_HAL_Driver/Src/stm32f4xx_hal_tim.o
 .text.TIM_TI1_ConfigInputStage
                0x0800b450       0x5e ./Drivers/STM32F4xx_HAL_Driver/Src/stm32f4xx_hal_tim.o
 .text.TIM_TI2_ConfigInputStage
                0x0800b4ae       0x60 ./Drivers/STM32F4xx_HAL_Driver/Src/stm32f4xx_hal_tim.o
 .text.TIM_ITRx_SetConfig
                0x0800b50e       0x36 ./Drivers/STM32F4xx_HAL_Driver/Src/stm32f4xx_hal_tim.o
 .text.TIM_ETR_SetConfig
                0x0800b544       0x40 ./Drivers/STM32F4xx_HAL_Driver/Src/stm32f4xx_hal_tim.o
                0x0800b544                TIM_ETR_SetConfig
 .text.TIM_CCxChannelCmd
                0x0800b584       0x4a ./Drivers/STM32F4xx_HAL_Driver/Src/stm32f4xx_hal_tim.o
                0x0800b584                TIM_CCxChannelCmd
 *fill*         0x0800b5ce        0x2 
 .text.HAL_TIMEx_MasterConfigSynchronization
                0x0800b5d0       0xdc ./Drivers/STM32F4xx_HAL_Driver/Src/stm32f4xx_hal_tim_ex.o
                0x0800b5d0                HAL_TIMEx_MasterConfigSynchronization
 .text.HAL_TIMEx_ConfigBreakDeadTime
                0x0800b6ac       0xa4 ./Drivers/STM32F4xx_HAL_Driver/Src/stm32f4xx_hal_tim_ex.o
                0x0800b6ac                HAL_TIMEx_ConfigBreakDeadTime
 .text.HAL_TIMEx_CommutCallback
                0x0800b750       0x14 ./Drivers/STM32F4xx_HAL_Driver/Src/stm32f4xx_hal_tim_ex.o
                0x0800b750                HAL_TIMEx_CommutCallback
 .text.HAL_TIMEx_BreakCallback
                0x0800b764       0x14 ./Drivers/STM32F4xx_HAL_Driver/Src/stm32f4xx_hal_tim_ex.o
                0x0800b764                HAL_TIMEx_BreakCallback
 .text.HAL_UART_Init
                0x0800b778       0xa0 ./Drivers/STM32F4xx_HAL_Driver/Src/stm32f4xx_hal_uart.o
                0x0800b778                HAL_UART_Init
 .text.HAL_UART_Transmit_DMA
                0x0800b818       0xf8 ./Drivers/STM32F4xx_HAL_Driver/Src/stm32f4xx_hal_uart.o
                0x0800b818                HAL_UART_Transmit_DMA
 .text.HAL_UART_Receive_DMA
                0x0800b910       0x4a ./Drivers/STM32F4xx_HAL_Driver/Src/stm32f4xx_hal_uart.o
                0x0800b910                HAL_UART_Receive_DMA
 *fill*         0x0800b95a        0x2 
 .text.HAL_UART_IRQHandler
                0x0800b95c      0x554 ./Drivers/STM32F4xx_HAL_Driver/Src/stm32f4xx_hal_uart.o
                0x0800b95c                HAL_UART_IRQHandler
 .text.HAL_UART_TxCpltCallback
                0x0800beb0       0x14 ./Drivers/STM32F4xx_HAL_Driver/Src/stm32f4xx_hal_uart.o
                0x0800beb0                HAL_UART_TxCpltCallback
 .text.HAL_UART_TxHalfCpltCallback
                0x0800bec4       0x14 ./Drivers/STM32F4xx_HAL_Driver/Src/stm32f4xx_hal_uart.o
                0x0800bec4                HAL_UART_TxHalfCpltCallback
 .text.HAL_UART_RxCpltCallback
                0x0800bed8       0x14 ./Drivers/STM32F4xx_HAL_Driver/Src/stm32f4xx_hal_uart.o
                0x0800bed8                HAL_UART_RxCpltCallback
 .text.HAL_UART_RxHalfCpltCallback
                0x0800beec       0x14 ./Drivers/STM32F4xx_HAL_Driver/Src/stm32f4xx_hal_uart.o
                0x0800beec                HAL_UART_RxHalfCpltCallback
 .text.HAL_UART_ErrorCallback
                0x0800bf00       0x14 ./Drivers/STM32F4xx_HAL_Driver/Src/stm32f4xx_hal_uart.o
                0x0800bf00                HAL_UART_ErrorCallback
 .text.HAL_UARTEx_RxEventCallback
                0x0800bf14       0x18 ./Drivers/STM32F4xx_HAL_Driver/Src/stm32f4xx_hal_uart.o
                0x0800bf14                HAL_UARTEx_RxEventCallback
 .text.UART_DMATransmitCplt
                0x0800bf2c       0x9a ./Drivers/STM32F4xx_HAL_Driver/Src/stm32f4xx_hal_uart.o
 .text.UART_DMATxHalfCplt
                0x0800bfc6       0x1c ./Drivers/STM32F4xx_HAL_Driver/Src/stm32f4xx_hal_uart.o
 .text.UART_DMAReceiveCplt
                0x0800bfe2      0x12c ./Drivers/STM32F4xx_HAL_Driver/Src/stm32f4xx_hal_uart.o
 .text.UART_DMARxHalfCplt
                0x0800c10e       0x3c ./Drivers/STM32F4xx_HAL_Driver/Src/stm32f4xx_hal_uart.o
 .text.UART_DMAError
                0x0800c14a       0x94 ./Drivers/STM32F4xx_HAL_Driver/Src/stm32f4xx_hal_uart.o
 *fill*         0x0800c1de        0x2 
 .text.UART_Start_Receive_DMA
                0x0800c1e0      0x14c ./Drivers/STM32F4xx_HAL_Driver/Src/stm32f4xx_hal_uart.o
                0x0800c1e0                UART_Start_Receive_DMA
 .text.UART_EndTxTransfer
                0x0800c32c       0x50 ./Drivers/STM32F4xx_HAL_Driver/Src/stm32f4xx_hal_uart.o
 .text.UART_EndRxTransfer
                0x0800c37c       0xc6 ./Drivers/STM32F4xx_HAL_Driver/Src/stm32f4xx_hal_uart.o
 .text.UART_DMAAbortOnError
                0x0800c442       0x22 ./Drivers/STM32F4xx_HAL_Driver/Src/stm32f4xx_hal_uart.o
 .text.UART_Transmit_IT
                0x0800c464       0xa0 ./Drivers/STM32F4xx_HAL_Driver/Src/stm32f4xx_hal_uart.o
 .text.UART_EndTransmit_IT
                0x0800c504       0x30 ./Drivers/STM32F4xx_HAL_Driver/Src/stm32f4xx_hal_uart.o
 .text.UART_Receive_IT
                0x0800c534      0x17c ./Drivers/STM32F4xx_HAL_Driver/Src/stm32f4xx_hal_uart.o
 .text.UART_SetConfig
                0x0800c6b0      0x4e8 ./Drivers/STM32F4xx_HAL_Driver/Src/stm32f4xx_hal_uart.o
 .text.__NVIC_SetPriority
                0x0800cb98       0x54 ./Middlewares/Third_Party/FreeRTOS/Source/CMSIS_RTOS_V2/cmsis_os2.o
 .text.SysTick_Handler
                0x0800cbec       0x20 ./Middlewares/Third_Party/FreeRTOS/Source/CMSIS_RTOS_V2/cmsis_os2.o
                0x0800cbec                SysTick_Handler
 .text.SVC_Setup
                0x0800cc0c       0x12 ./Middlewares/Third_Party/FreeRTOS/Source/CMSIS_RTOS_V2/cmsis_os2.o
 *fill*         0x0800cc1e        0x2 
 .text.osKernelInitialize
                0x0800cc20       0x48 ./Middlewares/Third_Party/FreeRTOS/Source/CMSIS_RTOS_V2/cmsis_os2.o
                0x0800cc20                osKernelInitialize
 .text.osKernelStart
                0x0800cc68       0x4c ./Middlewares/Third_Party/FreeRTOS/Source/CMSIS_RTOS_V2/cmsis_os2.o
                0x0800cc68                osKernelStart
 .text.osThreadNew
                0x0800ccb4      0x124 ./Middlewares/Third_Party/FreeRTOS/Source/CMSIS_RTOS_V2/cmsis_os2.o
                0x0800ccb4                osThreadNew
 .text.osDelay  0x0800cdd8       0x36 ./Middlewares/Third_Party/FreeRTOS/Source/CMSIS_RTOS_V2/cmsis_os2.o
                0x0800cdd8                osDelay
 .text.osSemaphoreNew
                0x0800ce0e      0x112 ./Middlewares/Third_Party/FreeRTOS/Source/CMSIS_RTOS_V2/cmsis_os2.o
                0x0800ce0e                osSemaphoreNew
 .text.osSemaphoreAcquire
                0x0800cf20       0xa4 ./Middlewares/Third_Party/FreeRTOS/Source/CMSIS_RTOS_V2/cmsis_os2.o
                0x0800cf20                osSemaphoreAcquire
 .text.osSemaphoreRelease
                0x0800cfc4       0x88 ./Middlewares/Third_Party/FreeRTOS/Source/CMSIS_RTOS_V2/cmsis_os2.o
                0x0800cfc4                osSemaphoreRelease
 .text.vApplicationGetIdleTaskMemory
                0x0800d04c       0x34 ./Middlewares/Third_Party/FreeRTOS/Source/CMSIS_RTOS_V2/cmsis_os2.o
                0x0800d04c                vApplicationGetIdleTaskMemory
 .text.vApplicationGetTimerTaskMemory
                0x0800d080       0x34 ./Middlewares/Third_Party/FreeRTOS/Source/CMSIS_RTOS_V2/cmsis_os2.o
                0x0800d080                vApplicationGetTimerTaskMemory
 .text.vListInitialise
                0x0800d0b4       0x40 ./Middlewares/Third_Party/FreeRTOS/Source/list.o
                0x0800d0b4                vListInitialise
 .text.vListInitialiseItem
                0x0800d0f4       0x1a ./Middlewares/Third_Party/FreeRTOS/Source/list.o
                0x0800d0f4                vListInitialiseItem
 .text.vListInsertEnd
                0x0800d10e       0x48 ./Middlewares/Third_Party/FreeRTOS/Source/list.o
                0x0800d10e                vListInsertEnd
 .text.vListInsert
                0x0800d156       0x72 ./Middlewares/Third_Party/FreeRTOS/Source/list.o
                0x0800d156                vListInsert
 .text.uxListRemove
                0x0800d1c8       0x54 ./Middlewares/Third_Party/FreeRTOS/Source/list.o
                0x0800d1c8                uxListRemove
 .text.xQueueGenericReset
                0x0800d21c       0xd4 ./Middlewares/Third_Party/FreeRTOS/Source/queue.o
                0x0800d21c                xQueueGenericReset
 .text.xQueueGenericCreateStatic
                0x0800d2f0       0xfa ./Middlewares/Third_Party/FreeRTOS/Source/queue.o
                0x0800d2f0                xQueueGenericCreateStatic
 .text.xQueueGenericCreate
                0x0800d3ea       0x76 ./Middlewares/Third_Party/FreeRTOS/Source/queue.o
                0x0800d3ea                xQueueGenericCreate
 .text.prvInitialiseNewQueue
                0x0800d460       0x46 ./Middlewares/Third_Party/FreeRTOS/Source/queue.o
 .text.xQueueCreateCountingSemaphoreStatic
                0x0800d4a6       0x72 ./Middlewares/Third_Party/FreeRTOS/Source/queue.o
                0x0800d4a6                xQueueCreateCountingSemaphoreStatic
 .text.xQueueCreateCountingSemaphore
                0x0800d518       0x6a ./Middlewares/Third_Party/FreeRTOS/Source/queue.o
                0x0800d518                xQueueCreateCountingSemaphore
 *fill*         0x0800d582        0x2 
 .text.xQueueGenericSend
                0x0800d584      0x204 ./Middlewares/Third_Party/FreeRTOS/Source/queue.o
                0x0800d584                xQueueGenericSend
 .text.xQueueGenericSendFromISR
                0x0800d788      0x13c ./Middlewares/Third_Party/FreeRTOS/Source/queue.o
                0x0800d788                xQueueGenericSendFromISR
 .text.xQueueGiveFromISR
                0x0800d8c4      0x120 ./Middlewares/Third_Party/FreeRTOS/Source/queue.o
                0x0800d8c4                xQueueGiveFromISR
 .text.xQueueReceive
                0x0800d9e4      0x1c4 ./Middlewares/Third_Party/FreeRTOS/Source/queue.o
                0x0800d9e4                xQueueReceive
 .text.xQueueSemaphoreTake
                0x0800dba8      0x220 ./Middlewares/Third_Party/FreeRTOS/Source/queue.o
                0x0800dba8                xQueueSemaphoreTake
 .text.xQueueReceiveFromISR
                0x0800ddc8      0x104 ./Middlewares/Third_Party/FreeRTOS/Source/queue.o
                0x0800ddc8                xQueueReceiveFromISR
 .text.vQueueDelete
                0x0800decc       0x48 ./Middlewares/Third_Party/FreeRTOS/Source/queue.o
                0x0800decc                vQueueDelete
 .text.prvGetDisinheritPriorityAfterTimeout
                0x0800df14       0x30 ./Middlewares/Third_Party/FreeRTOS/Source/queue.o
 .text.prvCopyDataToQueue
                0x0800df44       0xd4 ./Middlewares/Third_Party/FreeRTOS/Source/queue.o
 .text.prvCopyDataFromQueue
                0x0800e018       0x4c ./Middlewares/Third_Party/FreeRTOS/Source/queue.o
 .text.prvUnlockQueue
                0x0800e064       0xa4 ./Middlewares/Third_Party/FreeRTOS/Source/queue.o
 .text.prvIsQueueEmpty
                0x0800e108       0x2c ./Middlewares/Third_Party/FreeRTOS/Source/queue.o
 .text.prvIsQueueFull
                0x0800e134       0x30 ./Middlewares/Third_Party/FreeRTOS/Source/queue.o
 .text.vQueueAddToRegistry
                0x0800e164       0x54 ./Middlewares/Third_Party/FreeRTOS/Source/queue.o
                0x0800e164                vQueueAddToRegistry
 .text.vQueueUnregisterQueue
                0x0800e1b8       0x54 ./Middlewares/Third_Party/FreeRTOS/Source/queue.o
                0x0800e1b8                vQueueUnregisterQueue
 .text.vQueueWaitForMessageRestricted
                0x0800e20c       0x68 ./Middlewares/Third_Party/FreeRTOS/Source/queue.o
                0x0800e20c                vQueueWaitForMessageRestricted
 .text.xTaskCreateStatic
                0x0800e274       0xc0 ./Middlewares/Third_Party/FreeRTOS/Source/tasks.o
                0x0800e274                xTaskCreateStatic
 .text.xTaskCreate
                0x0800e334       0x8a ./Middlewares/Third_Party/FreeRTOS/Source/tasks.o
                0x0800e334                xTaskCreate
 *fill*         0x0800e3be        0x2 
 .text.prvInitialiseNewTask
                0x0800e3c0      0x150 ./Middlewares/Third_Party/FreeRTOS/Source/tasks.o
 .text.prvAddNewTaskToReadyList
                0x0800e510       0xe0 ./Middlewares/Third_Party/FreeRTOS/Source/tasks.o
 .text.vTaskDelayUntil
                0x0800e5f0      0x100 ./Middlewares/Third_Party/FreeRTOS/Source/tasks.o
                0x0800e5f0                vTaskDelayUntil
 .text.vTaskDelay
                0x0800e6f0       0x6c ./Middlewares/Third_Party/FreeRTOS/Source/tasks.o
                0x0800e6f0                vTaskDelay
 .text.vTaskStartScheduler
                0x0800e75c       0xe0 ./Middlewares/Third_Party/FreeRTOS/Source/tasks.o
                0x0800e75c                vTaskStartScheduler
 .text.vTaskSuspendAll
                0x0800e83c       0x1c ./Middlewares/Third_Party/FreeRTOS/Source/tasks.o
                0x0800e83c                vTaskSuspendAll
 .text.xTaskResumeAll
                0x0800e858      0x13c ./Middlewares/Third_Party/FreeRTOS/Source/tasks.o
                0x0800e858                xTaskResumeAll
 .text.xTaskGetTickCount
                0x0800e994       0x20 ./Middlewares/Third_Party/FreeRTOS/Source/tasks.o
                0x0800e994                xTaskGetTickCount
 .text.xTaskIncrementTick
                0x0800e9b4      0x174 ./Middlewares/Third_Party/FreeRTOS/Source/tasks.o
                0x0800e9b4                xTaskIncrementTick
 .text.vTaskSwitchContext
                0x0800eb28       0xcc ./Middlewares/Third_Party/FreeRTOS/Source/tasks.o
                0x0800eb28                vTaskSwitchContext
 .text.vTaskPlaceOnEventList
                0x0800ebf4       0x4c ./Middlewares/Third_Party/FreeRTOS/Source/tasks.o
                0x0800ebf4                vTaskPlaceOnEventList
 .text.vTaskPlaceOnEventListRestricted
                0x0800ec40       0x58 ./Middlewares/Third_Party/FreeRTOS/Source/tasks.o
                0x0800ec40                vTaskPlaceOnEventListRestricted
 .text.xTaskRemoveFromEventList
                0x0800ec98       0xc8 ./Middlewares/Third_Party/FreeRTOS/Source/tasks.o
                0x0800ec98                xTaskRemoveFromEventList
 .text.vTaskInternalSetTimeOutState
                0x0800ed60       0x2c ./Middlewares/Third_Party/FreeRTOS/Source/tasks.o
                0x0800ed60                vTaskInternalSetTimeOutState
 .text.xTaskCheckForTimeOut
                0x0800ed8c       0xc8 ./Middlewares/Third_Party/FreeRTOS/Source/tasks.o
                0x0800ed8c                xTaskCheckForTimeOut
 .text.vTaskMissedYield
                0x0800ee54       0x18 ./Middlewares/Third_Party/FreeRTOS/Source/tasks.o
                0x0800ee54                vTaskMissedYield
 .text.prvIdleTask
                0x0800ee6c       0x30 ./Middlewares/Third_Party/FreeRTOS/Source/tasks.o
 .text.prvInitialiseTaskLists
                0x0800ee9c       0x80 ./Middlewares/Third_Party/FreeRTOS/Source/tasks.o
 .text.prvCheckTasksWaitingTermination
                0x0800ef1c       0x5c ./Middlewares/Third_Party/FreeRTOS/Source/tasks.o
 .text.prvDeleteTCB
                0x0800ef78       0x6a ./Middlewares/Third_Party/FreeRTOS/Source/tasks.o
 *fill*         0x0800efe2        0x2 
 .text.prvResetNextTaskUnblockTime
                0x0800efe4       0x40 ./Middlewares/Third_Party/FreeRTOS/Source/tasks.o
 .text.xTaskGetSchedulerState
                0x0800f024       0x3c ./Middlewares/Third_Party/FreeRTOS/Source/tasks.o
                0x0800f024                xTaskGetSchedulerState
 .text.xTaskPriorityInherit
                0x0800f060       0xd0 ./Middlewares/Third_Party/FreeRTOS/Source/tasks.o
                0x0800f060                xTaskPriorityInherit
 .text.xTaskPriorityDisinherit
                0x0800f130       0xe0 ./Middlewares/Third_Party/FreeRTOS/Source/tasks.o
                0x0800f130                xTaskPriorityDisinherit
 .text.vTaskPriorityDisinheritAfterTimeout
                0x0800f210      0x108 ./Middlewares/Third_Party/FreeRTOS/Source/tasks.o
                0x0800f210                vTaskPriorityDisinheritAfterTimeout
 .text.pvTaskIncrementMutexHeldCount
                0x0800f318       0x28 ./Middlewares/Third_Party/FreeRTOS/Source/tasks.o
                0x0800f318                pvTaskIncrementMutexHeldCount
 .text.prvAddCurrentTaskToDelayedList
                0x0800f340       0xa8 ./Middlewares/Third_Party/FreeRTOS/Source/tasks.o
 .text.xTimerCreateTimerTask
                0x0800f3e8       0x94 ./Middlewares/Third_Party/FreeRTOS/Source/timers.o
                0x0800f3e8                xTimerCreateTimerTask
 .text.xTimerGenericCommand
                0x0800f47c       0x9c ./Middlewares/Third_Party/FreeRTOS/Source/timers.o
                0x0800f47c                xTimerGenericCommand
 .text.prvProcessExpiredTimer
                0x0800f518       0x9c ./Middlewares/Third_Party/FreeRTOS/Source/timers.o
 .text.prvTimerTask
                0x0800f5b4       0x26 ./Middlewares/Third_Party/FreeRTOS/Source/timers.o
 *fill*         0x0800f5da        0x2 
 .text.prvProcessTimerOrBlockTask
                0x0800f5dc       0x9c ./Middlewares/Third_Party/FreeRTOS/Source/timers.o
 .text.prvGetNextExpireTime
                0x0800f678       0x48 ./Middlewares/Third_Party/FreeRTOS/Source/timers.o
 .text.prvSampleTimeNow
                0x0800f6c0       0x40 ./Middlewares/Third_Party/FreeRTOS/Source/timers.o
 .text.prvInsertTimerInActiveList
                0x0800f700       0x84 ./Middlewares/Third_Party/FreeRTOS/Source/timers.o
 .text.prvProcessReceivedCommands
                0x0800f784      0x1cc ./Middlewares/Third_Party/FreeRTOS/Source/timers.o
 .text.prvSwitchTimerLists
                0x0800f950       0xcc ./Middlewares/Third_Party/FreeRTOS/Source/timers.o
 .text.prvCheckForValidListAndQueue
                0x0800fa1c       0x80 ./Middlewares/Third_Party/FreeRTOS/Source/timers.o
 .text.pxPortInitialiseStack
                0x0800fa9c       0x68 ./Middlewares/Third_Party/FreeRTOS/Source/portable/GCC/ARM_CM4F/port.o
                0x0800fa9c                pxPortInitialiseStack
 .text.prvTaskExitError
                0x0800fb04       0x5c ./Middlewares/Third_Party/FreeRTOS/Source/portable/GCC/ARM_CM4F/port.o
 .text.SVC_Handler
                0x0800fb60       0x28 ./Middlewares/Third_Party/FreeRTOS/Source/portable/GCC/ARM_CM4F/port.o
                0x0800fb60                SVC_Handler
 .text.prvPortStartFirstTask
                0x0800fb88       0x28 ./Middlewares/Third_Party/FreeRTOS/Source/portable/GCC/ARM_CM4F/port.o
 .text.xPortStartScheduler
                0x0800fbb0      0x148 ./Middlewares/Third_Party/FreeRTOS/Source/portable/GCC/ARM_CM4F/port.o
                0x0800fbb0                xPortStartScheduler
 .text.vPortEnterCritical
                0x0800fcf8       0x64 ./Middlewares/Third_Party/FreeRTOS/Source/portable/GCC/ARM_CM4F/port.o
                0x0800fcf8                vPortEnterCritical
 .text.vPortExitCritical
                0x0800fd5c       0x54 ./Middlewares/Third_Party/FreeRTOS/Source/portable/GCC/ARM_CM4F/port.o
                0x0800fd5c                vPortExitCritical
 .text.PendSV_Handler
                0x0800fdb0       0x68 ./Middlewares/Third_Party/FreeRTOS/Source/portable/GCC/ARM_CM4F/port.o
                0x0800fdb0                PendSV_Handler
 .text.xPortSysTickHandler
                0x0800fe18       0x44 ./Middlewares/Third_Party/FreeRTOS/Source/portable/GCC/ARM_CM4F/port.o
                0x0800fe18                xPortSysTickHandler
 .text.vPortSetupTimerInterrupt
                0x0800fe5c       0x48 ./Middlewares/Third_Party/FreeRTOS/Source/portable/GCC/ARM_CM4F/port.o
                0x0800fe5c                vPortSetupTimerInterrupt
 .text.vPortEnableVFP
                0x0800fea4       0x14 ./Middlewares/Third_Party/FreeRTOS/Source/portable/GCC/ARM_CM4F/port.o
 .text.vPortValidateInterruptPriority
                0x0800feb8       0x84 ./Middlewares/Third_Party/FreeRTOS/Source/portable/GCC/ARM_CM4F/port.o
                0x0800feb8                vPortValidateInterruptPriority
 .text.pvPortMalloc
                0x0800ff3c      0x19c ./Middlewares/Third_Party/FreeRTOS/Source/portable/MemMang/heap_4.o
                0x0800ff3c                pvPortMalloc
 .text.vPortFree
                0x080100d8       0xc8 ./Middlewares/Third_Party/FreeRTOS/Source/portable/MemMang/heap_4.o
                0x080100d8                vPortFree
 .text.prvHeapInit
                0x080101a0       0xc4 ./Middlewares/Third_Party/FreeRTOS/Source/portable/MemMang/heap_4.o
 .text.prvInsertBlockIntoFreeList
                0x08010264       0xb4 ./Middlewares/Third_Party/FreeRTOS/Source/portable/MemMang/heap_4.o
 .text.atan2    0x08010318        0x4 D:/Documentos/Electronica/Nueva carpeta/STM32CubeIDE_1.15.0/STM32CubeIDE/plugins/com.st.stm32cube.ide.mcu.externaltools.gnu-tools-for-stm32.12.3.rel1.win32_1.0.100.202403111256/tools/bin/../lib/gcc/arm-none-eabi/12.3.1/../../../../arm-none-eabi/lib/thumb/v7e-m+fp/hard\libm.a(libm_a-w_atan2.o)
                0x08010318                atan2
 .text.sqrt     0x0801031c       0x58 D:/Documentos/Electronica/Nueva carpeta/STM32CubeIDE_1.15.0/STM32CubeIDE/plugins/com.st.stm32cube.ide.mcu.externaltools.gnu-tools-for-stm32.12.3.rel1.win32_1.0.100.202403111256/tools/bin/../lib/gcc/arm-none-eabi/12.3.1/../../../../arm-none-eabi/lib/thumb/v7e-m+fp/hard\libm.a(libm_a-w_sqrt.o)
                0x0801031c                sqrt
 .text.__ieee754_sqrt
                0x08010374      0x1b4 D:/Documentos/Electronica/Nueva carpeta/STM32CubeIDE_1.15.0/STM32CubeIDE/plugins/com.st.stm32cube.ide.mcu.externaltools.gnu-tools-for-stm32.12.3.rel1.win32_1.0.100.202403111256/tools/bin/../lib/gcc/arm-none-eabi/12.3.1/../../../../arm-none-eabi/lib/thumb/v7e-m+fp/hard\libm.a(libm_a-e_sqrt.o)
                0x08010374                __ieee754_sqrt
 .text.__ieee754_atan2
                0x08010528      0x18c D:/Documentos/Electronica/Nueva carpeta/STM32CubeIDE_1.15.0/STM32CubeIDE/plugins/com.st.stm32cube.ide.mcu.externaltools.gnu-tools-for-stm32.12.3.rel1.win32_1.0.100.202403111256/tools/bin/../lib/gcc/arm-none-eabi/12.3.1/../../../../arm-none-eabi/lib/thumb/v7e-m+fp/hard\libm.a(libm_a-e_atan2.o)
                0x08010528                __ieee754_atan2
 *fill*         0x080106b4        0x4 
 .text.atan     0x080106b8      0x330 D:/Documentos/Electronica/Nueva carpeta/STM32CubeIDE_1.15.0/STM32CubeIDE/plugins/com.st.stm32cube.ide.mcu.externaltools.gnu-tools-for-stm32.12.3.rel1.win32_1.0.100.202403111256/tools/bin/../lib/gcc/arm-none-eabi/12.3.1/../../../../arm-none-eabi/lib/thumb/v7e-m+fp/hard\libm.a(libm_a-s_atan.o)
                0x080106b8                atan
 .text.fabs     0x080109e8       0x10 D:/Documentos/Electronica/Nueva carpeta/STM32CubeIDE_1.15.0/STM32CubeIDE/plugins/com.st.stm32cube.ide.mcu.externaltools.gnu-tools-for-stm32.12.3.rel1.win32_1.0.100.202403111256/tools/bin/../lib/gcc/arm-none-eabi/12.3.1/../../../../arm-none-eabi/lib/thumb/v7e-m+fp/hard\libm.a(libm_a-s_fabs.o)
                0x080109e8                fabs
 .text.memset   0x080109f8       0x10 D:/Documentos/Electronica/Nueva carpeta/STM32CubeIDE_1.15.0/STM32CubeIDE/plugins/com.st.stm32cube.ide.mcu.externaltools.gnu-tools-for-stm32.12.3.rel1.win32_1.0.100.202403111256/tools/bin/../lib/gcc/arm-none-eabi/12.3.1/../../../../arm-none-eabi/lib/thumb/v7e-m+fp/hard\libc_nano.a(libc_a-memset.o)
                0x080109f8                memset
 .text._reclaim_reent
                0x08010a08       0xac D:/Documentos/Electronica/Nueva carpeta/STM32CubeIDE_1.15.0/STM32CubeIDE/plugins/com.st.stm32cube.ide.mcu.externaltools.gnu-tools-for-stm32.12.3.rel1.win32_1.0.100.202403111256/tools/bin/../lib/gcc/arm-none-eabi/12.3.1/../../../../arm-none-eabi/lib/thumb/v7e-m+fp/hard\libc_nano.a(libc_a-reent.o)
                0x08010a08                _reclaim_reent
 .text.__errno  0x08010ab4        0xc D:/Documentos/Electronica/Nueva carpeta/STM32CubeIDE_1.15.0/STM32CubeIDE/plugins/com.st.stm32cube.ide.mcu.externaltools.gnu-tools-for-stm32.12.3.rel1.win32_1.0.100.202403111256/tools/bin/../lib/gcc/arm-none-eabi/12.3.1/../../../../arm-none-eabi/lib/thumb/v7e-m+fp/hard\libc_nano.a(libc_a-errno.o)
                0x08010ab4                __errno
 .text.__libc_init_array
                0x08010ac0       0x48 D:/Documentos/Electronica/Nueva carpeta/STM32CubeIDE_1.15.0/STM32CubeIDE/plugins/com.st.stm32cube.ide.mcu.externaltools.gnu-tools-for-stm32.12.3.rel1.win32_1.0.100.202403111256/tools/bin/../lib/gcc/arm-none-eabi/12.3.1/../../../../arm-none-eabi/lib/thumb/v7e-m+fp/hard\libc_nano.a(libc_a-init.o)
                0x08010ac0                __libc_init_array
 .text.__retarget_lock_acquire_recursive
                0x08010b08        0x2 D:/Documentos/Electronica/Nueva carpeta/STM32CubeIDE_1.15.0/STM32CubeIDE/plugins/com.st.stm32cube.ide.mcu.externaltools.gnu-tools-for-stm32.12.3.rel1.win32_1.0.100.202403111256/tools/bin/../lib/gcc/arm-none-eabi/12.3.1/../../../../arm-none-eabi/lib/thumb/v7e-m+fp/hard\libc_nano.a(libc_a-lock.o)
                0x08010b08                __retarget_lock_acquire_recursive
 .text.__retarget_lock_release_recursive
                0x08010b0a        0x2 D:/Documentos/Electronica/Nueva carpeta/STM32CubeIDE_1.15.0/STM32CubeIDE/plugins/com.st.stm32cube.ide.mcu.externaltools.gnu-tools-for-stm32.12.3.rel1.win32_1.0.100.202403111256/tools/bin/../lib/gcc/arm-none-eabi/12.3.1/../../../../arm-none-eabi/lib/thumb/v7e-m+fp/hard\libc_nano.a(libc_a-lock.o)
                0x08010b0a                __retarget_lock_release_recursive
 .text.strcpy   0x08010b0c       0x10 D:/Documentos/Electronica/Nueva carpeta/STM32CubeIDE_1.15.0/STM32CubeIDE/plugins/com.st.stm32cube.ide.mcu.externaltools.gnu-tools-for-stm32.12.3.rel1.win32_1.0.100.202403111256/tools/bin/../lib/gcc/arm-none-eabi/12.3.1/../../../../arm-none-eabi/lib/thumb/v7e-m+fp/hard\libc_nano.a(libc_a-strcpy.o)
                0x08010b0c                strcpy
 .text.memcpy   0x08010b1c       0x1c D:/Documentos/Electronica/Nueva carpeta/STM32CubeIDE_1.15.0/STM32CubeIDE/plugins/com.st.stm32cube.ide.mcu.externaltools.gnu-tools-for-stm32.12.3.rel1.win32_1.0.100.202403111256/tools/bin/../lib/gcc/arm-none-eabi/12.3.1/../../../../arm-none-eabi/lib/thumb/v7e-m+fp/hard\libc_nano.a(libc_a-memcpy-stub.o)
                0x08010b1c                memcpy
 .text._free_r  0x08010b38       0x94 D:/Documentos/Electronica/Nueva carpeta/STM32CubeIDE_1.15.0/STM32CubeIDE/plugins/com.st.stm32cube.ide.mcu.externaltools.gnu-tools-for-stm32.12.3.rel1.win32_1.0.100.202403111256/tools/bin/../lib/gcc/arm-none-eabi/12.3.1/../../../../arm-none-eabi/lib/thumb/v7e-m+fp/hard\libc_nano.a(libc_a-freer.o)
                0x08010b38                _free_r
 .text.__malloc_lock
                0x08010bcc        0xc D:/Documentos/Electronica/Nueva carpeta/STM32CubeIDE_1.15.0/STM32CubeIDE/plugins/com.st.stm32cube.ide.mcu.externaltools.gnu-tools-for-stm32.12.3.rel1.win32_1.0.100.202403111256/tools/bin/../lib/gcc/arm-none-eabi/12.3.1/../../../../arm-none-eabi/lib/thumb/v7e-m+fp/hard\libc_nano.a(libc_a-mlock.o)
                0x08010bcc                __malloc_lock
 .text.__malloc_unlock
                0x08010bd8        0xc D:/Documentos/Electronica/Nueva carpeta/STM32CubeIDE_1.15.0/STM32CubeIDE/plugins/com.st.stm32cube.ide.mcu.externaltools.gnu-tools-for-stm32.12.3.rel1.win32_1.0.100.202403111256/tools/bin/../lib/gcc/arm-none-eabi/12.3.1/../../../../arm-none-eabi/lib/thumb/v7e-m+fp/hard\libc_nano.a(libc_a-mlock.o)
                0x08010bd8                __malloc_unlock
 *(.glue_7)
 .glue_7        0x08010be4        0x0 linker stubs
 *(.glue_7t)
 .glue_7t       0x08010be4        0x0 linker stubs
 *(.eh_frame)
 .eh_frame      0x08010be4        0x0 D:/Documentos/Electronica/Nueva carpeta/STM32CubeIDE_1.15.0/STM32CubeIDE/plugins/com.st.stm32cube.ide.mcu.externaltools.gnu-tools-for-stm32.12.3.rel1.win32_1.0.100.202403111256/tools/bin/../lib/gcc/arm-none-eabi/12.3.1/thumb/v7e-m+fp/hard/crtbegin.o
 *(.init)
 .init          0x08010be4        0x4 D:/Documentos/Electronica/Nueva carpeta/STM32CubeIDE_1.15.0/STM32CubeIDE/plugins/com.st.stm32cube.ide.mcu.externaltools.gnu-tools-for-stm32.12.3.rel1.win32_1.0.100.202403111256/tools/bin/../lib/gcc/arm-none-eabi/12.3.1/thumb/v7e-m+fp/hard/crti.o
                0x08010be4                _init
 .init          0x08010be8        0x8 D:/Documentos/Electronica/Nueva carpeta/STM32CubeIDE_1.15.0/STM32CubeIDE/plugins/com.st.stm32cube.ide.mcu.externaltools.gnu-tools-for-stm32.12.3.rel1.win32_1.0.100.202403111256/tools/bin/../lib/gcc/arm-none-eabi/12.3.1/thumb/v7e-m+fp/hard/crtn.o
 *(.fini)
 .fini          0x08010bf0        0x4 D:/Documentos/Electronica/Nueva carpeta/STM32CubeIDE_1.15.0/STM32CubeIDE/plugins/com.st.stm32cube.ide.mcu.externaltools.gnu-tools-for-stm32.12.3.rel1.win32_1.0.100.202403111256/tools/bin/../lib/gcc/arm-none-eabi/12.3.1/thumb/v7e-m+fp/hard/crti.o
                0x08010bf0                _fini
 .fini          0x08010bf4        0x8 D:/Documentos/Electronica/Nueva carpeta/STM32CubeIDE_1.15.0/STM32CubeIDE/plugins/com.st.stm32cube.ide.mcu.externaltools.gnu-tools-for-stm32.12.3.rel1.win32_1.0.100.202403111256/tools/bin/../lib/gcc/arm-none-eabi/12.3.1/thumb/v7e-m+fp/hard/crtn.o
                0x08010bfc                        . = ALIGN (0x4)
                0x08010bfc                        _etext = .

.vfp11_veneer   0x08010bfc        0x0
 .vfp11_veneer  0x08010bfc        0x0 linker stubs

.v4_bx          0x08010bfc        0x0
 .v4_bx         0x08010bfc        0x0 linker stubs

.iplt           0x08010bfc        0x0
 .iplt          0x08010bfc        0x0 D:/Documentos/Electronica/Nueva carpeta/STM32CubeIDE_1.15.0/STM32CubeIDE/plugins/com.st.stm32cube.ide.mcu.externaltools.gnu-tools-for-stm32.12.3.rel1.win32_1.0.100.202403111256/tools/bin/../lib/gcc/arm-none-eabi/12.3.1/thumb/v7e-m+fp/hard/crtbegin.o

.rodata         0x08010c00      0x188
                0x08010c00                        . = ALIGN (0x4)
 *(.rodata)
 .rodata        0x08010c00       0x62 ./Core/Src/main.o
 *fill*         0x08010c62        0x2 
 .rodata        0x08010c64        0x5 ./Middlewares/Third_Party/FreeRTOS/Source/tasks.o
 *fill*         0x08010c69        0x3 
 .rodata        0x08010c6c        0xd ./Middlewares/Third_Party/FreeRTOS/Source/timers.o
 *(.rodata*)
 *fill*         0x08010c79        0x3 
 .rodata.defaultTask_attributes
                0x08010c7c       0x24 ./Core/Src/main.o
                0x08010c7c                defaultTask_attributes
 .rodata.parserTask_attributes
                0x08010ca0       0x24 ./Core/Src/main.o
                0x08010ca0                parserTask_attributes
 .rodata.sendTelemetria_attributes
                0x08010cc4       0x24 ./Core/Src/main.o
                0x08010cc4                sendTelemetria_attributes
 .rodata.motor_channel
                0x08010ce8       0x10 ./Core/Src/motor_control.o
 .rodata.AHBPrescTable
                0x08010cf8       0x10 ./Core/Src/system_stm32f4xx.o
                0x08010cf8                AHBPrescTable
 .rodata.APBPrescTable
                0x08010d08        0x8 ./Core/Src/system_stm32f4xx.o
                0x08010d08                APBPrescTable
 .rodata.flagBitshiftOffset.0
                0x08010d10        0x8 ./Drivers/STM32F4xx_HAL_Driver/Src/stm32f4xx_hal_dma.o
 .rodata.CSWTCH.9
                0x08010d18       0x18 D:/Documentos/Electronica/Nueva carpeta/STM32CubeIDE_1.15.0/STM32CubeIDE/plugins/com.st.stm32cube.ide.mcu.externaltools.gnu-tools-for-stm32.12.3.rel1.win32_1.0.100.202403111256/tools/bin/../lib/gcc/arm-none-eabi/12.3.1/../../../../arm-none-eabi/lib/thumb/v7e-m+fp/hard\libm.a(libm_a-e_atan2.o)
 .rodata.CSWTCH.8
                0x08010d30       0x18 D:/Documentos/Electronica/Nueva carpeta/STM32CubeIDE_1.15.0/STM32CubeIDE/plugins/com.st.stm32cube.ide.mcu.externaltools.gnu-tools-for-stm32.12.3.rel1.win32_1.0.100.202403111256/tools/bin/../lib/gcc/arm-none-eabi/12.3.1/../../../../arm-none-eabi/lib/thumb/v7e-m+fp/hard\libm.a(libm_a-e_atan2.o)
 .rodata.atanlo
                0x08010d48       0x20 D:/Documentos/Electronica/Nueva carpeta/STM32CubeIDE_1.15.0/STM32CubeIDE/plugins/com.st.stm32cube.ide.mcu.externaltools.gnu-tools-for-stm32.12.3.rel1.win32_1.0.100.202403111256/tools/bin/../lib/gcc/arm-none-eabi/12.3.1/../../../../arm-none-eabi/lib/thumb/v7e-m+fp/hard\libm.a(libm_a-s_atan.o)
 .rodata.atanhi
                0x08010d68       0x20 D:/Documentos/Electronica/Nueva carpeta/STM32CubeIDE_1.15.0/STM32CubeIDE/plugins/com.st.stm32cube.ide.mcu.externaltools.gnu-tools-for-stm32.12.3.rel1.win32_1.0.100.202403111256/tools/bin/../lib/gcc/arm-none-eabi/12.3.1/../../../../arm-none-eabi/lib/thumb/v7e-m+fp/hard\libm.a(libm_a-s_atan.o)
                0x08010d88                        . = ALIGN (0x4)

.ARM.extab      0x08010d88        0x0
                0x08010d88                        . = ALIGN (0x4)
 *(.ARM.extab* .gnu.linkonce.armextab.*)
                0x08010d88                        . = ALIGN (0x4)

.ARM            0x08010d88        0x8
                0x08010d88                        . = ALIGN (0x4)
                0x08010d88                        __exidx_start = .
 *(.ARM.exidx*)
 .ARM.exidx     0x08010d88        0x8 D:/Documentos/Electronica/Nueva carpeta/STM32CubeIDE_1.15.0/STM32CubeIDE/plugins/com.st.stm32cube.ide.mcu.externaltools.gnu-tools-for-stm32.12.3.rel1.win32_1.0.100.202403111256/tools/bin/../lib/gcc/arm-none-eabi/12.3.1/thumb/v7e-m+fp/hard\libgcc.a(_udivmoddi4.o)
                0x08010d90                        __exidx_end = .
                0x08010d90                        . = ALIGN (0x4)

.preinit_array  0x08010d90        0x0
                0x08010d90                        . = ALIGN (0x4)
                0x08010d90                        PROVIDE (__preinit_array_start = .)
 *(.preinit_array*)
                0x08010d90                        PROVIDE (__preinit_array_end = .)
                0x08010d90                        . = ALIGN (0x4)

.init_array     0x08010d90        0x4
                0x08010d90                        . = ALIGN (0x4)
                0x08010d90                        PROVIDE (__init_array_start = .)
 *(SORT_BY_NAME(.init_array.*))
 *(.init_array*)
 .init_array    0x08010d90        0x4 D:/Documentos/Electronica/Nueva carpeta/STM32CubeIDE_1.15.0/STM32CubeIDE/plugins/com.st.stm32cube.ide.mcu.externaltools.gnu-tools-for-stm32.12.3.rel1.win32_1.0.100.202403111256/tools/bin/../lib/gcc/arm-none-eabi/12.3.1/thumb/v7e-m+fp/hard/crtbegin.o
                0x08010d94                        PROVIDE (__init_array_end = .)
                0x08010d94                        . = ALIGN (0x4)

.fini_array     0x08010d94        0x4
                0x08010d94                        . = ALIGN (0x4)
                [!provide]                        PROVIDE (__fini_array_start = .)
 *(SORT_BY_NAME(.fini_array.*))
 *(.fini_array*)
 .fini_array    0x08010d94        0x4 D:/Documentos/Electronica/Nueva carpeta/STM32CubeIDE_1.15.0/STM32CubeIDE/plugins/com.st.stm32cube.ide.mcu.externaltools.gnu-tools-for-stm32.12.3.rel1.win32_1.0.100.202403111256/tools/bin/../lib/gcc/arm-none-eabi/12.3.1/thumb/v7e-m+fp/hard/crtbegin.o
                [!provide]                        PROVIDE (__fini_array_end = .)
                0x08010d98                        . = ALIGN (0x4)
                0x08010d98                        _sidata = LOADADDR (.data)

.rel.dyn        0x08010d98        0x0
 .rel.iplt      0x08010d98        0x0 D:/Documentos/Electronica/Nueva carpeta/STM32CubeIDE_1.15.0/STM32CubeIDE/plugins/com.st.stm32cube.ide.mcu.externaltools.gnu-tools-for-stm32.12.3.rel1.win32_1.0.100.202403111256/tools/bin/../lib/gcc/arm-none-eabi/12.3.1/thumb/v7e-m+fp/hard/crtbegin.o

.data           0x20000000      0x338 load address 0x08010d98
                0x20000000                        . = ALIGN (0x4)
                0x20000000                        _sdata = .
 *(.data)
 *(.data*)
 .data._cal     0x20000000        0x2 ./Core/Src/INA226.o
                0x20000000                _cal
 *fill*         0x20000002        0x2 
 .data._voltageResolutionBus
                0x20000004        0x4 ./Core/Src/INA226.o
                0x20000004                _voltageResolutionBus
 .data.vl53_range_status
                0x20000008        0x1 ./Core/Src/main.o
                0x20000008                vl53_range_status
 *fill*         0x20000009        0x3 
 .data.SystemCoreClock
                0x2000000c        0x4 ./Core/Src/system_stm32f4xx.o
                0x2000000c                SystemCoreClock
 .data.DefaultTuningSettings
                0x20000010       0xf3 ./Core/Src/vl53l0x_api.o
                0x20000010                DefaultTuningSettings
 *fill*         0x20000103        0x1 
 .data.InterruptThresholdSettings
                0x20000104      0x1b6 ./Core/Src/vl53l0x_api.o
                0x20000104                InterruptThresholdSettings
 *fill*         0x200002ba        0x2 
 .data.refArrayQuadrants
                0x200002bc       0x10 ./Core/Src/vl53l0x_api_calibration.o
                0x200002bc                refArrayQuadrants
 .data.uwTickPrio
                0x200002cc        0x4 ./Drivers/STM32F4xx_HAL_Driver/Src/stm32f4xx_hal.o
                0x200002cc                uwTickPrio
 .data.uwTickFreq
                0x200002d0        0x1 ./Drivers/STM32F4xx_HAL_Driver/Src/stm32f4xx_hal.o
                0x200002d0                uwTickFreq
 *fill*         0x200002d1        0x3 
 .data.uxCriticalNesting
                0x200002d4        0x4 ./Middlewares/Third_Party/FreeRTOS/Source/portable/GCC/ARM_CM4F/port.o
 .data.tiny     0x200002d8        0x8 D:/Documentos/Electronica/Nueva carpeta/STM32CubeIDE_1.15.0/STM32CubeIDE/plugins/com.st.stm32cube.ide.mcu.externaltools.gnu-tools-for-stm32.12.3.rel1.win32_1.0.100.202403111256/tools/bin/../lib/gcc/arm-none-eabi/12.3.1/../../../../arm-none-eabi/lib/thumb/v7e-m+fp/hard\libm.a(libm_a-e_sqrt.o)
 .data.one      0x200002e0        0x8 D:/Documentos/Electronica/Nueva carpeta/STM32CubeIDE_1.15.0/STM32CubeIDE/plugins/com.st.stm32cube.ide.mcu.externaltools.gnu-tools-for-stm32.12.3.rel1.win32_1.0.100.202403111256/tools/bin/../lib/gcc/arm-none-eabi/12.3.1/../../../../arm-none-eabi/lib/thumb/v7e-m+fp/hard\libm.a(libm_a-e_sqrt.o)
 .data._impure_ptr
                0x200002e8        0x4 D:/Documentos/Electronica/Nueva carpeta/STM32CubeIDE_1.15.0/STM32CubeIDE/plugins/com.st.stm32cube.ide.mcu.externaltools.gnu-tools-for-stm32.12.3.rel1.win32_1.0.100.202403111256/tools/bin/../lib/gcc/arm-none-eabi/12.3.1/../../../../arm-none-eabi/lib/thumb/v7e-m+fp/hard\libc_nano.a(libc_a-impure.o)
                0x200002e8                _impure_ptr
 .data._impure_data
                0x200002ec       0x4c D:/Documentos/Electronica/Nueva carpeta/STM32CubeIDE_1.15.0/STM32CubeIDE/plugins/com.st.stm32cube.ide.mcu.externaltools.gnu-tools-for-stm32.12.3.rel1.win32_1.0.100.202403111256/tools/bin/../lib/gcc/arm-none-eabi/12.3.1/../../../../arm-none-eabi/lib/thumb/v7e-m+fp/hard\libc_nano.a(libc_a-impure.o)
                0x200002ec                _impure_data
 *(.RamFunc)
 *(.RamFunc*)
                0x20000338                        . = ALIGN (0x4)
                0x20000338                        _edata = .

.igot.plt       0x20000338        0x0 load address 0x080110d0
 .igot.plt      0x20000338        0x0 D:/Documentos/Electronica/Nueva carpeta/STM32CubeIDE_1.15.0/STM32CubeIDE/plugins/com.st.stm32cube.ide.mcu.externaltools.gnu-tools-for-stm32.12.3.rel1.win32_1.0.100.202403111256/tools/bin/../lib/gcc/arm-none-eabi/12.3.1/thumb/v7e-m+fp/hard/crtbegin.o
                0x20000338                        . = ALIGN (0x4)

.bss            0x20000338     0x5038 load address 0x080110d0
                0x20000338                        _sbss = .
                0x20000338                        __bss_start__ = _sbss
 *(.bss)
 .bss           0x20000338       0x1c D:/Documentos/Electronica/Nueva carpeta/STM32CubeIDE_1.15.0/STM32CubeIDE/plugins/com.st.stm32cube.ide.mcu.externaltools.gnu-tools-for-stm32.12.3.rel1.win32_1.0.100.202403111256/tools/bin/../lib/gcc/arm-none-eabi/12.3.1/thumb/v7e-m+fp/hard/crtbegin.o
 *(.bss*)
 .bss._reset    0x20000354        0x1 ./Core/Src/INA226.o
                0x20000354                _reset
 *fill*         0x20000355        0x3 
 .bss.hi2c1     0x20000358       0x54 ./Core/Src/main.o
                0x20000358                hi2c1
 .bss.hadc1     0x200003ac       0x48 ./Core/Src/main.o
                0x200003ac                hadc1
 .bss.hdma_adc1
                0x200003f4       0x60 ./Core/Src/main.o
                0x200003f4                hdma_adc1
 .bss.htim1     0x20000454       0x48 ./Core/Src/main.o
                0x20000454                htim1
 .bss.htim2     0x2000049c       0x48 ./Core/Src/main.o
                0x2000049c                htim2
 .bss.huart1    0x200004e4       0x48 ./Core/Src/main.o
                0x200004e4                huart1
 .bss.hdma_usart1_rx
                0x2000052c       0x60 ./Core/Src/main.o
                0x2000052c                hdma_usart1_rx
 .bss.hdma_usart1_tx
                0x2000058c       0x60 ./Core/Src/main.o
                0x2000058c                hdma_usart1_tx
 .bss.defaultTaskHandle
                0x200005ec        0x4 ./Core/Src/main.o
                0x200005ec                defaultTaskHandle
 .bss.parserTaskHandle
                0x200005f0        0x4 ./Core/Src/main.o
                0x200005f0                parserTaskHandle
 .bss.sendTelemetriaHandle
                0x200005f4        0x4 ./Core/Src/main.o
                0x200005f4                sendTelemetriaHandle
 .bss.dma_rx_buf
                0x200005f8       0x40 ./Core/Src/main.o
                0x200005f8                dma_rx_buf
 .bss.dma_read_idx
                0x20000638        0x2 ./Core/Src/main.o
                0x20000638                dma_read_idx
 *fill*         0x2000063a        0x2 
 .bss.uartRxSemHandle
                0x2000063c        0x4 ./Core/Src/main.o
                0x2000063c                uartRxSemHandle
 .bss.vl53l0x_dev
                0x20000640      0x184 ./Core/Src/main.o
                0x20000640                vl53l0x_dev
 .bss.vl53l0x_meas
                0x200007c4       0x1c ./Core/Src/main.o
                0x200007c4                vl53l0x_meas
 .bss.distancia_mm
                0x200007e0        0x2 ./Core/Src/main.o
                0x200007e0                distancia_mm
 .bss.vl53_init_status
                0x200007e2        0x1 ./Core/Src/main.o
                0x200007e2                vl53_init_status
 .bss.vl53_meas_status
                0x200007e3        0x1 ./Core/Src/main.o
                0x200007e3                vl53_meas_status
 .bss.tx_buffer.0
                0x200007e4       0x14 ./Core/Src/main.o
 .bss.current_pulse
                0x200007f8        0x2 ./Core/Src/motor_control.o
 *fill*         0x200007fa        0x2 
 .bss.htim9     0x200007fc       0x48 ./Core/Src/stm32f4xx_hal_timebase_tim.o
                0x200007fc                htim9
 .bss.uwTick    0x20000844        0x4 ./Drivers/STM32F4xx_HAL_Driver/Src/stm32f4xx_hal.o
                0x20000844                uwTick
 .bss.KernelState
                0x20000848        0x4 ./Middlewares/Third_Party/FreeRTOS/Source/CMSIS_RTOS_V2/cmsis_os2.o
 .bss.Idle_TCB.3
                0x2000084c       0xa8 ./Middlewares/Third_Party/FreeRTOS/Source/CMSIS_RTOS_V2/cmsis_os2.o
 .bss.Idle_Stack.2
                0x200008f4      0x200 ./Middlewares/Third_Party/FreeRTOS/Source/CMSIS_RTOS_V2/cmsis_os2.o
 .bss.Timer_TCB.1
                0x20000af4       0xa8 ./Middlewares/Third_Party/FreeRTOS/Source/CMSIS_RTOS_V2/cmsis_os2.o
 .bss.Timer_Stack.0
                0x20000b9c      0x400 ./Middlewares/Third_Party/FreeRTOS/Source/CMSIS_RTOS_V2/cmsis_os2.o
 .bss.xQueueRegistry
                0x20000f9c       0x40 ./Middlewares/Third_Party/FreeRTOS/Source/queue.o
                0x20000f9c                xQueueRegistry
 .bss.pxCurrentTCB
                0x20000fdc        0x4 ./Middlewares/Third_Party/FreeRTOS/Source/tasks.o
                0x20000fdc                pxCurrentTCB
 .bss.pxReadyTasksLists
                0x20000fe0      0x460 ./Middlewares/Third_Party/FreeRTOS/Source/tasks.o
 .bss.xDelayedTaskList1
                0x20001440       0x14 ./Middlewares/Third_Party/FreeRTOS/Source/tasks.o
 .bss.xDelayedTaskList2
                0x20001454       0x14 ./Middlewares/Third_Party/FreeRTOS/Source/tasks.o
 .bss.pxDelayedTaskList
                0x20001468        0x4 ./Middlewares/Third_Party/FreeRTOS/Source/tasks.o
 .bss.pxOverflowDelayedTaskList
                0x2000146c        0x4 ./Middlewares/Third_Party/FreeRTOS/Source/tasks.o
 .bss.xPendingReadyList
                0x20001470       0x14 ./Middlewares/Third_Party/FreeRTOS/Source/tasks.o
 .bss.xTasksWaitingTermination
                0x20001484       0x14 ./Middlewares/Third_Party/FreeRTOS/Source/tasks.o
 .bss.uxDeletedTasksWaitingCleanUp
                0x20001498        0x4 ./Middlewares/Third_Party/FreeRTOS/Source/tasks.o
 .bss.xSuspendedTaskList
                0x2000149c       0x14 ./Middlewares/Third_Party/FreeRTOS/Source/tasks.o
 .bss.uxCurrentNumberOfTasks
                0x200014b0        0x4 ./Middlewares/Third_Party/FreeRTOS/Source/tasks.o
 .bss.xTickCount
                0x200014b4        0x4 ./Middlewares/Third_Party/FreeRTOS/Source/tasks.o
 .bss.uxTopReadyPriority
                0x200014b8        0x4 ./Middlewares/Third_Party/FreeRTOS/Source/tasks.o
 .bss.xSchedulerRunning
                0x200014bc        0x4 ./Middlewares/Third_Party/FreeRTOS/Source/tasks.o
 .bss.xPendedTicks
                0x200014c0        0x4 ./Middlewares/Third_Party/FreeRTOS/Source/tasks.o
 .bss.xYieldPending
                0x200014c4        0x4 ./Middlewares/Third_Party/FreeRTOS/Source/tasks.o
 .bss.xNumOfOverflows
                0x200014c8        0x4 ./Middlewares/Third_Party/FreeRTOS/Source/tasks.o
 .bss.uxTaskNumber
                0x200014cc        0x4 ./Middlewares/Third_Party/FreeRTOS/Source/tasks.o
 .bss.xNextTaskUnblockTime
                0x200014d0        0x4 ./Middlewares/Third_Party/FreeRTOS/Source/tasks.o
 .bss.xIdleTaskHandle
                0x200014d4        0x4 ./Middlewares/Third_Party/FreeRTOS/Source/tasks.o
 .bss.uxSchedulerSuspended
                0x200014d8        0x4 ./Middlewares/Third_Party/FreeRTOS/Source/tasks.o
 .bss.xActiveTimerList1
                0x200014dc       0x14 ./Middlewares/Third_Party/FreeRTOS/Source/timers.o
 .bss.xActiveTimerList2
                0x200014f0       0x14 ./Middlewares/Third_Party/FreeRTOS/Source/timers.o
 .bss.pxCurrentTimerList
                0x20001504        0x4 ./Middlewares/Third_Party/FreeRTOS/Source/timers.o
 .bss.pxOverflowTimerList
                0x20001508        0x4 ./Middlewares/Third_Party/FreeRTOS/Source/timers.o
 .bss.xTimerQueue
                0x2000150c        0x4 ./Middlewares/Third_Party/FreeRTOS/Source/timers.o
 .bss.xTimerTaskHandle
                0x20001510        0x4 ./Middlewares/Third_Party/FreeRTOS/Source/timers.o
 .bss.xLastTime.2
                0x20001514        0x4 ./Middlewares/Third_Party/FreeRTOS/Source/timers.o
 .bss.ucStaticTimerQueueStorage.1
                0x20001518       0xa0 ./Middlewares/Third_Party/FreeRTOS/Source/timers.o
 .bss.xStaticTimerQueue.0
                0x200015b8       0x50 ./Middlewares/Third_Party/FreeRTOS/Source/timers.o
 .bss.ucMaxSysCallPriority
                0x20001608        0x1 ./Middlewares/Third_Party/FreeRTOS/Source/portable/GCC/ARM_CM4F/port.o
 *fill*         0x20001609        0x3 
 .bss.ulMaxPRIGROUPValue