Archive member included to satisfy reference by file (symbol)

D:/Documentos/Electronica/Nueva carpeta/STM32CubeIDE_1.15.0/STM32CubeIDE/plugins/com.st.stm32cube.ide.mcu.externaltools.gnu-tools-for-stm32.12.3.rel1.win32_1.0.100.202403111256/tools/bin/../lib/gcc/arm-none-eabi/12.3.1/../../../../arm-none-eabi/lib/thumb/v7e-m+fp/hard\libc_nano.a(libc_a-exit.o)
                              D:/Documentos/Electronica/Nueva carpeta/STM32CubeIDE_1.15.0/STM32CubeIDE/plugins/com.st.stm32cube.ide.mcu.externaltools.gnu-tools-for-stm32.12.3.rel1.win32_1.0.100.202403111256/tools/bin/../lib/gcc/arm-none-eabi/12.3.1/../../../../arm-none-eabi/lib/thumb/v7e-m+fp/hard/crt0.o (exit)
D:/Documentos/Electronica/Nueva carpeta/STM32CubeIDE_1.15.0/STM32CubeIDE/plugins/com.st.stm32cube.ide.mcu.externaltools.gnu-tools-for-stm32.12.3.rel1.win32_1.0.100.202403111256/tools/bin/../lib/gcc/arm-none-eabi/12.3.1/../../../../arm-none-eabi/lib/thumb/v7e-m+fp/hard\libc_nano.a(libc_a-findfp.o)
                              ./Middlewares/Third_Party/FreeRTOS/Source/tasks.o (__sf)
D:/Documentos/Electronica/Nueva carpeta/STM32CubeIDE_1.15.0/STM32CubeIDE/plugins/com.st.stm32cube.ide.mcu.externaltools.gnu-tools-for-stm32.12.3.rel1.win32_1.0.100.202403111256/tools/bin/../lib/gcc/arm-none-eabi/12.3.1/../../../../arm-none-eabi/lib/thumb/v7e-m+fp/hard\libc_nano.a(libc_a-fwalk.o)
                              D:/Documentos/Electronica/Nueva carpeta/STM32CubeIDE_1.15.0/STM32CubeIDE/plugins/com.st.stm32cube.ide.mcu.externaltools.gnu-tools-for-stm32.12.3.rel1.win32_1.0.100.202403111256/tools/bin/../lib/gcc/arm-none-eabi/12.3.1/../../../../arm-none-eabi/lib/thumb/v7e-m+fp/hard\libc_nano.a(libc_a-findfp.o) (_fwalk_sglue)
D:/Documentos/Electronica/Nueva carpeta/STM32CubeIDE_1.15.0/STM32CubeIDE/plugins/com.st.stm32cube.ide.mcu.externaltools.gnu-tools-for-stm32.12.3.rel1.win32_1.0.100.202403111256/tools/bin/../lib/gcc/arm-none-eabi/12.3.1/../../../../arm-none-eabi/lib/thumb/v7e-m+fp/hard\libc_nano.a(libc_a-sprintf.o)
                              ./Core/Src/main.o (sprintf)
D:/Documentos/Electronica/Nueva carpeta/STM32CubeIDE_1.15.0/STM32CubeIDE/plugins/com.st.stm32cube.ide.mcu.externaltools.gnu-tools-for-stm32.12.3.rel1.win32_1.0.100.202403111256/tools/bin/../lib/gcc/arm-none-eabi/12.3.1/../../../../arm-none-eabi/lib/thumb/v7e-m+fp/hard\libc_nano.a(libc_a-stdio.o)
                              D:/Documentos/Electronica/Nueva carpeta/STM32CubeIDE_1.15.0/STM32CubeIDE/plugins/com.st.stm32cube.ide.mcu.externaltools.gnu-tools-for-stm32.12.3.rel1.win32_1.0.100.202403111256/tools/bin/../lib/gcc/arm-none-eabi/12.3.1/../../../../arm-none-eabi/lib/thumb/v7e-m+fp/hard\libc_nano.a(libc_a-findfp.o) (__sread)
D:/Documentos/Electronica/Nueva carpeta/STM32CubeIDE_1.15.0/STM32CubeIDE/plugins/com.st.stm32cube.ide.mcu.externaltools.gnu-tools-for-stm32.12.3.rel1.win32_1.0.100.202403111256/tools/bin/../lib/gcc/arm-none-eabi/12.3.1/../../../../arm-none-eabi/lib/thumb/v7e-m+fp/hard\libc_nano.a(libc_a-memset.o)
                              D:/Documentos/Electronica/Nueva carpeta/STM32CubeIDE_1.15.0/STM32CubeIDE/plugins/com.st.stm32cube.ide.mcu.externaltools.gnu-tools-for-stm32.12.3.rel1.win32_1.0.100.202403111256/tools/bin/../lib/gcc/arm-none-eabi/12.3.1/../../../../arm-none-eabi/lib/thumb/v7e-m+fp/hard/crt0.o (memset)
D:/Documentos/Electronica/Nueva carpeta/STM32CubeIDE_1.15.0/STM32CubeIDE/plugins/com.st.stm32cube.ide.mcu.externaltools.gnu-tools-for-stm32.12.3.rel1.win32_1.0.100.202403111256/tools/bin/../lib/gcc/arm-none-eabi/12.3.1/../../../../arm-none-eabi/lib/thumb/v7e-m+fp/hard\libc_nano.a(libc_a-closer.o)
                              D:/Documentos/Electronica/Nueva carpeta/STM32CubeIDE_1.15.0/STM32CubeIDE/plugins/com.st.stm32cube.ide.mcu.externaltools.gnu-tools-for-stm32.12.3.rel1.win32_1.0.100.202403111256/tools/bin/../lib/gcc/arm-none-eabi/12.3.1/../../../../arm-none-eabi/lib/thumb/v7e-m+fp/hard\libc_nano.a(libc_a-stdio.o) (_close_r)
D:/Documentos/Electronica/Nueva carpeta/STM32CubeIDE_1.15.0/STM32CubeIDE/plugins/com.st.stm32cube.ide.mcu.externaltools.gnu-tools-for-stm32.12.3.rel1.win32_1.0.100.202403111256/tools/bin/../lib/gcc/arm-none-eabi/12.3.1/../../../../arm-none-eabi/lib/thumb/v7e-m+fp/hard\libc_nano.a(libc_a-reent.o)
                              ./Middlewares/Third_Party/FreeRTOS/Source/tasks.o (_reclaim_reent)
D:/Documentos/Electronica/Nueva carpeta/STM32CubeIDE_1.15.0/STM32CubeIDE/plugins/com.st.stm32cube.ide.mcu.externaltools.gnu-tools-for-stm32.12.3.rel1.win32_1.0.100.202403111256/tools/bin/../lib/gcc/arm-none-eabi/12.3.1/../../../../arm-none-eabi/lib/thumb/v7e-m+fp/hard\libc_nano.a(libc_a-impure.o)
                              ./Middlewares/Third_Party/FreeRTOS/Source/tasks.o (_impure_ptr)
[...]
Memory Configuration

Name             Origin             Length             Attributes
RAM              0x20000000         0x00020000         xrw
FLASH            0x08000000         0x00080000         xr
*default*        0x00000000         0xffffffff

Linker script and memory map

LOAD D:/Documentos/Electronica/Nueva carpeta/STM32CubeIDE_1.15.0/STM32CubeIDE/plugins/com.st.stm32cube.ide.mcu.externaltools.gnu-tools-for-stm32.12.3.rel1.win32_1.0.100.202403111256/tools/bin/../lib/gcc/arm-none-eabi/12.3.1/thumb/v7e-m+fp/hard/crti.o
LOAD D:/Documentos/Electronica/Nueva carpeta/STM32CubeIDE_1.15.0/STM32CubeIDE/plugins/com.st.stm32cube.ide.mcu.externaltools.gnu-tools-for-stm32.12.3.rel1.win32_1.0.100.202403111256/tools/bin/../lib/gcc/arm-none-eabi/12.3.1/thumb/v7e-m+fp/hard/crtbegin.o
LOAD D:/Documentos/Electronica/Nueva carpeta/STM32CubeIDE_1.15.0/STM32CubeIDE/plugins/com.st.stm32cube.ide.mcu.externaltools.gnu-tools-for-stm32.12.3.rel1.win32_1.0.100.202403111256/tools/bin/../lib/gcc/arm-none-eabi/12.3.1/../../../../arm-none-eabi/lib/thumb/v7e-m+fp/hard/crt0.o
LOAD ./Core/Src/INA226.o
LOAD ./Core/Src/freertos.o
LOAD ./Core/Src/main.o
LOAD ./Core/Src/motor_control.o
LOAD ./Core/Src/packetbuilder.o
LOAD ./Core/Src/parser.o
LOAD ./Core/Src/stm32f4xx_hal_msp.o
LOAD ./Core/Src/stm32f4xx_hal_timebase_tim.o
LOAD ./Core/Src/stm32f4xx_it.o
LOAD ./Core/Src/syscalls.o
LOAD ./Core/Src/sysmem.o
LOAD ./Core/Src/system_stm32f4xx.o
LOAD ./Core/Src/vl53l0x_api.o
LOAD ./Core/Src/vl53l0x_api_calibration.o
LOAD ./Core/Src/vl53l0x_api_core.o
LOAD ./Core/Src/vl53l0x_api_ranging.o
LOAD ./Core/Src/vl53l0x_api_strings.o
LOAD ./Core/Src/vl53l0x_platform.o
LOAD ./Core/Startup/startup_stm32f411ceux.o
LOAD ./Drivers/STM32F4xx_HAL_Driver/Src/stm32f4xx_hal.o
LOAD ./Drivers/STM32F4xx_HAL_Driver/Src/stm32f4xx_hal_adc.o
LOAD ./Drivers/STM32F4xx_HAL_Driver/Src/stm32f4xx_hal_adc_ex.o
LOAD ./Drivers/STM32F4xx_HAL_Driver/Src/stm32f4xx_hal_cortex.o
LOAD ./Drivers/STM32F4xx_HAL_Driver/Src/stm32f4xx_hal_dma.o
LOAD ./Drivers/STM32F4xx_HAL_Driver/Src/stm32f4xx_hal_dma_ex.o
LOAD ./Drivers/STM32F4xx_HAL_Driver/Src/stm32f4xx_hal_exti.o
LOAD ./Drivers/STM32F4xx_HAL_Driver/Src/stm32f4xx_hal_flash.o
LOAD ./Drivers/STM32F4xx_HAL_Driver/Src/stm32f4xx_hal_flash_ex.o
LOAD ./Drivers/STM32F4xx_HAL_Driver/Src/stm32f4xx_hal_flash_ramfunc.o
LOAD ./Drivers/STM32F4xx_HAL_Driver/Src/stm32f4xx_hal_gpio.o
LOAD ./Drivers/STM32F4xx_HAL_Driver/Src/stm32f4xx_hal_i2c.o
LOAD ./Drivers/STM32F4xx_HAL_Driver/Src/stm32f4xx_hal_i2c_ex.o
LOAD ./Drivers/STM32F4xx_HAL_Driver/Src/stm32f4xx_hal_pwr.o
LOAD ./Drivers/STM32F4xx_HAL_Driver/Src/stm32f4xx_hal_pwr_ex.o
LOAD ./Drivers/STM32F4xx_HAL_Driver/Src/stm32f4xx_hal_rcc.o
LOAD ./Drivers/STM32F4xx_HAL_Driver/Src/stm32f4xx_hal_rcc_ex.o
LOAD ./Drivers/STM32F4xx_HAL_Driver/Src/stm32f4xx_hal_tim.o
LOAD ./Drivers/STM32F4xx_HAL_Driver/Src/stm32f4xx_hal_tim_ex.o
LOAD ./Drivers/STM32F4xx_HAL_Driver/Src/stm32f4xx_hal_uart.o
LOAD ./Drivers/STM32F4xx_HAL_Driver/Src/stm32f4xx_ll_adc.o
LOAD ./Middlewares/Third_Party/FreeRTOS/Source/CMSIS_RTOS_V2/cmsis_os2.o
LOAD ./Middlewares/Third_Party/FreeRTOS/Source/croutine.o
LOAD ./Middlewares/Third_Party/FreeRTOS/Source/event_groups.o
LOAD ./Middlewares/Third_Party/FreeRTOS/Source/list.o
LOAD ./Middlewares/Third_Party/FreeRTOS/Source/queue.o
LOAD ./Middlewares/Third_Party/FreeRTOS/Source/stream_buffer.o
LOAD ./Middlewares/Third_Party/FreeRTOS/Source/tasks.o
LOAD ./Middlewares/Third_Party/FreeRTOS/Source/timers.o
LOAD ./Middlewares/Third_Party/FreeRTOS/Source/portable/GCC/ARM_CM4F/port.o
LOAD ./Middlewares/Third_Party/FreeRTOS/Source/portable/MemMang/heap_4.o
START GROUP
LOAD D:/Documentos/Electronica/Nueva carpeta/STM32CubeIDE_1.15.0/STM32CubeIDE/plugins/com.st.stm32cube.ide.mcu.externaltools.gnu-tools-for-stm32.12.3.rel1.win32_1.0.100.202403111256/tools/bin/../lib/gcc/arm-none-eabi/12.3.1/../../../../arm-none-eabi/lib/thumb/v7e-m+fp/hard\libstdc++_nano.a
LOAD D:/Documentos/Electronica/Nueva carpeta/STM32CubeIDE_1.15.0/STM32CubeIDE/plugins/com.st.stm32cube.ide.mcu.externaltools.gnu-tools-for-stm32.12.3.rel1.win32_1.0.100.202403111256/tools/bin/../lib/gcc/arm-none-eabi/12.3.1/../../../../arm-none-eabi/lib/thumb/v7e-m+fp/hard\libsupc++_nano.a
END GROUP
LOAD D:/Documentos/Electronica/Nueva carpeta/STM32CubeIDE_1.15.0/STM32CubeIDE/plugins/com.st.stm32cube.ide.mcu.externaltools.gnu-tools-for-stm32.12.3.rel1.win32_1.0.100.202403111256/tools/bin/../lib/gcc/arm-none-eabi/12.3.1/../../../../arm-none-eabi/lib/thumb/v7e-m+fp/hard\libstdc++_nano.a
LOAD D:/Documentos/Electronica/Nueva carpeta/STM32CubeIDE_1.15.0/STM32CubeIDE/plugins/com.st.stm32cube.ide.mcu.externaltools.gnu-tools-for-stm32.12.3.rel1.win32_1.0.100.202403111256/tools/bin/../lib/gcc/arm-none-eabi/12.3.1/../../../../arm-none-eabi/lib/thumb/v7e-m+fp/hard\libm.a
LOAD D:/Documentos/Electronica/Nueva carpeta/STM32CubeIDE_1.15.0/STM32CubeIDE/plugins/com.st.stm32cube.ide.mcu.externaltools.gnu-tools-for-stm32.12.3.rel1.win32_1.0.100.202403111256/tools/bin/../lib/gcc/arm-none-eabi/12.3.1/../../../../arm-none-eabi/lib/thumb/v7e-m+fp/hard\libc_nano.a
START GROUP
LOAD D:/Documentos/Electronica/Nueva carpeta/STM32CubeIDE_1.15.0/STM32CubeIDE/plugins/com.st.stm32cube.ide.mcu.externaltools.gnu-tools-for-stm32.12.3.rel1.win32_1.0.100.202403111256/tools/bin/../lib/gcc/arm-none-eabi/12.3.1/thumb/v7e-m+fp/hard\libgcc.a
LOAD D:/Documentos/Electronica/Nueva carpeta/STM32CubeIDE_1.15.0/STM32CubeIDE/plugins/com.st.stm32cube.ide.mcu.externaltools.gnu-tools-for-stm32.12.3.rel1.win32_1.0.100.202403111256/tools/bin/../lib/gcc/arm-none-eabi/12.3.1/../../../../arm-none-eabi/lib/thumb/v7e-m+fp/hard\libc_nano.a
END GROUP
START GROUP
LOAD D:/Documentos/Electronica/Nueva carpeta/STM32CubeIDE_1.15.0/STM32CubeIDE/plugins/com.st.stm32cube.ide.mcu.externaltools.gnu-tools-for-stm32.12.3.rel1.win32_1.0.100.202403111256/tools/bin/../lib/gcc/arm-none-eabi/12.3.1/thumb/v7e-m+fp/hard\libgcc.a
LOAD D:/Documentos/Electronica/Nueva carpeta/STM32CubeIDE_1.15.0/STM32CubeIDE/plugins/com.st.stm32cube.ide.mcu.externaltools.gnu-tools-for-stm32.12.3.rel1.win32_1.0.100.202403111256/tools/bin/../lib/gcc/arm-none-eabi/12.3.1/../../../../arm-none-eabi/lib/thumb/v7e-m+fp/hard\libc_nano.a
END GROUP
LOAD D:/Documentos/Electronica/Nueva carpeta/STM32CubeIDE_1.15.0/STM32CubeIDE/plugins/com.st.stm32cube.ide.mcu.externaltools.gnu-tools-for-stm32.12.3.rel1.win32_1.0.100.202403111256/tools/bin/../lib/gcc/arm-none-eabi/12.3.1/thumb/v7e-m+fp/hard/crtend.o
LOAD D:/Documentos/Electronica/Nueva carpeta/STM32CubeIDE_1.15.0/STM32CubeIDE/plugins/com.st.stm32cube.ide.mcu.externaltools.gnu-tools-for-stm32.12.3.rel1.win32_1.0.100.202403111256/tools/bin/../lib/gcc/arm-none-eabi/12.3.1/thumb/v7e-m+fp/hard/crtn.o
                0x20020000                        _estack = (ORIGIN (RAM) + LENGTH (RAM))
                0x00000200                        _Min_Heap_Size = 0x200
                0x00000400                        _Min_Stack_Size = 0x400

.isr_vector     0x08000000      0x198
                0x08000000                        . = ALIGN (0x4)
 *(.isr_vector)
 .isr_vector    0x08000000      0x198 ./Core/Startup/startup_stm32f411ceux.o
                0x08000000                g_pfnVectors
                0x08000198                        . = ALIGN (0x4)

.text           0x080001a0    0x10e60
                0x080001a0                        . = ALIGN (0x4)
 *(.text)
 .text          0x080001a0       0x40 D:/Documentos/Electronica/Nueva carpeta/STM32CubeIDE_1.15.0/STM32CubeIDE/plugins/com.st.stm32cube.ide.mcu.externaltools.gnu-tools-for-stm32.12.3.rel1.win32_1.0.100.202403111256/tools/bin/../lib/gcc/arm-none-eabi/12.3.1/thumb/v7e-m+fp/hard/crtbegin.o
 .text          0x080001e0       0x30 D:/Documentos/Electronica/Nueva carpeta/STM32CubeIDE_1.15.0/STM32CubeIDE/plugins/com.st.stm32cube.ide.mcu.externaltools.gnu-tools-for-stm32.12.3.rel1.win32_1.0.100.202403111256/tools/bin/../lib/gcc/arm-none-eabi/12.3.1/thumb/v7e-m+fp/hard\libgcc.a(_aeabi_uldivmod.o)
                0x080001e0                __aeabi_uldivmod
 .text          0x08000210      0x2bc D:/Documentos/Electronica/Nueva carpeta/STM32CubeIDE_1.15.0/STM32CubeIDE/plugins/com.st.stm32cube.ide.mcu.externaltools.gnu-tools-for-stm32.12.3.rel1.win32_1.0.100.202403111256/tools/bin/../lib/gcc/arm-none-eabi/12.3.1/thumb/v7e-m+fp/hard\libgcc.a(_udivmoddi4.o)
                0x08000210                __udivmoddi4
 .text          0x080004cc        0x4 D:/Documentos/Electronica/Nueva carpeta/STM32CubeIDE_1.15.0/STM32CubeIDE/plugins/com.st.stm32cube.ide.mcu.externaltools.gnu-tools-for-stm32.12.3.rel1.win32_1.0.100.202403111256/tools/bin/../lib/gcc/arm-none-eabi/12.3.1/thumb/v7e-m+fp/hard\libgcc.a(_dvmd_tls.o)
                0x080004cc                __aeabi_idiv0
                0x080004cc                __aeabi_ldiv0
 *(.text*)
 .text.updateConfiguration
                0x080004d0       0xa0 ./Core/Src/INA226.o
                0x080004d0                updateConfiguration
 .text.calibrateDevice
                0x08000570       0x44 ./Core/Src/INA226.o
                0x08000570                calibrateDevice
 .text.MPU6050_Init
                0x080005b4       0xc8 ./Core/Src/main.o
                0x080005b4                MPU6050_Init
 .text.MPU6050_Read
                0x0800067c       0xa0 ./Core/Src/main.o
                0x0800067c                MPU6050_Read
 .text.main     0x0800071c      0x23c ./Core/Src/main.o
                0x0800071c                main
 .text.SystemClock_Config
                0x08000958       0xd0 ./Core/Src/main.o
                0x08000958                SystemClock_Config
 .text.MX_ADC1_Init
                0x08000a28       0xa4 ./Core/Src/main.o
 .text.MX_I2C1_Init
                0x08000acc       0x5c ./Core/Src/main.o
 .text.MX_TIM1_Init
                0x08000b28      0x18c ./Core/Src/main.o
 .text.MX_TIM2_Init
                0x08000cb4      0x100 ./Core/Src/main.o
 .text.MX_TIM3_Init
                0x08000db4      0x104 ./Core/Src/main.o
 .text.MX_USART1_UART_Init
                0x08000eb8       0x54 ./Core/Src/main.o
 .text.MX_DMA_Init
                0x08000f0c       0x60 ./Core/Src/main.o
 .text.MX_GPIO_Init
                0x08000f6c      0x1a0 ./Core/Src/main.o
 .text.StartDefaultTask
                0x0800110c       0x10 ./Core/Src/main.o
                0x0800110c                StartDefaultTask
 .text.ParserTask
                0x0800111c       0xe4 ./Core/Src/main.o
                0x0800111c                ParserTask
 .text.StartTelemetriaTask
                0x08001200      0x254 ./Core/Src/main.o
                0x08001200                StartTelemetriaTask
 .text.StartSemiAutoTask
                0x08001454      0x1b0 ./Core/Src/main.o
                0x08001454                StartSemiAutoTask
 .text.HAL_TIM_PeriodElapsedCallback
                0x08001604       0x24 ./Core/Src/main.o
                0x08001604                HAL_TIM_PeriodElapsedCallback
 .text.Error_Handler
                0x08001628        0xc ./Core/Src/main.o
                0x08001628                Error_Handler
 .text.Motor_Init
                0x08001634       0x70 ./Core/Src/motor_control.o
                0x08001634                Motor_Init
 .text.Motor_SetAllPulse
                0x080016a4       0x98 ./Core/Src/motor_control.o
                0x080016a4                Motor_SetAllPulse
 .text.Motor_SpeedInc
                0x0800173c       0x4c ./Core/Src/motor_control.o
                0x0800173c                Motor_SpeedInc
 .text.Acoplar  0x08001788       0x24 ./Core/Src/motor_control.o
                0x08001788                Acoplar
 .text.Desacoplar
                0x080017ac       0x24 ./Core/Src/motor_control.o
                0x080017ac                Desacoplar
 .text.Acoplar1
                0x080017d0       0x28 ./Core/Src/motor_control.o
                0x080017d0                Acoplar1
 .text.Desacoplar1
                0x080017f8       0x28 ./Core/Src/motor_control.o
                0x080017f8                Desacoplar1
 .text.Motor_SpeedDec
                0x08001820       0x4c ./Core/Src/motor_control.o
                0x08001820                Motor_SpeedDec
 .text.Motor_Stop
                0x0800186c        0xe ./Core/Src/motor_control.o
                0x0800186c                Motor_Stop
 *fill*         0x0800187a        0x2 
 .text.Abrir_Pinza
                0x0800187c       0x28 ./Core/Src/motor_control.o
                0x0800187c                Abrir_Pinza
 .text.Cerrar_Pinza
                0x080018a4       0x28 ./Core/Src/motor_control.o
                0x080018a4                Cerrar_Pinza
 .text.Motor_GetCurrentPulse
                0x080018cc       0x18 ./Core/Src/motor_control.o
                0x080018cc                Motor_GetCurrentPulse
 .text.build_packet
                0x080018e4       0xc2 ./Core/Src/packetbuilder.o
                0x080018e4                build_packet
 *fill*         0x080019a6        0x2 
 .text.parse_byte
                0x080019a8      0x134 ./Core/Src/parser.o
                0x080019a8                parse_byte
 .text.execute_command
                0x08001adc      0x278 ./Core/Src/parser.o
                0x08001adc                execute_command
 .text.HAL_MspInit
                0x08001d54       0x58 ./Core/Src/stm32f4xx_hal_msp.o
                0x08001d54                HAL_MspInit
 .text.HAL_ADC_MspInit
                0x08001dac       0xf0 ./Core/Src/stm32f4xx_hal_msp.o
                0x08001dac                HAL_ADC_MspInit
 .text.HAL_I2C_MspInit
                0x08001e9c       0x90 ./Core/Src/stm32f4xx_hal_msp.o
                0x08001e9c                HAL_I2C_MspInit
 .text.HAL_TIM_Base_MspInit
                0x08001f2c       0xa4 ./Core/Src/stm32f4xx_hal_msp.o
                0x08001f2c                HAL_TIM_Base_MspInit
 .text.HAL_TIM_MspPostInit
                0x08001fd0      0x148 ./Core/Src/stm32f4xx_hal_msp.o
                0x08001fd0                HAL_TIM_MspPostInit
 .text.HAL_UART_MspInit
                0x08002118      0x170 ./Core/Src/stm32f4xx_hal_msp.o
                0x08002118                HAL_UART_MspInit
 .text.HAL_InitTick
                0x08002288       0xe4 ./Core/Src/stm32f4xx_hal_timebase_tim.o
                0x08002288                HAL_InitTick
 .text.HAL_GPIO_EXTI_Callback
                0x0800236c      0x174 ./Core/Src/stm32f4xx_it.o
                0x0800236c                HAL_GPIO_EXTI_Callback
 .text.NMI_Handler
                0x080024e0        0x8 ./Core/Src/stm32f4xx_it.o
                0x080024e0                NMI_Handler
 .text.HardFault_Handler
                0x080024e8        0x8 ./Core/Src/stm32f4xx_it.o
                0x080024e8                HardFault_Handler
 .text.MemManage_Handler
                0x080024f0        0x8 ./Core/Src/stm32f4xx_it.o
                0x080024f0                MemManage_Handler
 .text.BusFault_Handler
                0x080024f8        0x8 ./Core/Src/stm32f4xx_it.o
                0x080024f8                BusFault_Handler
 .text.UsageFault_Handler
                0x08002500        0x8 ./Core/Src/stm32f4xx_it.o
                0x08002500                UsageFault_Handler
 .text.DebugMon_Handler
                0x08002508        0xe ./Core/Src/stm32f4xx_it.o
                0x08002508                DebugMon_Handler
 .text.EXTI3_IRQHandler
                0x08002516        0xe ./Core/Src/stm32f4xx_it.o
                0x08002516                EXTI3_IRQHandler
 .text.EXTI4_IRQHandler
                0x08002524        0xe ./Core/Src/stm32f4xx_it.o
                0x08002524                EXTI4_IRQHandler
 *fill*         0x08002532        0x2 
 .text.TIM1_BRK_TIM9_IRQHandler
                0x08002534       0x1c ./Core/Src/stm32f4xx_it.o
                0x08002534                TIM1_BRK_TIM9_IRQHandler
 .text.USART1_IRQHandler
                0x08002550       0x54 ./Core/Src/stm32f4xx_it.o
                0x08002550                USART1_IRQHandler
 .text.EXTI15_10_IRQHandler
                0x080025a4       0x28 ./Core/Src/stm32f4xx_it.o
                0x080025a4                EXTI15_10_IRQHandler
 .text.DMA2_Stream0_IRQHandler
                0x080025cc       0x14 ./Core/Src/stm32f4xx_it.o
                0x080025cc                DMA2_Stream0_IRQHandler
 .text.DMA2_Stream2_IRQHandler
                0x080025e0       0x14 ./Core/Src/stm32f4xx_it.o
                0x080025e0                DMA2_Stream2_IRQHandler
 .text.DMA2_Stream7_IRQHandler
                0x080025f4       0x14 ./Core/Src/stm32f4xx_it.o
                0x080025f4                DMA2_Stream7_IRQHandler
 .text.SystemInit
                0x08002608       0x24 ./Core/Src/system_stm32f4xx.o
                0x08002608                SystemInit
 .text.VL53L0X_GetOffsetCalibrationDataMicroMeter
                0x0800262c       0x26 ./Core/Src/vl53l0x_api.o
                0x0800262c                VL53L0X_GetOffsetCalibrationDataMicroMeter
 *fill*         0x08002652        0x2 
 .text.VL53L0X_DataInit
                0x08002654      0x30c ./Core/Src/vl53l0x_api.o
                0x08002654                VL53L0X_DataInit
 .text.VL53L0X_StaticInit
                0x08002960      0x304 ./Core/Src/vl53l0x_api.o
                0x08002960                VL53L0X_StaticInit
 .text.VL53L0X_GetDeviceParameters
                0x08002c64      0x16a ./Core/Src/vl53l0x_api.o
                0x08002c64                VL53L0X_GetDeviceParameters
 *fill*         0x08002dce        0x2 
 .text.VL53L0X_SetDeviceMode
                0x08002dd0       0x58 ./Core/Src/vl53l0x_api.o
                0x08002dd0                VL53L0X_SetDeviceMode
 .text.VL53L0X_GetDeviceMode
                0x08002e28       0x26 ./Core/Src/vl53l0x_api.o
                0x08002e28                VL53L0X_GetDeviceMode
 .text.VL53L0X_GetFractionEnable
                0x08002e4e       0x3e ./Core/Src/vl53l0x_api.o
                0x08002e4e                VL53L0X_GetFractionEnable
 .text.VL53L0X_SetMeasurementTimingBudgetMicroSeconds
                0x08002e8c       0x26 ./Core/Src/vl53l0x_api.o
                0x08002e8c                VL53L0X_SetMeasurementTimingBudgetMicroSeconds
 .text.VL53L0X_GetMeasurementTimingBudgetMicroSeconds
                0x08002eb2       0x26 ./Core/Src/vl53l0x_api.o
                0x08002eb2                VL53L0X_GetMeasurementTimingBudgetMicroSeconds
 .text.VL53L0X_GetVcselPulsePeriod
                0x08002ed8       0x2e ./Core/Src/vl53l0x_api.o
                0x08002ed8                VL53L0X_GetVcselPulsePeriod
 *fill*         0x08002f06        0x2 
 .text.VL53L0X_SetSequenceStepEnable
                0x08002f08      0x140 ./Core/Src/vl53l0x_api.o
                0x08002f08                VL53L0X_SetSequenceStepEnable
 .text.sequence_step_enabled
                0x08003048       0xa4 ./Core/Src/vl53l0x_api.o
                0x08003048                sequence_step_enabled
 .text.VL53L0X_GetSequenceStepEnables
                0x080030ec       0xb0 ./Core/Src/vl53l0x_api.o
                0x080030ec                VL53L0X_GetSequenceStepEnables
 .text.VL53L0X_GetInterMeasurementPeriodMilliSeconds
                0x0800319c       0x68 ./Core/Src/vl53l0x_api.o
                0x0800319c                VL53L0X_GetInterMeasurementPeriodMilliSeconds
 .text.VL53L0X_GetXTalkCompensationEnable
                0x08003204       0x2a ./Core/Src/vl53l0x_api.o
                0x08003204                VL53L0X_GetXTalkCompensationEnable
 .text.VL53L0X_GetXTalkCompensationRateMegaCps
                0x0800322e       0x66 ./Core/Src/vl53l0x_api.o
                0x0800322e                VL53L0X_GetXTalkCompensationRateMegaCps
 .text.VL53L0X_SetLimitCheckEnable
                0x08003294      0x118 ./Core/Src/vl53l0x_api.o
                0x08003294                VL53L0X_SetLimitCheckEnable
 .text.VL53L0X_GetLimitCheckEnable
                0x080033ac       0x46 ./Core/Src/vl53l0x_api.o
                0x080033ac                VL53L0X_GetLimitCheckEnable
 *fill*         0x080033f2        0x2 
 .text.VL53L0X_SetLimitCheckValue
                0x080033f4       0xc4 ./Core/Src/vl53l0x_api.o
                0x080033f4                VL53L0X_SetLimitCheckValue
 .text.VL53L0X_GetLimitCheckValue
                0x080034b8      0x11c ./Core/Src/vl53l0x_api.o
                0x080034b8                VL53L0X_GetLimitCheckValue
 .text.VL53L0X_GetWrapAroundCheckEnable
                0x080035d4       0x64 ./Core/Src/vl53l0x_api.o
                0x080035d4                VL53L0X_GetWrapAroundCheckEnable
 .text.VL53L0X_PerformSingleMeasurement
                0x08003638       0x68 ./Core/Src/vl53l0x_api.o
                0x08003638                VL53L0X_PerformSingleMeasurement
 .text.VL53L0X_PerformRefCalibration
                0x080036a0       0x2c ./Core/Src/vl53l0x_api.o
                0x080036a0                VL53L0X_PerformRefCalibration
 .text.VL53L0X_CheckAndLoadInterruptSettings
                0x080036cc      0x1e4 ./Core/Src/vl53l0x_api.o
                0x080036cc                VL53L0X_CheckAndLoadInterruptSettings
 .text.VL53L0X_StartMeasurement
                0x080038b0      0x184 ./Core/Src/vl53l0x_api.o
                0x080038b0                VL53L0X_StartMeasurement
 .text.VL53L0X_GetMeasurementDataReady
                0x08003a34       0x80 ./Core/Src/vl53l0x_api.o
                0x08003a34                VL53L0X_GetMeasurementDataReady
 .text.VL53L0X_GetRangingMeasurementData
                0x08003ab4      0x238 ./Core/Src/vl53l0x_api.o
                0x08003ab4                VL53L0X_GetRangingMeasurementData
 .text.VL53L0X_PerformSingleRangingMeasurement
                0x08003cec       0x60 ./Core/Src/vl53l0x_api.o
                0x08003cec                VL53L0X_PerformSingleRangingMeasurement
 .text.VL53L0X_SetGpioConfig
                0x08003d4c      0x244 ./Core/Src/vl53l0x_api.o
                0x08003d4c                VL53L0X_SetGpioConfig
 .text.VL53L0X_GetInterruptThresholds
                0x08003f90       0x68 ./Core/Src/vl53l0x_api.o
                0x08003f90                VL53L0X_GetInterruptThresholds
 .text.VL53L0X_ClearInterruptMask
                0x08003ff8       0x80 ./Core/Src/vl53l0x_api.o
                0x08003ff8                VL53L0X_ClearInterruptMask
 .text.VL53L0X_GetInterruptMaskStatus
                0x08004078       0x44 ./Core/Src/vl53l0x_api.o
                0x08004078                VL53L0X_GetInterruptMaskStatus
 .text.VL53L0X_PerformRefSpadManagement
                0x080040bc       0x2a ./Core/Src/vl53l0x_api.o
                0x080040bc                VL53L0X_PerformRefSpadManagement
 .text.VL53L0X_get_offset_calibration_data_micro_meter
                0x080040e6       0x7e ./Core/Src/vl53l0x_api_calibration.o
                0x080040e6                VL53L0X_get_offset_calibration_data_micro_meter
 .text.get_next_good_spad
                0x08004164       0xbc ./Core/Src/vl53l0x_api_calibration.o
                0x08004164                get_next_good_spad
 .text.is_aperture
                0x08004220       0x34 ./Core/Src/vl53l0x_api_calibration.o
                0x08004220                is_aperture
 .text.enable_spad_bit
                0x08004254       0x70 ./Core/Src/vl53l0x_api_calibration.o
                0x08004254                enable_spad_bit
 .text.set_ref_spad_map
                0x080042c4       0x26 ./Core/Src/vl53l0x_api_calibration.o
                0x080042c4                set_ref_spad_map
 .text.get_ref_spad_map
                0x080042ea       0x26 ./Core/Src/vl53l0x_api_calibration.o
                0x080042ea                get_ref_spad_map
 .text.enable_ref_spads
                0x08004310       0xf8 ./Core/Src/vl53l0x_api_calibration.o
                0x08004310                enable_ref_spads
 .text.perform_ref_signal_measurement
                0x08004408       0xd4 ./Core/Src/vl53l0x_api_calibration.o
                0x08004408                perform_ref_signal_measurement
 .text.VL53L0X_perform_ref_spad_management
                0x080044dc      0x418 ./Core/Src/vl53l0x_api_calibration.o
                0x080044dc                VL53L0X_perform_ref_spad_management
 .text.VL53L0X_set_reference_spads
                0x080048f4      0x14a ./Core/Src/vl53l0x_api_calibration.o
                0x080048f4                VL53L0X_set_reference_spads
 .text.VL53L0X_perform_single_ref_calibration
                0x08004a3e       0x76 ./Core/Src/vl53l0x_api_calibration.o
                0x08004a3e                VL53L0X_perform_single_ref_calibration
 .text.VL53L0X_ref_calibration_io
                0x08004ab4      0x132 ./Core/Src/vl53l0x_api_calibration.o
                0x08004ab4                VL53L0X_ref_calibration_io
 .text.VL53L0X_perform_vhv_calibration
                0x08004be6       0xce ./Core/Src/vl53l0x_api_calibration.o
                0x08004be6                VL53L0X_perform_vhv_calibration
 .text.VL53L0X_perform_phase_calibration
                0x08004cb4       0xca ./Core/Src/vl53l0x_api_calibration.o
                0x08004cb4                VL53L0X_perform_phase_calibration
 .text.VL53L0X_perform_ref_calibration
                0x08004d7e       0x7a ./Core/Src/vl53l0x_api_calibration.o
                0x08004d7e                VL53L0X_perform_ref_calibration
 .text.VL53L0X_measurement_poll_for_completion
                0x08004df8       0x60 ./Core/Src/vl53l0x_api_core.o
                0x08004df8                VL53L0X_measurement_poll_for_completion
 .text.VL53L0X_decode_vcsel_period
                0x08004e58       0x26 ./Core/Src/vl53l0x_api_core.o
                0x08004e58                VL53L0X_decode_vcsel_period
 .text.VL53L0X_isqrt
                0x08004e7e       0x68 ./Core/Src/vl53l0x_api_core.o
                0x08004e7e                VL53L0X_isqrt
 .text.VL53L0X_device_read_strobe
                0x08004ee6       0x86 ./Core/Src/vl53l0x_api_core.o
                0x08004ee6                VL53L0X_device_read_strobe
 .text.VL53L0X_get_info_from_device
                0x08004f6c      0x99c ./Core/Src/vl53l0x_api_core.o
                0x08004f6c                VL53L0X_get_info_from_device
 .text.VL53L0X_calc_macro_period_ps
                0x08005908       0x3c ./Core/Src/vl53l0x_api_core.o
                0x08005908                VL53L0X_calc_macro_period_ps
 .text.VL53L0X_encode_timeout
                0x08005944       0x54 ./Core/Src/vl53l0x_api_core.o
                0x08005944                VL53L0X_encode_timeout
 .text.VL53L0X_decode_timeout
                0x08005998       0x2c ./Core/Src/vl53l0x_api_core.o
                0x08005998                VL53L0X_decode_timeout
 .text.VL53L0X_calc_timeout_mclks
                0x080059c4       0x54 ./Core/Src/vl53l0x_api_core.o
                0x080059c4                VL53L0X_calc_timeout_mclks
 .text.VL53L0X_calc_timeout_us
                0x08005a18       0x54 ./Core/Src/vl53l0x_api_core.o
                0x08005a18                VL53L0X_calc_timeout_us
 .text.get_sequence_step_timeout
                0x08005a6c      0x1c0 ./Core/Src/vl53l0x_api_core.o
                0x08005a6c                get_sequence_step_timeout
 .text.set_sequence_step_timeout
                0x08005c2c      0x1e4 ./Core/Src/vl53l0x_api_core.o
                0x08005c2c                set_sequence_step_timeout
 .text.VL53L0X_get_vcsel_pulse_period
                0x08005e10       0x6e ./Core/Src/vl53l0x_api_core.o
                0x08005e10                VL53L0X_get_vcsel_pulse_period
 .text.VL53L0X_set_measurement_timing_budget_micro_seconds
                0x08005e7e      0x1a6 ./Core/Src/vl53l0x_api_core.o
                0x08005e7e                VL53L0X_set_measurement_timing_budget_micro_seconds
 .text.VL53L0X_get_measurement_timing_budget_micro_seconds
                0x08006024      0x162 ./Core/Src/vl53l0x_api_core.o
                0x08006024                VL53L0X_get_measurement_timing_budget_micro_seconds
 *fill*         0x08006186        0x2 
 .text.VL53L0X_load_tuning_settings
                0x08006188      0x1c4 ./Core/Src/vl53l0x_api_core.o
                0x08006188                VL53L0X_load_tuning_settings
 .text.VL53L0X_get_total_xtalk_rate
                0x0800634c       0x5e ./Core/Src/vl53l0x_api_core.o
                0x0800634c                VL53L0X_get_total_xtalk_rate
 .text.VL53L0X_get_total_signal_rate
                0x080063aa       0x4a ./Core/Src/vl53l0x_api_core.o
                0x080063aa                VL53L0X_get_total_signal_rate
 .text.get_dmax_lut_points
                0x080063f4       0x8e ./Core/Src/vl53l0x_api_core.o
                0x080063f4                get_dmax_lut_points
 .text.VL53L0X_calc_dmax
                0x08006482      0x14c ./Core/Src/vl53l0x_api_core.o
                0x08006482                VL53L0X_calc_dmax
 *fill*         0x080065ce        0x2 
 .text.VL53L0X_calc_sigma_estimate
                0x080065d0      0x45c ./Core/Src/vl53l0x_api_core.o
                0x080065d0                VL53L0X_calc_sigma_estimate
 .text.VL53L0X_get_pal_range_status
                0x08006a2c      0x3c4 ./Core/Src/vl53l0x_api_core.o
                0x08006a2c                VL53L0X_get_pal_range_status
 .text.VL53L0X_WriteMulti
                0x08006df0       0xb0 ./Core/Src/vl53l0x_platform.o
                0x08006df0                VL53L0X_WriteMulti
 .text.VL53L0X_ReadMulti
                0x08006ea0       0x6c ./Core/Src/vl53l0x_platform.o
                0x08006ea0                VL53L0X_ReadMulti
 .text.VL53L0X_WrByte
                0x08006f0c       0x26 ./Core/Src/vl53l0x_platform.o
                0x08006f0c                VL53L0X_WrByte
 .text.VL53L0X_WrWord
                0x08006f32       0x38 ./Core/Src/vl53l0x_platform.o
                0x08006f32                VL53L0X_WrWord
 .text.VL53L0X_RdByte
                0x08006f6a       0x24 ./Core/Src/vl53l0x_platform.o
                0x08006f6a                VL53L0X_RdByte
 .text.VL53L0X_RdWord
                0x08006f8e       0x44 ./Core/Src/vl53l0x_platform.o
                0x08006f8e                VL53L0X_RdWord
 .text.VL53L0X_RdDWord
                0x08006fd2       0x48 ./Core/Src/vl53l0x_platform.o
                0x08006fd2                VL53L0X_RdDWord
 .text.VL53L0X_PollingDelay
                0x0800701a       0x18 ./Core/Src/vl53l0x_platform.o
                0x0800701a                VL53L0X_PollingDelay
 .text.VL53L0X_UpdateByte
                0x08007032       0x60 ./Core/Src/vl53l0x_platform.o
                0x08007032                VL53L0X_UpdateByte
 *fill*         0x08007092        0x2 
 .text.Reset_Handler
                0x08007094       0x50 ./Core/Startup/startup_stm32f411ceux.o
                0x08007094                Reset_Handler
 .text.Default_Handler
                0x080070e4        0x2 ./Core/Startup/startup_stm32f411ceux.o
                0x080070e4                RTC_Alarm_IRQHandler
                0x080070e4                EXTI2_IRQHandler
                0x080070e4                SPI4_IRQHandler
                0x080070e4                TIM1_CC_IRQHandler
                0x080070e4                DMA2_Stream5_IRQHandler
                0x080070e4                DMA1_Stream5_IRQHandler
                0x080070e4                PVD_IRQHandler
                0x080070e4                SDIO_IRQHandler
                0x080070e4                TAMP_STAMP_IRQHandler
                0x080070e4                TIM1_UP_TIM10_IRQHandler
                0x080070e4                I2C3_ER_IRQHandler
                0x080070e4                EXTI0_IRQHandler
                0x080070e4                I2C2_EV_IRQHandler
                0x080070e4                DMA1_Stream2_IRQHandler
                0x080070e4                FPU_IRQHandler
                0x080070e4                SPI1_IRQHandler
                0x080070e4                DMA2_Stream3_IRQHandler
                0x080070e4                USART6_IRQHandler
                0x080070e4                TIM4_IRQHandler
                0x080070e4                I2C1_EV_IRQHandler
                0x080070e4                DMA1_Stream6_IRQHandler
                0x080070e4                DMA1_Stream1_IRQHandler
                0x080070e4                TIM3_IRQHandler
                0x080070e4                RCC_IRQHandler
                0x080070e4                Default_Handler
                0x080070e4                ADC_IRQHandler
                0x080070e4                DMA1_Stream7_IRQHandler
                0x080070e4                SPI5_IRQHandler
                0x080070e4                TIM5_IRQHandler
                0x080070e4                I2C3_EV_IRQHandler
                0x080070e4                EXTI9_5_IRQHandler
                0x080070e4                RTC_WKUP_IRQHandler
                0x080070e4                SPI2_IRQHandler
                0x080070e4                DMA1_Stream0_IRQHandler
                0x080070e4                WWDG_IRQHandler
                0x080070e4                TIM2_IRQHandler
                0x080070e4                OTG_FS_WKUP_IRQHandler
                0x080070e4                TIM1_TRG_COM_TIM11_IRQHandler
                0x080070e4                EXTI1_IRQHandler
                0x080070e4                USART2_IRQHandler
                0x080070e4                I2C2_ER_IRQHandler
                0x080070e4                DMA2_Stream1_IRQHandler
                0x080070e4                FLASH_IRQHandler
                0x080070e4                DMA2_Stream4_IRQHandler
                0x080070e4                OTG_FS_IRQHandler
                0x080070e4                SPI3_IRQHandler
                0x080070e4                DMA1_Stream4_IRQHandler
                0x080070e4                I2C1_ER_IRQHandler
                0x080070e4                DMA2_Stream6_IRQHandler
                0x080070e4                DMA1_Stream3_IRQHandler
 *fill*         0x080070e6        0x2 
 .text.HAL_Init
                0x080070e8       0x44 ./Drivers/STM32F4xx_HAL_Driver/Src/stm32f4xx_hal.o
                0x080070e8                HAL_Init
 .text.HAL_IncTick
                0x0800712c       0x28 ./Drivers/STM32F4xx_HAL_Driver/Src/stm32f4xx_hal.o
                0x0800712c                HAL_IncTick
 .text.HAL_GetTick
                0x08007154       0x18 ./Drivers/STM32F4xx_HAL_Driver/Src/stm32f4xx_hal.o
                0x08007154                HAL_GetTick
 .text.HAL_Delay
                0x0800716c       0x48 ./Drivers/STM32F4xx_HAL_Driver/Src/stm32f4xx_hal.o
                0x0800716c                HAL_Delay
 .text.HAL_ADC_Init
                0x080071b4       0x86 ./Drivers/STM32F4xx_HAL_Driver/Src/stm32f4xx_hal_adc.o
                0x080071b4                HAL_ADC_Init
 *fill*         0x0800723a        0x2 
 .text.HAL_ADC_Start_DMA
                0x0800723c      0x1e8 ./Drivers/STM32F4xx_HAL_Driver/Src/stm32f4xx_hal_adc.o
                0x0800723c                HAL_ADC_Start_DMA
 .text.HAL_ADC_ConvCpltCallback
                0x08007424       0x14 ./Drivers/STM32F4xx_HAL_Driver/Src/stm32f4xx_hal_adc.o
                0x08007424                HAL_ADC_ConvCpltCallback
 .text.HAL_ADC_ConvHalfCpltCallback
                0x08007438       0x14 ./Drivers/STM32F4xx_HAL_Driver/Src/stm32f4xx_hal_adc.o
                0x08007438                HAL_ADC_ConvHalfCpltCallback
 .text.HAL_ADC_ErrorCallback
                0x0800744c       0x14 ./Drivers/STM32F4xx_HAL_Driver/Src/stm32f4xx_hal_adc.o
                0x0800744c                HAL_ADC_ErrorCallback
 .text.HAL_ADC_ConfigChannel
                0x08007460      0x264 ./Drivers/STM32F4xx_HAL_Driver/Src/stm32f4xx_hal_adc.o
                0x08007460                HAL_ADC_ConfigChannel
 .text.ADC_Init
                0x080076c4      0x1f8 ./Drivers/STM32F4xx_HAL_Driver/Src/stm32f4xx_hal_adc.o
 .text.ADC_DMAConvCplt
                0x080078bc       0xba ./Drivers/STM32F4xx_HAL_Driver/Src/stm32f4xx_hal_adc.o
 .text.ADC_DMAHalfConvCplt
                0x08007976       0x1c ./Drivers/STM32F4xx_HAL_Driver/Src/stm32f4xx_hal_adc.o
 .text.ADC_DMAError
                0x08007992       0x2e ./Drivers/STM32F4xx_HAL_Driver/Src/stm32f4xx_hal_adc.o
 .text.__NVIC_SetPriorityGrouping
                0x080079c0       0x48 ./Drivers/STM32F4xx_HAL_Driver/Src/stm32f4xx_hal_cortex.o
 .text.__NVIC_GetPriorityGrouping
                0x08007a08       0x1c ./Drivers/STM32F4xx_HAL_Driver/Src/stm32f4xx_hal_cortex.o
 .text.__NVIC_EnableIRQ
                0x08007a24       0x3c ./Drivers/STM32F4xx_HAL_Driver/Src/stm32f4xx_hal_cortex.o
 .text.__NVIC_SetPriority
                0x08007a60       0x54 ./Drivers/STM32F4xx_HAL_Driver/Src/stm32f4xx_hal_cortex.o
 .text.NVIC_EncodePriority
                0x08007ab4       0x66 ./Drivers/STM32F4xx_HAL_Driver/Src/stm32f4xx_hal_cortex.o
 .text.HAL_NVIC_SetPriorityGrouping
                0x08007b1a       0x16 ./Drivers/STM32F4xx_HAL_Driver/Src/stm32f4xx_hal_cortex.o
                0x08007b1a                HAL_NVIC_SetPriorityGrouping
 .text.HAL_NVIC_SetPriority
                0x08007b30       0x38 ./Drivers/STM32F4xx_HAL_Driver/Src/stm32f4xx_hal_cortex.o
                0x08007b30                HAL_NVIC_SetPriority
 .text.HAL_NVIC_EnableIRQ
                0x08007b68       0x1c ./Drivers/STM32F4xx_HAL_Driver/Src/stm32f4xx_hal_cortex.o
                0x08007b68                HAL_NVIC_EnableIRQ
 .text.HAL_DMA_Init
                0x08007b84      0x15c ./Drivers/STM32F4xx_HAL_Driver/Src/stm32f4xx_hal_dma.o
                0x08007b84                HAL_DMA_Init
 .text.HAL_DMA_Start_IT
                0x08007ce0       0xb0 ./Drivers/STM32F4xx_HAL_Driver/Src/stm32f4xx_hal_dma.o
                0x08007ce0                HAL_DMA_Start_IT
 .text.HAL_DMA_Abort
                0x08007d90       0xe0 ./Drivers/STM32F4xx_HAL_Driver/Src/stm32f4xx_hal_dma.o
                0x08007d90                HAL_DMA_Abort
 .text.HAL_DMA_Abort_IT
                0x08007e70       0x44 ./Drivers/STM32F4xx_HAL_Driver/Src/stm32f4xx_hal_dma.o
                0x08007e70                HAL_DMA_Abort_IT
 .text.HAL_DMA_IRQHandler
                0x08007eb4      0x314 ./Drivers/STM32F4xx_HAL_Driver/Src/stm32f4xx_hal_dma.o
                0x08007eb4                HAL_DMA_IRQHandler
 .text.DMA_SetConfig
                0x080081c8       0x5c ./Drivers/STM32F4xx_HAL_Driver/Src/stm32f4xx_hal_dma.o
 .text.DMA_CalcBaseAndBitshift
                0x08008224       0x6c ./Drivers/STM32F4xx_HAL_Driver/Src/stm32f4xx_hal_dma.o
 .text.DMA_CheckFifoParam
                0x08008290       0xf8 ./Drivers/STM32F4xx_HAL_Driver/Src/stm32f4xx_hal_dma.o
 .text.HAL_GPIO_Init
                0x08008388      0x308 ./Drivers/STM32F4xx_HAL_Driver/Src/stm32f4xx_hal_gpio.o
                0x08008388                HAL_GPIO_Init
 .text.HAL_GPIO_WritePin
                0x08008690       0x32 ./Drivers/STM32F4xx_HAL_Driver/Src/stm32f4xx_hal_gpio.o
                0x08008690                HAL_GPIO_WritePin
 *fill*         0x080086c2        0x2 
 .text.HAL_GPIO_EXTI_IRQHandler
                0x080086c4       0x30 ./Drivers/STM32F4xx_HAL_Driver/Src/stm32f4xx_hal_gpio.o
                0x080086c4                HAL_GPIO_EXTI_IRQHandler
 .text.HAL_I2C_Init
                0x080086f4      0x288 ./Drivers/STM32F4xx_HAL_Driver/Src/stm32f4xx_hal_i2c.o
                0x080086f4                HAL_I2C_Init
 .text.HAL_I2C_Master_Transmit
                0x0800897c      0x1fc ./Drivers/STM32F4xx_HAL_Driver/Src/stm32f4xx_hal_i2c.o
                0x0800897c                HAL_I2C_Master_Transmit
 .text.HAL_I2C_Master_Receive
                0x08008b78      0x464 ./Drivers/STM32F4xx_HAL_Driver/Src/stm32f4xx_hal_i2c.o
                0x08008b78                HAL_I2C_Master_Receive
 .text.HAL_I2C_Mem_Write
                0x08008fdc      0x1f4 ./Drivers/STM32F4xx_HAL_Driver/Src/stm32f4xx_hal_i2c.o
                0x08008fdc                HAL_I2C_Mem_Write
 .text.HAL_I2C_Mem_Read
                0x080091d0      0x464 ./Drivers/STM32F4xx_HAL_Driver/Src/stm32f4xx_hal_i2c.o
                0x080091d0                HAL_I2C_Mem_Read
 .text.I2C_MasterRequestWrite
                0x08009634      0x104 ./Drivers/STM32F4xx_HAL_Driver/Src/stm32f4xx_hal_i2c.o
 .text.I2C_MasterRequestRead
                0x08009738      0x19c ./Drivers/STM32F4xx_HAL_Driver/Src/stm32f4xx_hal_i2c.o
 .text.I2C_RequestMemoryWrite
                0x080098d4      0x12c ./Drivers/STM32F4xx_HAL_Driver/Src/stm32f4xx_hal_i2c.o
 .text.I2C_RequestMemoryRead
                0x08009a00      0x1d0 ./Drivers/STM32F4xx_HAL_Driver/Src/stm32f4xx_hal_i2c.o
 .text.I2C_WaitOnFlagUntilTimeout
                0x08009bd0       0xf4 ./Drivers/STM32F4xx_HAL_Driver/Src/stm32f4xx_hal_i2c.o
 .text.I2C_WaitOnMasterAddressFlagUntilTimeout
                0x08009cc4      0x140 ./Drivers/STM32F4xx_HAL_Driver/Src/stm32f4xx_hal_i2c.o
 .text.I2C_WaitOnTXEFlagUntilTimeout
                0x08009e04       0x90 ./Drivers/STM32F4xx_HAL_Driver/Src/stm32f4xx_hal_i2c.o
 .text.I2C_WaitOnBTFFlagUntilTimeout
                0x08009e94       0x90 ./Drivers/STM32F4xx_HAL_Driver/Src/stm32f4xx_hal_i2c.o
 .text.I2C_WaitOnRXNEFlagUntilTimeout
                0x08009f24       0xba ./Drivers/STM32F4xx_HAL_Driver/Src/stm32f4xx_hal_i2c.o
 .text.I2C_IsAcknowledgeFailed
                0x08009fde       0x5e ./Drivers/STM32F4xx_HAL_Driver/Src/stm32f4xx_hal_i2c.o
 .text.HAL_RCC_OscConfig
                0x0800a03c      0x4f0 ./Drivers/STM32F4xx_HAL_Driver/Src/stm32f4xx_hal_rcc.o
                0x0800a03c                HAL_RCC_OscConfig
 .text.HAL_RCC_ClockConfig
                0x0800a52c      0x1cc ./Drivers/STM32F4xx_HAL_Driver/Src/stm32f4xx_hal_rcc.o
                0x0800a52c                HAL_RCC_ClockConfig
 .text.HAL_RCC_GetSysClockFreq
                0x0800a6f8      0x18c ./Drivers/STM32F4xx_HAL_Driver/Src/stm32f4xx_hal_rcc.o
                0x0800a6f8                HAL_RCC_GetSysClockFreq
 .text.HAL_RCC_GetHCLKFreq
                0x0800a884       0x18 ./Drivers/STM32F4xx_HAL_Driver/Src/stm32f4xx_hal_rcc.o
                0x0800a884                HAL_RCC_GetHCLKFreq
 .text.HAL_RCC_GetPCLK1Freq
                0x0800a89c       0x28 ./Drivers/STM32F4xx_HAL_Driver/Src/stm32f4xx_hal_rcc.o
                0x0800a89c                HAL_RCC_GetPCLK1Freq
 .text.HAL_RCC_GetPCLK2Freq
                0x0800a8c4       0x28 ./Drivers/STM32F4xx_HAL_Driver/Src/stm32f4xx_hal_rcc.o
                0x0800a8c4                HAL_RCC_GetPCLK2Freq
 .text.HAL_RCC_GetClockConfig
                0x0800a8ec       0x64 ./Drivers/STM32F4xx_HAL_Driver/Src/stm32f4xx_hal_rcc.o
                0x0800a8ec                HAL_RCC_GetClockConfig
 .text.HAL_TIM_Base_Init
                0x0800a950       0x9e ./Drivers/STM32F4xx_HAL_Driver/Src/stm32f4xx_hal_tim.o
                0x0800a950                HAL_TIM_Base_Init
 *fill*         0x0800a9ee        0x2 
 .text.HAL_TIM_Base_Start_IT
                0x0800a9f0       0xc4 ./Drivers/STM32F4xx_HAL_Driver/Src/stm32f4xx_hal_tim.o
                0x0800a9f0                HAL_TIM_Base_Start_IT
 .text.HAL_TIM_PWM_Init
                0x0800aab4       0x9e ./Drivers/STM32F4xx_HAL_Driver/Src/stm32f4xx_hal_tim.o
                0x0800aab4                HAL_TIM_PWM_Init
 .text.HAL_TIM_PWM_MspInit
                0x0800ab52       0x14 ./Drivers/STM32F4xx_HAL_Driver/Src/stm32f4xx_hal_tim.o
                0x0800ab52                HAL_TIM_PWM_MspInit
 *fill*         0x0800ab66        0x2 
 .text.HAL_TIM_PWM_Start
                0x0800ab68      0x160 ./Drivers/STM32F4xx_HAL_Driver/Src/stm32f4xx_hal_tim.o
                0x0800ab68                HAL_TIM_PWM_Start
 .text.HAL_TIM_IRQHandler
                0x0800acc8      0x1e0 ./Drivers/STM32F4xx_HAL_Driver/Src/stm32f4xx_hal_tim.o
                0x0800acc8                HAL_TIM_IRQHandler
 .text.HAL_TIM_PWM_ConfigChannel
                0x0800aea8      0x184 ./Drivers/STM32F4xx_HAL_Driver/Src/stm32f4xx_hal_tim.o
                0x0800aea8                HAL_TIM_PWM_ConfigChannel
 .text.HAL_TIM_ConfigClockSource
                0x0800b02c      0x18e ./Drivers/STM32F4xx_HAL_Driver/Src/stm32f4xx_hal_tim.o
                0x0800b02c                HAL_TIM_ConfigClockSource
 .text.HAL_TIM_OC_DelayElapsedCallback
                0x0800b1ba       0x14 ./Drivers/STM32F4xx_HAL_Driver/Src/stm32f4xx_hal_tim.o
                0x0800b1ba                HAL_TIM_OC_DelayElapsedCallback
 .text.HAL_TIM_IC_CaptureCallback
                0x0800b1ce       0x14 ./Drivers/STM32F4xx_HAL_Driver/Src/stm32f4xx_hal_tim.o
                0x0800b1ce                HAL_TIM_IC_CaptureCallback
 .text.HAL_TIM_PWM_PulseFinishedCallback
                0x0800b1e2       0x14 ./Drivers/STM32F4xx_HAL_Driver/Src/stm32f4xx_hal_tim.o
                0x0800b1e2                HAL_TIM_PWM_PulseFinishedCallback
 .text.HAL_TIM_TriggerCallback
                0x0800b1f6       0x14 ./Drivers/STM32F4xx_HAL_Driver/Src/stm32f4xx_hal_tim.o
                0x0800b1f6                HAL_TIM_TriggerCallback
 *fill*         0x0800b20a        0x2 
 .text.TIM_Base_SetConfig
                0x0800b20c      0x10c ./Drivers/STM32F4xx_HAL_Driver/Src/stm32f4xx_hal_tim.o
                0x0800b20c                TIM_Base_SetConfig
 .text.TIM_OC1_SetConfig
                0x0800b318       0xcc ./Drivers/STM32F4xx_HAL_Driver/Src/stm32f4xx_hal_tim.o
 .text.TIM_OC2_SetConfig
                0x0800b3e4       0xd8 ./Drivers/STM32F4xx_HAL_Driver/Src/stm32f4xx_hal_tim.o
                0x0800b3e4                TIM_OC2_SetConfig
 .text.TIM_OC3_SetConfig
                0x0800b4bc       0xd4 ./Drivers/STM32F4xx_HAL_Driver/Src/stm32f4xx_hal_tim.o
 .text.TIM_OC4_SetConfig
                0x0800b590       0xa0 ./Drivers/STM32F4xx_HAL_Driver/Src/stm32f4xx_hal_tim.o
 .text.TIM_TI1_ConfigInputStage
                0x0800b630       0x5e ./Drivers/STM32F4xx_HAL_Driver/Src/stm32f4xx_hal_tim.o
 .text.TIM_TI2_ConfigInputStage
                0x0800b68e       0x60 ./Drivers/STM32F4xx_HAL_Driver/Src/stm32f4xx_hal_tim.o
 .text.TIM_ITRx_SetConfig
                0x0800b6ee       0x36 ./Drivers/STM32F4xx_HAL_Driver/Src/stm32f4xx_hal_tim.o
 .text.TIM_ETR_SetConfig
                0x0800b724       0x40 ./Drivers/STM32F4xx_HAL_Driver/Src/stm32f4xx_hal_tim.o
                0x0800b724                TIM_ETR_SetConfig
 .text.TIM_CCxChannelCmd
                0x0800b764       0x4a ./Drivers/STM32F4xx_HAL_Driver/Src/stm32f4xx_hal_tim.o
                0x0800b764                TIM_CCxChannelCmd
 *fill*         0x0800b7ae        0x2 
 .text.HAL_TIMEx_MasterConfigSynchronization
                0x0800b7b0       0xdc ./Drivers/STM32F4xx_HAL_Driver/Src/stm32f4xx_hal_tim_ex.o
                0x0800b7b0                HAL_TIMEx_MasterConfigSynchronization
 .text.HAL_TIMEx_ConfigBreakDeadTime
                0x0800b88c       0xa4 ./Drivers/STM32F4xx_HAL_Driver/Src/stm32f4xx_hal_tim_ex.o
                0x0800b88c                HAL_TIMEx_ConfigBreakDeadTime
 .text.HAL_TIMEx_CommutCallback
                0x0800b930       0x14 ./Drivers/STM32F4xx_HAL_Driver/Src/stm32f4xx_hal_tim_ex.o
                0x0800b930                HAL_TIMEx_CommutCallback
 .text.HAL_TIMEx_BreakCallback
                0x0800b944       0x14 ./Drivers/STM32F4xx_HAL_Driver/Src/stm32f4xx_hal_tim_ex.o
                0x0800b944                HAL_TIMEx_BreakCallback
 .text.HAL_UART_Init
                0x0800b958       0xa0 ./Drivers/STM32F4xx_HAL_Driver/Src/stm32f4xx_hal_uart.o
                0x0800b958                HAL_UART_Init
 .text.HAL_UART_Transmit_DMA
                0x0800b9f8       0xf8 ./Drivers/STM32F4xx_HAL_Driver/Src/stm32f4xx_hal_uart.o
                0x0800b9f8                HAL_UART_Transmit_DMA
 .text.HAL_UART_Receive_DMA
                0x0800baf0       0x4a ./Drivers/STM32F4xx_HAL_Driver/Src/stm32f4xx_hal_uart.o
                0x0800baf0                HAL_UART_Receive_DMA
 *fill*         0x0800bb3a        0x2 
 .text.HAL_UART_IRQHandler
                0x0800bb3c      0x554 ./Drivers/STM32F4xx_HAL_Driver/Src/stm32f4xx_hal_uart.o
                0x0800bb3c                HAL_UART_IRQHandler
 .text.HAL_UART_TxCpltCallback
                0x0800c090       0x14 ./Drivers/STM32F4xx_HAL_Driver/Src/stm32f4xx_hal_uart.o
                0x0800c090                HAL_UART_TxCpltCallback
 .text.HAL_UART_TxHalfCpltCallback
                0x0800c0a4       0x14 ./Drivers/STM32F4xx_HAL_Driver/Src/stm32f4xx_hal_uart.o
                0x0800c0a4                HAL_UART_TxHalfCpltCallback
 .text.HAL_UART_RxCpltCallback
                0x0800c0b8       0x14 ./Drivers/STM32F4xx_HAL_Driver/Src/stm32f4xx_hal_uart.o
                0x0800c0b8                HAL_UART_RxCpltCallback
 .text.HAL_UART_RxHalfCpltCallback
                0x0800c0cc       0x14 ./Drivers/STM32F4xx_HAL_Driver/Src/stm32f4xx_hal_uart.o
                0x0800c0cc                HAL_UART_RxHalfCpltCallback
 .text.HAL_UART_ErrorCallback
                0x0800c0e0       0x14 ./Drivers/STM32F4xx_HAL_Driver/Src/stm32f4xx_hal_uart.o
                0x0800c0e0                HAL_UART_ErrorCallback
 .text.HAL_UARTEx_RxEventCallback
                0x0800c0f4       0x18 ./Drivers/STM32F4xx_HAL_Driver/Src/stm32f4xx_hal_uart.o
                0x0800c0f4                HAL_UARTEx_RxEventCallback
 .text.UART_DMATransmitCplt
                0x0800c10c       0x9a ./Drivers/STM32F4xx_HAL_Driver/Src/stm32f4xx_hal_uart.o
 .text.UART_DMATxHalfCplt
                0x0800c1a6       0x1c ./Drivers/STM32F4xx_HAL_Driver/Src/stm32f4xx_hal_uart.o
 .text.UART_DMAReceiveCplt
                0x0800c1c2      0x12c ./Drivers/STM32F4xx_HAL_Driver/Src/stm32f4xx_hal_uart.o
 .text.UART_DMARxHalfCplt
                0x0800c2ee       0x3c ./Drivers/STM32F4xx_HAL_Driver/Src/stm32f4xx_hal_uart.o
 .text.UART_DMAError
                0x0800c32a       0x94 ./Drivers/STM32F4xx_HAL_Driver/Src/stm32f4xx_hal_uart.o
 *fill*         0x0800c3be        0x2 
 .text.UART_Start_Receive_DMA
                0x0800c3c0      0x14c ./Drivers/STM32F4xx_HAL_Driver/Src/stm32f4xx_hal_uart.o
                0x0800c3c0                UART_Start_Receive_DMA
 .text.UART_EndTxTransfer
                0x0800c50c       0x50 ./Drivers/STM32F4xx_HAL_Driver/Src/stm32f4xx_hal_uart.o
 .text.UART_EndRxTransfer
                0x0800c55c       0xc6 ./Drivers/STM32F4xx_HAL_Driver/Src/stm32f4xx_hal_uart.o
 .text.UART_DMAAbortOnError
                0x0800c622       0x22 ./Drivers/STM32F4xx_HAL_Driver/Src/stm32f4xx_hal_uart.o
 .text.UART_Transmit_IT
                0x0800c644       0xa0 ./Drivers/STM32F4xx_HAL_Driver/Src/stm32f4xx_hal_uart.o
 .text.UART_EndTransmit_IT
                0x0800c6e4       0x30 ./Drivers/STM32F4xx_HAL_Driver/Src/stm32f4xx_hal_uart.o
 .text.UART_Receive_IT
                0x0800c714      0x17c ./Drivers/STM32F4xx_HAL_Driver/Src/stm32f4xx_hal_uart.o
 .text.UART_SetConfig
                0x0800c890      0x4e8 ./Drivers/STM32F4xx_HAL_Driver/Src/stm32f4xx_hal_uart.o
 .text.__NVIC_SetPriority
                0x0800cd78       0x54 ./Middlewares/Third_Party/FreeRTOS/Source/CMSIS_RTOS_V2/cmsis_os2.o
 .text.SysTick_Handler
                0x0800cdcc       0x20 ./Middlewares/Third_Party/FreeRTOS/Source/CMSIS_RTOS_V2/cmsis_os2.o
                0x0800cdcc                SysTick_Handler
 .text.SVC_Setup
                0x0800cdec       0x12 ./Middlewares/Third_Party/FreeRTOS/Source/CMSIS_RTOS_V2/cmsis_os2.o
 *fill*         0x0800cdfe        0x2 
 .text.osKernelInitialize
                0x0800ce00       0x48 ./Middlewares/Third_Party/FreeRTOS/Source/CMSIS_RTOS_V2/cmsis_os2.o
                0x0800ce00                osKernelInitialize
 .text.osKernelStart
                0x0800ce48       0x4c ./Middlewares/Third_Party/FreeRTOS/Source/CMSIS_RTOS_V2/cmsis_os2.o
                0x0800ce48                osKernelStart
 .text.osThreadNew
                0x0800ce94      0x124 ./Middlewares/Third_Party/FreeRTOS/Source/CMSIS_RTOS_V2/cmsis_os2.o
                0x0800ce94                osThreadNew
 .text.osDelay  0x0800cfb8       0x36 ./Middlewares/Third_Party/FreeRTOS/Source/CMSIS_RTOS_V2/cmsis_os2.o
                0x0800cfb8                osDelay
 .text.osEventFlagsNew
                0x0800cfee       0x7e ./Middlewares/Third_Party/FreeRTOS/Source/CMSIS_RTOS_V2/cmsis_os2.o
                0x0800cfee                osEventFlagsNew
 .text.osEventFlagsSet
                0x0800d06c       0x84 ./Middlewares/Third_Party/FreeRTOS/Source/CMSIS_RTOS_V2/cmsis_os2.o
                0x0800d06c                osEventFlagsSet
 .text.osEventFlagsClear
                0x0800d0f0       0x62 ./Middlewares/Third_Party/FreeRTOS/Source/CMSIS_RTOS_V2/cmsis_os2.o
                0x0800d0f0                osEventFlagsClear
 .text.osEventFlagsGet
                0x0800d152       0x42 ./Middlewares/Third_Party/FreeRTOS/Source/CMSIS_RTOS_V2/cmsis_os2.o
                0x0800d152                osEventFlagsGet
 .text.osEventFlagsWait
                0x0800d194       0xca ./Middlewares/Third_Party/FreeRTOS/Source/CMSIS_RTOS_V2/cmsis_os2.o
                0x0800d194                osEventFlagsWait
 .text.osSemaphoreNew
                0x0800d25e      0x112 ./Middlewares/Third_Party/FreeRTOS/Source/CMSIS_RTOS_V2/cmsis_os2.o
                0x0800d25e                osSemaphoreNew
 .text.osSemaphoreAcquire
                0x0800d370       0xa4 ./Middlewares/Third_Party/FreeRTOS/Source/CMSIS_RTOS_V2/cmsis_os2.o
                0x0800d370                osSemaphoreAcquire
 .text.osSemaphoreRelease
                0x0800d414       0x88 ./Middlewares/Third_Party/FreeRTOS/Source/CMSIS_RTOS_V2/cmsis_os2.o
                0x0800d414                osSemaphoreRelease
 .text.vApplicationGetIdleTaskMemory
                0x0800d49c       0x34 ./Middlewares/Third_Party/FreeRTOS/Source/CMSIS_RTOS_V2/cmsis_os2.o
                0x0800d49c                vApplicationGetIdleTaskMemory
 .text.vApplicationGetTimerTaskMemory
                0x0800d4d0       0x34 ./Middlewares/Third_Party/FreeRTOS/Source/CMSIS_RTOS_V2/cmsis_os2.o
                0x0800d4d0                vApplicationGetTimerTaskMemory
 .text.xEventGroupCreateStatic
                0x0800d504       0x72 ./Middlewares/Third_Party/FreeRTOS/Source/event_groups.o
                0x0800d504                xEventGroupCreateStatic
 .text.xEventGroupCreate
                0x0800d576       0x34 ./Middlewares/Third_Party/FreeRTOS/Source/event_groups.o
                0x0800d576                xEventGroupCreate
 *fill*         0x0800d5aa        0x2 
 .text.xEventGroupWaitBits
                0x0800d5ac      0x1a4 ./Middlewares/Third_Party/FreeRTOS/Source/event_groups.o
                0x0800d5ac                xEventGroupWaitBits
 .text.xEventGroupClearBits
                0x0800d750       0x72 ./Middlewares/Third_Party/FreeRTOS/Source/event_groups.o
                0x0800d750                xEventGroupClearBits
 *fill*         0x0800d7c2        0x2 
 .text.xEventGroupClearBitsFromISR
                0x0800d7c4       0x28 ./Middlewares/Third_Party/FreeRTOS/Source/event_groups.o
                0x0800d7c4                xEventGroupClearBitsFromISR
 .text.xEventGroupGetBitsFromISR
                0x0800d7ec       0x48 ./Middlewares/Third_Party/FreeRTOS/Source/event_groups.o
                0x0800d7ec                xEventGroupGetBitsFromISR
 .text.xEventGroupSetBits
                0x0800d834      0x118 ./Middlewares/Third_Party/FreeRTOS/Source/event_groups.o
                0x0800d834                xEventGroupSetBits
 .text.vEventGroupSetBitsCallback
                0x0800d94c       0x1a ./Middlewares/Third_Party/FreeRTOS/Source/event_groups.o
                0x0800d94c                vEventGroupSetBitsCallback
 .text.vEventGroupClearBitsCallback
                0x0800d966       0x1a ./Middlewares/Third_Party/FreeRTOS/Source/event_groups.o
                0x0800d966                vEventGroupClearBitsCallback
 .text.prvTestWaitCondition
                0x0800d980       0x44 ./Middlewares/Third_Party/FreeRTOS/Source/event_groups.o
 .text.xEventGroupSetBitsFromISR
                0x0800d9c4       0x28 ./Middlewares/Third_Party/FreeRTOS/Source/event_groups.o
                0x0800d9c4                xEventGroupSetBitsFromISR
 .text.vListInitialise
                0x0800d9ec       0x40 ./Middlewares/Third_Party/FreeRTOS/Source/list.o
                0x0800d9ec                vListInitialise
 .text.vListInitialiseItem
                0x0800da2c       0x1a ./Middlewares/Third_Party/FreeRTOS/Source/list.o
                0x0800da2c                vListInitialiseItem
 .text.vListInsertEnd
                0x0800da46       0x48 ./Middlewares/Third_Party/FreeRTOS/Source/list.o
                0x0800da46                vListInsertEnd
 .text.vListInsert
                0x0800da8e       0x72 ./Middlewares/Third_Party/FreeRTOS/Source/list.o
                0x0800da8e                vListInsert
 .text.uxListRemove
                0x0800db00       0x54 ./Middlewares/Third_Party/FreeRTOS/Source/list.o
                0x0800db00                uxListRemove
 .text.xQueueGenericReset
                0x0800db54       0xd4 ./Middlewares/Third_Party/FreeRTOS/Source/queue.o
                0x0800db54                xQueueGenericReset
 .text.xQueueGenericCreateStatic
                0x0800dc28       0xfa ./Middlewares/Third_Party/FreeRTOS/Source/queue.o
                0x0800dc28                xQueueGenericCreateStatic
 .text.xQueueGenericCreate
                0x0800dd22       0x76 ./Middlewares/Third_Party/FreeRTOS/Source/queue.o
                0x0800dd22                xQueueGenericCreate
 .text.prvInitialiseNewQueue
                0x0800dd98       0x46 ./Middlewares/Third_Party/FreeRTOS/Source/queue.o
 .text.xQueueCreateCountingSemaphoreStatic
                0x0800ddde       0x72 ./Middlewares/Third_Party/FreeRTOS/Source/queue.o
                0x0800ddde                xQueueCreateCountingSemaphoreStatic
 .text.xQueueCreateCountingSemaphore
                0x0800de50       0x6a ./Middlewares/Third_Party/FreeRTOS/Source/queue.o
                0x0800de50                xQueueCreateCountingSemaphore
 *fill*         0x0800deba        0x2 
 .text.xQueueGenericSend
                0x0800debc      0x204 ./Middlewares/Third_Party/FreeRTOS/Source/queue.o
                0x0800debc                xQueueGenericSend
 .text.xQueueGenericSendFromISR
                0x0800e0c0      0x13c ./Middlewares/Third_Party/FreeRTOS/Source/queue.o
                0x0800e0c0                xQueueGenericSendFromISR
 .text.xQueueGiveFromISR
                0x0800e1fc      0x120 ./Middlewares/Third_Party/FreeRTOS/Source/queue.o
                0x0800e1fc                xQueueGiveFromISR
 .text.xQueueReceive
                0x0800e31c      0x1c4 ./Middlewares/Third_Party/FreeRTOS/Source/queue.o
                0x0800e31c                xQueueReceive
 .text.xQueueSemaphoreTake
                0x0800e4e0      0x220 ./Middlewares/Third_Party/FreeRTOS/Source/queue.o
                0x0800e4e0                xQueueSemaphoreTake
 .text.xQueueReceiveFromISR
                0x0800e700      0x104 ./Middlewares/Third_Party/FreeRTOS/Source/queue.o
                0x0800e700                xQueueReceiveFromISR
 .text.vQueueDelete
                0x0800e804       0x48 ./Middlewares/Third_Party/FreeRTOS/Source/queue.o
                0x0800e804                vQueueDelete
 .text.prvGetDisinheritPriorityAfterTimeout
                0x0800e84c       0x30 ./Middlewares/Third_Party/FreeRTOS/Source/queue.o
 .text.prvCopyDataToQueue
                0x0800e87c       0xd4 ./Middlewares/Third_Party/FreeRTOS/Source/queue.o
 .text.prvCopyDataFromQueue
                0x0800e950       0x4c ./Middlewares/Third_Party/FreeRTOS/Source/queue.o
 .text.prvUnlockQueue
                0x0800e99c       0xa4 ./Middlewares/Third_Party/FreeRTOS/Source/queue.o
 .text.prvIsQueueEmpty
                0x0800ea40       0x2c ./Middlewares/Third_Party/FreeRTOS/Source/queue.o
 .text.prvIsQueueFull
                0x0800ea6c       0x30 ./Middlewares/Third_Party/FreeRTOS/Source/queue.o
 .text.vQueueAddToRegistry
                0x0800ea9c       0x54 ./Middlewares/Third_Party/FreeRTOS/Source/queue.o
                0x0800ea9c                vQueueAddToRegistry
 .text.vQueueUnregisterQueue
                0x0800eaf0       0x54 ./Middlewares/Third_Party/FreeRTOS/Source/queue.o
                0x0800eaf0                vQueueUnregisterQueue
 .text.vQueueWaitForMessageRestricted
                0x0800eb44       0x68 ./Middlewares/Third_Party/FreeRTOS/Source/queue.o
                0x0800eb44                vQueueWaitForMessageRestricted
 .text.xTaskCreateStatic
                0x0800ebac       0xc0 ./Middlewares/Third_Party/FreeRTOS/Source/tasks.o
                0x0800ebac                xTaskCreateStatic
 .text.xTaskCreate
                0x0800ec6c       0x8a ./Middlewares/Third_Party/FreeRTOS/Source/tasks.o
                0x0800ec6c                xTaskCreate
 *fill*         0x0800ecf6        0x2 
 .text.prvInitialiseNewTask
                0x0800ecf8      0x150 ./Middlewares/Third_Party/FreeRTOS/Source/tasks.o
 .text.prvAddNewTaskToReadyList
                0x0800ee48       0xe0 ./Middlewares/Third_Party/FreeRTOS/Source/tasks.o
 .text.vTaskDelayUntil
                0x0800ef28      0x100 ./Middlewares/Third_Party/FreeRTOS/Source/tasks.o
                0x0800ef28                vTaskDelayUntil
 .text.vTaskDelay
                0x0800f028       0x6c ./Middlewares/Third_Party/FreeRTOS/Source/tasks.o
                0x0800f028                vTaskDelay
 .text.vTaskStartScheduler
                0x0800f094       0xe0 ./Middlewares/Third_Party/FreeRTOS/Source/tasks.o
                0x0800f094                vTaskStartScheduler
 .text.vTaskSuspendAll
                0x0800f174       0x1c ./Middlewares/Third_Party/FreeRTOS/Source/tasks.o
                0x0800f174                vTaskSuspendAll
 .text.xTaskResumeAll
                0x0800f190      0x13c ./Middlewares/Third_Party/FreeRTOS/Source/tasks.o
                0x0800f190                xTaskResumeAll
 .text.xTaskGetTickCount
                0x0800f2cc       0x20 ./Middlewares/Third_Party/FreeRTOS/Source/tasks.o
                0x0800f2cc                xTaskGetTickCount
 .text.xTaskIncrementTick
                0x0800f2ec      0x174 ./Middlewares/Third_Party/FreeRTOS/Source/tasks.o
                0x0800f2ec                xTaskIncrementTick
 .text.vTaskSwitchContext
                0x0800f460       0xcc ./Middlewares/Third_Party/FreeRTOS/Source/tasks.o
                0x0800f460                vTaskSwitchContext
 .text.vTaskPlaceOnEventList
                0x0800f52c       0x4c ./Middlewares/Third_Party/FreeRTOS/Source/tasks.o
                0x0800f52c                vTaskPlaceOnEventList
 .text.vTaskPlaceOnUnorderedEventList
                0x0800f578       0x7c ./Middlewares/Third_Party/FreeRTOS/Source/tasks.o
                0x0800f578                vTaskPlaceOnUnorderedEventList
 .text.vTaskPlaceOnEventListRestricted
                0x0800f5f4       0x58 ./Middlewares/Third_Party/FreeRTOS/Source/tasks.o
                0x0800f5f4                vTaskPlaceOnEventListRestricted
 .text.xTaskRemoveFromEventList
                0x0800f64c       0xc8 ./Middlewares/Third_Party/FreeRTOS/Source/tasks.o
                0x0800f64c                xTaskRemoveFromEventList
 .text.vTaskRemoveFromUnorderedEventList
                0x0800f714       0xc8 ./Middlewares/Third_Party/FreeRTOS/Source/tasks.o
                0x0800f714                vTaskRemoveFromUnorderedEventList
 .text.vTaskInternalSetTimeOutState
                0x0800f7dc       0x2c ./Middlewares/Third_Party/FreeRTOS/Source/tasks.o
                0x0800f7dc                vTaskInternalSetTimeOutState
 .text.xTaskCheckForTimeOut
                0x0800f808       0xc8 ./Middlewares/Third_Party/FreeRTOS/Source/tasks.o
                0x0800f808                xTaskCheckForTimeOut
 .text.vTaskMissedYield
                0x0800f8d0       0x18 ./Middlewares/Third_Party/FreeRTOS/Source/tasks.o
                0x0800f8d0                vTaskMissedYield
 .text.prvIdleTask
                0x0800f8e8       0x30 ./Middlewares/Third_Party/FreeRTOS/Source/tasks.o
 .text.prvInitialiseTaskLists
                0x0800f918       0x80 ./Middlewares/Third_Party/FreeRTOS/Source/tasks.o
 .text.prvCheckTasksWaitingTermination
                0x0800f998       0x5c ./Middlewares/Third_Party/FreeRTOS/Source/tasks.o
 .text.prvDeleteTCB
                0x0800f9f4       0x6a ./Middlewares/Third_Party/FreeRTOS/Source/tasks.o
 *fill*         0x0800fa5e        0x2 
 .text.prvResetNextTaskUnblockTime
                0x0800fa60       0x40 ./Middlewares/Third_Party/FreeRTOS/Source/tasks.o
 .text.xTaskGetSchedulerState
                0x0800faa0       0x3c ./Middlewares/Third_Party/FreeRTOS/Source/tasks.o
                0x0800faa0                xTaskGetSchedulerState
 .text.xTaskPriorityInherit
                0x0800fadc       0xd0 ./Middlewares/Third_Party/FreeRTOS/Source/tasks.o
                0x0800fadc                xTaskPriorityInherit
 .text.xTaskPriorityDisinherit
                0x0800fbac       0xe0 ./Middlewares/Third_Party/FreeRTOS/Source/tasks.o
                0x0800fbac                xTaskPriorityDisinherit
 .text.vTaskPriorityDisinheritAfterTimeout
                0x0800fc8c      0x108 ./Middlewares/Third_Party/FreeRTOS/Source/tasks.o
                0x0800fc8c                vTaskPriorityDisinheritAfterTimeout
 .text.uxTaskResetEventItemValue
                0x0800fd94       0x30 ./Middlewares/Third_Party/FreeRTOS/Source/tasks.o
                0x0800fd94                uxTaskResetEventItemValue
 .text.pvTaskIncrementMutexHeldCount
                0x0800fdc4       0x28 ./Middlewares/Third_Party/FreeRTOS/Source/tasks.o
                0x0800fdc4                pvTaskIncrementMutexHeldCount
 .text.prvAddCurrentTaskToDelayedList
                0x0800fdec       0xa8 ./Middlewares/Third_Party/FreeRTOS/Source/tasks.o
 .text.xTimerCreateTimerTask
                0x0800fe94       0x94 ./Middlewares/Third_Party/FreeRTOS/Source/timers.o
                0x0800fe94                xTimerCreateTimerTask
 .text.xTimerGenericCommand
                0x0800ff28       0x9c ./Middlewares/Third_Party/FreeRTOS/Source/timers.o
                0x0800ff28                xTimerGenericCommand
 .text.prvProcessExpiredTimer
                0x0800ffc4       0x9c ./Middlewares/Third_Party/FreeRTOS/Source/timers.o
 .text.prvTimerTask
                0x08010060       0x26 ./Middlewares/Third_Party/FreeRTOS/Source/timers.o
 *fill*         0x08010086        0x2 
 .text.prvProcessTimerOrBlockTask
                0x08010088       0x9c ./Middlewares/Third_Party/FreeRTOS/Source/timers.o
 .text.prvGetNextExpireTime
                0x08010124       0x48 ./Middlewares/Third_Party/FreeRTOS/Source/timers.o
 .text.prvSampleTimeNow
                0x0801016c       0x40 ./Middlewares/Third_Party/FreeRTOS/Source/timers.o
 .text.prvInsertTimerInActiveList
                0x080101ac       0x84 ./Middlewares/Third_Party/FreeRTOS/Source/timers.o
 .text.prvProcessReceivedCommands
                0x08010230      0x1cc ./Middlewares/Third_Party/FreeRTOS/Source/timers.o
 .text.prvSwitchTimerLists
                0x080103fc       0xcc ./Middlewares/Third_Party/FreeRTOS/Source/timers.o
 .text.prvCheckForValidListAndQueue
                0x080104c8       0x80 ./Middlewares/Third_Party/FreeRTOS/Source/timers.o
 .text.xTimerPendFunctionCallFromISR
                0x08010548       0x40 ./Middlewares/Third_Party/FreeRTOS/Source/timers.o
                0x08010548                xTimerPendFunctionCallFromISR
 .text.pxPortInitialiseStack
                0x08010588       0x68 ./Middlewares/Third_Party/FreeRTOS/Source/portable/GCC/ARM_CM4F/port.o
                0x08010588                pxPortInitialiseStack
 .text.prvTaskExitError
                0x080105f0       0x5c ./Middlewares/Third_Party/FreeRTOS/Source/portable/GCC/ARM_CM4F/port.o
 *fill*         0x0801064c        0x4 
 .text.SVC_Handler
                0x08010650       0x28 ./Middlewares/Third_Party/FreeRTOS/Source/portable/GCC/ARM_CM4F/port.o
                0x08010650                SVC_Handler
 .text.prvPortStartFirstTask
                0x08010678       0x28 ./Middlewares/Third_Party/FreeRTOS/Source/portable/GCC/ARM_CM4F/port.o
 .text.xPortStartScheduler
                0x080106a0      0x148 ./Middlewares/Third_Party/FreeRTOS/Source/portable/GCC/ARM_CM4F/port.o
                0x080106a0                xPortStartScheduler
 .text.vPortEnterCritical
                0x080107e8       0x64 ./Middlewares/Third_Party/FreeRTOS/Source/portable/GCC/ARM_CM4F/port.o
                0x080107e8                vPortEnterCritical
 .text.vPortExitCritical
                0x0801084c       0x54 ./Middlewares/Third_Party/FreeRTOS/Source/portable/GCC/ARM_CM4F/port.o
                0x0801084c                vPortExitCritical
 .text.PendSV_Handler
                0x080108a0       0x68 ./Middlewares/Third_Party/FreeRTOS/Source/portable/GCC/ARM_CM4F/port.o
                0x080108a0                PendSV_Handler
 .text.xPortSysTickHandler
                0x08010908       0x44 ./Middlewares/Third_Party/FreeRTOS/Source/portable/GCC/ARM_CM4F/port.o
                0x08010908                xPortSysTickHandler
 .text.vPortSetupTimerInterrupt
                0x0801094c       0x48 ./Middlewares/Third_Party/FreeRTOS/Source/portable/GCC/ARM_CM4F/port.o
                0x0801094c                vPortSetupTimerInterrupt
 .text.vPortEnableVFP
                0x08010994       0x14 ./Middlewares/Third_Party/FreeRTOS/Source/portable/GCC/ARM_CM4F/port.o
 .text.vPortValidateInterruptPriority
                0x080109a8       0x84 ./Middlewares/Third_Party/FreeRTOS/Source/portable/GCC/ARM_CM4F/port.o
                0x080109a8                vPortValidateInterruptPriority
 .text.pvPortMalloc
                0x08010a2c      0x19c ./Middlewares/Third_Party/FreeRTOS/Source/portable/MemMang/heap_4.o
                0x08010a2c                pvPortMalloc
 .text.vPortFree
                0x08010bc8       0xc8 ./Middlewares/Third_Party/FreeRTOS/Source/portable/MemMang/heap_4.o
                0x08010bc8                vPortFree
 .text.prvHeapInit
                0x08010c90       0xc4 ./Middlewares/Third_Party/FreeRTOS/Source/portable/MemMang/heap_4.o
 .text.prvInsertBlockIntoFreeList
                0x08010d54       0xb4 ./Middlewares/Third_Party/FreeRTOS/Source/portable/MemMang/heap_4.o
 .text.memset   0x08010e08       0x10 D:/Documentos/Electronica/Nueva carpeta/STM32CubeIDE_1.15.0/STM32CubeIDE/plugins/com.st.stm32cube.ide.mcu.externaltools.gnu-tools-for-stm32.12.3.rel1.win32_1.0.100.202403111256/tools/bin/../lib/gcc/arm-none-eabi/12.3.1/../../../../arm-none-eabi/lib/thumb/v7e-m+fp/hard\libc_nano.a(libc_a-memset.o)
                0x08010e08                memset
 .text._reclaim_reent
                0x08010e18       0xac D:/Documentos/Electronica/Nueva carpeta/STM32CubeIDE_1.15.0/STM32CubeIDE/plugins/com.st.stm32cube.ide.mcu.externaltools.gnu-tools-for-stm32.12.3.rel1.win32_1.0.100.202403111256/tools/bin/../lib/gcc/arm-none-eabi/12.3.1/../../../../arm-none-eabi/lib/thumb/v7e-m+fp/hard\libc_nano.a(libc_a-reent.o)
                0x08010e18                _reclaim_reent
 .text.__libc_init_array
                0x08010ec4       0x48 D:/Documentos/Electronica/Nueva carpeta/STM32CubeIDE_1.15.0/STM32CubeIDE/plugins/com.st.stm32cube.ide.mcu.externaltools.gnu-tools-for-stm32.12.3.rel1.win32_1.0.100.202403111256/tools/bin/../lib/gcc/arm-none-eabi/12.3.1/../../../../arm-none-eabi/lib/thumb/v7e-m+fp/hard\libc_nano.a(libc_a-init.o)
                0x08010ec4                __libc_init_array
 .text.__retarget_lock_acquire_recursive
                0x08010f0c        0x2 D:/Documentos/Electronica/Nueva carpeta/STM32CubeIDE_1.15.0/STM32CubeIDE/plugins/com.st.stm32cube.ide.mcu.externaltools.gnu-tools-for-stm32.12.3.rel1.win32_1.0.100.202403111256/tools/bin/../lib/gcc/arm-none-eabi/12.3.1/../../../../arm-none-eabi/lib/thumb/v7e-m+fp/hard\libc_nano.a(libc_a-lock.o)
                0x08010f0c                __retarget_lock_acquire_recursive
 .text.__retarget_lock_release_recursive
                0x08010f0e        0x2 D:/Documentos/Electronica/Nueva carpeta/STM32CubeIDE_1.15.0/STM32CubeIDE/plugins/com.st.stm32cube.ide.mcu.externaltools.gnu-tools-for-stm32.12.3.rel1.win32_1.0.100.202403111256/tools/bin/../lib/gcc/arm-none-eabi/12.3.1/../../../../arm-none-eabi/lib/thumb/v7e-m+fp/hard\libc_nano.a(libc_a-lock.o)
                0x08010f0e                __retarget_lock_release_recursive
 .text.strcpy   0x08010f10       0x10 D:/Documentos/Electronica/Nueva carpeta/STM32CubeIDE_1.15.0/STM32CubeIDE/plugins/com.st.stm32cube.ide.mcu.externaltools.gnu-tools-for-stm32.12.3.rel1.win32_1.0.100.202403111256/tools/bin/../lib/gcc/arm-none-eabi/12.3.1/../../../../arm-none-eabi/lib/thumb/v7e-m+fp/hard\libc_nano.a(libc_a-strcpy.o)
                0x08010f10                strcpy
 .text.memcpy   0x08010f20       0x1c D:/Documentos/Electronica/Nueva carpeta/STM32CubeIDE_1.15.0/STM32CubeIDE/plugins/com.st.stm32cube.ide.mcu.externaltools.gnu-tools-for-stm32.12.3.rel1.win32_1.0.100.202403111256/tools/bin/../lib/gcc/arm-none-eabi/12.3.1/../../../../arm-none-eabi/lib/thumb/v7e-m+fp/hard\libc_nano.a(libc_a-memcpy-stub.o)
                0x08010f20                memcpy
 .text._free_r  0x08010f3c       0x94 D:/Documentos/Electronica/Nueva carpeta/STM32CubeIDE_1.15.0/STM32CubeIDE/plugins/com.st.stm32cube.ide.mcu.externaltools.gnu-tools-for-stm32.12.3.rel1.win32_1.0.100.202403111256/tools/bin/../lib/gcc/arm-none-eabi/12.3.1/../../../../arm-none-eabi/lib/thumb/v7e-m+fp/hard\libc_nano.a(libc_a-freer.o)
                0x08010f3c                _free_r
 .text.__malloc_lock
                0x08010fd0        0xc D:/Documentos/Electronica/Nueva carpeta/STM32CubeIDE_1.15.0/STM32CubeIDE/plugins/com.st.stm32cube.ide.mcu.externaltools.gnu-tools-for-stm32.12.3.rel1.win32_1.0.100.202403111256/tools/bin/../lib/gcc/arm-none-eabi/12.3.1/../../../../arm-none-eabi/lib/thumb/v7e-m+fp/hard\libc_nano.a(libc_a-mlock.o)
                0x08010fd0                __malloc_lock
 .text.__malloc_unlock
                0x08010fdc        0xc D:/Documentos/Electronica/Nueva carpeta/STM32CubeIDE_1.15.0/STM32CubeIDE/plugins/com.st.stm32cube.ide.mcu.externaltools.gnu-tools-for-stm32.12.3.rel1.win32_1.0.100.202403111256/tools/bin/../lib/gcc/arm-none-eabi/12.3.1/../../../../arm-none-eabi/lib/thumb/v7e-m+fp/hard\libc_nano.a(libc_a-mlock.o)
                0x08010fdc                __malloc_unlock
 *(.glue_7)
 .glue_7        0x08010fe8        0x0 linker stubs
 *(.glue_7t)
 .glue_7t       0x08010fe8        0x0 linker stubs
 *(.eh_frame)
 .eh_frame      0x08010fe8        0x0 D:/Documentos/Electronica/Nueva carpeta/STM32CubeIDE_1.15.0/STM32CubeIDE/plugins/com.st.stm32cube.ide.mcu.externaltools.gnu-tools-for-stm32.12.3.rel1.win32_1.0.100.202403111256/tools/bin/../lib/gcc/arm-none-eabi/12.3.1/thumb/v7e-m+fp/hard/crtbegin.o
 *(.init)
 .init          0x08010fe8        0x4 D:/Documentos/Electronica/Nueva carpeta/STM32CubeIDE_1.15.0/STM32CubeIDE/plugins/com.st.stm32cube.ide.mcu.externaltools.gnu-tools-for-stm32.12.3.rel1.win32_1.0.100.202403111256/tools/bin/../lib/gcc/arm-none-eabi/12.3.1/thumb/v7e-m+fp/hard/crti.o
                0x08010fe8                _init
 .init          0x08010fec        0x8 D:/Documentos/Electronica/Nueva carpeta/STM32CubeIDE_1.15.0/STM32CubeIDE/plugins/com.st.stm32cube.ide.mcu.externaltools.gnu-tools-for-stm32.12.3.rel1.win32_1.0.100.202403111256/tools/bin/../lib/gcc/arm-none-eabi/12.3.1/thumb/v7e-m+fp/hard/crtn.o
 *(.fini)
 .fini          0x08010ff4        0x4 D:/Documentos/Electronica/Nueva carpeta/STM32CubeIDE_1.15.0/STM32CubeIDE/plugins/com.st.stm32cube.ide.mcu.externaltools.gnu-tools-for-stm32.12.3.rel1.win32_1.0.100.202403111256/tools/bin/../lib/gcc/arm-none-eabi/12.3.1/thumb/v7e-m+fp/hard/crti.o
                0x08010ff4                _fini
 .fini          0x08010ff8        0x8 D:/Documentos/Electronica/Nueva carpeta/STM32CubeIDE_1.15.0/STM32CubeIDE/plugins/com.st.stm32cube.ide.mcu.externaltools.gnu-tools-for-stm32.12.3.rel1.win32_1.0.100.202403111256/tools/bin/../lib/gcc/arm-none-eabi/12.3.1/thumb/v7e-m+fp/hard/crtn.o
                0x08011000                        . = ALIGN (0x4)
                0x08011000                        _etext = .

.vfp11_veneer   0x08011000        0x0
 .vfp11_veneer  0x08011000        0x0 linker stubs

.v4_bx          0x08011000        0x0
 .v4_bx         0x08011000        0x0 linker stubs

.iplt           0x08011000        0x0
 .iplt          0x08011000        0x0 D:/Documentos/Electronica/Nueva carpeta/STM32CubeIDE_1.15.0/STM32CubeIDE/plugins/com.st.stm32cube.ide.mcu.externaltools.gnu-tools-for-stm32.12.3.rel1.win32_1.0.100.202403111256/tools/bin/../lib/gcc/arm-none-eabi/12.3.1/thumb/v7e-m+fp/hard/crtbegin.o

.rodata         0x08011000      0x168
                0x08011000                        . = ALIGN (0x4)
 *(.rodata)
 .rodata        0x08011000       0x7e ./Core/Src/main.o
 *fill*         0x0801107e        0x2 
 .rodata        0x08011080        0x5 ./Middlewares/Third_Party/FreeRTOS/Source/tasks.o
 *fill*         0x08011085        0x3 
 .rodata        0x08011088        0xd ./Middlewares/Third_Party/FreeRTOS/Source/timers.o
 *(.rodata*)
 *fill*         0x08011095        0x3 
 .rodata.defaultTask_attributes
                0x08011098       0x24 ./Core/Src/main.o
                0x08011098                defaultTask_attributes
 .rodata.parserTask_attributes
                0x080110bc       0x24 ./Core/Src/main.o
                0x080110bc                parserTask_attributes
 .rodata.sendTelemetria_attributes
                0x080110e0       0x24 ./Core/Src/main.o
                0x080110e0                sendTelemetria_attributes
 .rodata.semiAutoTask_attributes
                0x08011104       0x24 ./Core/Src/main.o
                0x08011104                semiAutoTask_attributes
 .rodata.semiAutoEvt_attributes
                0x08011128       0x10 ./Core/Src/main.o
                0x08011128                semiAutoEvt_attributes
 .rodata.motor_channel
                0x08011138       0x10 ./Core/Src/motor_control.o
 .rodata.AHBPrescTable
                0x08011148       0x10 ./Core/Src/system_stm32f4xx.o
                0x08011148                AHBPrescTable
 .rodata.APBPrescTable
                0x08011158        0x8 ./Core/Src/system_stm32f4xx.o
                0x08011158                APBPrescTable
 .rodata.flagBitshiftOffset.0
                0x08011160        0x8 ./Drivers/STM32F4xx_HAL_Driver/Src/stm32f4xx_hal_dma.o
                0x08011168                        . = ALIGN (0x4)

.ARM.extab      0x08011168        0x0
                0x08011168                        . = ALIGN (0x4)
 *(.ARM.extab* .gnu.linkonce.armextab.*)
                0x08011168                        . = ALIGN (0x4)

.ARM            0x08011168        0x8
                0x08011168                        . = ALIGN (0x4)
                0x08011168                        __exidx_start = .
 *(.ARM.exidx*)
 .ARM.exidx     0x08011168        0x8 D:/Documentos/Electronica/Nueva carpeta/STM32CubeIDE_1.15.0/STM32CubeIDE/plugins/com.st.stm32cube.ide.mcu.externaltools.gnu-tools-for-stm32.12.3.rel1.win32_1.0.100.202403111256/tools/bin/../lib/gcc/arm-none-eabi/12.3.1/thumb/v7e-m+fp/hard\libgcc.a(_udivmoddi4.o)
                0x08011170                        __exidx_end = .
                0x08011170                        . = ALIGN (0x4)

.preinit_array  0x08011170        0x0
                0x08011170                        . = ALIGN (0x4)
                0x08011170                        PROVIDE (__preinit_array_start = .)
 *(.preinit_array*)
                0x08011170                        PROVIDE (__preinit_array_end = .)
                0x08011170                        . = ALIGN (0x4)

.init_array     0x08011170        0x4
                0x08011170                        . = ALIGN (0x4)
                0x08011170                        PROVIDE (__init_array_start = .)
 *(SORT_BY_NAME(.init_array.*))
 *(.init_array*)
 .init_array    0x08011170        0x4 D:/Documentos/Electronica/Nueva carpeta/STM32CubeIDE_1.15.0/STM32CubeIDE/plugins/com.st.stm32cube.ide.mcu.externaltools.gnu-tools-for-stm32.12.3.rel1.win32_1.0.100.202403111256/tools/bin/../lib/gcc/arm-none-eabi/12.3.1/thumb/v7e-m+fp/hard/crtbegin.o
                0x08011174                        PROVIDE (__init_array_end = .)
                0x08011174                        . = ALIGN (0x4)

.fini_array     0x08011174        0x4
                0x08011174                        . = ALIGN (0x4)
                [!provide]                        PROVIDE (__fini_array_start = .)
 *(SORT_BY_NAME(.fini_array.*))
 *(.fini_array*)
 .fini_array    0x08011174        0x4 D:/Documentos/Electronica/Nueva carpeta/STM32CubeIDE_1.15.0/STM32CubeIDE/plugins/com.st.stm32cube.ide.mcu.externaltools.gnu-tools-for-stm32.12.3.rel1.win32_1.0.100.202403111256/tools/bin/../lib/gcc/arm-none-eabi/12.3.1/thumb/v7e-m+fp/hard/crtbegin.o
                [!provide]                        PROVIDE (__fini_array_end = .)
                0x08011178                        . = ALIGN (0x4)
                0x08011178                        _sidata = LOADADDR (.data)

.rel.dyn        0x08011178        0x0
 .rel.iplt      0x08011178        0x0 D:/Documentos/Electronica/Nueva carpeta/STM32CubeIDE_1.15.0/STM32CubeIDE/plugins/com.st.stm32cube.ide.mcu.externaltools.gnu-tools-for-stm32.12.3.rel1.win32_1.0.100.202403111256/tools/bin/../lib/gcc/arm-none-eabi/12.3.1/thumb/v7e-m+fp/hard/crtbegin.o

.data           0x20000000      0x320 load address 0x08011178
                0x20000000                        . = ALIGN (0x4)
                0x20000000                        _sdata = .
 *(.data)
 *(.data*)
 .data._cal     0x20000000        0x2 ./Core/Src/INA226.o
                0x20000000                _cal
 .data.vl53_range_status
                0x20000002        0x1 ./Core/Src/main.o
                0x20000002                vl53_range_status
 *fill*         0x20000003        0x1 
 .data.SystemCoreClock
                0x20000004        0x4 ./Core/Src/system_stm32f4xx.o
                0x20000004                SystemCoreClock
 .data.DefaultTuningSettings
                0x20000008       0xf3 ./Core/Src/vl53l0x_api.o
                0x20000008                DefaultTuningSettings
 *fill*         0x200000fb        0x1 
 .data.InterruptThresholdSettings
                0x200000fc      0x1b6 ./Core/Src/vl53l0x_api.o
                0x200000fc                InterruptThresholdSettings
 *fill*         0x200002b2        0x2 
 .data.refArrayQuadrants
                0x200002b4       0x10 ./Core/Src/vl53l0x_api_calibration.o
                0x200002b4                refArrayQuadrants
 .data.uwTickPrio
                0x200002c4        0x4 ./Drivers/STM32F4xx_HAL_Driver/Src/stm32f4xx_hal.o
                0x200002c4                uwTickPrio
 .data.uwTickFreq
                0x200002c8        0x1 ./Drivers/STM32F4xx_HAL_Driver/Src/stm32f4xx_hal.o
                0x200002c8                uwTickFreq
 *fill*         0x200002c9        0x3 
 .data.uxCriticalNesting
                0x200002cc        0x4 ./Middlewares/Third_Party/FreeRTOS/Source/portable/GCC/ARM_CM4F/port.o
 .data._impure_ptr
                0x200002d0        0x4 D:/Documentos/Electronica/Nueva carpeta/STM32CubeIDE_1.15.0/STM32CubeIDE/plugins/com.st.stm32cube.ide.mcu.externaltools.gnu-tools-for-stm32.12.3.rel1.win32_1.0.100.202403111256/tools/bin/../lib/gcc/arm-none-eabi/12.3.1/../../../../arm-none-eabi/lib/thumb/v7e-m+fp/hard\libc_nano.a(libc_a-impure.o)
                0x200002d0                _impure_ptr
 .data._impure_data
                0x200002d4       0x4c D:/Documentos/Electronica/Nueva carpeta/STM32CubeIDE_1.15.0/STM32CubeIDE/plugins/com.st.stm32cube.ide.mcu.externaltools.gnu-tools-for-stm32.12.3.rel1.win32_1.0.100.202403111256/tools/bin/../lib/gcc/arm-none-eabi/12.3.1/../../../../arm-none-eabi/lib/thumb/v7e-m+fp/hard\libc_nano.a(libc_a-impure.o)
                0x200002d4                _impure_data
 *(.RamFunc)
 *(.RamFunc*)
                0x20000320                        . = ALIGN (0x4)
                0x20000320                        _edata = .

.igot.plt       0x20000320        0x0 load address 0x08011498
 .igot.plt      0x20000320        0x0 D:/Documentos/Electronica/Nueva carpeta/STM32CubeIDE_1.15.0/STM32CubeIDE/plugins/com.st.stm32cube.ide.mcu.externaltools.gnu-tools-for-stm32.12.3.rel1.win32_1.0.100.202403111256/tools/bin/../lib/gcc/arm-none-eabi/12.3.1/thumb/v7e-m+fp/hard/crtbegin.o
                0x20000320                        . = ALIGN (0x4)

.bss            0x20000320     0x50e0 load address 0x08011498
                0x20000320                        _sbss = .
                0x20000320                        __bss_start__ = _sbss
 *(.bss)
 .bss           0x20000320       0x1c D:/Documentos/Electronica/Nueva carpeta/STM32CubeIDE_1.15.0/STM32CubeIDE/plugins/com.st.stm32cube.ide.mcu.externaltools.gnu-tools-for-stm32.12.3.rel1.win32_1.0.100.202403111256/tools/bin/../lib/gcc/arm-none-eabi/12.3.1/thumb/v7e-m+fp/hard/crtbegin.o
 *(.bss*)
 .bss._reset    0x2000033c        0x1 ./Core/Src/INA226.o
                0x2000033c                _reset
 *fill*         0x2000033d        0x3 
 .bss.hi2c1     0x20000340       0x54 ./Core/Src/main.o
                0x20000340                hi2c1
 .bss.hadc1     0x20000394       0x48 ./Core/Src/main.o
                0x20000394                hadc1
 .bss.hdma_adc1
                0x200003dc       0x60 ./Core/Src/main.o
                0x200003dc                hdma_adc1
 .bss.htim1     0x2000043c       0x48 ./Core/Src/main.o
                0x2000043c                htim1
 .bss.htim2     0x20000484       0x48 ./Core/Src/main.o
                0x20000484                htim2
 .bss.htim3     0x200004cc       0x48 ./Core/Src/main.o
                0x200004cc                htim3
 .bss.huart1    0x20000514       0x48 ./Core/Src/main.o
                0x20000514                huart1
 .bss.hdma_usart1_rx
                0x2000055c       0x60 ./Core/Src/main.o
                0x2000055c                hdma_usart1_rx
 .bss.hdma_usart1_tx
                0x200005bc       0x60 ./Core/Src/main.o
                0x200005bc                hdma_usart1_tx
 .bss.defaultTaskHandle
                0x2000061c        0x4 ./Core/Src/main.o
                0x2000061c                defaultTaskHandle
 .bss.parserTaskHandle
                0x20000620        0x4 ./Core/Src/main.o
                0x20000620                parserTaskHandle
 .bss.sendTelemetriaHandle
                0x20000624        0x4 ./Core/Src/main.o
                0x20000624                sendTelemetriaHandle
 .bss.semiAutoTaskHandle
                0x20000628        0x4 ./Core/Src/main.o
                0x20000628                semiAutoTaskHandle
 .bss.semiAutoEvtHandle
                0x2000062c        0x4 ./Core/Src/main.o
                0x2000062c                semiAutoEvtHandle
 .bss.dma_rx_buf
                0x20000630       0x40 ./Core/Src/main.o
                0x20000630                dma_rx_buf
 .bss.dma_read_idx
                0x20000670        0x2 ./Core/Src/main.o
                0x20000670                dma_read_idx
 *fill*         0x20000672        0x2 
 .bss.uartRxSemHandle
                0x20000674        0x4 ./Core/Src/main.o
                0x20000674                uartRxSemHandle
 .bss.adc_buffer
                0x20000678       0x14 ./Core/Src/main.o
                0x20000678                adc_buffer
 .bss.vl53l0x_dev
                0x2000068c      0x184 ./Core/Src/main.o
                0x2000068c                vl53l0x_dev
 .bss.vl53l0x_meas
                0x20000810       0x1c ./Core/Src/main.o
                0x20000810                vl53l0x_meas
 .bss.distancia_mm
                0x2000082c        0x2 ./Core/Src/main.o
                0x2000082c                distancia_mm
 .bss.vl53_init_status
                0x2000082e        0x1 ./Core/Src/main.o
                0x2000082e                vl53_init_status
 .bss.vl53_meas_status
                0x2000082f        0x1 ./Core/Src/main.o
                0x2000082f                vl53_meas_status
 .bss.sync_tx_buf.1
                0x20000830       0x14 ./Core/Src/main.o
 .bss.tx_buffer.0
                0x20000844       0x14 ./Core/Src/main.o
 .bss.current_pulse
                0x20000858        0x2 ./Core/Src/motor_control.o
                0x20000858                current_pulse
 .bss.percentage_pulse
                0x2000085a        0x2 ./Core/Src/motor_control.o
                0x2000085a                percentage_pulse
 .bss.ruedas_abiertas
                0x2000085c        0x1 ./Core/Src/parser.o
                0x2000085c                ruedas_abiertas
 .bss.ruedas1_abiertas
                0x2000085d        0x1 ./Core/Src/parser.o
                0x2000085d                ruedas1_abiertas
 *fill*         0x2000085e        0x2 
 .bss.tx_buffer.0
                0x20000860       0x14 ./Core/Src/parser.o
 .bss.htim9     0x20000874       0x48 ./Core/Src/stm32f4xx_hal_timebase_tim.o
                0x20000874                htim9
 .bss.last_abierto_time.5
                0x200008bc        0x4 ./Core/Src/stm32f4xx_it.o
 .bss.last_cerrado_time.4
                0x200008c0        0x4 ./Core/Src/stm32f4xx_it.o
 .bss.last_abierto1_time.3
                0x200008c4        0x4 ./Core/Src/stm32f4xx_it.o
 .bss.last_cerrado1_time.2
                0x200008c8        0x4 ./Core/Src/stm32f4xx_it.o
 .bss.last_obstaculo1_time.1
                0x200008cc        0x4 ./Core/Src/stm32f4xx_it.o
 .bss.last_obstaculo2_time.0
                0x200008d0        0x4 ./Core/Src/stm32f4xx_it.o
 .bss.uwTick    0x200008d4        0x4 ./Drivers/STM32F4xx_HAL_Driver/Src/stm32f4xx_hal.o
                0x200008d4                uwTick
 .bss.KernelState
                0x200008d8        0x4 ./Middlewares/Third_Party/FreeRTOS/Source/CMSIS_RTOS_V2/cmsis_os2.o
 .bss.Idle_TCB.3
                0x200008dc       0xa8 ./Middlewares/Third_Party/FreeRTOS/Source/CMSIS_RTOS_V2/cmsis_os2.o
 .bss.Idle_Stack.2
                0x20000984      0x200 ./Middlewares/Third_Party/FreeRTOS/Source/CMSIS_RTOS_V2/cmsis_os2.o
 .bss.Timer_TCB.1
                0x20000b84       0xa8 ./Middlewares/Third_Party/FreeRTOS/Source/CMSIS_RTOS_V2/cmsis_os2.o
 .bss.Timer_Stack.0
                0x20000c2c      0x400 ./Middlewares/Third_Party/FreeRTOS/Source/CMSIS_RTOS_V2/cmsis_os2.o
 .bss.xQueueRegistry
                0x2000102c       0x40 ./Middlewares/Third_Party/FreeRTOS/Source/queue.o
                0x2000102c                xQueueRegistry
 .bss.pxCurrentTCB
                0x2000106c        0x4 ./Middlewares/Third_Party/FreeRTOS/Source/tasks.o
                0x2000106c                pxCurrentTCB
 .bss.pxReadyTasksLists
                0x20001070      0x460 ./Middlewares/Third_Party/FreeRTOS/Source/tasks.o
 .bss.xDelayedTaskList1
                0x200014d0       0x14 ./Middlewares/Third_Party/FreeRTOS/Source/tasks.o
 .bss.xDelayedTaskList2
                0x200014e4       0x14 ./Middlewares/Third_Party/FreeRTOS/Source/tasks.o
 .bss.pxDelayedTaskList
                0x200014f8        0x4 ./Middlewares/Third_Party/FreeRTOS/Source/tasks.o
 .bss.pxOverflowDelayedTaskList
                0x200014fc        0x4 ./Middlewares/Third_Party/FreeRTOS/Source/tasks.o
 .bss.xPendingReadyList
                0x20001500       0x14 ./Middlewares/Third_Party/FreeRTOS/Source/tasks.o
 .bss.xTasksWaitingTermination
                0x20001514       0x14 ./Middlewares/Third_Party/FreeRTOS/Source/tasks.o
 .bss.uxDeletedTasksWaitingCleanUp
                0x20001528        0x4 ./Middlewares/Third_Party/FreeRTOS/Source/tasks.o
 .bss.xSuspendedTaskList
                0x2000152c       0x14 ./Middlewares/Third_Party/FreeRTOS/Source/tasks.o
 .bss.uxCurrentNumberOfTasks
                0x20001540        0x4 ./Middlewares/Third_Party/FreeRTOS/Source/tasks.o
 .bss.xTickCount
                0x20001544        0x4 ./Middlewares/Third_Party/FreeRTOS/Source/tasks.o
 .bss.uxTopReadyPriority
                0x20001548        0x4 ./Middlewares/Third_Party/FreeRTOS/Source/tasks.o
 .bss.xSchedulerRunning
                0x2000154c        0x4 ./Middlewares/Third_Party/FreeRTOS/Source/tasks.o
 .bss.xPendedTicks
                0x20001550        0x4 ./Middlewares/Third_Party/FreeRTOS/Source/tasks.o
 .bss.xYieldPending
                0x20001554        0x4 ./Middlewares/Third_Party/FreeRTOS/Source/tasks.o
 .bss.xNumOfOverflows
                0x20001558        0x4 ./Middlewares/Third_Party/FreeRTOS/Source/tasks.o
 .bss.uxTaskNumber
                0x2000155c        0x4 ./Middlewares/Third_Party/FreeRTOS/Source/tasks.o
 .bss.xNextTaskUnblockTime
                0x20001560        0x4 ./Middlewares/Third_Party/FreeRTOS/Source/tasks.o
 .bss.xIdleTaskHandle
                0x20001564        0x4 ./Middlewares/Third_Party/FreeRTOS/Source/tasks.o
 .bss.uxSchedulerSuspended
                0x20001568        0x4 ./Middlewares/Third_Party/FreeRTOS/Source/tasks.o
 .bss.xActiveTimerList1
                0x2000156c       0x14 ./Middlewares/Third_Party/FreeRTOS/Source/timers.o
 .bss.xActiveTimerList2
                0x20001580       0x14 ./Middlewares/Third_Party/FreeRTOS/Source/timers.o
 .bss.pxCurrentTimerList
                0x20001594        0x4 ./Middlewares/Third_Party/FreeRTOS/Source/timers.o
 .bss.pxOverflowTimerList
                0x20001598        0x4 ./Middlewares/Third_Party/FreeRTOS/Source/timers.o
 .bss.xTimerQueue
                0x2000159c        0x4 ./Middlewares/Third_Party/FreeRTOS/Source/timers.o
 .bss.xTimerTaskHandle
                0x200015a0        0x4 ./Middlewares/Third_Party/FreeRTOS/Source/timers.o
 .bss.xLastTime.2
                0x200015a4        0x4 ./Middlewares/Third_Party/FreeRTOS/Source/timers.o
 .bss.ucStaticTimerQueueStorage.1
                0x200015a8       0xa0 ./Middlewares/Third_Party/FreeRTOS/Source/timers.o
 .bss.xStaticTimerQueue.0
                0x20001648       0x50 ./Middlewares/Third_Party/FreeRTOS/Source/timers.o
 .bss.ucMaxSysCallPriority
                0x20001698        0x1 ./Middlewares/Third_Party/FreeRTOS/Source/portable/GCC/ARM_CM4F/port.o
 *fill*         0x20001699        0x3 
 .bss.ulMaxPRIGROUPValue
                0x2000169c        0x4 ./Middlewares/Third_Party/FreeRTOS/Source/portable/GCC/ARM_CM4F/port.o
 .bss.ucHeap    0x200016a0     0x3c00 ./Middlewares/Third_Party/FreeRTOS/Source/portable/MemMang/heap_4.o
 .bss.xStart    0x200052a0        0x8 ./Middlewares/Third_Party/FreeRTOS/Source/portable/MemMang/heap_4.o
 .bss.pxEnd     0x200052a8        0x4 ./Middlewares/Third_Party/FreeRTOS/Source/portable/MemMang/heap_4.o
 .bss.xFreeBytesRemaining