../Core/Inc/LCD_I2C.h:3:6:lcd_send_cmd	1
../Core/Inc/LCD_I2C.h:16:6:lcd_send_data	1
../Core/Inc/LCD_I2C.h:28:6:LCD_CLEAR	1
../Core/Inc/LCD_I2C.h:34:6:LCD_init	1
../Core/Inc/LCD_I2C.h:57:6:LCD_CADENA	2
../Core/Inc/LCD_I2C.h:61:6:LCD_CURSOR	3
../Core/Inc/MPU9250.h:15:6:MPU6050_Init	1
../Core/Inc/MPU9250.h:35:6:MPU6050_Read	1
../Core/Src/main.c:120:7:I2C_Scan	5
../Core/Src/main.c:157:5:main	6
../Core/Src/main.c:332:6:SystemClock_Config	3
../Core/Src/main.c:379:13:MX_ADC1_Init	3
../Core/Src/main.c:431:13:MX_I2C1_Init	2
../Core/Src/main.c:465:13:MX_TIM1_Init	10
../Core/Src/main.c:553:13:MX_TIM2_Init	7
../Core/Src/main.c:616:13:MX_USART1_UART_Init	2
../Core/Src/main.c:647:13:MX_DMA_Init	1
../Core/Src/main.c:671:13:MX_GPIO_Init	1
../Core/Src/main.c:728:6:StartDefaultTask	1
../Core/Src/main.c:746:6:ParserTask	3
../Core/Src/main.c:775:6:StartTelemetriaTask	5
../Core/Src/main.c:847:6:HAL_TIM_PeriodElapsedCallback	2
../Core/Src/main.c:864:6:Error_Handler	1
