../Core/Inc/LCD_I2C.h:3:6:lcd_send_cmd	32	static
../Core/Inc/LCD_I2C.h:16:6:lcd_send_data	32	static
../Core/Inc/LCD_I2C.h:28:6:LCD_CLEAR	8	static
../Core/Inc/LCD_I2C.h:34:6:LCD_init	8	static
../Core/Inc/LCD_I2C.h:57:6:LCD_CADENA	16	static
../Core/Inc/LCD_I2C.h:61:6:LCD_CURSOR	16	static
../Core/Inc/MPU9250.h:13:6:MPU9250_Init	32	static
../Core/Inc/MPU9250.h:32:6:MPU9250_Read	56	static
../Core/Src/main.c:116:6:I2C_Scan	32	static
../Core/Src/main.c:144:5:main	40	static
../Core/Src/main.c:306:6:SystemClock_Config	88	static
../Core/Src/main.c:353:13:MX_I2C1_Init	8	static
../Core/Src/main.c:387:13:MX_TIM1_Init	80	static
../Core/Src/main.c:464:13:MX_TIM2_Init	48	static
../Core/Src/main.c:517:13:MX_USART1_UART_Init	8	static
../Core/Src/main.c:550:13:MX_USART2_UART_Init	8	static
../Core/Src/main.c:581:13:MX_DMA_Init	16	static
../Core/Src/main.c:602:13:MX_GPIO_Init	48	static
../Core/Src/main.c:639:6:StartDefaultTask	16	static
../Core/Src/main.c:657:6:ParserTask	40	static
../Core/Src/main.c:686:6:StartTelemetriaTask	32	static
../Core/Src/main.c:727:6:HAL_TIM_PeriodElapsedCallback	16	static
../Core/Src/main.c:744:6:Error_Handler	4	static,ignoring_inline_asm
