../Core/Inc/LCD_I2C.h:3:6:lcd_send_cmd	32	static
../Core/Inc/LCD_I2C.h:16:6:lcd_send_data	32	static
../Core/Inc/LCD_I2C.h:28:6:LCD_CLEAR	8	static
../Core/Inc/LCD_I2C.h:34:6:LCD_init	8	static
../Core/Inc/LCD_I2C.h:57:6:LCD_CADENA	16	static
../Core/Inc/LCD_I2C.h:61:6:LCD_CURSOR	16	static
../Core/Inc/MPU9250.h:13:6:MPU9250_Init	32	static
../Core/Inc/MPU9250.h:32:6:MPU9250_Read	56	static
../Core/Src/main.c:94:6:I2C_Scan	32	static
../Core/Src/main.c:122:5:main	24	static
../Core/Src/main.c:244:6:SystemClock_Config	88	static
../Core/Src/main.c:291:13:MX_I2C1_Init	8	static
../Core/Src/main.c:325:13:MX_TIM1_Init	80	static
../Core/Src/main.c:402:13:MX_TIM2_Init	48	static
../Core/Src/main.c:455:13:MX_USART1_UART_Init	8	static
../Core/Src/main.c:486:13:MX_DMA_Init	16	static
../Core/Src/main.c:504:13:MX_GPIO_Init	24	static
../Core/Src/main.c:529:6:StartDefaultTask	16	static
../Core/Src/main.c:547:6:ParserTask	40	static
../Core/Src/main.c:583:6:HAL_TIM_PeriodElapsedCallback	16	static
../Core/Src/main.c:600:6:Error_Handler	4	static,ignoring_inline_asm
