../Core/Src/motor_control.c:19:6:Motor_Init	8	static
../Core/Src/motor_control.c:35:6:Motor_SetPulse	16	static
../Core/Src/motor_control.c:42:6:Motor_SetAllPulse	24	static
../Core/Src/motor_control.c:51:6:Motor_SpeedInc	16	static
../Core/Src/motor_control.c:60:6:Acoplar	8	static
../Core/Src/motor_control.c:65:6:Desacoplar	8	static
../Core/Src/motor_control.c:70:6:Acoplar1	8	static
../Core/Src/motor_control.c:75:6:Desacoplar1	8	static
../Core/Src/motor_control.c:80:6:Motor_SpeedDec	16	static
../Core/Src/motor_control.c:92:6:Motor_Stop	8	static
../Core/Src/motor_control.c:95:6:Abrir_Pinza	4	static
../Core/Src/motor_control.c:99:6:Cerrar_Pinza	4	static
../Core/Src/motor_control.c:106:10:Motor_GetCurrentPulse	4	static
