../Core/Src/motor_control.c:22:6:Motor_Init	8	static
../Core/Src/motor_control.c:40:6:Motor_SetPulse	16	static
../Core/Src/motor_control.c:47:6:Motor_SetAllPulse	24	static
../Core/Src/motor_control.c:56:6:Motor_SpeedInc	16	static
../Core/Src/motor_control.c:65:6:Acoplar	8	static
../Core/Src/motor_control.c:70:6:Desacoplar	8	static
../Core/Src/motor_control.c:75:6:Acoplar1	8	static
../Core/Src/motor_control.c:80:6:Desacoplar1	8	static
../Core/Src/motor_control.c:85:6:Motor_SpeedDec	16	static
../Core/Src/motor_control.c:97:6:Motor_Stop	8	static
../Core/Src/motor_control.c:100:6:Abrir_Pinza	4	static
../Core/Src/motor_control.c:104:6:Cerrar_Pinza	4	static
../Core/Src/motor_control.c:110:10:Motor_GetCurrentPulse	4	static
