../Core/Src/motor_control.c:20:6:Motor_Init	8	static
../Core/Src/motor_control.c:38:6:Motor_SetPulse	16	static
../Core/Src/motor_control.c:45:6:Motor_SetAllPulse	24	static
../Core/Src/motor_control.c:54:6:Motor_SpeedInc	16	static
../Core/Src/motor_control.c:63:6:Acoplar	8	static
../Core/Src/motor_control.c:67:6:Desacoplar	8	static
../Core/Src/motor_control.c:71:6:Acoplar1	8	static
../Core/Src/motor_control.c:75:6:Desacoplar1	8	static
../Core/Src/motor_control.c:79:6:Motor_SpeedDec	16	static
../Core/Src/motor_control.c:91:6:Motor_Stop	8	static
../Core/Src/motor_control.c:94:6:Servo_Pinza	4	static
../Core/Src/motor_control.c:100:10:Motor_GetCurrentPulse	4	static
