../Core/Src/motor_control.c:23:6:Motor_SetDirection	24	static
../Core/Src/motor_control.c:31:6:Motor_ApplySpeed	16	static
../Core/Src/motor_control.c:47:6:Motor_SetSpeedPercentage	16	static
../Core/Src/motor_control.c:54:9:Motor_GetSpeedPercentage	4	static
../Core/Src/motor_control.c:58:6:Motor_Init	8	static
../Core/Src/motor_control.c:73:6:Motor_SetPulse	16	static
../Core/Src/motor_control.c:80:6:Motor_SetAllPulse	24	static
../Core/Src/motor_control.c:89:6:Motor_SpeedInc	8	static
../Core/Src/motor_control.c:97:6:Acoplar	8	static
../Core/Src/motor_control.c:103:6:Desacoplar	8	static
../Core/Src/motor_control.c:109:6:Acoplar1	8	static
../Core/Src/motor_control.c:115:6:Desacoplar1	8	static
../Core/Src/motor_control.c:121:6:Motor_SpeedDec	8	static
../Core/Src/motor_control.c:129:6:Motor_Stop	8	static
../Core/Src/motor_control.c:135:6:Abrir_Pinza	4	static
../Core/Src/motor_control.c:139:6:Cerrar_Pinza	4	static
../Core/Src/motor_control.c:142:6:Abrir_Pinza1	4	static
../Core/Src/motor_control.c:146:6:Cerrar_Pinza1	4	static
../Core/Src/motor_control.c:150:10:Motor_GetCurrentPulse	4	static
