../Core/Src/stm32f4xx_it.c:59:6:HAL_GPIO_EXTI_Callback	24	static
../Core/Src/stm32f4xx_it.c:155:6:NMI_Handler	4	static
../Core/Src/stm32f4xx_it.c:170:6:HardFault_Handler	4	static
../Core/Src/stm32f4xx_it.c:185:6:MemManage_Handler	4	static
../Core/Src/stm32f4xx_it.c:200:6:BusFault_Handler	4	static
../Core/Src/stm32f4xx_it.c:215:6:UsageFault_Handler	4	static
../Core/Src/stm32f4xx_it.c:230:6:DebugMon_Handler	4	static
../Core/Src/stm32f4xx_it.c:250:6:EXTI2_IRQHandler	8	static
../Core/Src/stm32f4xx_it.c:264:6:EXTI3_IRQHandler	8	static
../Core/Src/stm32f4xx_it.c:278:6:EXTI4_IRQHandler	8	static
../Core/Src/stm32f4xx_it.c:292:6:TIM1_BRK_TIM9_IRQHandler	8	static
../Core/Src/stm32f4xx_it.c:307:6:USART1_IRQHandler	16	static
../Core/Src/stm32f4xx_it.c:327:6:EXTI15_10_IRQHandler	8	static
../Core/Src/stm32f4xx_it.c:343:6:DMA2_Stream0_IRQHandler	8	static
../Core/Src/stm32f4xx_it.c:357:6:DMA2_Stream2_IRQHandler	8	static
../Core/Src/stm32f4xx_it.c:371:6:DMA2_Stream7_IRQHandler	8	static
