2026-07-20 17:47:57,842 [INFO] Activator:176 - 


2026-07-20 17:47:57,859 [INFO] Activator:177 - !SESSION log4j initialized
2026-07-20 17:48:12,751 [INFO] LogOutputStream:77 - [STDOUT_REDIRECT] 
2026-07-20 17:48:21,479 [INFO] ApplicationProperties:184 - Using Application install path: D:\Documentos\Electronica\Nueva carpeta\STM32CubeIDE_1.15.0\STM32CubeIDE\plugins\com.st.stm32cube.common.mx_6.11.0.202403141607
2026-07-20 17:48:21,531 [INFO] DbMcusXml:78 - Set database path to: D:\Documentos\Electronica\Nueva carpeta\STM32CubeIDE_1.15.0\STM32CubeIDE\plugins\com.st.stm32cube.common.mx_6.11.0.202403141607\\db\/mcu/
2026-07-20 17:48:21,531 [INFO] ApiDb:274 - Set plugin database path to: D:\Documentos\Electronica\Nueva carpeta\STM32CubeIDE_1.15.0\STM32CubeIDE\plugins\com.st.stm32cube.common.mx_6.11.0.202403141607\\db\/plugins/boardmanager/
2026-07-20 17:48:21,532 [WARN] ApiDb:259 - Overriding images path with different value:  => D:\Documentos\Electronica\Nueva carpeta\STM32CubeIDE_1.15.0\STM32CubeIDE\plugins\com.st.stm32cube.common.mx_6.11.0.202403141607\\db\/plugins/mcufinder/images/
2026-07-20 17:48:21,626 [INFO] ApiDb:250 - Set database path to: C:\Users\USER\.stmcufinder\plugins\mcufinder//mcu/
2026-07-20 17:48:21,627 [INFO] DbMcusAds:125 - Set database path to: C:\Users\USER\.stmcufinder\plugins\mcufinder//mcu/
2026-07-20 17:48:21,629 [INFO] CrossReferenceDbSqlite:203 - Set database path to: C:\Users\USER\.stmcufinder\plugins\mcufinder//mcu/cs/
2026-07-20 17:48:21,849 [INFO] RulesReader:64 - Compatibility file has been processed (297 Rules)
2026-07-20 17:48:22,188 [INFO] DbMcusXml:78 - Set database path to: D:\Documentos\Electronica\Nueva carpeta\STM32CubeIDE_1.15.0\STM32CubeIDE\plugins\com.st.stm32cube.common.mx_6.11.0.202403141607\\db\/mcu/
2026-07-20 17:48:22,188 [INFO] ApiDb:274 - Set plugin database path to: D:\Documentos\Electronica\Nueva carpeta\STM32CubeIDE_1.15.0\STM32CubeIDE\plugins\com.st.stm32cube.common.mx_6.11.0.202403141607\\db\/plugins/boardmanager/
2026-07-20 17:48:22,188 [INFO] ApiDb:261 - Set plugin images path to: D:\Documentos\Electronica\Nueva carpeta\STM32CubeIDE_1.15.0\STM32CubeIDE\plugins\com.st.stm32cube.common.mx_6.11.0.202403141607\\db\/plugins/mcufinder/images/
2026-07-20 17:48:22,189 [WARN] DbFile:41 - Overriding database path with different value: C:\Users\USER\.stmcufinder\plugins\mcufinder/ => C:\Users\USER\.stmcufinder\plugins\mcufinder
2026-07-20 17:48:22,189 [INFO] ApiDb:250 - Set database path to: C:\Users\USER\.stmcufinder\plugins\mcufinder//mcu/
2026-07-20 17:48:22,189 [WARN] DbFile:41 - Overriding database path with different value: C:\Users\USER\.stmcufinder\plugins\mcufinder/ => C:\Users\USER\.stmcufinder\plugins\mcufinder
2026-07-20 17:48:22,189 [INFO] DbMcusAds:125 - Set database path to: C:\Users\USER\.stmcufinder\plugins\mcufinder//mcu/
2026-07-20 17:48:22,189 [WARN] DbFile:41 - Overriding database path with different value: C:\Users\USER\.stmcufinder\plugins\mcufinder/ => C:\Users\USER\.stmcufinder\plugins\mcufinder
2026-07-20 17:48:22,189 [WARN] DbFile:41 - Overriding database path with different value: C:\Users\USER\.stmcufinder\plugins\mcufinder/ => C:\Users\USER\.stmcufinder\plugins\mcufinder
2026-07-20 17:48:22,189 [INFO] CrossReferenceDbSqlite:203 - Set database path to: C:\Users\USER\.stmcufinder\plugins\mcufinder//mcu/cs/
2026-07-20 17:48:22,618 [INFO] MainPanel:264 - HeapMemory: 268435456
2026-07-20 17:48:23,108 [INFO] DbMcusXml:78 - Set database path to: D:\Documentos\Electronica\Nueva carpeta\STM32CubeIDE_1.15.0\STM32CubeIDE\plugins\com.st.stm32cube.common.mx_6.11.0.202403141607\\db\/mcu/
2026-07-20 17:48:23,108 [INFO] ApiDb:274 - Set plugin database path to: D:\Documentos\Electronica\Nueva carpeta\STM32CubeIDE_1.15.0\STM32CubeIDE\plugins\com.st.stm32cube.common.mx_6.11.0.202403141607\\db\/plugins/boardmanager/
2026-07-20 17:48:23,108 [INFO] ApiDb:261 - Set plugin images path to: D:\Documentos\Electronica\Nueva carpeta\STM32CubeIDE_1.15.0\STM32CubeIDE\plugins\com.st.stm32cube.common.mx_6.11.0.202403141607\\db\/plugins/mcufinder/images/
2026-07-20 17:48:23,109 [WARN] DbFile:41 - Overriding database path with different value: C:\Users\USER\.stmcufinder\plugins\mcufinder/ => C:\Users\USER\.stmcufinder\plugins\mcufinder
2026-07-20 17:48:23,109 [INFO] ApiDb:250 - Set database path to: C:\Users\USER\.stmcufinder\plugins\mcufinder//mcu/
2026-07-20 17:48:23,109 [WARN] DbFile:41 - Overriding database path with different value: C:\Users\USER\.stmcufinder\plugins\mcufinder/ => C:\Users\USER\.stmcufinder\plugins\mcufinder
2026-07-20 17:48:23,109 [INFO] DbMcusAds:125 - Set database path to: C:\Users\USER\.stmcufinder\plugins\mcufinder//mcu/
2026-07-20 17:48:23,109 [WARN] DbFile:41 - Overriding database path with different value: C:\Users\USER\.stmcufinder\plugins\mcufinder/ => C:\Users\USER\.stmcufinder\plugins\mcufinder
2026-07-20 17:48:23,109 [WARN] DbFile:41 - Overriding database path with different value: C:\Users\USER\.stmcufinder\plugins\mcufinder/ => C:\Users\USER\.stmcufinder\plugins\mcufinder
2026-07-20 17:48:23,109 [INFO] CrossReferenceDbSqlite:203 - Set database path to: C:\Users\USER\.stmcufinder\plugins\mcufinder//mcu/cs/
2026-07-20 17:48:23,191 [INFO] ApplicationProperties:184 - Using Application install path: D:\Documentos\Electronica\Nueva carpeta\STM32CubeIDE_1.15.0\STM32CubeIDE\plugins\com.st.stm32cube.common.mx_6.11.0.202403141607
2026-07-20 17:48:23,203 [INFO] PluginManage:196 - Search for loadable plugins [exclusion list=, ]
2026-07-20 17:48:23,207 [INFO] PluginManage:310 - Check plugin analytics
2026-07-20 17:48:23,588 [INFO] AnalyticsPlugin:253 - Accepted Software Licenses: 
2026-07-20 17:48:23,588 [INFO] AnalyticsPlugin:255 - Accepted CMSIS Pack Licenses: STMicroelectronics.X-CUBE-TOUCHGFX.4.26.0,STMicroelectronics.X-CUBE-TOF1.3.4.2
2026-07-20 17:48:23,589 [INFO] AnalyticsPlugin:257 - Accepted Firmware Licenses: FW.F7.1.17.0,FW.H7.1.11.0,FW.F4.1.28.0
2026-07-20 17:48:23,591 [INFO] PluginManage:359 - Loaded plugin analytics (category:tool,tabindex:-1)
2026-07-20 17:48:23,592 [INFO] PluginManage:310 - Check plugin cadmodel
2026-07-20 17:48:23,642 [INFO] CADModel:105 - Init CAD model plugin
2026-07-20 17:48:23,642 [INFO] PluginManage:359 - Loaded plugin cadmodel (category:power,tabindex:5)
2026-07-20 17:48:23,642 [INFO] PluginManage:310 - Check plugin clock
2026-07-20 17:48:23,699 [INFO] PluginManage:359 - Loaded plugin clock (category:base,tabindex:2)
2026-07-20 17:48:23,699 [INFO] PluginManage:310 - Check plugin ddr
2026-07-20 17:48:23,712 [INFO] PluginManage:359 - Loaded plugin ddr (category:tool,tabindex:6)
2026-07-20 17:48:23,712 [INFO] PluginManage:310 - Check plugin filemanager
2026-07-20 17:48:24,072 [INFO] PluginManage:359 - Loaded plugin filemanager (category:base,tabindex:10)
2026-07-20 17:48:24,072 [INFO] PluginManage:310 - Check plugin ipmanager
2026-07-20 17:48:24,119 [INFO] PluginManage:359 - Loaded plugin ipmanager (category:base,tabindex:5)
2026-07-20 17:48:24,119 [INFO] PluginManage:310 - Check plugin lpbam
2026-07-20 17:48:24,179 [INFO] PluginManage:359 - Loaded plugin lpbam (category:base,tabindex:0)
2026-07-20 17:48:24,179 [INFO] PluginManage:310 - Check plugin memorymap
2026-07-20 17:48:24,245 [INFO] PluginManage:359 - Loaded plugin memorymap (category:base,tabindex:4)
2026-07-20 17:48:24,245 [INFO] PluginManage:310 - Check plugin pinoutandconfiguration
2026-07-20 17:48:24,275 [INFO] PluginManage:359 - Loaded plugin pinoutandconfiguration (category:base,tabindex:1)
2026-07-20 17:48:24,276 [INFO] PluginManage:310 - Check plugin pinoutconfig
2026-07-20 17:48:24,438 [WARN] SupportedApi:132 - Cannot load RTOS API schema: s4s-elt-must-match.1: The content of 'definitions' must match (annotation?, (simpleType | complexType)?, (unique | key | keyref)*)). A problem was found starting at: attribute.
2026-07-20 17:48:24,634 [INFO] PluginManage:359 - Loaded plugin pinoutconfig (category:base,tabindex:0)
2026-07-20 17:48:24,634 [INFO] PluginManage:310 - Check plugin power
2026-07-20 17:48:24,721 [INFO] PluginManage:359 - Loaded plugin power (category:power,tabindex:4)
2026-07-20 17:48:24,721 [INFO] PluginManage:310 - Check plugin projectmanager
2026-07-20 17:48:24,761 [INFO] PluginManage:359 - Loaded plugin projectmanager (category:projectmanager,tabindex:3)
2026-07-20 17:48:24,761 [INFO] PluginManage:310 - Check plugin thirdparty
2026-07-20 17:48:25,324 [INFO] PluginManage:359 - Loaded plugin thirdparty (category:base,tabindex:-1)
2026-07-20 17:48:25,324 [INFO] PluginManage:310 - Check plugin tools
2026-07-20 17:48:25,324 [WARN] IntegrityCheckThread:84 - waiting for thirdparty lock release [integrity check]
2026-07-20 17:48:25,324 [INFO] IntegrityCheckThread:86 - entering critical section [integrity check]
2026-07-20 17:48:25,325 [INFO] ThirdPartyUpdaterWithRetryManager:70 - Updater plugin not ready yet. [1/15]
2026-07-20 17:48:25,375 [INFO] PluginManage:359 - Loaded plugin tools (category:base,tabindex:7)
2026-07-20 17:48:25,375 [INFO] PluginManage:310 - Check plugin tutovideos
2026-07-20 17:48:25,686 [INFO] PluginManage:359 - Loaded plugin tutovideos (category:base,tabindex:-1)
2026-07-20 17:48:25,686 [INFO] PluginManage:310 - Check plugin updater
2026-07-20 17:48:25,724 [INFO] PluginManage:359 - Loaded plugin updater (category:base,tabindex:12)
2026-07-20 17:48:25,724 [INFO] PluginManage:310 - Check plugin userauth
2026-07-20 17:48:25,766 [INFO] UserAuth:114 - Init User Auth plugin
2026-07-20 17:48:25,766 [INFO] PluginManage:359 - Loaded plugin userauth (category:base,tabindex:14)
2026-07-20 17:48:25,766 [INFO] PluginManage:283 - PluginManage : Loaded plugins [17]
2026-07-20 17:48:26,706 [INFO] PinOutPanel:1561 - setPackage(No Configuration,No Configuration)
2026-07-20 17:48:26,989 [INFO] CADModel:165 - CPN selected for project level
2026-07-20 17:48:26,989 [INFO] CADModel:114 - Register for checkConnection events
2026-07-20 17:48:27,070 [INFO] IPUIPlugin:80 - create IPUIPlugin
2026-07-20 17:48:27,071 [INFO] PluginManager:220 - loadIPPluginJar : add adc
2026-07-20 17:48:27,131 [INFO] IPUIPlugin:80 - create IPUIPlugin
2026-07-20 17:48:27,131 [INFO] PluginManager:220 - loadIPPluginJar : add aes
2026-07-20 17:48:27,206 [INFO] IPUIPlugin:80 - create IPUIPlugin
2026-07-20 17:48:27,206 [INFO] PluginManager:220 - loadIPPluginJar : add can
2026-07-20 17:48:27,244 [INFO] IPUIPlugin:80 - create IPUIPlugin
2026-07-20 17:48:27,245 [INFO] PluginManager:220 - loadIPPluginJar : add comp
2026-07-20 17:48:27,285 [INFO] IPUIPlugin:80 - create IPUIPlugin
2026-07-20 17:48:27,285 [INFO] PluginManager:220 - loadIPPluginJar : add cryp
2026-07-20 17:48:27,322 [INFO] IPUIPlugin:80 - create IPUIPlugin
2026-07-20 17:48:27,323 [INFO] PluginManager:220 - loadIPPluginJar : add dfsdm
2026-07-20 17:48:27,349 [INFO] IPUIPlugin:80 - create IPUIPlugin
2026-07-20 17:48:27,350 [INFO] PluginManager:220 - loadIPPluginJar : add dma
2026-07-20 17:48:27,413 [INFO] IPUIPlugin:80 - create IPUIPlugin
2026-07-20 17:48:27,414 [INFO] PluginManager:220 - loadIPPluginJar : add dma3
2026-07-20 17:48:27,480 [INFO] IPUIPlugin:80 - create IPUIPlugin
2026-07-20 17:48:27,480 [INFO] PluginManager:220 - loadIPPluginJar : add extmemmanager
2026-07-20 17:48:27,524 [INFO] IPUIPlugin:80 - create IPUIPlugin
2026-07-20 17:48:27,524 [INFO] PluginManager:220 - loadIPPluginJar : add fatfs
2026-07-20 17:48:27,593 [INFO] IPUIPlugin:80 - create IPUIPlugin
2026-07-20 17:48:27,593 [INFO] PluginManager:220 - loadIPPluginJar : add fmc
2026-07-20 17:48:27,620 [INFO] IPUIPlugin:80 - create IPUIPlugin
2026-07-20 17:48:27,620 [INFO] PluginManager:220 - loadIPPluginJar : add freertos
2026-07-20 17:48:27,653 [INFO] IPUIPlugin:80 - create IPUIPlugin
2026-07-20 17:48:27,653 [INFO] PluginManager:220 - loadIPPluginJar : add genericplugin
2026-07-20 17:48:27,779 [INFO] IPUIPlugin:80 - create IPUIPlugin
2026-07-20 17:48:27,779 [INFO] PluginManager:220 - loadIPPluginJar : add gfxmmu
2026-07-20 17:48:27,946 [INFO] IPUIPlugin:80 - create IPUIPlugin
2026-07-20 17:48:27,946 [INFO] PluginManager:220 - loadIPPluginJar : add gic
2026-07-20 17:48:28,008 [INFO] IPUIPlugin:80 - create IPUIPlugin
2026-07-20 17:48:28,008 [INFO] PluginManager:220 - loadIPPluginJar : add gpio
2026-07-20 17:48:28,124 [INFO] IPUIPlugin:80 - create IPUIPlugin
2026-07-20 17:48:28,125 [INFO] PluginManager:220 - loadIPPluginJar : add gtzc
2026-07-20 17:48:28,187 [INFO] IPUIPlugin:80 - create IPUIPlugin
2026-07-20 17:48:28,188 [INFO] PluginManager:220 - loadIPPluginJar : add hash
2026-07-20 17:48:28,263 [INFO] IPUIPlugin:80 - create IPUIPlugin
2026-07-20 17:48:28,263 [INFO] PluginManager:220 - loadIPPluginJar : add i2c
2026-07-20 17:48:28,309 [INFO] IPUIPlugin:80 - create IPUIPlugin
2026-07-20 17:48:28,309 [INFO] PluginManager:220 - loadIPPluginJar : add i2s
2026-07-20 17:48:28,328 [INFO] ThirdPartyUpdaterWithRetryManager:70 - Updater plugin not ready yet. [2/15]
2026-07-20 17:48:28,362 [INFO] IPUIPlugin:80 - create IPUIPlugin
2026-07-20 17:48:28,362 [INFO] PluginManager:220 - loadIPPluginJar : add i3c
2026-07-20 17:48:28,488 [INFO] IPUIPlugin:80 - create IPUIPlugin
2026-07-20 17:48:28,488 [INFO] PluginManager:220 - loadIPPluginJar : add ipddr
2026-07-20 17:48:28,625 [INFO] IPUIPlugin:80 - create IPUIPlugin
2026-07-20 17:48:28,625 [INFO] PluginManager:220 - loadIPPluginJar : add linkedlist
2026-07-20 17:48:28,677 [INFO] IPUIPlugin:80 - create IPUIPlugin
2026-07-20 17:48:28,677 [INFO] PluginManager:220 - loadIPPluginJar : add lorawan
2026-07-20 17:48:28,724 [INFO] IPUIPlugin:80 - create IPUIPlugin
2026-07-20 17:48:28,725 [INFO] PluginManager:220 - loadIPPluginJar : add ltdc
2026-07-20 17:48:28,753 [INFO] IPUIPlugin:80 - create IPUIPlugin
2026-07-20 17:48:28,753 [INFO] PluginManager:220 - loadIPPluginJar : add mdma
2026-07-20 17:48:28,772 [INFO] IPUIPlugin:80 - create IPUIPlugin
2026-07-20 17:48:28,773 [INFO] PluginManager:220 - loadIPPluginJar : add nvic
2026-07-20 17:48:28,820 [INFO] IPUIPlugin:80 - create IPUIPlugin
2026-07-20 17:48:28,821 [INFO] PluginManager:220 - loadIPPluginJar : add opamp
2026-07-20 17:48:28,904 [INFO] IPUIPlugin:80 - create IPUIPlugin
2026-07-20 17:48:28,904 [INFO] PluginManager:220 - loadIPPluginJar : add openamp
2026-07-20 17:48:28,965 [INFO] IPUIPlugin:80 - create IPUIPlugin
2026-07-20 17:48:28,965 [INFO] PluginManager:220 - loadIPPluginJar : add pdm2pcm
2026-07-20 17:48:28,989 [INFO] IPUIPlugin:80 - create IPUIPlugin
2026-07-20 17:48:28,991 [INFO] PluginManager:220 - loadIPPluginJar : add plateformsettings
2026-07-20 17:48:29,026 [INFO] IPUIPlugin:80 - create IPUIPlugin
2026-07-20 17:48:29,026 [INFO] PluginManager:220 - loadIPPluginJar : add quadspi
2026-07-20 17:48:29,049 [INFO] IPUIPlugin:80 - create IPUIPlugin
2026-07-20 17:48:29,050 [INFO] PluginManager:220 - loadIPPluginJar : add resmgrutility
2026-07-20 17:48:29,116 [INFO] IPUIPlugin:80 - create IPUIPlugin
2026-07-20 17:48:29,117 [INFO] PluginManager:220 - loadIPPluginJar : add sai
2026-07-20 17:48:29,170 [INFO] IPUIPlugin:80 - create IPUIPlugin
2026-07-20 17:48:29,170 [INFO] PluginManager:220 - loadIPPluginJar : add spi
2026-07-20 17:48:29,257 [INFO] IPUIPlugin:80 - create IPUIPlugin
2026-07-20 17:48:29,257 [INFO] PluginManager:220 - loadIPPluginJar : add stm32_wpan
2026-07-20 17:48:29,291 [INFO] IPUIPlugin:80 - create IPUIPlugin
2026-07-20 17:48:29,291 [INFO] PluginManager:220 - loadIPPluginJar : add tim
2026-07-20 17:48:29,392 [INFO] IPUIPlugin:80 - create IPUIPlugin
2026-07-20 17:48:29,392 [INFO] PluginManager:220 - loadIPPluginJar : add touchsensing
2026-07-20 17:48:29,420 [INFO] IPUIPlugin:80 - create IPUIPlugin
2026-07-20 17:48:29,420 [INFO] PluginManager:220 - loadIPPluginJar : add tracer_emb
2026-07-20 17:48:29,453 [INFO] IPUIPlugin:80 - create IPUIPlugin
2026-07-20 17:48:29,454 [INFO] PluginManager:220 - loadIPPluginJar : add ts
2026-07-20 17:48:29,479 [INFO] IPUIPlugin:80 - create IPUIPlugin
2026-07-20 17:48:29,479 [INFO] PluginManager:220 - loadIPPluginJar : add tsc
2026-07-20 17:48:29,504 [INFO] IPUIPlugin:80 - create IPUIPlugin
2026-07-20 17:48:29,504 [INFO] PluginManager:220 - loadIPPluginJar : add ucpd
2026-07-20 17:48:29,558 [INFO] IPUIPlugin:80 - create IPUIPlugin
2026-07-20 17:48:29,558 [INFO] PluginManager:220 - loadIPPluginJar : add usart
2026-07-20 17:48:29,610 [INFO] IPUIPlugin:80 - create IPUIPlugin
2026-07-20 17:48:29,610 [INFO] PluginManager:220 - loadIPPluginJar : add usbx
2026-07-20 17:48:29,799 [INFO] CADModel:165 - CPN selected for project level
2026-07-20 17:48:29,799 [INFO] CADModel:114 - Register for checkConnection events
2026-07-20 17:48:29,799 [FATAL] Updater:308 - Updater called before beeing initialized
2026-07-20 17:48:29,800 [ERROR] CADModel:125 - Updater not yet initialized, retry later 
2026-07-20 17:48:30,303 [INFO] CADModel:165 - CPN selected for project level
2026-07-20 17:48:30,303 [INFO] CADModel:114 - Register for checkConnection events
2026-07-20 17:48:30,304 [FATAL] Updater:308 - Updater called before beeing initialized
2026-07-20 17:48:30,304 [ERROR] CADModel:125 - Updater not yet initialized, retry later 
2026-07-20 17:48:30,314 [FATAL] Updater:308 - Updater called before beeing initialized
2026-07-20 17:48:30,515 [FATAL] Updater:308 - Updater called before beeing initialized
2026-07-20 17:48:30,538 [INFO] DbMcusAds:53 - JSON generation date=Wed Feb 18 08:32:49 CST 2026 (1771425169444)
2026-07-20 17:48:30,538 [FATAL] Updater:308 - Updater called before beeing initialized
2026-07-20 17:48:30,720 [WARN] DetailPanel:346 - Failed to get advertising image, set to default
2026-07-20 17:48:30,813 [FATAL] Updater:308 - Updater called before beeing initialized
2026-07-20 17:48:30,829 [FATAL] Updater:308 - Updater called before beeing initialized
2026-07-20 17:48:30,829 [FATAL] Updater:308 - Updater called before beeing initialized
2026-07-20 17:48:30,829 [WARN] DetailPanel:346 - Failed to get advertising image, set to default
2026-07-20 17:48:30,830 [FATAL] Updater:308 - Updater called before beeing initialized
2026-07-20 17:48:31,003 [ERROR] Updater:1120 - MainUpdater not yet initialized. External WinMGr cannot be set.
2026-07-20 17:48:31,035 [INFO] Updater:1056 - Updater Version found : 6.11.0
2026-07-20 17:48:31,084 [INFO] ApplicationProperties:184 - Using Application install path: D:\Documentos\Electronica\Nueva carpeta\STM32CubeIDE_1.15.0\STM32CubeIDE\plugins\com.st.stm32cube.common.mx_6.11.0.202403141607
2026-07-20 17:48:31,329 [INFO] ThirdPartyUpdaterWithRetryManager:70 - Updater plugin not ready yet. [3/15]
2026-07-20 17:48:32,700 [ERROR] LogOutputStream:75 - [STDERR_REDIRECT] Jul 20, 2026 5:48:32 PM java.util.prefs.WindowsPreferences <init>
2026-07-20 17:48:32,701 [ERROR] LogOutputStream:75 - [STDERR_REDIRECT] WARNING: Could not open/create prefs root node Software\JavaSoft\Prefs at root 0xffffffff80000002. Windows RegCreateKeyEx(...) returned error code 5.
2026-07-20 17:48:32,701 [ERROR] LogOutputStream:75 - [STDERR_REDIRECT] 
2026-07-20 17:48:33,364 [INFO] MainUpdater:2873 - connection check result : 10
2026-07-20 17:48:33,364 [INFO] MainUpdater:290 - Updater Check For Update Now.
2026-07-20 17:48:33,364 [INFO] MicroXplorer:498 - Change Database Version : DB.6.0.110
2026-07-20 17:48:33,412 [INFO] McuFinderGlobals:63 - Set McuFinder mode to 2 (CubeIDE integrated)
2026-07-20 17:48:33,454 [INFO] UserAuth:415 - Internet connection configuration mode: 1
2026-07-20 17:48:33,600 [INFO] JxBrowserEngine:152 - Initiate JxBrowser Engine with user profile folder
2026-07-20 17:48:33,649 [INFO] CheckServerUpdateThread:120 - End of CheckServer Thread
2026-07-20 17:48:35,059 [WARN] PackLoader:240 - Cannot read IP mode file for STMicroelectronics.X-CUBE-AZRTOS-H7.3.5.0
2026-07-20 17:48:35,087 [WARN] PackLoader:240 - Cannot read IP mode file for STMicroelectronics.FP-SNS-MOTENVWB1.1.4.0
2026-07-20 17:48:35,110 [WARN] PackLoader:240 - Cannot read IP mode file for STMicroelectronics.FP-ATR-ASTRA1.2.0.3
2026-07-20 17:48:35,123 [WARN] PackLoader:240 - Cannot read IP mode file for STMicroelectronics.FP-ATR-ASTRA1.2.0.2
2026-07-20 17:48:35,140 [WARN] PackLoader:240 - Cannot read IP mode file for STMicroelectronics.FP-ATR-ASTRA1.2.0.1
2026-07-20 17:48:35,155 [ERROR] Engine:466 - C:\Users\USER\.stm32cubemx\thirdparties\pdsc\STMicroelectronics.X-CUBE-SMBUS.2.1.1.pdsc: PDSC version is not supported
2026-07-20 17:48:35,172 [WARN] PackLoader:240 - Cannot read IP mode file for STMicroelectronics.X-CUBE-SMBUS.2.1.0
2026-07-20 17:48:35,190 [WARN] PackLoader:240 - Cannot read IP mode file for STMicroelectronics.X-CUBE-WB05N.1.1.0
2026-07-20 17:48:35,208 [WARN] PackLoader:240 - Cannot read IP mode file for STMicroelectronics.X-CUBE-TOUCHGFX.4.23.2
2026-07-20 17:48:35,241 [WARN] PackLoader:240 - Cannot read IP mode file for STMicroelectronics.X-CUBE-AZRTOS-F7.1.1.0
2026-07-20 17:48:35,261 [ERROR] Engine:466 - C:\Users\USER\.stm32cubemx\thirdparties\pdsc\STMicroelectronics.X-CUBE-FREERTOS.1.6.0.pdsc: PDSC version is not supported
2026-07-20 17:48:35,324 [WARN] PackLoader:240 - Cannot read IP mode file for STMicroelectronics.X-CUBE-MEMS1.11.0.0
2026-07-20 17:48:35,460 [ERROR] Engine:466 - C:\Users\USER\.stm32cubemx\thirdparties\pdsc\STMicroelectronics.FP-SNS-MOTENV1.5.1.0.pdsc: PDSC version is not supported
2026-07-20 17:48:35,500 [WARN] PackLoader:240 - Cannot read IP mode file for STMicroelectronics.X-CUBE-AZRTOS-H7RS.1.3.0
2026-07-20 17:48:35,522 [WARN] PackLoader:240 - Cannot read IP mode file for STMicroelectronics.FP-SNS-FLIGHT1.5.0.2
2026-07-20 17:48:35,567 [WARN] PackLoader:240 - Cannot read IP mode file for STMicroelectronics.X-CUBE-AZRTOS-H7.3.4.0
2026-07-20 17:48:35,601 [WARN] PackLoader:240 - Cannot read IP mode file for STMicroelectronics.X-CUBE-DISPLAY.3.0.0
2026-07-20 17:48:35,625 [WARN] PackLoader:240 - Cannot read IP mode file for STMicroelectronics.X-CUBE-GNSS1.7.1.1
2026-07-20 17:48:35,644 [ERROR] Engine:466 - C:\Users\USER\.stm32cubemx\thirdparties\pdsc\STMicroelectronics.FP-SNS-MOTENVWB1.1.5.0.pdsc: PDSC version is not supported
2026-07-20 17:48:35,665 [WARN] PackLoader:240 - Cannot read IP mode file for STMicroelectronics.X-CUBE-BLE1.7.0.0
2026-07-20 17:48:35,687 [WARN] PackLoader:240 - Cannot read IP mode file for STMicroelectronics.X-CUBE-NFC10.1.0.0
2026-07-20 17:48:35,714 [WARN] PackLoader:240 - Cannot read IP mode file for STMicroelectronics.X-CUBE-BLEMGR.4.0.0
2026-07-20 17:48:35,734 [ERROR] Engine:466 - C:\Users\USER\.stm32cubemx\thirdparties\pdsc\STMicroelectronics.X-CUBE-ST60.1.1.0.pdsc: PDSC version is not supported
2026-07-20 17:48:35,757 [WARN] PackLoader:240 - Cannot read IP mode file for emotas.I-CUBE-CANOPEN.1.3.0
2026-07-20 17:48:35,996 [ERROR] Engine:466 - C:\Users\USER\.stm32cubemx\thirdparties\pdsc\STMicroelectronics.X-CUBE-WBA.1.1.0.pdsc: PDSC version is not supported
2026-07-20 17:48:36,014 [WARN] PackLoader:240 - Cannot read IP mode file for STMicroelectronics.X-CUBE-GNSS1.7.1.0
2026-07-20 17:48:36,035 [WARN] PackLoader:240 - Cannot read IP mode file for STMicroelectronics.X-CUBE-BLEMGR.3.1.0
2026-07-20 17:48:36,053 [WARN] PackLoader:240 - Cannot read IP mode file for STMicroelectronics.X-CUBE-AI.10.0.0
2026-07-20 17:48:36,120 [ERROR] Engine:466 - C:\Users\USER\.stm32cubemx\thirdparties\pdsc\STMicroelectronics.FP-SNS-STBOX1.2.1.0.pdsc: PDSC version is not supported
2026-07-20 17:48:36,541 [WARN] PackLoader:240 - Cannot read IP mode file for STMicroelectronics.FP-SNS-SMARTAG2.1.2.0
2026-07-20 17:48:36,555 [ERROR] Engine:466 - C:\Users\USER\.stm32cubemx\thirdparties\pdsc\STMicroelectronics.FP-SNS-FLIGHT1.5.1.0.pdsc: PDSC version is not supported
2026-07-20 17:48:36,611 [WARN] PackLoader:240 - Cannot read IP mode file for STMicroelectronics.X-CUBE-MEMS1.11.1.0
2026-07-20 17:48:36,739 [INFO] LogOutputStream:77 - [STDOUT_REDIRECT] 1 : Invalid condition id : UX_CORESTACK_Condition cause : null
2026-07-20 17:48:36,740 [INFO] LogOutputStream:77 - [STDOUT_REDIRECT] 1 : Invalid condition id : UX_CORESTACK_Condition cause : null
2026-07-20 17:48:36,741 [INFO] LogOutputStream:77 - [STDOUT_REDIRECT] 1 : Invalid condition id : UX_CORESTACK_Condition cause : null
2026-07-20 17:48:36,743 [INFO] LogOutputStream:77 - [STDOUT_REDIRECT] 1 : Invalid condition id : UX_CORESTACK_Condition cause : null
2026-07-20 17:48:36,744 [INFO] LogOutputStream:77 - [STDOUT_REDIRECT] 1 : Invalid condition id : UX_CORESTACK_Condition cause : null
2026-07-20 17:48:36,748 [WARN] PackLoader:240 - Cannot read IP mode file for STMicroelectronics.X-CUBE-AZRTOS-WL.2.0.0
2026-07-20 17:48:36,847 [WARN] PackLoader:240 - Cannot read IP mode file for STMicroelectronics.FP-SNS-MOTENV1.5.0.0
2026-07-20 17:48:36,903 [WARN] PackLoader:240 - Cannot read IP mode file for STMicroelectronics.X-CUBE-AZRTOS-H7RS.1.2.0
2026-07-20 17:48:36,931 [WARN] PackLoader:240 - Cannot read IP mode file for wolfSSL.I-CUBE-wolfMQTT.1.19.0
2026-07-20 17:48:36,979 [WARN] PackLoader:240 - Cannot read IP mode file for WES.I-CUBE-Cesium.1.3.0
2026-07-20 17:48:37,002 [WARN] PackLoader:240 - Cannot read IP mode file for STMicroelectronics.X-CUBE-BLE2.3.3.0
2026-07-20 17:48:37,019 [ERROR] Engine:466 - C:\Users\USER\.stm32cubemx\thirdparties\pdsc\Avnet-IOTCONNECT.X-CUBE-iotc-st67-sdk.1.0.0.pdsc: PDSC version is not supported
2026-07-20 17:48:37,041 [WARN] PackLoader:240 - Cannot read IP mode file for STMicroelectronics.X-CUBE-NFC9.1.0.0
2026-07-20 17:48:37,063 [WARN] PackLoader:240 - Cannot read IP mode file for STMicroelectronics.X-CUBE-BLE1.7.1.0
2026-07-20 17:48:37,083 [WARN] PackLoader:240 - Cannot read IP mode file for STMicroelectronics.X-CUBE-TCPP.4.1.0
2026-07-20 17:48:37,104 [ERROR] Engine:466 - C:\Users\USER\.stm32cubemx\thirdparties\pdsc\STMicroelectronics.X-CUBE-FREERTOS.1.4.0.pdsc: PDSC version is not supported
2026-07-20 17:48:37,131 [WARN] PackLoader:240 - Cannot read IP mode file for STMicroelectronics.X-CUBE-EEPRMA1.5.2.0
2026-07-20 17:48:37,153 [ERROR] Engine:466 - C:\Users\USER\.stm32cubemx\thirdparties\pdsc\STMicroelectronics.X-CUBE-ST67W61.1.1.0.pdsc: PDSC version is not supported
2026-07-20 17:48:37,170 [ERROR] Engine:466 - C:\Users\USER\.stm32cubemx\thirdparties\pdsc\STMicroelectronics.FP-SNS-STAIOTCFT.1.1.0.pdsc: PDSC version is not supported
2026-07-20 17:48:37,234 [WARN] PackLoader:240 - Cannot read IP mode file for STMicroelectronics.X-CUBE-MEMS1.12.0.0
2026-07-20 17:48:37,335 [WARN] PackLoader:240 - Cannot read IP mode file for STMicroelectronics.X-CUBE-ALGOBUILD.1.3.0
2026-07-20 17:48:37,414 [WARN] PackLoader:240 - Cannot read IP mode file for STMicroelectronics.X-CUBE-MEMS1.11.2.0
2026-07-20 17:48:37,560 [WARN] PackLoader:240 - Cannot read IP mode file for STMicroelectronics.X-CUBE-AZRTOS-G0.1.1.0
2026-07-20 17:48:37,581 [WARN] PackLoader:240 - Cannot read IP mode file for STMicroelectronics.X-CUBE-SAFEA1.1.2.2
2026-07-20 17:48:37,603 [WARN] PackLoader:240 - Cannot read IP mode file for STMicroelectronics.X-CUBE-NFC4.3.0.0
2026-07-20 17:48:37,638 [WARN] PackLoader:240 - Cannot read IP mode file for EmbeddedOffice.I-CUBE-FS-RTOS.1.0.1
2026-07-20 17:48:37,639 [ERROR] ConditionMgr:805 - Attr not supported : Dmpu
2026-07-20 17:48:37,640 [ERROR] ConditionMgr:805 - Attr not supported : Dmpu
2026-07-20 17:48:37,640 [ERROR] ConditionMgr:805 - Attr not supported : Dmpu
2026-07-20 17:48:37,640 [ERROR] ConditionMgr:805 - Attr not supported : Dmpu
2026-07-20 17:48:37,640 [ERROR] ConditionMgr:805 - Attr not supported : Dmpu
2026-07-20 17:48:37,640 [ERROR] ConditionMgr:805 - Attr not supported : Dmpu
2026-07-20 17:48:37,640 [ERROR] ConditionMgr:805 - Attr not supported : Dmpu
2026-07-20 17:48:37,640 [ERROR] ConditionMgr:805 - Attr not supported : Dmpu
2026-07-20 17:48:37,640 [ERROR] ConditionMgr:805 - Attr not supported : Dmpu
2026-07-20 17:48:37,640 [ERROR] ConditionMgr:805 - Attr not supported : Dmpu
2026-07-20 17:48:37,641 [ERROR] ConditionMgr:805 - Attr not supported : Dmpu
2026-07-20 17:48:37,641 [ERROR] ConditionMgr:805 - Attr not supported : Dmpu
2026-07-20 17:48:37,641 [ERROR] ConditionMgr:805 - Attr not supported : Dmpu
2026-07-20 17:48:37,641 [ERROR] ConditionMgr:805 - Attr not supported : Dmpu
2026-07-20 17:48:37,641 [ERROR] ConditionMgr:805 - Attr not supported : Dmpu
2026-07-20 17:48:37,641 [ERROR] ConditionMgr:805 - Attr not supported : Dmpu
2026-07-20 17:48:37,641 [ERROR] ConditionMgr:805 - Attr not supported : Dmpu
2026-07-20 17:48:37,641 [ERROR] ConditionMgr:805 - Attr not supported : Dmpu
2026-07-20 17:48:37,641 [ERROR] ConditionMgr:805 - Attr not supported : Dmpu
2026-07-20 17:48:37,641 [ERROR] ConditionMgr:805 - Attr not supported : Dmpu
2026-07-20 17:48:37,641 [ERROR] ConditionMgr:805 - Attr not supported : Dmpu
2026-07-20 17:48:37,641 [ERROR] ConditionMgr:805 - Attr not supported : Dmpu
2026-07-20 17:48:37,641 [ERROR] ConditionMgr:805 - Attr not supported : Dmpu
2026-07-20 17:48:37,641 [ERROR] ConditionMgr:805 - Attr not supported : Dmpu
2026-07-20 17:48:37,641 [ERROR] ConditionMgr:805 - Attr not supported : Dmpu
2026-07-20 17:48:37,642 [ERROR] ConditionMgr:805 - Attr not supported : Dmpu
2026-07-20 17:48:37,642 [ERROR] ConditionMgr:805 - Attr not supported : Dmpu
2026-07-20 17:48:37,642 [ERROR] ConditionMgr:805 - Attr not supported : Dmpu
2026-07-20 17:48:37,642 [ERROR] ConditionMgr:805 - Attr not supported : Dmpu
2026-07-20 17:48:37,642 [ERROR] ConditionMgr:805 - Attr not supported : Dmpu
2026-07-20 17:48:37,642 [ERROR] ConditionMgr:805 - Attr not supported : Dmpu
2026-07-20 17:48:37,642 [ERROR] ConditionMgr:805 - Attr not supported : Dmpu
2026-07-20 17:48:37,642 [ERROR] ConditionMgr:805 - Attr not supported : Dmpu
2026-07-20 17:48:37,642 [ERROR] ConditionMgr:805 - Attr not supported : Dmpu
2026-07-20 17:48:37,642 [ERROR] ConditionMgr:805 - Attr not supported : Dmpu
2026-07-20 17:48:37,642 [ERROR] ConditionMgr:805 - Attr not supported : Dmpu
2026-07-20 17:48:37,642 [ERROR] ConditionMgr:805 - Attr not supported : Dmpu
2026-07-20 17:48:37,642 [ERROR] ConditionMgr:805 - Attr not supported : Dmpu
2026-07-20 17:48:37,642 [ERROR] ConditionMgr:805 - Attr not supported : Dmpu
2026-07-20 17:48:37,643 [ERROR] ConditionMgr:805 - Attr not supported : Dmpu
2026-07-20 17:48:37,643 [ERROR] ConditionMgr:805 - Attr not supported : Dmpu
2026-07-20 17:48:37,643 [ERROR] ConditionMgr:805 - Attr not supported : Dmpu
2026-07-20 17:48:37,643 [ERROR] ConditionMgr:805 - Attr not supported : Dmpu
2026-07-20 17:48:37,643 [ERROR] ConditionMgr:805 - Attr not supported : Dmpu
2026-07-20 17:48:37,643 [ERROR] ConditionMgr:805 - Attr not supported : Dmpu
2026-07-20 17:48:37,643 [ERROR] ConditionMgr:805 - Attr not supported : Dmpu
2026-07-20 17:48:37,643 [ERROR] ConditionMgr:805 - Attr not supported : Dmpu
2026-07-20 17:48:37,643 [ERROR] ConditionMgr:805 - Attr not supported : Dmpu
2026-07-20 17:48:37,643 [ERROR] ConditionMgr:805 - Attr not supported : Dmpu
2026-07-20 17:48:37,643 [ERROR] ConditionMgr:805 - Attr not supported : Dmpu
2026-07-20 17:48:37,643 [ERROR] ConditionMgr:805 - Attr not supported : Dmpu
2026-07-20 17:48:37,643 [ERROR] ConditionMgr:805 - Attr not supported : Dmpu
2026-07-20 17:48:37,643 [ERROR] ConditionMgr:805 - Attr not supported : Dmpu
2026-07-20 17:48:37,644 [ERROR] ConditionMgr:805 - Attr not supported : Dmpu
2026-07-20 17:48:37,644 [ERROR] ConditionMgr:805 - Attr not supported : Dmpu
2026-07-20 17:48:37,644 [ERROR] ConditionMgr:805 - Attr not supported : Dmpu
2026-07-20 17:48:37,644 [ERROR] ConditionMgr:805 - Attr not supported : Dmpu
2026-07-20 17:48:37,644 [ERROR] ConditionMgr:805 - Attr not supported : Dmpu
2026-07-20 17:48:37,644 [ERROR] ConditionMgr:805 - Attr not supported : Dmpu
2026-07-20 17:48:37,644 [ERROR] ConditionMgr:805 - Attr not supported : Dmpu
2026-07-20 17:48:37,644 [ERROR] ConditionMgr:805 - Attr not supported : Dmpu
2026-07-20 17:48:37,644 [ERROR] ConditionMgr:805 - Attr not supported : Dmpu
2026-07-20 17:48:37,644 [ERROR] ConditionMgr:805 - Attr not supported : Dmpu
2026-07-20 17:48:37,644 [ERROR] ConditionMgr:805 - Attr not supported : Dmpu
2026-07-20 17:48:37,664 [WARN] PackLoader:240 - Cannot read IP mode file for STMicroelectronics.X-CUBE-WB05N.2.0.0
2026-07-20 17:48:37,682 [ERROR] Engine:466 - C:\Users\USER\.stm32cubemx\thirdparties\pdsc\STMicroelectronics.X-CUBE-TCPP.4.2.0.pdsc: PDSC version is not supported
2026-07-20 17:48:37,705 [WARN] PackLoader:240 - Cannot read IP mode file for RealThread.X-CUBE-RT-Thread_Nano.4.1.1
2026-07-20 17:48:37,712 [INFO] WebApp:161 - Instantiating new browser for Auth
2026-07-20 17:48:37,724 [WARN] PackLoader:240 - Cannot read IP mode file for wolfSSL.I-CUBE-wolfSSL.5.7.0
2026-07-20 17:48:37,745 [WARN] PackLoader:240 - Cannot read IP mode file for STMicroelectronics.FP-ATR-SIGFOX1.3.2.0
2026-07-20 17:48:37,768 [WARN] ConditionMgr:438 - getConditionDescription Invalid condition id : Cortex-A Device cause : null
2026-07-20 17:48:37,809 [WARN] ConditionMgr:1039 - genDependencies : Invalid condition id : Cortex-A Device cause : null
2026-07-20 17:48:37,810 [WARN] ConditionMgr:1039 - genDependencies : Invalid condition id : Cortex-A Device cause : null
2026-07-20 17:48:37,810 [WARN] ConditionMgr:1039 - genDependencies : Invalid condition id : Cortex-A Device cause : null
2026-07-20 17:48:37,834 [WARN] PackLoader:240 - Cannot read IP mode file for STMicroelectronics.X-CUBE-EEPRMA1.5.1.0
2026-07-20 17:48:37,858 [ERROR] Engine:466 - C:\Users\USER\.stm32cubemx\thirdparties\pdsc\STMicroelectronics.X-CUBE-FREERTOS.1.5.0.pdsc: PDSC version is not supported
2026-07-20 17:48:37,887 [WARN] PackLoader:240 - Cannot read IP mode file for ITTIA_DB.I-CUBE-ITTIADB.8.9.0
2026-07-20 17:48:37,910 [WARN] PackLoader:240 - Cannot read IP mode file for STMicroelectronics.X-CUBE-NFC6.3.2.0
2026-07-20 17:48:37,929 [WARN] PackLoader:240 - Cannot read IP mode file for STMicroelectronics.X-CUBE-AI.10.2.1
2026-07-20 17:48:37,944 [WARN] PackLoader:240 - Cannot read IP mode file for STMicroelectronics.X-CUBE-AI.10.2.0
2026-07-20 17:48:38,006 [WARN] PackLoader:240 - Cannot read IP mode file for STMicroelectronics.X-CUBE-MEMS1.12.1.0
2026-07-20 17:48:38,147 [WARN] PackLoader:240 - Cannot read IP mode file for SEGGER.I-CUBE-embOS.1.3.1
2026-07-20 17:48:38,207 [WARN] PackLoader:240 - Cannot read IP mode file for STMicroelectronics.X-CUBE-ALGOBUILD.1.4.0
2026-07-20 17:48:38,231 [WARN] PackLoader:240 - Cannot read IP mode file for STMicroelectronics.X-CUBE-AI.9.1.0
2026-07-20 17:48:38,255 [WARN] PackLoader:240 - Cannot read IP mode file for STMicroelectronics.X-CUBE-NFC13.1.0.0
2026-07-20 17:48:38,277 [WARN] PackLoader:240 - Cannot read IP mode file for STMicroelectronics.X-CUBE-PM33A1.1.0.0
2026-07-20 17:48:38,303 [WARN] PackLoader:240 - Cannot read IP mode file for STMicroelectronics.X-CUBE-GNSS1.6.0.0
2026-07-20 17:48:38,338 [WARN] PackLoader:240 - Cannot read IP mode file for STMicroelectronics.X-CUBE-AZRTOS-F4.1.1.0
2026-07-20 17:48:38,358 [ERROR] Engine:466 - C:\Users\USER\.stm32cubemx\thirdparties\pdsc\Avnet-IotConnect.X-CUBE-IoTC-DA16k-PMOD.1.0.0.pdsc: PDSC version is not supported
2026-07-20 17:48:38,382 [WARN] PackLoader:240 - Cannot read IP mode file for STMicroelectronics.X-CUBE-ISPU.2.1.0
2026-07-20 17:48:38,409 [ERROR] Engine:466 - C:\Users\USER\.stm32cubemx\thirdparties\pdsc\STMicroelectronics.X-CUBE-IPS.3.2.0.pdsc: PDSC version is not supported
2026-07-20 17:48:38,422 [ERROR] Engine:466 - C:\Users\USER\.stm32cubemx\thirdparties\pdsc\STMicroelectronics.eDS-WB_DPC_TT-BIDIR.2.1.1.pdsc: PDSC version is not supported
2026-07-20 17:48:38,441 [WARN] PackLoader:240 - Cannot read IP mode file for STMicroelectronics.X-CUBE-FREERTOS.1.2.0
2026-07-20 17:48:38,461 [WARN] PackLoader:240 - Cannot read IP mode file for STMicroelectronics.X-CUBE-NFC12.1.0.0
2026-07-20 17:48:38,497 [WARN] PackLoader:240 - Cannot read IP mode file for STMicroelectronics.X-CUBE-AZRTOS-L5.2.0.0
2026-07-20 17:48:38,519 [WARN] PackLoader:240 - Cannot read IP mode file for STMicroelectronics.X-CUBE-NFC6.3.1.0
2026-07-20 17:48:38,542 [WARN] PackLoader:240 - Cannot read IP mode file for STMicroelectronics.X-CUBE-ALGOBUILD.1.5.0
2026-07-20 17:48:38,566 [WARN] PackLoader:240 - Cannot read IP mode file for STMicroelectronics.X-CUBE-DPower.1.2.0
2026-07-20 17:48:38,583 [ERROR] Engine:466 - C:\Users\USER\.stm32cubemx\thirdparties\pdsc\STMicroelectronics.eDS-WB_DPC_VIENNA.1.2.0.pdsc: PDSC version is not supported
2026-07-20 17:48:38,601 [ERROR] Engine:466 - C:\Users\USER\.stm32cubemx\thirdparties\pdsc\STMicroelectronics.eDS-WB_DPC_3PH2L-BIDIR.1.1.1.pdsc: PDSC version is not supported
2026-07-20 17:48:38,621 [WARN] PackLoader:240 - Cannot read IP mode file for STMicroelectronics.X-CUBE-AI.9.0.0
2026-07-20 17:48:38,642 [ERROR] Engine:466 - C:\Users\USER\.stm32cubemx\thirdparties\pdsc\STMicroelectronics.X-CUBE-ST67W61.1.3.0.pdsc: PDSC version is not supported
2026-07-20 17:48:38,661 [WARN] PackLoader:240 - Cannot read IP mode file for STMicroelectronics.X-CUBE-FREERTOS.1.3.1
2026-07-20 17:48:38,684 [WARN] PackLoader:240 - Cannot read IP mode file for STMicroelectronics.X-CUBE-FREERTOS.1.3.0
2026-07-20 17:48:38,707 [WARN] PackLoader:240 - Cannot read IP mode file for STMicroelectronics.X-CUBE-NFC7.1.0.1
2026-07-20 17:48:38,731 [WARN] PackLoader:240 - Cannot read IP mode file for STMicroelectronics.X-CUBE-TOUCHGFX.4.26.0
2026-07-20 17:48:38,926 [WARN] PackLoader:240 - Cannot read IP mode file for STMicroelectronics.X-CUBE-TOUCHGFX.4.26.1
2026-07-20 17:48:38,945 [ERROR] Engine:466 - C:\Users\USER\.stm32cubemx\thirdparties\pdsc\STMicroelectronics.FP-SNS-STAIOTCFT.1.0.0.pdsc: PDSC version is not supported
2026-07-20 17:48:38,964 [WARN] PackLoader:240 - Cannot read IP mode file for STMicroelectronics.X-CUBE-DPower.1.3.0
2026-07-20 17:48:39,000 [WARN] ConditionMgr:438 - getConditionDescription Invalid condition id : LAN8742 Phy interface Condition cause : null
2026-07-20 17:48:39,001 [WARN] PackLoader:240 - Cannot read IP mode file for STMicroelectronics.X-CUBE-AZRTOS-L4.2.0.0
2026-07-20 17:48:39,002 [WARN] ConditionMgr:1039 - genDependencies : Invalid condition id : LAN8742 Phy interface Condition cause : null
2026-07-20 17:48:39,002 [WARN] ConditionMgr:1039 - genDependencies : Invalid condition id : LAN8742 Phy interface Condition cause : null
2026-07-20 17:48:39,003 [WARN] ConditionMgr:1039 - genDependencies : Invalid condition id : LAN8742 Phy interface Condition cause : null
2026-07-20 17:48:39,027 [WARN] PackLoader:240 - Cannot read IP mode file for STMicroelectronics.X-CUBE-SFXS2LP1.4.0.0
2026-07-20 17:48:39,049 [WARN] PackLoader:240 - Cannot read IP mode file for STMicroelectronics.X-CUBE-WB05N.2.1.0
2026-07-20 17:48:39,068 [ERROR] Engine:466 - C:\Users\USER\.stm32cubemx\thirdparties\pdsc\STMicroelectronics.X-CUBE-ST67W61.1.2.0.pdsc: PDSC version is not supported
2026-07-20 17:48:39,109 [WARN] PackLoader:240 - Cannot read IP mode file for STMicroelectronics.X-CUBE-AZRTOS-H7.3.3.0
2026-07-20 17:48:39,131 [ERROR] Engine:466 - C:\Users\USER\.stm32cubemx\thirdparties\pdsc\STMicroelectronics.X-CUBE-BLEMGR.4.1.0.pdsc: PDSC version is not supported
2026-07-20 17:48:39,156 [WARN] PackLoader:240 - Cannot read IP mode file for STMicroelectronics.X-CUBE-IPS.3.0.0
2026-07-20 17:48:39,189 [WARN] ConditionMgr:438 - getConditionDescription Invalid condition id : UX DEVICE CLASS RTOS Condition cause : null
2026-07-20 17:48:39,189 [WARN] ConditionMgr:438 - getConditionDescription Invalid condition id : UX DEVICE CLASS RTOS Condition cause : null
2026-07-20 17:48:39,191 [WARN] PackLoader:240 - Cannot read IP mode file for STMicroelectronics.X-CUBE-AZRTOS-WB.2.0.0
2026-07-20 17:48:39,192 [WARN] ConditionMgr:1039 - genDependencies : Invalid condition id : UX DEVICE CLASS RTOS Condition cause : null
2026-07-20 17:48:39,192 [WARN] ConditionMgr:1039 - genDependencies : Invalid condition id : UX DEVICE CLASS RTOS Condition cause : null
2026-07-20 17:48:39,193 [WARN] ConditionMgr:1039 - genDependencies : Invalid condition id : UX DEVICE CLASS RTOS Condition cause : null
2026-07-20 17:48:39,193 [WARN] ConditionMgr:1039 - genDependencies : Invalid condition id : UX DEVICE CLASS RTOS Condition cause : null
2026-07-20 17:48:39,193 [WARN] ConditionMgr:1039 - genDependencies : Invalid condition id : UX DEVICE CLASS RTOS Condition cause : null
2026-07-20 17:48:39,221 [WARN] PackLoader:240 - Cannot read IP mode file for STMicroelectronics.X-CUBE-GNSS1.7.0.0
2026-07-20 17:48:39,244 [WARN] PackLoader:240 - Cannot read IP mode file for STMicroelectronics.X-CUBE-GNSS1.7.0.1
2026-07-20 17:48:39,262 [WARN] PackLoader:240 - Cannot read IP mode file for STMicroelectronics.X-CUBE-TOUCHGFX.4.25.0
2026-07-20 17:48:39,281 [WARN] PackLoader:240 - Cannot read IP mode file for STMicroelectronics.FP-SNS-STBOX1.2.0.0
2026-07-20 17:48:39,302 [WARN] PackLoader:240 - Cannot read IP mode file for STMicroelectronics.X-CUBE-STSE01.2.0.0
2026-07-20 17:48:39,328 [WARN] PackLoader:240 - Cannot read IP mode file for STMicroelectronics.X-CUBE-SUBG2.5.0.0
2026-07-20 17:48:39,366 [WARN] PackLoader:240 - Cannot read IP mode file for STMicroelectronics.X-CUBE-AZRTOS-H7RS.1.1.0
2026-07-20 17:48:39,385 [WARN] PackLoader:240 - Cannot read IP mode file for Cesanta.I-CUBE-Mongoose.7.13.0
2026-07-20 17:48:39,394 [INFO] WebApp:779 - Register for checkConnection events
2026-07-20 17:48:39,394 [INFO] WebApp:414 - Apply proxy settings
2026-07-20 17:48:39,395 [INFO] WebApp:499 - Chromium requires no authentication
2026-07-20 17:48:39,404 [INFO] WebApp:442 - Direct internet connection detected
2026-07-20 17:48:39,416 [WARN] PackLoader:240 - Cannot read IP mode file for STMicroelectronics.X-CUBE-AZRTOS-G4.2.0.0
2026-07-20 17:48:39,434 [WARN] PackLoader:240 - Cannot read IP mode file for STMicroelectronics.X-CUBE-NFC7.2.0.0
2026-07-20 17:48:39,451 [WARN] PackLoader:240 - Cannot read IP mode file for STMicroelectronics.X-CUBE-ISPU.2.0.0
2026-07-20 17:48:39,478 [ERROR] Engine:466 - C:\Users\USER\.stm32cubemx\thirdparties\pdsc\STMicroelectronics.X-CUBE-IPS.3.1.0.pdsc: PDSC version is not supported
2026-07-20 17:48:39,499 [ERROR] Engine:466 - C:\Users\USER\.stm32cubemx\thirdparties\pdsc\STMicroelectronics.X-CUBE-BLEMGR.4.2.0.pdsc: PDSC version is not supported
2026-07-20 17:48:39,513 [WARN] PackLoader:240 - Cannot read IP mode file for STMicroelectronics.X-CUBE-ALS.1.0.2
2026-07-20 17:48:39,560 [WARN] PackLoader:240 - Cannot read IP mode file for STMicroelectronics.X-CUBE-MEMS1.10.0.0
2026-07-20 17:48:39,647 [WARN] PackLoader:240 - Cannot read IP mode file for STMicroelectronics.X-CUBE-FREERTOS.1.1.0
2026-07-20 17:48:39,666 [WARN] PackLoader:240 - Cannot read IP mode file for STMicroelectronics.X-CUBE-TOUCHGFX.4.24.2
2026-07-20 17:48:39,683 [WARN] PackLoader:240 - Cannot read IP mode file for STMicroelectronics.X-CUBE-TOUCHGFX.4.24.1
2026-07-20 17:48:39,706 [WARN] PackLoader:240 - Cannot read IP mode file for STMicroelectronics.X-CUBE-STSE01.1.0.0
2026-07-20 17:48:39,726 [WARN] PackLoader:240 - Cannot read IP mode file for wolfSSL.I-CUBE-wolfTPM.3.4.0
2026-07-20 17:48:39,749 [WARN] PackLoader:240 - Cannot read IP mode file for portGmbH.I-Cube-SoM-uGOAL.1.1.0
2026-07-20 17:48:39,768 [WARN] PackLoader:240 - Cannot read IP mode file for STMicroelectronics.X-CUBE-ALS.1.0.1
2026-07-20 17:48:39,803 [WARN] PackLoader:240 - Cannot read IP mode file for STMicroelectronics.X-CUBE-AZRTOS-H7RS.1.0.0
2026-07-20 17:48:39,820 [WARN] PackLoader:240 - Cannot read IP mode file for STMicroelectronics.FP-ATR-ASTRA1.2.0.0
2026-07-20 17:48:39,843 [WARN] PackLoader:240 - Cannot read IP mode file for STMicroelectronics.X-CUBE-TOF1.3.4.2
2026-07-20 17:48:39,887 [INFO] WebApp:192 - Starting web application
2026-07-20 17:48:39,887 [INFO] WebApp:544 - Web application path used D:\Documentos\Electronica\Nueva carpeta\STM32CubeIDE_1.15.0\STM32CubeIDE\plugins\com.st.stm32cube.common.mx_6.11.0.202403141607\db\plugins\mcufinder\reactClient1\index.html
2026-07-20 17:48:39,993 [ERROR] Engine:466 - C:\Users\USER\.stm32cubemx\thirdparties\pdsc\STMicroelectronics.X-CUBE-TOF1.3.4.3.pdsc: PDSC version is not supported
2026-07-20 17:48:40,019 [WARN] PackLoader:240 - Cannot read IP mode file for STMicroelectronics.X-CUBE-TOF1.3.4.1
2026-07-20 17:48:40,074 [WARN] PackLoader:240 - Cannot read IP mode file for STMicroelectronics.X-CUBE-AZRTOS-H7.3.2.0
2026-07-20 17:48:40,110 [WARN] PackLoader:240 - Cannot read IP mode file for Infineon.AIROC-Wi-Fi-Bluetooth-STM32.1.6.0
2026-07-20 17:48:40,130 [WARN] PackLoader:240 - Cannot read IP mode file for wolfSSL.I-CUBE-wolfSSH.1.4.17
2026-07-20 17:48:40,130 [INFO] ThirdParty:978 - Integrity check success = true
2026-07-20 17:48:40,130 [INFO] IntegrityCheckThread:100 - exiting critical section [integrity check]
2026-07-20 17:48:40,130 [INFO] IntegrityCheckThread:103 - End integrity checks thread
2026-07-20 18:24:25,829 [ERROR] LogOutputStream:75 - [STDERR_REDIRECT] 
