2026-03-18 03:10:08,944 [INFO] Activator:176 - 


2026-03-18 03:10:08,967 [INFO] Activator:177 - !SESSION log4j initialized
2026-03-18 03:10:23,671 [INFO] LogOutputStream:77 - [STDOUT_REDIRECT] 
2026-03-18 03:10:32,156 [INFO] ApplicationProperties:184 - Using Application install path: D:\Documentos\Electronica\Nueva carpeta\STM32CubeIDE_1.15.0\STM32CubeIDE\plugins\com.st.stm32cube.common.mx_6.11.0.202403141607
2026-03-18 03:10:32,213 [INFO] DbMcusXml:78 - Set database path to: D:\Documentos\Electronica\Nueva carpeta\STM32CubeIDE_1.15.0\STM32CubeIDE\plugins\com.st.stm32cube.common.mx_6.11.0.202403141607\\db\/mcu/
2026-03-18 03:10:32,213 [INFO] ApiDb:274 - Set plugin database path to: D:\Documentos\Electronica\Nueva carpeta\STM32CubeIDE_1.15.0\STM32CubeIDE\plugins\com.st.stm32cube.common.mx_6.11.0.202403141607\\db\/plugins/boardmanager/
2026-03-18 03:10:32,213 [WARN] ApiDb:259 - Overriding images path with different value:  => D:\Documentos\Electronica\Nueva carpeta\STM32CubeIDE_1.15.0\STM32CubeIDE\plugins\com.st.stm32cube.common.mx_6.11.0.202403141607\\db\/plugins/mcufinder/images/
2026-03-18 03:10:32,241 [INFO] ApiDb:250 - Set database path to: C:\Users\USER\.stmcufinder\plugins\mcufinder//mcu/
2026-03-18 03:10:32,241 [INFO] DbMcusAds:125 - Set database path to: C:\Users\USER\.stmcufinder\plugins\mcufinder//mcu/
2026-03-18 03:10:32,244 [INFO] CrossReferenceDbSqlite:203 - Set database path to: C:\Users\USER\.stmcufinder\plugins\mcufinder//mcu/cs/
2026-03-18 03:10:32,463 [INFO] RulesReader:64 - Compatibility file has been processed (297 Rules)
2026-03-18 03:10:32,922 [INFO] DbMcusXml:78 - Set database path to: D:\Documentos\Electronica\Nueva carpeta\STM32CubeIDE_1.15.0\STM32CubeIDE\plugins\com.st.stm32cube.common.mx_6.11.0.202403141607\\db\/mcu/
2026-03-18 03:10:32,922 [INFO] ApiDb:274 - Set plugin database path to: D:\Documentos\Electronica\Nueva carpeta\STM32CubeIDE_1.15.0\STM32CubeIDE\plugins\com.st.stm32cube.common.mx_6.11.0.202403141607\\db\/plugins/boardmanager/
2026-03-18 03:10:32,922 [INFO] ApiDb:261 - Set plugin images path to: D:\Documentos\Electronica\Nueva carpeta\STM32CubeIDE_1.15.0\STM32CubeIDE\plugins\com.st.stm32cube.common.mx_6.11.0.202403141607\\db\/plugins/mcufinder/images/
2026-03-18 03:10:32,922 [WARN] DbFile:41 - Overriding database path with different value: C:\Users\USER\.stmcufinder\plugins\mcufinder/ => C:\Users\USER\.stmcufinder\plugins\mcufinder
2026-03-18 03:10:32,924 [INFO] ApiDb:250 - Set database path to: C:\Users\USER\.stmcufinder\plugins\mcufinder//mcu/
2026-03-18 03:10:32,924 [WARN] DbFile:41 - Overriding database path with different value: C:\Users\USER\.stmcufinder\plugins\mcufinder/ => C:\Users\USER\.stmcufinder\plugins\mcufinder
2026-03-18 03:10:32,924 [INFO] DbMcusAds:125 - Set database path to: C:\Users\USER\.stmcufinder\plugins\mcufinder//mcu/
2026-03-18 03:10:32,924 [WARN] DbFile:41 - Overriding database path with different value: C:\Users\USER\.stmcufinder\plugins\mcufinder/ => C:\Users\USER\.stmcufinder\plugins\mcufinder
2026-03-18 03:10:32,924 [WARN] DbFile:41 - Overriding database path with different value: C:\Users\USER\.stmcufinder\plugins\mcufinder/ => C:\Users\USER\.stmcufinder\plugins\mcufinder
2026-03-18 03:10:32,924 [INFO] CrossReferenceDbSqlite:203 - Set database path to: C:\Users\USER\.stmcufinder\plugins\mcufinder//mcu/cs/
2026-03-18 03:10:33,263 [INFO] MainPanel:264 - HeapMemory: 268435456
2026-03-18 03:10:33,776 [INFO] DbMcusXml:78 - Set database path to: D:\Documentos\Electronica\Nueva carpeta\STM32CubeIDE_1.15.0\STM32CubeIDE\plugins\com.st.stm32cube.common.mx_6.11.0.202403141607\\db\/mcu/
2026-03-18 03:10:33,776 [INFO] ApiDb:274 - Set plugin database path to: D:\Documentos\Electronica\Nueva carpeta\STM32CubeIDE_1.15.0\STM32CubeIDE\plugins\com.st.stm32cube.common.mx_6.11.0.202403141607\\db\/plugins/boardmanager/
2026-03-18 03:10:33,776 [INFO] ApiDb:261 - Set plugin images path to: D:\Documentos\Electronica\Nueva carpeta\STM32CubeIDE_1.15.0\STM32CubeIDE\plugins\com.st.stm32cube.common.mx_6.11.0.202403141607\\db\/plugins/mcufinder/images/
2026-03-18 03:10:33,776 [WARN] DbFile:41 - Overriding database path with different value: C:\Users\USER\.stmcufinder\plugins\mcufinder/ => C:\Users\USER\.stmcufinder\plugins\mcufinder
2026-03-18 03:10:33,776 [INFO] ApiDb:250 - Set database path to: C:\Users\USER\.stmcufinder\plugins\mcufinder//mcu/
2026-03-18 03:10:33,776 [WARN] DbFile:41 - Overriding database path with different value: C:\Users\USER\.stmcufinder\plugins\mcufinder/ => C:\Users\USER\.stmcufinder\plugins\mcufinder
2026-03-18 03:10:33,776 [INFO] DbMcusAds:125 - Set database path to: C:\Users\USER\.stmcufinder\plugins\mcufinder//mcu/
2026-03-18 03:10:33,776 [WARN] DbFile:41 - Overriding database path with different value: C:\Users\USER\.stmcufinder\plugins\mcufinder/ => C:\Users\USER\.stmcufinder\plugins\mcufinder
2026-03-18 03:10:33,776 [WARN] DbFile:41 - Overriding database path with different value: C:\Users\USER\.stmcufinder\plugins\mcufinder/ => C:\Users\USER\.stmcufinder\plugins\mcufinder
2026-03-18 03:10:33,776 [INFO] CrossReferenceDbSqlite:203 - Set database path to: C:\Users\USER\.stmcufinder\plugins\mcufinder//mcu/cs/
2026-03-18 03:10:33,845 [INFO] ApplicationProperties:184 - Using Application install path: D:\Documentos\Electronica\Nueva carpeta\STM32CubeIDE_1.15.0\STM32CubeIDE\plugins\com.st.stm32cube.common.mx_6.11.0.202403141607
2026-03-18 03:10:33,856 [INFO] PluginManage:196 - Search for loadable plugins [exclusion list=, ]
2026-03-18 03:10:33,863 [INFO] PluginManage:310 - Check plugin analytics
2026-03-18 03:10:34,289 [INFO] AnalyticsPlugin:253 - Accepted Software Licenses: 
2026-03-18 03:10:34,289 [INFO] AnalyticsPlugin:255 - Accepted CMSIS Pack Licenses: STMicroelectronics.X-CUBE-TOUCHGFX.4.26.0,STMicroelectronics.X-CUBE-TOF1.3.4.2
2026-03-18 03:10:34,289 [INFO] AnalyticsPlugin:257 - Accepted Firmware Licenses: FW.F7.1.17.0,FW.H7.1.11.0,FW.F4.1.28.0
2026-03-18 03:10:34,294 [INFO] PluginManage:359 - Loaded plugin analytics (category:tool,tabindex:-1)
2026-03-18 03:10:34,294 [INFO] PluginManage:310 - Check plugin cadmodel
2026-03-18 03:10:34,362 [INFO] CADModel:105 - Init CAD model plugin
2026-03-18 03:10:34,362 [INFO] PluginManage:359 - Loaded plugin cadmodel (category:power,tabindex:5)
2026-03-18 03:10:34,362 [INFO] PluginManage:310 - Check plugin clock
2026-03-18 03:10:34,424 [INFO] PluginManage:359 - Loaded plugin clock (category:base,tabindex:2)
2026-03-18 03:10:34,424 [INFO] PluginManage:310 - Check plugin ddr
2026-03-18 03:10:34,433 [INFO] PluginManage:359 - Loaded plugin ddr (category:tool,tabindex:6)
2026-03-18 03:10:34,433 [INFO] PluginManage:310 - Check plugin filemanager
2026-03-18 03:10:34,807 [INFO] PluginManage:359 - Loaded plugin filemanager (category:base,tabindex:10)
2026-03-18 03:10:34,807 [INFO] PluginManage:310 - Check plugin ipmanager
2026-03-18 03:10:34,848 [INFO] PluginManage:359 - Loaded plugin ipmanager (category:base,tabindex:5)
2026-03-18 03:10:34,848 [INFO] PluginManage:310 - Check plugin lpbam
2026-03-18 03:10:34,897 [INFO] PluginManage:359 - Loaded plugin lpbam (category:base,tabindex:0)
2026-03-18 03:10:34,897 [INFO] PluginManage:310 - Check plugin memorymap
2026-03-18 03:10:34,974 [INFO] PluginManage:359 - Loaded plugin memorymap (category:base,tabindex:4)
2026-03-18 03:10:34,974 [INFO] PluginManage:310 - Check plugin pinoutandconfiguration
2026-03-18 03:10:35,018 [INFO] PluginManage:359 - Loaded plugin pinoutandconfiguration (category:base,tabindex:1)
2026-03-18 03:10:35,018 [INFO] PluginManage:310 - Check plugin pinoutconfig
2026-03-18 03:10:35,216 [WARN] SupportedApi:132 - Cannot load RTOS API schema: s4s-elt-must-match.1: The content of 'definitions' must match (annotation?, (simpleType | complexType)?, (unique | key | keyref)*)). A problem was found starting at: attribute.
2026-03-18 03:10:35,480 [INFO] PluginManage:359 - Loaded plugin pinoutconfig (category:base,tabindex:0)
2026-03-18 03:10:35,480 [INFO] PluginManage:310 - Check plugin power
2026-03-18 03:10:35,565 [INFO] PluginManage:359 - Loaded plugin power (category:power,tabindex:4)
2026-03-18 03:10:35,565 [INFO] PluginManage:310 - Check plugin projectmanager
2026-03-18 03:10:35,613 [INFO] PluginManage:359 - Loaded plugin projectmanager (category:projectmanager,tabindex:3)
2026-03-18 03:10:35,613 [INFO] PluginManage:310 - Check plugin thirdparty
2026-03-18 03:10:36,233 [INFO] PluginManage:359 - Loaded plugin thirdparty (category:base,tabindex:-1)
2026-03-18 03:10:36,233 [INFO] PluginManage:310 - Check plugin tools
2026-03-18 03:10:36,233 [WARN] IntegrityCheckThread:84 - waiting for thirdparty lock release [integrity check]
2026-03-18 03:10:36,233 [INFO] IntegrityCheckThread:86 - entering critical section [integrity check]
2026-03-18 03:10:36,233 [INFO] ThirdPartyUpdaterWithRetryManager:70 - Updater plugin not ready yet. [1/15]
2026-03-18 03:10:36,298 [INFO] PluginManage:359 - Loaded plugin tools (category:base,tabindex:7)
2026-03-18 03:10:36,298 [INFO] PluginManage:310 - Check plugin tutovideos
2026-03-18 03:10:36,644 [INFO] PluginManage:359 - Loaded plugin tutovideos (category:base,tabindex:-1)
2026-03-18 03:10:36,644 [INFO] PluginManage:310 - Check plugin updater
2026-03-18 03:10:36,688 [INFO] PluginManage:359 - Loaded plugin updater (category:base,tabindex:12)
2026-03-18 03:10:36,688 [INFO] PluginManage:310 - Check plugin userauth
2026-03-18 03:10:36,763 [INFO] UserAuth:114 - Init User Auth plugin
2026-03-18 03:10:36,763 [INFO] PluginManage:359 - Loaded plugin userauth (category:base,tabindex:14)
2026-03-18 03:10:36,763 [INFO] PluginManage:283 - PluginManage : Loaded plugins [17]
2026-03-18 03:10:37,649 [INFO] PinOutPanel:1561 - setPackage(No Configuration,No Configuration)
2026-03-18 03:10:37,943 [INFO] CADModel:165 - CPN selected for project level
2026-03-18 03:10:37,943 [INFO] CADModel:114 - Register for checkConnection events
2026-03-18 03:10:38,013 [INFO] IPUIPlugin:80 - create IPUIPlugin
2026-03-18 03:10:38,018 [INFO] PluginManager:220 - loadIPPluginJar : add adc
2026-03-18 03:10:38,067 [INFO] IPUIPlugin:80 - create IPUIPlugin
2026-03-18 03:10:38,067 [INFO] PluginManager:220 - loadIPPluginJar : add aes
2026-03-18 03:10:38,143 [INFO] IPUIPlugin:80 - create IPUIPlugin
2026-03-18 03:10:38,146 [INFO] PluginManager:220 - loadIPPluginJar : add can
2026-03-18 03:10:38,197 [INFO] IPUIPlugin:80 - create IPUIPlugin
2026-03-18 03:10:38,198 [INFO] PluginManager:220 - loadIPPluginJar : add comp
2026-03-18 03:10:38,253 [INFO] IPUIPlugin:80 - create IPUIPlugin
2026-03-18 03:10:38,253 [INFO] PluginManager:220 - loadIPPluginJar : add cryp
2026-03-18 03:10:38,305 [INFO] IPUIPlugin:80 - create IPUIPlugin
2026-03-18 03:10:38,305 [INFO] PluginManager:220 - loadIPPluginJar : add dfsdm
2026-03-18 03:10:38,333 [INFO] IPUIPlugin:80 - create IPUIPlugin
2026-03-18 03:10:38,334 [INFO] PluginManager:220 - loadIPPluginJar : add dma
2026-03-18 03:10:38,406 [INFO] IPUIPlugin:80 - create IPUIPlugin
2026-03-18 03:10:38,406 [INFO] PluginManager:220 - loadIPPluginJar : add dma3
2026-03-18 03:10:38,482 [INFO] IPUIPlugin:80 - create IPUIPlugin
2026-03-18 03:10:38,482 [INFO] PluginManager:220 - loadIPPluginJar : add extmemmanager
2026-03-18 03:10:38,531 [INFO] IPUIPlugin:80 - create IPUIPlugin
2026-03-18 03:10:38,531 [INFO] PluginManager:220 - loadIPPluginJar : add fatfs
2026-03-18 03:10:38,608 [INFO] IPUIPlugin:80 - create IPUIPlugin
2026-03-18 03:10:38,609 [INFO] PluginManager:220 - loadIPPluginJar : add fmc
2026-03-18 03:10:38,640 [INFO] IPUIPlugin:80 - create IPUIPlugin
2026-03-18 03:10:38,640 [INFO] PluginManager:220 - loadIPPluginJar : add freertos
2026-03-18 03:10:38,680 [INFO] IPUIPlugin:80 - create IPUIPlugin
2026-03-18 03:10:38,680 [INFO] PluginManager:220 - loadIPPluginJar : add genericplugin
2026-03-18 03:10:38,826 [INFO] IPUIPlugin:80 - create IPUIPlugin
2026-03-18 03:10:38,826 [INFO] PluginManager:220 - loadIPPluginJar : add gfxmmu
2026-03-18 03:10:39,016 [INFO] IPUIPlugin:80 - create IPUIPlugin
2026-03-18 03:10:39,016 [INFO] PluginManager:220 - loadIPPluginJar : add gic
2026-03-18 03:10:39,059 [INFO] IPUIPlugin:80 - create IPUIPlugin
2026-03-18 03:10:39,059 [INFO] PluginManager:220 - loadIPPluginJar : add gpio
2026-03-18 03:10:39,190 [INFO] IPUIPlugin:80 - create IPUIPlugin
2026-03-18 03:10:39,190 [INFO] PluginManager:220 - loadIPPluginJar : add gtzc
2026-03-18 03:10:39,241 [INFO] ThirdPartyUpdaterWithRetryManager:70 - Updater plugin not ready yet. [2/15]
2026-03-18 03:10:39,248 [INFO] IPUIPlugin:80 - create IPUIPlugin
2026-03-18 03:10:39,248 [INFO] PluginManager:220 - loadIPPluginJar : add hash
2026-03-18 03:10:39,322 [INFO] IPUIPlugin:80 - create IPUIPlugin
2026-03-18 03:10:39,322 [INFO] PluginManager:220 - loadIPPluginJar : add i2c
2026-03-18 03:10:39,374 [INFO] IPUIPlugin:80 - create IPUIPlugin
2026-03-18 03:10:39,374 [INFO] PluginManager:220 - loadIPPluginJar : add i2s
2026-03-18 03:10:39,425 [INFO] IPUIPlugin:80 - create IPUIPlugin
2026-03-18 03:10:39,426 [INFO] PluginManager:220 - loadIPPluginJar : add i3c
2026-03-18 03:10:39,544 [INFO] IPUIPlugin:80 - create IPUIPlugin
2026-03-18 03:10:39,544 [INFO] PluginManager:220 - loadIPPluginJar : add ipddr
2026-03-18 03:10:39,673 [INFO] IPUIPlugin:80 - create IPUIPlugin
2026-03-18 03:10:39,673 [INFO] PluginManager:220 - loadIPPluginJar : add linkedlist
2026-03-18 03:10:39,731 [INFO] IPUIPlugin:80 - create IPUIPlugin
2026-03-18 03:10:39,731 [INFO] PluginManager:220 - loadIPPluginJar : add lorawan
2026-03-18 03:10:39,789 [INFO] IPUIPlugin:80 - create IPUIPlugin
2026-03-18 03:10:39,790 [INFO] PluginManager:220 - loadIPPluginJar : add ltdc
2026-03-18 03:10:39,823 [INFO] IPUIPlugin:80 - create IPUIPlugin
2026-03-18 03:10:39,823 [INFO] PluginManager:220 - loadIPPluginJar : add mdma
2026-03-18 03:10:39,844 [INFO] IPUIPlugin:80 - create IPUIPlugin
2026-03-18 03:10:39,844 [INFO] PluginManager:220 - loadIPPluginJar : add nvic
2026-03-18 03:10:39,903 [INFO] IPUIPlugin:80 - create IPUIPlugin
2026-03-18 03:10:39,903 [INFO] PluginManager:220 - loadIPPluginJar : add opamp
2026-03-18 03:10:40,005 [INFO] IPUIPlugin:80 - create IPUIPlugin
2026-03-18 03:10:40,005 [INFO] PluginManager:220 - loadIPPluginJar : add openamp
2026-03-18 03:10:40,088 [INFO] IPUIPlugin:80 - create IPUIPlugin
2026-03-18 03:10:40,089 [INFO] PluginManager:220 - loadIPPluginJar : add pdm2pcm
2026-03-18 03:10:40,120 [INFO] IPUIPlugin:80 - create IPUIPlugin
2026-03-18 03:10:40,122 [INFO] PluginManager:220 - loadIPPluginJar : add plateformsettings
2026-03-18 03:10:40,176 [INFO] IPUIPlugin:80 - create IPUIPlugin
2026-03-18 03:10:40,176 [INFO] PluginManager:220 - loadIPPluginJar : add quadspi
2026-03-18 03:10:40,200 [INFO] IPUIPlugin:80 - create IPUIPlugin
2026-03-18 03:10:40,201 [INFO] PluginManager:220 - loadIPPluginJar : add resmgrutility
2026-03-18 03:10:40,265 [INFO] IPUIPlugin:80 - create IPUIPlugin
2026-03-18 03:10:40,265 [INFO] PluginManager:220 - loadIPPluginJar : add sai
2026-03-18 03:10:40,336 [INFO] IPUIPlugin:80 - create IPUIPlugin
2026-03-18 03:10:40,336 [INFO] PluginManager:220 - loadIPPluginJar : add spi
2026-03-18 03:10:40,453 [INFO] IPUIPlugin:80 - create IPUIPlugin
2026-03-18 03:10:40,454 [INFO] PluginManager:220 - loadIPPluginJar : add stm32_wpan
2026-03-18 03:10:40,495 [INFO] IPUIPlugin:80 - create IPUIPlugin
2026-03-18 03:10:40,495 [INFO] PluginManager:220 - loadIPPluginJar : add tim
2026-03-18 03:10:40,594 [INFO] IPUIPlugin:80 - create IPUIPlugin
2026-03-18 03:10:40,594 [INFO] PluginManager:220 - loadIPPluginJar : add touchsensing
2026-03-18 03:10:40,624 [INFO] IPUIPlugin:80 - create IPUIPlugin
2026-03-18 03:10:40,624 [INFO] PluginManager:220 - loadIPPluginJar : add tracer_emb
2026-03-18 03:10:40,657 [INFO] IPUIPlugin:80 - create IPUIPlugin
2026-03-18 03:10:40,657 [INFO] PluginManager:220 - loadIPPluginJar : add ts
2026-03-18 03:10:40,686 [INFO] IPUIPlugin:80 - create IPUIPlugin
2026-03-18 03:10:40,686 [INFO] PluginManager:220 - loadIPPluginJar : add tsc
2026-03-18 03:10:40,714 [INFO] IPUIPlugin:80 - create IPUIPlugin
2026-03-18 03:10:40,714 [INFO] PluginManager:220 - loadIPPluginJar : add ucpd
2026-03-18 03:10:40,782 [INFO] IPUIPlugin:80 - create IPUIPlugin
2026-03-18 03:10:40,782 [INFO] PluginManager:220 - loadIPPluginJar : add usart
2026-03-18 03:10:40,833 [INFO] IPUIPlugin:80 - create IPUIPlugin
2026-03-18 03:10:40,833 [INFO] PluginManager:220 - loadIPPluginJar : add usbx
2026-03-18 03:10:41,052 [INFO] CADModel:165 - CPN selected for project level
2026-03-18 03:10:41,052 [INFO] CADModel:114 - Register for checkConnection events
2026-03-18 03:10:41,052 [FATAL] Updater:308 - Updater called before beeing initialized
2026-03-18 03:10:41,052 [ERROR] CADModel:125 - Updater not yet initialized, retry later 
2026-03-18 03:10:41,572 [INFO] CADModel:165 - CPN selected for project level
2026-03-18 03:10:41,572 [INFO] CADModel:114 - Register for checkConnection events
2026-03-18 03:10:41,572 [FATAL] Updater:308 - Updater called before beeing initialized
2026-03-18 03:10:41,572 [ERROR] CADModel:125 - Updater not yet initialized, retry later 
2026-03-18 03:10:41,582 [FATAL] Updater:308 - Updater called before beeing initialized
2026-03-18 03:10:41,784 [FATAL] Updater:308 - Updater called before beeing initialized
2026-03-18 03:10:41,807 [INFO] DbMcusAds:53 - JSON generation date=Wed Feb 18 08:32:49 CST 2026 (1771425169444)
2026-03-18 03:10:41,807 [FATAL] Updater:308 - Updater called before beeing initialized
2026-03-18 03:10:41,999 [WARN] DetailPanel:346 - Failed to get advertising image, set to default
2026-03-18 03:10:42,092 [FATAL] Updater:308 - Updater called before beeing initialized
2026-03-18 03:10:42,119 [FATAL] Updater:308 - Updater called before beeing initialized
2026-03-18 03:10:42,120 [FATAL] Updater:308 - Updater called before beeing initialized
2026-03-18 03:10:42,120 [WARN] DetailPanel:346 - Failed to get advertising image, set to default
2026-03-18 03:10:42,121 [FATAL] Updater:308 - Updater called before beeing initialized
2026-03-18 03:10:42,248 [INFO] ThirdPartyUpdaterWithRetryManager:70 - Updater plugin not ready yet. [3/15]
2026-03-18 03:10:42,261 [ERROR] Updater:1120 - MainUpdater not yet initialized. External WinMGr cannot be set.
2026-03-18 03:10:42,291 [INFO] Updater:1056 - Updater Version found : 6.11.0
2026-03-18 03:10:42,337 [INFO] ApplicationProperties:184 - Using Application install path: D:\Documentos\Electronica\Nueva carpeta\STM32CubeIDE_1.15.0\STM32CubeIDE\plugins\com.st.stm32cube.common.mx_6.11.0.202403141607
2026-03-18 03:10:44,001 [ERROR] LogOutputStream:75 - [STDERR_REDIRECT] Mar 18, 2026 3:10:43 AM java.util.prefs.WindowsPreferences <init>
2026-03-18 03:10:44,002 [ERROR] LogOutputStream:75 - [STDERR_REDIRECT] WARNING: Could not open/create prefs root node Software\JavaSoft\Prefs at root 0xffffffff80000002. Windows RegCreateKeyEx(...) returned error code 5.
2026-03-18 03:10:44,003 [ERROR] LogOutputStream:75 - [STDERR_REDIRECT] 
2026-03-18 03:10:44,685 [INFO] MainUpdater:2873 - connection check result : 10
2026-03-18 03:10:44,686 [INFO] MainUpdater:290 - Updater Check For Update Now.
2026-03-18 03:10:44,686 [INFO] MicroXplorer:498 - Change Database Version : DB.6.0.110
2026-03-18 03:10:44,734 [INFO] McuFinderGlobals:63 - Set McuFinder mode to 2 (CubeIDE integrated)
2026-03-18 03:10:44,799 [INFO] UserAuth:415 - Internet connection configuration mode: 1
2026-03-18 03:10:44,999 [INFO] JxBrowserEngine:152 - Initiate JxBrowser Engine with user profile folder
2026-03-18 03:10:45,072 [INFO] CheckServerUpdateThread:120 - End of CheckServer Thread
2026-03-18 03:10:45,993 [WARN] PackLoader:240 - Cannot read IP mode file for STMicroelectronics.X-CUBE-AZRTOS-H7.3.5.0
2026-03-18 03:10:46,022 [WARN] PackLoader:240 - Cannot read IP mode file for STMicroelectronics.FP-SNS-MOTENVWB1.1.4.0
2026-03-18 03:10:46,044 [WARN] PackLoader:240 - Cannot read IP mode file for STMicroelectronics.FP-ATR-ASTRA1.2.0.2
2026-03-18 03:10:46,059 [WARN] PackLoader:240 - Cannot read IP mode file for STMicroelectronics.FP-ATR-ASTRA1.2.0.1
2026-03-18 03:10:46,079 [WARN] PackLoader:240 - Cannot read IP mode file for STMicroelectronics.X-CUBE-SMBUS.2.1.0
2026-03-18 03:10:46,102 [WARN] PackLoader:240 - Cannot read IP mode file for STMicroelectronics.X-CUBE-WB05N.1.1.0
2026-03-18 03:10:46,122 [WARN] PackLoader:240 - Cannot read IP mode file for STMicroelectronics.X-CUBE-TOUCHGFX.4.23.2
2026-03-18 03:10:46,164 [WARN] PackLoader:240 - Cannot read IP mode file for STMicroelectronics.X-CUBE-AZRTOS-F7.1.1.0
2026-03-18 03:10:46,233 [WARN] PackLoader:240 - Cannot read IP mode file for STMicroelectronics.X-CUBE-MEMS1.11.0.0
2026-03-18 03:10:46,384 [ERROR] Engine:466 - C:\Users\USER\.stm32cubemx\thirdparties\pdsc\STMicroelectronics.FP-SNS-MOTENV1.5.1.0.pdsc: PDSC version is not supported
2026-03-18 03:10:46,410 [WARN] PackLoader:240 - Cannot read IP mode file for STMicroelectronics.FP-SNS-FLIGHT1.5.0.2
2026-03-18 03:10:46,450 [WARN] PackLoader:240 - Cannot read IP mode file for STMicroelectronics.X-CUBE-AZRTOS-H7.3.4.0
2026-03-18 03:10:46,476 [WARN] PackLoader:240 - Cannot read IP mode file for STMicroelectronics.X-CUBE-DISPLAY.3.0.0
2026-03-18 03:10:46,495 [ERROR] Engine:466 - C:\Users\USER\.stm32cubemx\thirdparties\pdsc\STMicroelectronics.FP-SNS-MOTENVWB1.1.5.0.pdsc: PDSC version is not supported
2026-03-18 03:10:46,518 [WARN] PackLoader:240 - Cannot read IP mode file for STMicroelectronics.X-CUBE-BLE1.7.0.0
2026-03-18 03:10:46,543 [WARN] PackLoader:240 - Cannot read IP mode file for STMicroelectronics.X-CUBE-NFC10.1.0.0
2026-03-18 03:10:46,572 [WARN] PackLoader:240 - Cannot read IP mode file for STMicroelectronics.X-CUBE-BLEMGR.4.0.0
2026-03-18 03:10:46,595 [ERROR] Engine:466 - C:\Users\USER\.stm32cubemx\thirdparties\pdsc\STMicroelectronics.X-CUBE-ST60.1.1.0.pdsc: PDSC version is not supported
2026-03-18 03:10:46,621 [WARN] PackLoader:240 - Cannot read IP mode file for emotas.I-CUBE-CANOPEN.1.3.0
2026-03-18 03:10:46,647 [WARN] PackLoader:240 - Cannot read IP mode file for STMicroelectronics.X-CUBE-GNSS1.7.1.0
2026-03-18 03:10:46,673 [WARN] PackLoader:240 - Cannot read IP mode file for STMicroelectronics.X-CUBE-BLEMGR.3.1.0
2026-03-18 03:10:46,699 [WARN] PackLoader:240 - Cannot read IP mode file for STMicroelectronics.X-CUBE-AI.10.0.0
2026-03-18 03:10:46,719 [ERROR] Engine:466 - C:\Users\USER\.stm32cubemx\thirdparties\pdsc\STMicroelectronics.FP-SNS-STBOX1.2.1.0.pdsc: PDSC version is not supported
2026-03-18 03:10:46,741 [WARN] PackLoader:240 - Cannot read IP mode file for STMicroelectronics.FP-SNS-SMARTAG2.1.2.0
2026-03-18 03:10:46,761 [ERROR] Engine:466 - C:\Users\USER\.stm32cubemx\thirdparties\pdsc\STMicroelectronics.FP-SNS-FLIGHT1.5.1.0.pdsc: PDSC version is not supported
2026-03-18 03:10:46,826 [WARN] PackLoader:240 - Cannot read IP mode file for STMicroelectronics.X-CUBE-MEMS1.11.1.0
2026-03-18 03:10:46,952 [INFO] LogOutputStream:77 - [STDOUT_REDIRECT] 1 : Invalid condition id : UX_CORESTACK_Condition cause : null
2026-03-18 03:10:46,954 [INFO] LogOutputStream:77 - [STDOUT_REDIRECT] 1 : Invalid condition id : UX_CORESTACK_Condition cause : null
2026-03-18 03:10:46,957 [INFO] LogOutputStream:77 - [STDOUT_REDIRECT] 1 : Invalid condition id : UX_CORESTACK_Condition cause : null
2026-03-18 03:10:46,958 [INFO] LogOutputStream:77 - [STDOUT_REDIRECT] 1 : Invalid condition id : UX_CORESTACK_Condition cause : null
2026-03-18 03:10:46,960 [INFO] LogOutputStream:77 - [STDOUT_REDIRECT] 1 : Invalid condition id : UX_CORESTACK_Condition cause : null
2026-03-18 03:10:46,962 [WARN] PackLoader:240 - Cannot read IP mode file for STMicroelectronics.X-CUBE-AZRTOS-WL.2.0.0
2026-03-18 03:10:46,987 [WARN] PackLoader:240 - Cannot read IP mode file for STMicroelectronics.FP-SNS-MOTENV1.5.0.0
2026-03-18 03:10:47,029 [WARN] PackLoader:240 - Cannot read IP mode file for STMicroelectronics.X-CUBE-AZRTOS-H7RS.1.2.0
2026-03-18 03:10:47,055 [WARN] PackLoader:240 - Cannot read IP mode file for wolfSSL.I-CUBE-wolfMQTT.1.19.0
2026-03-18 03:10:47,083 [WARN] PackLoader:240 - Cannot read IP mode file for WES.I-CUBE-Cesium.1.3.0
2026-03-18 03:10:47,107 [WARN] PackLoader:240 - Cannot read IP mode file for STMicroelectronics.X-CUBE-BLE2.3.3.0
2026-03-18 03:10:47,125 [ERROR] Engine:466 - C:\Users\USER\.stm32cubemx\thirdparties\pdsc\Avnet-IOTCONNECT.X-CUBE-iotc-st67-sdk.1.0.0.pdsc: PDSC version is not supported
2026-03-18 03:10:47,149 [WARN] PackLoader:240 - Cannot read IP mode file for STMicroelectronics.X-CUBE-NFC9.1.0.0
2026-03-18 03:10:47,172 [WARN] PackLoader:240 - Cannot read IP mode file for STMicroelectronics.X-CUBE-BLE1.7.1.0
2026-03-18 03:10:47,197 [WARN] PackLoader:240 - Cannot read IP mode file for STMicroelectronics.X-CUBE-TCPP.4.1.0
2026-03-18 03:10:47,216 [ERROR] Engine:466 - C:\Users\USER\.stm32cubemx\thirdparties\pdsc\STMicroelectronics.X-CUBE-FREERTOS.1.4.0.pdsc: PDSC version is not supported
2026-03-18 03:10:47,238 [WARN] PackLoader:240 - Cannot read IP mode file for STMicroelectronics.X-CUBE-EEPRMA1.5.2.0
2026-03-18 03:10:47,256 [ERROR] Engine:466 - C:\Users\USER\.stm32cubemx\thirdparties\pdsc\STMicroelectronics.X-CUBE-ST67W61.1.1.0.pdsc: PDSC version is not supported
2026-03-18 03:10:47,328 [WARN] PackLoader:240 - Cannot read IP mode file for STMicroelectronics.X-CUBE-MEMS1.12.0.0
2026-03-18 03:10:47,414 [WARN] PackLoader:240 - Cannot read IP mode file for STMicroelectronics.X-CUBE-ALGOBUILD.1.3.0
2026-03-18 03:10:47,479 [WARN] PackLoader:240 - Cannot read IP mode file for STMicroelectronics.X-CUBE-MEMS1.11.2.0
2026-03-18 03:10:47,622 [WARN] PackLoader:240 - Cannot read IP mode file for STMicroelectronics.X-CUBE-AZRTOS-G0.1.1.0
2026-03-18 03:10:47,648 [WARN] PackLoader:240 - Cannot read IP mode file for STMicroelectronics.X-CUBE-SAFEA1.1.2.2
2026-03-18 03:10:47,672 [WARN] PackLoader:240 - Cannot read IP mode file for STMicroelectronics.X-CUBE-NFC4.3.0.0
2026-03-18 03:10:47,699 [WARN] PackLoader:240 - Cannot read IP mode file for EmbeddedOffice.I-CUBE-FS-RTOS.1.0.1
2026-03-18 03:10:47,700 [ERROR] ConditionMgr:805 - Attr not supported : Dmpu
2026-03-18 03:10:47,700 [ERROR] ConditionMgr:805 - Attr not supported : Dmpu
2026-03-18 03:10:47,701 [ERROR] ConditionMgr:805 - Attr not supported : Dmpu
2026-03-18 03:10:47,701 [ERROR] ConditionMgr:805 - Attr not supported : Dmpu
2026-03-18 03:10:47,701 [ERROR] ConditionMgr:805 - Attr not supported : Dmpu
2026-03-18 03:10:47,701 [ERROR] ConditionMgr:805 - Attr not supported : Dmpu
2026-03-18 03:10:47,701 [ERROR] ConditionMgr:805 - Attr not supported : Dmpu
2026-03-18 03:10:47,701 [ERROR] ConditionMgr:805 - Attr not supported : Dmpu
2026-03-18 03:10:47,701 [ERROR] ConditionMgr:805 - Attr not supported : Dmpu
2026-03-18 03:10:47,701 [ERROR] ConditionMgr:805 - Attr not supported : Dmpu
2026-03-18 03:10:47,702 [ERROR] ConditionMgr:805 - Attr not supported : Dmpu
2026-03-18 03:10:47,702 [ERROR] ConditionMgr:805 - Attr not supported : Dmpu
2026-03-18 03:10:47,702 [ERROR] ConditionMgr:805 - Attr not supported : Dmpu
2026-03-18 03:10:47,702 [ERROR] ConditionMgr:805 - Attr not supported : Dmpu
2026-03-18 03:10:47,702 [ERROR] ConditionMgr:805 - Attr not supported : Dmpu
2026-03-18 03:10:47,702 [ERROR] ConditionMgr:805 - Attr not supported : Dmpu
2026-03-18 03:10:47,702 [ERROR] ConditionMgr:805 - Attr not supported : Dmpu
2026-03-18 03:10:47,703 [ERROR] ConditionMgr:805 - Attr not supported : Dmpu
2026-03-18 03:10:47,703 [ERROR] ConditionMgr:805 - Attr not supported : Dmpu
2026-03-18 03:10:47,703 [ERROR] ConditionMgr:805 - Attr not supported : Dmpu
2026-03-18 03:10:47,703 [ERROR] ConditionMgr:805 - Attr not supported : Dmpu
2026-03-18 03:10:47,703 [ERROR] ConditionMgr:805 - Attr not supported : Dmpu
2026-03-18 03:10:47,703 [ERROR] ConditionMgr:805 - Attr not supported : Dmpu
2026-03-18 03:10:47,703 [ERROR] ConditionMgr:805 - Attr not supported : Dmpu
2026-03-18 03:10:47,703 [ERROR] ConditionMgr:805 - Attr not supported : Dmpu
2026-03-18 03:10:47,703 [ERROR] ConditionMgr:805 - Attr not supported : Dmpu
2026-03-18 03:10:47,703 [ERROR] ConditionMgr:805 - Attr not supported : Dmpu
2026-03-18 03:10:47,703 [ERROR] ConditionMgr:805 - Attr not supported : Dmpu
2026-03-18 03:10:47,703 [ERROR] ConditionMgr:805 - Attr not supported : Dmpu
2026-03-18 03:10:47,704 [ERROR] ConditionMgr:805 - Attr not supported : Dmpu
2026-03-18 03:10:47,704 [ERROR] ConditionMgr:805 - Attr not supported : Dmpu
2026-03-18 03:10:47,704 [ERROR] ConditionMgr:805 - Attr not supported : Dmpu
2026-03-18 03:10:47,704 [ERROR] ConditionMgr:805 - Attr not supported : Dmpu
2026-03-18 03:10:47,704 [ERROR] ConditionMgr:805 - Attr not supported : Dmpu
2026-03-18 03:10:47,704 [ERROR] ConditionMgr:805 - Attr not supported : Dmpu
2026-03-18 03:10:47,704 [ERROR] ConditionMgr:805 - Attr not supported : Dmpu
2026-03-18 03:10:47,704 [ERROR] ConditionMgr:805 - Attr not supported : Dmpu
2026-03-18 03:10:47,704 [ERROR] ConditionMgr:805 - Attr not supported : Dmpu
2026-03-18 03:10:47,704 [ERROR] ConditionMgr:805 - Attr not supported : Dmpu
2026-03-18 03:10:47,704 [ERROR] ConditionMgr:805 - Attr not supported : Dmpu
2026-03-18 03:10:47,704 [ERROR] ConditionMgr:805 - Attr not supported : Dmpu
2026-03-18 03:10:47,704 [ERROR] ConditionMgr:805 - Attr not supported : Dmpu
2026-03-18 03:10:47,704 [ERROR] ConditionMgr:805 - Attr not supported : Dmpu
2026-03-18 03:10:47,705 [ERROR] ConditionMgr:805 - Attr not supported : Dmpu
2026-03-18 03:10:47,705 [ERROR] ConditionMgr:805 - Attr not supported : Dmpu
2026-03-18 03:10:47,705 [ERROR] ConditionMgr:805 - Attr not supported : Dmpu
2026-03-18 03:10:47,705 [ERROR] ConditionMgr:805 - Attr not supported : Dmpu
2026-03-18 03:10:47,705 [ERROR] ConditionMgr:805 - Attr not supported : Dmpu
2026-03-18 03:10:47,705 [ERROR] ConditionMgr:805 - Attr not supported : Dmpu
2026-03-18 03:10:47,705 [ERROR] ConditionMgr:805 - Attr not supported : Dmpu
2026-03-18 03:10:47,705 [ERROR] ConditionMgr:805 - Attr not supported : Dmpu
2026-03-18 03:10:47,705 [ERROR] ConditionMgr:805 - Attr not supported : Dmpu
2026-03-18 03:10:47,705 [ERROR] ConditionMgr:805 - Attr not supported : Dmpu
2026-03-18 03:10:47,705 [ERROR] ConditionMgr:805 - Attr not supported : Dmpu
2026-03-18 03:10:47,705 [ERROR] ConditionMgr:805 - Attr not supported : Dmpu
2026-03-18 03:10:47,705 [ERROR] ConditionMgr:805 - Attr not supported : Dmpu
2026-03-18 03:10:47,706 [ERROR] ConditionMgr:805 - Attr not supported : Dmpu
2026-03-18 03:10:47,706 [ERROR] ConditionMgr:805 - Attr not supported : Dmpu
2026-03-18 03:10:47,706 [ERROR] ConditionMgr:805 - Attr not supported : Dmpu
2026-03-18 03:10:47,706 [ERROR] ConditionMgr:805 - Attr not supported : Dmpu
2026-03-18 03:10:47,706 [ERROR] ConditionMgr:805 - Attr not supported : Dmpu
2026-03-18 03:10:47,706 [ERROR] ConditionMgr:805 - Attr not supported : Dmpu
2026-03-18 03:10:47,706 [ERROR] ConditionMgr:805 - Attr not supported : Dmpu
2026-03-18 03:10:47,706 [ERROR] ConditionMgr:805 - Attr not supported : Dmpu
2026-03-18 03:10:47,726 [WARN] PackLoader:240 - Cannot read IP mode file for STMicroelectronics.X-CUBE-WB05N.2.0.0
2026-03-18 03:10:47,744 [ERROR] Engine:466 - C:\Users\USER\.stm32cubemx\thirdparties\pdsc\STMicroelectronics.X-CUBE-TCPP.4.2.0.pdsc: PDSC version is not supported
2026-03-18 03:10:47,766 [WARN] PackLoader:240 - Cannot read IP mode file for RealThread.X-CUBE-RT-Thread_Nano.4.1.1
2026-03-18 03:10:47,785 [WARN] PackLoader:240 - Cannot read IP mode file for wolfSSL.I-CUBE-wolfSSL.5.7.0
2026-03-18 03:10:47,807 [WARN] PackLoader:240 - Cannot read IP mode file for STMicroelectronics.FP-ATR-SIGFOX1.3.2.0
2026-03-18 03:10:47,826 [WARN] ConditionMgr:438 - getConditionDescription Invalid condition id : Cortex-A Device cause : null
2026-03-18 03:10:47,853 [WARN] ConditionMgr:1039 - genDependencies : Invalid condition id : Cortex-A Device cause : null
2026-03-18 03:10:47,853 [WARN] ConditionMgr:1039 - genDependencies : Invalid condition id : Cortex-A Device cause : null
2026-03-18 03:10:47,853 [WARN] ConditionMgr:1039 - genDependencies : Invalid condition id : Cortex-A Device cause : null
2026-03-18 03:10:47,869 [WARN] PackLoader:240 - Cannot read IP mode file for STMicroelectronics.X-CUBE-EEPRMA1.5.1.0
2026-03-18 03:10:47,883 [ERROR] Engine:466 - C:\Users\USER\.stm32cubemx\thirdparties\pdsc\STMicroelectronics.X-CUBE-FREERTOS.1.5.0.pdsc: PDSC version is not supported
2026-03-18 03:10:47,901 [WARN] PackLoader:240 - Cannot read IP mode file for ITTIA_DB.I-CUBE-ITTIADB.8.9.0
2026-03-18 03:10:47,919 [WARN] PackLoader:240 - Cannot read IP mode file for STMicroelectronics.X-CUBE-NFC6.3.2.0
2026-03-18 03:10:47,936 [WARN] PackLoader:240 - Cannot read IP mode file for STMicroelectronics.X-CUBE-AI.10.2.0
2026-03-18 03:10:47,974 [WARN] PackLoader:240 - Cannot read IP mode file for SEGGER.I-CUBE-embOS.1.3.1
2026-03-18 03:10:48,019 [WARN] PackLoader:240 - Cannot read IP mode file for STMicroelectronics.X-CUBE-ALGOBUILD.1.4.0
2026-03-18 03:10:48,039 [WARN] PackLoader:240 - Cannot read IP mode file for STMicroelectronics.X-CUBE-AI.9.1.0
2026-03-18 03:10:48,061 [WARN] PackLoader:240 - Cannot read IP mode file for STMicroelectronics.X-CUBE-PM33A1.1.0.0
2026-03-18 03:10:48,080 [WARN] PackLoader:240 - Cannot read IP mode file for STMicroelectronics.X-CUBE-GNSS1.6.0.0
2026-03-18 03:10:48,119 [WARN] PackLoader:240 - Cannot read IP mode file for STMicroelectronics.X-CUBE-AZRTOS-F4.1.1.0
2026-03-18 03:10:48,141 [ERROR] Engine:466 - C:\Users\USER\.stm32cubemx\thirdparties\pdsc\Avnet-IotConnect.X-CUBE-IoTC-DA16k-PMOD.1.0.0.pdsc: PDSC version is not supported
2026-03-18 03:10:48,160 [WARN] PackLoader:240 - Cannot read IP mode file for STMicroelectronics.X-CUBE-ISPU.2.1.0
2026-03-18 03:10:48,179 [ERROR] Engine:466 - C:\Users\USER\.stm32cubemx\thirdparties\pdsc\STMicroelectronics.X-CUBE-IPS.3.2.0.pdsc: PDSC version is not supported
2026-03-18 03:10:48,196 [WARN] PackLoader:240 - Cannot read IP mode file for STMicroelectronics.X-CUBE-FREERTOS.1.2.0
2026-03-18 03:10:48,218 [WARN] PackLoader:240 - Cannot read IP mode file for STMicroelectronics.X-CUBE-NFC12.1.0.0
2026-03-18 03:10:48,252 [WARN] PackLoader:240 - Cannot read IP mode file for STMicroelectronics.X-CUBE-AZRTOS-L5.2.0.0
2026-03-18 03:10:48,272 [WARN] PackLoader:240 - Cannot read IP mode file for STMicroelectronics.X-CUBE-NFC6.3.1.0
2026-03-18 03:10:48,296 [WARN] PackLoader:240 - Cannot read IP mode file for STMicroelectronics.X-CUBE-DPower.1.2.0
2026-03-18 03:10:48,314 [WARN] PackLoader:240 - Cannot read IP mode file for STMicroelectronics.X-CUBE-AI.9.0.0
2026-03-18 03:10:48,336 [WARN] PackLoader:240 - Cannot read IP mode file for STMicroelectronics.X-CUBE-FREERTOS.1.3.1
2026-03-18 03:10:48,357 [WARN] PackLoader:240 - Cannot read IP mode file for STMicroelectronics.X-CUBE-FREERTOS.1.3.0
2026-03-18 03:10:48,381 [WARN] PackLoader:240 - Cannot read IP mode file for STMicroelectronics.X-CUBE-NFC7.1.0.1
2026-03-18 03:10:48,408 [WARN] PackLoader:240 - Cannot read IP mode file for STMicroelectronics.X-CUBE-TOUCHGFX.4.26.0
2026-03-18 03:10:48,555 [WARN] PackLoader:240 - Cannot read IP mode file for STMicroelectronics.X-CUBE-TOUCHGFX.4.26.1
2026-03-18 03:10:48,572 [ERROR] Engine:466 - C:\Users\USER\.stm32cubemx\thirdparties\pdsc\STMicroelectronics.FP-SNS-STAIOTCFT.1.0.0.pdsc: PDSC version is not supported
2026-03-18 03:10:48,588 [WARN] PackLoader:240 - Cannot read IP mode file for STMicroelectronics.X-CUBE-DPower.1.3.0
2026-03-18 03:10:48,621 [WARN] ConditionMgr:438 - getConditionDescription Invalid condition id : LAN8742 Phy interface Condition cause : null
2026-03-18 03:10:48,622 [WARN] PackLoader:240 - Cannot read IP mode file for STMicroelectronics.X-CUBE-AZRTOS-L4.2.0.0
2026-03-18 03:10:48,623 [WARN] ConditionMgr:1039 - genDependencies : Invalid condition id : LAN8742 Phy interface Condition cause : null
2026-03-18 03:10:48,623 [WARN] ConditionMgr:1039 - genDependencies : Invalid condition id : LAN8742 Phy interface Condition cause : null
2026-03-18 03:10:48,624 [WARN] ConditionMgr:1039 - genDependencies : Invalid condition id : LAN8742 Phy interface Condition cause : null
2026-03-18 03:10:48,646 [WARN] PackLoader:240 - Cannot read IP mode file for STMicroelectronics.X-CUBE-SFXS2LP1.4.0.0
2026-03-18 03:10:48,665 [ERROR] Engine:466 - C:\Users\USER\.stm32cubemx\thirdparties\pdsc\STMicroelectronics.X-CUBE-ST67W61.1.2.0.pdsc: PDSC version is not supported
2026-03-18 03:10:48,703 [WARN] PackLoader:240 - Cannot read IP mode file for STMicroelectronics.X-CUBE-AZRTOS-H7.3.3.0
2026-03-18 03:10:48,723 [ERROR] Engine:466 - C:\Users\USER\.stm32cubemx\thirdparties\pdsc\STMicroelectronics.X-CUBE-BLEMGR.4.1.0.pdsc: PDSC version is not supported
2026-03-18 03:10:48,748 [WARN] PackLoader:240 - Cannot read IP mode file for STMicroelectronics.X-CUBE-IPS.3.0.0
2026-03-18 03:10:48,780 [WARN] ConditionMgr:438 - getConditionDescription Invalid condition id : UX DEVICE CLASS RTOS Condition cause : null
2026-03-18 03:10:48,780 [WARN] ConditionMgr:438 - getConditionDescription Invalid condition id : UX DEVICE CLASS RTOS Condition cause : null
2026-03-18 03:10:48,781 [WARN] PackLoader:240 - Cannot read IP mode file for STMicroelectronics.X-CUBE-AZRTOS-WB.2.0.0
2026-03-18 03:10:48,782 [WARN] ConditionMgr:1039 - genDependencies : Invalid condition id : UX DEVICE CLASS RTOS Condition cause : null
2026-03-18 03:10:48,782 [WARN] ConditionMgr:1039 - genDependencies : Invalid condition id : UX DEVICE CLASS RTOS Condition cause : null
2026-03-18 03:10:48,782 [WARN] ConditionMgr:1039 - genDependencies : Invalid condition id : UX DEVICE CLASS RTOS Condition cause : null
2026-03-18 03:10:48,782 [WARN] ConditionMgr:1039 - genDependencies : Invalid condition id : UX DEVICE CLASS RTOS Condition cause : null
2026-03-18 03:10:48,782 [WARN] ConditionMgr:1039 - genDependencies : Invalid condition id : UX DEVICE CLASS RTOS Condition cause : null
2026-03-18 03:10:48,799 [WARN] PackLoader:240 - Cannot read IP mode file for STMicroelectronics.X-CUBE-GNSS1.7.0.0
2026-03-18 03:10:48,817 [WARN] PackLoader:240 - Cannot read IP mode file for STMicroelectronics.X-CUBE-GNSS1.7.0.1
2026-03-18 03:10:48,833 [WARN] PackLoader:240 - Cannot read IP mode file for STMicroelectronics.X-CUBE-TOUCHGFX.4.25.0
2026-03-18 03:10:48,849 [WARN] PackLoader:240 - Cannot read IP mode file for STMicroelectronics.FP-SNS-STBOX1.2.0.0
2026-03-18 03:10:48,868 [WARN] PackLoader:240 - Cannot read IP mode file for STMicroelectronics.X-CUBE-STSE01.2.0.0
2026-03-18 03:10:48,894 [WARN] PackLoader:240 - Cannot read IP mode file for STMicroelectronics.X-CUBE-SUBG2.5.0.0
2026-03-18 03:10:48,932 [WARN] PackLoader:240 - Cannot read IP mode file for STMicroelectronics.X-CUBE-AZRTOS-H7RS.1.1.0
2026-03-18 03:10:48,953 [WARN] PackLoader:240 - Cannot read IP mode file for Cesanta.I-CUBE-Mongoose.7.13.0
2026-03-18 03:10:48,979 [WARN] PackLoader:240 - Cannot read IP mode file for STMicroelectronics.X-CUBE-AZRTOS-G4.2.0.0
2026-03-18 03:10:48,998 [WARN] PackLoader:240 - Cannot read IP mode file for STMicroelectronics.X-CUBE-NFC7.2.0.0
2026-03-18 03:10:49,013 [WARN] PackLoader:240 - Cannot read IP mode file for STMicroelectronics.X-CUBE-ISPU.2.0.0
2026-03-18 03:10:49,032 [ERROR] Engine:466 - C:\Users\USER\.stm32cubemx\thirdparties\pdsc\STMicroelectronics.X-CUBE-IPS.3.1.0.pdsc: PDSC version is not supported
2026-03-18 03:10:49,049 [WARN] PackLoader:240 - Cannot read IP mode file for STMicroelectronics.X-CUBE-ALS.1.0.2
2026-03-18 03:10:49,085 [WARN] PackLoader:240 - Cannot read IP mode file for STMicroelectronics.X-CUBE-MEMS1.10.0.0
2026-03-18 03:10:49,169 [WARN] PackLoader:240 - Cannot read IP mode file for STMicroelectronics.X-CUBE-FREERTOS.1.1.0
2026-03-18 03:10:49,187 [WARN] PackLoader:240 - Cannot read IP mode file for STMicroelectronics.X-CUBE-TOUCHGFX.4.24.2
2026-03-18 03:10:49,205 [WARN] PackLoader:240 - Cannot read IP mode file for STMicroelectronics.X-CUBE-TOUCHGFX.4.24.1
2026-03-18 03:10:49,226 [WARN] PackLoader:240 - Cannot read IP mode file for STMicroelectronics.X-CUBE-STSE01.1.0.0
2026-03-18 03:10:49,259 [WARN] PackLoader:240 - Cannot read IP mode file for wolfSSL.I-CUBE-wolfTPM.3.4.0
2026-03-18 03:10:49,278 [WARN] PackLoader:240 - Cannot read IP mode file for portGmbH.I-Cube-SoM-uGOAL.1.1.0
2026-03-18 03:10:49,294 [WARN] PackLoader:240 - Cannot read IP mode file for STMicroelectronics.X-CUBE-ALS.1.0.1
2026-03-18 03:10:49,322 [WARN] PackLoader:240 - Cannot read IP mode file for STMicroelectronics.X-CUBE-AZRTOS-H7RS.1.0.0
2026-03-18 03:10:49,339 [WARN] PackLoader:240 - Cannot read IP mode file for STMicroelectronics.FP-ATR-ASTRA1.2.0.0
2026-03-18 03:10:49,363 [WARN] PackLoader:240 - Cannot read IP mode file for STMicroelectronics.X-CUBE-TOF1.3.4.2
2026-03-18 03:10:49,472 [ERROR] Engine:466 - C:\Users\USER\.stm32cubemx\thirdparties\pdsc\STMicroelectronics.X-CUBE-TOF1.3.4.3.pdsc: PDSC version is not supported
2026-03-18 03:10:49,498 [WARN] PackLoader:240 - Cannot read IP mode file for STMicroelectronics.X-CUBE-TOF1.3.4.1
2026-03-18 03:10:49,541 [WARN] PackLoader:240 - Cannot read IP mode file for STMicroelectronics.X-CUBE-AZRTOS-H7.3.2.0
2026-03-18 03:10:49,578 [WARN] PackLoader:240 - Cannot read IP mode file for Infineon.AIROC-Wi-Fi-Bluetooth-STM32.1.6.0
2026-03-18 03:10:49,637 [WARN] PackLoader:240 - Cannot read IP mode file for wolfSSL.I-CUBE-wolfSSH.1.4.17
2026-03-18 03:10:49,638 [INFO] ThirdParty:978 - Integrity check success = true
2026-03-18 03:10:49,638 [INFO] IntegrityCheckThread:100 - exiting critical section [integrity check]
2026-03-18 03:10:49,638 [INFO] IntegrityCheckThread:103 - End integrity checks thread
2026-03-18 03:10:51,438 [INFO] WebApp:161 - Instantiating new browser for Auth
2026-03-18 03:10:52,765 [INFO] WebApp:779 - Register for checkConnection events
2026-03-18 03:10:52,765 [INFO] WebApp:414 - Apply proxy settings
2026-03-18 03:10:52,765 [INFO] WebApp:499 - Chromium requires no authentication
2026-03-18 03:10:52,784 [INFO] WebApp:442 - Direct internet connection detected
2026-03-18 03:10:53,166 [INFO] WebApp:192 - Starting web application
2026-03-18 03:10:53,167 [INFO] WebApp:544 - Web application path used D:\Documentos\Electronica\Nueva carpeta\STM32CubeIDE_1.15.0\STM32CubeIDE\plugins\com.st.stm32cube.common.mx_6.11.0.202403141607\db\plugins\mcufinder\reactClient1\index.html
2026-03-18 03:39:47,117 [ERROR] LogOutputStream:75 - [STDERR_REDIRECT] 
2026-03-18 03:39:47,118 [ERROR] LogOutputStream:75 - [STDERR_REDIRECT] 
