2026-05-21 12:30:47,399 [INFO] Activator:176 - 


2026-05-21 12:30:47,409 [INFO] Activator:177 - !SESSION log4j initialized
2026-05-21 12:30:58,794 [INFO] LogOutputStream:77 - [STDOUT_REDIRECT] 
2026-05-21 12:31:08,789 [INFO] ApplicationProperties:184 - Using Application install path: C:\ST\STM32CubeIDE_1.17.0\STM32CubeIDE\plugins\com.st.stm32cube.common.mx_6.13.0.202411220809
2026-05-21 12:31:08,819 [INFO] DbMcusXml:78 - Set database path to: C:\ST\STM32CubeIDE_1.17.0\STM32CubeIDE\plugins\com.st.stm32cube.common.mx_6.13.0.202411220809\\db\/mcu/
2026-05-21 12:31:08,819 [INFO] ApiDb:274 - Set plugin database path to: C:\ST\STM32CubeIDE_1.17.0\STM32CubeIDE\plugins\com.st.stm32cube.common.mx_6.13.0.202411220809\\db\/plugins/boardmanager/
2026-05-21 12:31:08,821 [WARN] ApiDb:259 - Overriding images path with different value:  => C:\ST\STM32CubeIDE_1.17.0\STM32CubeIDE\plugins\com.st.stm32cube.common.mx_6.13.0.202411220809\\db\/plugins/mcufinder/images/
2026-05-21 12:31:08,841 [INFO] ApiDb:250 - Set database path to: C:\Users\Pache\.stmcufinder\plugins\mcufinder//mcu/
2026-05-21 12:31:08,844 [INFO] DbMcusAds:125 - Set database path to: C:\Users\Pache\.stmcufinder\plugins\mcufinder//mcu/
2026-05-21 12:31:08,847 [INFO] CrossReferenceDbSqlite:203 - Set database path to: C:\Users\Pache\.stmcufinder\plugins\mcufinder//mcu/cs/
2026-05-21 12:31:09,021 [INFO] RulesReader:64 - Compatibility file has been processed (297 Rules)
2026-05-21 12:31:09,173 [INFO] DbMcusXml:78 - Set database path to: C:\ST\STM32CubeIDE_1.17.0\STM32CubeIDE\plugins\com.st.stm32cube.common.mx_6.13.0.202411220809\\db\/mcu/
2026-05-21 12:31:09,173 [INFO] ApiDb:274 - Set plugin database path to: C:\ST\STM32CubeIDE_1.17.0\STM32CubeIDE\plugins\com.st.stm32cube.common.mx_6.13.0.202411220809\\db\/plugins/boardmanager/
2026-05-21 12:31:09,173 [INFO] ApiDb:261 - Set plugin images path to: C:\ST\STM32CubeIDE_1.17.0\STM32CubeIDE\plugins\com.st.stm32cube.common.mx_6.13.0.202411220809\\db\/plugins/mcufinder/images/
2026-05-21 12:31:09,174 [WARN] DbFile:41 - Overriding database path with different value: C:\Users\Pache\.stmcufinder\plugins\mcufinder/ => C:\Users\Pache\.stmcufinder\plugins\mcufinder
2026-05-21 12:31:09,174 [INFO] ApiDb:250 - Set database path to: C:\Users\Pache\.stmcufinder\plugins\mcufinder//mcu/
2026-05-21 12:31:09,174 [WARN] DbFile:41 - Overriding database path with different value: C:\Users\Pache\.stmcufinder\plugins\mcufinder/ => C:\Users\Pache\.stmcufinder\plugins\mcufinder
2026-05-21 12:31:09,174 [INFO] DbMcusAds:125 - Set database path to: C:\Users\Pache\.stmcufinder\plugins\mcufinder//mcu/
2026-05-21 12:31:09,174 [WARN] DbFile:41 - Overriding database path with different value: C:\Users\Pache\.stmcufinder\plugins\mcufinder/ => C:\Users\Pache\.stmcufinder\plugins\mcufinder
2026-05-21 12:31:09,175 [WARN] DbFile:41 - Overriding database path with different value: C:\Users\Pache\.stmcufinder\plugins\mcufinder/ => C:\Users\Pache\.stmcufinder\plugins\mcufinder
2026-05-21 12:31:09,175 [INFO] CrossReferenceDbSqlite:203 - Set database path to: C:\Users\Pache\.stmcufinder\plugins\mcufinder//mcu/cs/
2026-05-21 12:31:09,301 [INFO] MainPanel:272 - HeapMemory: 268435456
2026-05-21 12:31:09,462 [INFO] DbMcusXml:78 - Set database path to: C:\ST\STM32CubeIDE_1.17.0\STM32CubeIDE\plugins\com.st.stm32cube.common.mx_6.13.0.202411220809\\db\/mcu/
2026-05-21 12:31:09,462 [INFO] ApiDb:274 - Set plugin database path to: C:\ST\STM32CubeIDE_1.17.0\STM32CubeIDE\plugins\com.st.stm32cube.common.mx_6.13.0.202411220809\\db\/plugins/boardmanager/
2026-05-21 12:31:09,462 [INFO] ApiDb:261 - Set plugin images path to: C:\ST\STM32CubeIDE_1.17.0\STM32CubeIDE\plugins\com.st.stm32cube.common.mx_6.13.0.202411220809\\db\/plugins/mcufinder/images/
2026-05-21 12:31:09,463 [WARN] DbFile:41 - Overriding database path with different value: C:\Users\Pache\.stmcufinder\plugins\mcufinder/ => C:\Users\Pache\.stmcufinder\plugins\mcufinder
2026-05-21 12:31:09,463 [INFO] ApiDb:250 - Set database path to: C:\Users\Pache\.stmcufinder\plugins\mcufinder//mcu/
2026-05-21 12:31:09,463 [WARN] DbFile:41 - Overriding database path with different value: C:\Users\Pache\.stmcufinder\plugins\mcufinder/ => C:\Users\Pache\.stmcufinder\plugins\mcufinder
2026-05-21 12:31:09,464 [INFO] DbMcusAds:125 - Set database path to: C:\Users\Pache\.stmcufinder\plugins\mcufinder//mcu/
2026-05-21 12:31:09,464 [WARN] DbFile:41 - Overriding database path with different value: C:\Users\Pache\.stmcufinder\plugins\mcufinder/ => C:\Users\Pache\.stmcufinder\plugins\mcufinder
2026-05-21 12:31:09,464 [WARN] DbFile:41 - Overriding database path with different value: C:\Users\Pache\.stmcufinder\plugins\mcufinder/ => C:\Users\Pache\.stmcufinder\plugins\mcufinder
2026-05-21 12:31:09,816 [INFO] CrossReferenceDbSqlite:203 - Set database path to: C:\Users\Pache\.stmcufinder\plugins\mcufinder//mcu/cs/
2026-05-21 12:31:09,851 [INFO] ApplicationProperties:184 - Using Application install path: C:\ST\STM32CubeIDE_1.17.0\STM32CubeIDE\plugins\com.st.stm32cube.common.mx_6.13.0.202411220809
2026-05-21 12:31:09,852 [INFO] PluginManage:196 - Search for loadable plugins [exclusion list=, ]
2026-05-21 12:31:09,854 [INFO] PluginManage:310 - Check plugin analytics
2026-05-21 12:31:10,135 [INFO] AnalyticsPlugin:253 - Accepted Software Licenses: 
2026-05-21 12:31:10,136 [INFO] AnalyticsPlugin:255 - Accepted CMSIS Pack Licenses: 
2026-05-21 12:31:10,136 [INFO] AnalyticsPlugin:257 - Accepted Firmware Licenses: 
2026-05-21 12:31:10,142 [INFO] PluginManage:359 - Loaded plugin analytics (category:tool,tabindex:-1)
2026-05-21 12:31:10,142 [INFO] PluginManage:310 - Check plugin cadmodel
2026-05-21 12:31:10,169 [INFO] CADModel:105 - Init CAD model plugin
2026-05-21 12:31:10,169 [INFO] PluginManage:359 - Loaded plugin cadmodel (category:power,tabindex:5)
2026-05-21 12:31:10,171 [INFO] PluginManage:310 - Check plugin clock
2026-05-21 12:31:10,201 [INFO] PluginManage:359 - Loaded plugin clock (category:base,tabindex:2)
2026-05-21 12:31:10,202 [INFO] PluginManage:310 - Check plugin ddr
2026-05-21 12:31:10,206 [INFO] PluginManage:359 - Loaded plugin ddr (category:tool,tabindex:6)
2026-05-21 12:31:10,206 [INFO] PluginManage:310 - Check plugin filemanager
2026-05-21 12:31:10,426 [INFO] PluginManage:359 - Loaded plugin filemanager (category:base,tabindex:10)
2026-05-21 12:31:10,426 [INFO] PluginManage:310 - Check plugin ipmanager
2026-05-21 12:31:10,439 [INFO] PluginManage:359 - Loaded plugin ipmanager (category:base,tabindex:5)
2026-05-21 12:31:10,439 [INFO] PluginManage:310 - Check plugin lpbam
2026-05-21 12:31:10,465 [INFO] PluginManage:359 - Loaded plugin lpbam (category:base,tabindex:0)
2026-05-21 12:31:10,465 [INFO] PluginManage:310 - Check plugin memorymap
2026-05-21 12:31:10,497 [INFO] PluginManage:359 - Loaded plugin memorymap (category:base,tabindex:4)
2026-05-21 12:31:10,497 [INFO] PluginManage:310 - Check plugin pinoutandconfiguration
2026-05-21 12:31:10,524 [INFO] PluginManage:359 - Loaded plugin pinoutandconfiguration (category:base,tabindex:1)
2026-05-21 12:31:10,524 [INFO] PluginManage:310 - Check plugin pinoutconfig
2026-05-21 12:31:10,682 [WARN] SupportedApi:132 - Cannot load RTOS API schema: s4s-elt-must-match.1: The content of 'definitions' must match (annotation?, (simpleType | complexType)?, (unique | key | keyref)*)). A problem was found starting at: attribute.
2026-05-21 12:31:10,897 [INFO] PluginManage:359 - Loaded plugin pinoutconfig (category:base,tabindex:0)
2026-05-21 12:31:10,898 [INFO] PluginManage:310 - Check plugin power
2026-05-21 12:31:10,927 [INFO] PluginManage:359 - Loaded plugin power (category:power,tabindex:4)
2026-05-21 12:31:10,927 [INFO] PluginManage:310 - Check plugin projectmanager
2026-05-21 12:31:10,953 [INFO] PluginManage:359 - Loaded plugin projectmanager (category:projectmanager,tabindex:4)
2026-05-21 12:31:10,953 [INFO] PluginManage:310 - Check plugin rif
2026-05-21 12:31:10,978 [INFO] PluginManage:359 - Loaded plugin rif (category:base,tabindex:3)
2026-05-21 12:31:10,978 [INFO] PluginManage:310 - Check plugin thirdparty
2026-05-21 12:31:11,442 [INFO] PluginManage:359 - Loaded plugin thirdparty (category:base,tabindex:-1)
2026-05-21 12:31:11,442 [WARN] IntegrityCheckThread:84 - waiting for thirdparty lock release [integrity check]
2026-05-21 12:31:11,443 [INFO] PluginManage:310 - Check plugin tools
2026-05-21 12:31:11,443 [INFO] IntegrityCheckThread:86 - entering critical section [integrity check]
2026-05-21 12:31:11,443 [INFO] ThirdPartyUpdaterWithRetryManager:70 - Updater plugin not ready yet. [1/15]
2026-05-21 12:31:11,508 [INFO] PluginManage:359 - Loaded plugin tools (category:base,tabindex:7)
2026-05-21 12:31:11,508 [INFO] PluginManage:310 - Check plugin tutovideos
2026-05-21 12:31:11,777 [INFO] PluginManage:359 - Loaded plugin tutovideos (category:base,tabindex:-1)
2026-05-21 12:31:11,777 [INFO] PluginManage:310 - Check plugin updater
2026-05-21 12:31:11,811 [INFO] PluginManage:359 - Loaded plugin updater (category:base,tabindex:12)
2026-05-21 12:31:11,812 [INFO] PluginManage:310 - Check plugin userauth
2026-05-21 12:31:11,817 [INFO] UserAuth:118 - Init User Auth plugin
2026-05-21 12:31:11,819 [INFO] PluginManage:359 - Loaded plugin userauth (category:base,tabindex:14)
2026-05-21 12:31:11,819 [INFO] PluginManage:283 - PluginManage : Loaded plugins [18]
2026-05-21 12:31:12,148 [INFO] PinOutPanel:1589 - setPackage(No Configuration,No Configuration)
2026-05-21 12:31:12,289 [INFO] CADModel:165 - CPN selected for project level
2026-05-21 12:31:12,289 [INFO] CADModel:114 - Register for checkConnection events
2026-05-21 12:31:12,329 [INFO] IPUIPlugin:80 - create IPUIPlugin
2026-05-21 12:31:12,329 [INFO] PluginManager:220 - loadIPPluginJar : add adc
2026-05-21 12:31:12,398 [INFO] IPUIPlugin:80 - create IPUIPlugin
2026-05-21 12:31:12,398 [INFO] PluginManager:220 - loadIPPluginJar : add aes
2026-05-21 12:31:12,479 [INFO] IPUIPlugin:80 - create IPUIPlugin
2026-05-21 12:31:12,479 [INFO] PluginManager:220 - loadIPPluginJar : add can
2026-05-21 12:31:12,530 [INFO] IPUIPlugin:80 - create IPUIPlugin
2026-05-21 12:31:12,531 [INFO] PluginManager:220 - loadIPPluginJar : add comp
2026-05-21 12:31:12,601 [INFO] IPUIPlugin:80 - create IPUIPlugin
2026-05-21 12:31:12,601 [INFO] PluginManager:220 - loadIPPluginJar : add cryp
2026-05-21 12:31:12,621 [INFO] IPUIPlugin:80 - create IPUIPlugin
2026-05-21 12:31:12,621 [INFO] PluginManager:220 - loadIPPluginJar : add ddr_ctrl_phy
2026-05-21 12:31:12,689 [INFO] IPUIPlugin:80 - create IPUIPlugin
2026-05-21 12:31:12,689 [INFO] PluginManager:220 - loadIPPluginJar : add dfsdm
2026-05-21 12:31:12,710 [INFO] IPUIPlugin:80 - create IPUIPlugin
2026-05-21 12:31:12,711 [INFO] PluginManager:220 - loadIPPluginJar : add dma
2026-05-21 12:31:12,780 [INFO] IPUIPlugin:80 - create IPUIPlugin
2026-05-21 12:31:12,780 [INFO] PluginManager:220 - loadIPPluginJar : add dma3
2026-05-21 12:31:12,869 [INFO] IPUIPlugin:80 - create IPUIPlugin
2026-05-21 12:31:12,869 [INFO] PluginManager:220 - loadIPPluginJar : add extmemmanager
2026-05-21 12:31:12,909 [INFO] IPUIPlugin:80 - create IPUIPlugin
2026-05-21 12:31:12,909 [INFO] PluginManager:220 - loadIPPluginJar : add fatfs
2026-05-21 12:31:12,992 [INFO] IPUIPlugin:80 - create IPUIPlugin
2026-05-21 12:31:12,992 [INFO] PluginManager:220 - loadIPPluginJar : add fmc
2026-05-21 12:31:13,016 [INFO] IPUIPlugin:80 - create IPUIPlugin
2026-05-21 12:31:13,016 [INFO] PluginManager:220 - loadIPPluginJar : add freertos
2026-05-21 12:31:13,050 [INFO] IPUIPlugin:80 - create IPUIPlugin
2026-05-21 12:31:13,050 [INFO] PluginManager:220 - loadIPPluginJar : add genericplugin
2026-05-21 12:31:13,219 [INFO] IPUIPlugin:80 - create IPUIPlugin
2026-05-21 12:31:13,219 [INFO] PluginManager:220 - loadIPPluginJar : add gfxmmu
2026-05-21 12:31:13,495 [INFO] IPUIPlugin:80 - create IPUIPlugin
2026-05-21 12:31:13,496 [INFO] PluginManager:220 - loadIPPluginJar : add gic
2026-05-21 12:31:13,520 [INFO] IPUIPlugin:80 - create IPUIPlugin
2026-05-21 12:31:13,520 [INFO] PluginManager:220 - loadIPPluginJar : add gpio
2026-05-21 12:31:13,705 [INFO] IPUIPlugin:80 - create IPUIPlugin
2026-05-21 12:31:13,705 [INFO] PluginManager:220 - loadIPPluginJar : add gtzc
2026-05-21 12:31:13,770 [INFO] IPUIPlugin:80 - create IPUIPlugin
2026-05-21 12:31:13,770 [INFO] PluginManager:220 - loadIPPluginJar : add hash
2026-05-21 12:31:13,871 [INFO] IPUIPlugin:80 - create IPUIPlugin
2026-05-21 12:31:13,871 [INFO] PluginManager:220 - loadIPPluginJar : add i2c
2026-05-21 12:31:13,942 [INFO] IPUIPlugin:80 - create IPUIPlugin
2026-05-21 12:31:13,943 [INFO] PluginManager:220 - loadIPPluginJar : add i2s
2026-05-21 12:31:14,019 [INFO] IPUIPlugin:80 - create IPUIPlugin
2026-05-21 12:31:14,019 [INFO] PluginManager:220 - loadIPPluginJar : add i3c
2026-05-21 12:31:14,217 [INFO] IPUIPlugin:80 - create IPUIPlugin
2026-05-21 12:31:14,217 [INFO] PluginManager:220 - loadIPPluginJar : add ipddr
2026-05-21 12:31:14,383 [INFO] IPUIPlugin:80 - create IPUIPlugin
2026-05-21 12:31:14,383 [INFO] PluginManager:220 - loadIPPluginJar : add linkedlist
2026-05-21 12:31:14,445 [INFO] ThirdPartyUpdaterWithRetryManager:70 - Updater plugin not ready yet. [2/15]
2026-05-21 12:31:14,448 [INFO] IPUIPlugin:80 - create IPUIPlugin
2026-05-21 12:31:14,448 [INFO] PluginManager:220 - loadIPPluginJar : add lorawan
2026-05-21 12:31:14,524 [INFO] IPUIPlugin:80 - create IPUIPlugin
2026-05-21 12:31:14,524 [INFO] PluginManager:220 - loadIPPluginJar : add ltdc
2026-05-21 12:31:14,553 [INFO] IPUIPlugin:80 - create IPUIPlugin
2026-05-21 12:31:14,554 [INFO] PluginManager:220 - loadIPPluginJar : add mdma
2026-05-21 12:31:14,573 [INFO] IPUIPlugin:80 - create IPUIPlugin
2026-05-21 12:31:14,573 [INFO] PluginManager:220 - loadIPPluginJar : add nvic
2026-05-21 12:31:14,638 [INFO] IPUIPlugin:80 - create IPUIPlugin
2026-05-21 12:31:14,639 [INFO] PluginManager:220 - loadIPPluginJar : add opamp
2026-05-21 12:31:14,752 [INFO] IPUIPlugin:80 - create IPUIPlugin
2026-05-21 12:31:14,752 [INFO] PluginManager:220 - loadIPPluginJar : add openamp
2026-05-21 12:31:14,829 [INFO] IPUIPlugin:80 - create IPUIPlugin
2026-05-21 12:31:14,829 [INFO] PluginManager:220 - loadIPPluginJar : add pdm2pcm
2026-05-21 12:31:14,853 [INFO] IPUIPlugin:80 - create IPUIPlugin
2026-05-21 12:31:14,857 [INFO] PluginManager:220 - loadIPPluginJar : add plateformsettings
2026-05-21 12:31:14,897 [INFO] IPUIPlugin:80 - create IPUIPlugin
2026-05-21 12:31:14,897 [INFO] PluginManager:220 - loadIPPluginJar : add quadspi
2026-05-21 12:31:14,943 [INFO] IPUIPlugin:80 - create IPUIPlugin
2026-05-21 12:31:14,944 [INFO] PluginManager:220 - loadIPPluginJar : add radio
2026-05-21 12:31:14,963 [INFO] IPUIPlugin:80 - create IPUIPlugin
2026-05-21 12:31:14,963 [INFO] PluginManager:220 - loadIPPluginJar : add resmgrutility
2026-05-21 12:31:15,048 [INFO] IPUIPlugin:80 - create IPUIPlugin
2026-05-21 12:31:15,049 [INFO] PluginManager:220 - loadIPPluginJar : add sai
2026-05-21 12:31:15,122 [INFO] IPUIPlugin:80 - create IPUIPlugin
2026-05-21 12:31:15,124 [INFO] PluginManager:220 - loadIPPluginJar : add spi
2026-05-21 12:31:15,265 [INFO] IPUIPlugin:80 - create IPUIPlugin
2026-05-21 12:31:15,265 [INFO] PluginManager:220 - loadIPPluginJar : add stm32_wpan
2026-05-21 12:31:15,320 [INFO] IPUIPlugin:80 - create IPUIPlugin
2026-05-21 12:31:15,321 [INFO] PluginManager:220 - loadIPPluginJar : add tim
2026-05-21 12:31:15,452 [INFO] IPUIPlugin:80 - create IPUIPlugin
2026-05-21 12:31:15,452 [INFO] PluginManager:220 - loadIPPluginJar : add touchsensing
2026-05-21 12:31:15,492 [INFO] IPUIPlugin:80 - create IPUIPlugin
2026-05-21 12:31:15,492 [INFO] PluginManager:220 - loadIPPluginJar : add tracer_emb
2026-05-21 12:31:15,537 [INFO] IPUIPlugin:80 - create IPUIPlugin
2026-05-21 12:31:15,538 [INFO] PluginManager:220 - loadIPPluginJar : add ts
2026-05-21 12:31:15,581 [INFO] IPUIPlugin:80 - create IPUIPlugin
2026-05-21 12:31:15,581 [INFO] PluginManager:220 - loadIPPluginJar : add tsc
2026-05-21 12:31:15,622 [INFO] IPUIPlugin:80 - create IPUIPlugin
2026-05-21 12:31:15,622 [INFO] PluginManager:220 - loadIPPluginJar : add ucpd
2026-05-21 12:31:15,703 [INFO] IPUIPlugin:80 - create IPUIPlugin
2026-05-21 12:31:15,703 [INFO] PluginManager:220 - loadIPPluginJar : add usart
2026-05-21 12:31:15,783 [INFO] IPUIPlugin:80 - create IPUIPlugin
2026-05-21 12:31:15,783 [INFO] PluginManager:220 - loadIPPluginJar : add usbx
2026-05-21 12:31:15,956 [FATAL] Updater:351 - Updater called before beeing initialized
2026-05-21 12:31:15,996 [INFO] RulesReader:64 - Compatibility file has been processed (297 Rules)
2026-05-21 12:31:16,015 [INFO] RulesReader:64 - Compatibility file has been processed (297 Rules)
2026-05-21 12:31:16,024 [INFO] CADModel:165 - CPN selected for project level
2026-05-21 12:31:16,024 [INFO] CADModel:114 - Register for checkConnection events
2026-05-21 12:31:16,025 [FATAL] Updater:351 - Updater called before beeing initialized
2026-05-21 12:31:16,025 [ERROR] CADModel:125 - Updater not yet initialized, retry later 
2026-05-21 12:31:16,246 [FATAL] Updater:351 - Updater called before beeing initialized
2026-05-21 12:31:16,250 [INFO] CADModel:165 - CPN selected for project level
2026-05-21 12:31:16,250 [INFO] CADModel:114 - Register for checkConnection events
2026-05-21 12:31:16,251 [FATAL] Updater:351 - Updater called before beeing initialized
2026-05-21 12:31:16,251 [ERROR] CADModel:125 - Updater not yet initialized, retry later 
2026-05-21 12:31:16,256 [FATAL] Updater:351 - Updater called before beeing initialized
2026-05-21 12:31:16,412 [FATAL] Updater:351 - Updater called before beeing initialized
2026-05-21 12:31:16,447 [INFO] DbMcusAds:53 - JSON generation date=Mon Apr 27 02:14:29 CST 2026 (1777277669577)
2026-05-21 12:31:16,447 [FATAL] Updater:351 - Updater called before beeing initialized
2026-05-21 12:31:16,504 [WARN] DetailPanel:346 - Failed to get advertising image, set to default
2026-05-21 12:31:16,877 [FATAL] Updater:351 - Updater called before beeing initialized
2026-05-21 12:31:16,880 [FATAL] Updater:351 - Updater called before beeing initialized
2026-05-21 12:31:16,880 [FATAL] Updater:351 - Updater called before beeing initialized
2026-05-21 12:31:16,880 [WARN] DetailPanel:346 - Failed to get advertising image, set to default
2026-05-21 12:31:16,882 [FATAL] Updater:351 - Updater called before beeing initialized
2026-05-21 12:31:16,985 [ERROR] Updater:1198 - MainUpdater not yet initialized. External WinMGr cannot be set.
2026-05-21 12:31:17,002 [INFO] Updater:1134 - Updater Version found : 6.13.0
2026-05-21 12:31:17,024 [INFO] ApplicationProperties:184 - Using Application install path: C:\ST\STM32CubeIDE_1.17.0\STM32CubeIDE\plugins\com.st.stm32cube.common.mx_6.13.0.202411220809
2026-05-21 12:31:17,446 [INFO] ThirdPartyUpdaterWithRetryManager:70 - Updater plugin not ready yet. [3/15]
2026-05-21 12:31:18,616 [ERROR] LogOutputStream:75 - [STDERR_REDIRECT] May 21, 2026 12:31:18 PM java.util.prefs.WindowsPreferences <init>
2026-05-21 12:31:18,618 [ERROR] LogOutputStream:75 - [STDERR_REDIRECT] WARNING: Could not open/create prefs root node Software\JavaSoft\Prefs at root 0xffffffff80000002. Windows RegCreateKeyEx(...) returned error code 5.
2026-05-21 12:31:18,618 [ERROR] LogOutputStream:75 - [STDERR_REDIRECT] 
2026-05-21 12:31:19,312 [INFO] MainUpdater:2872 - connection check result : 10
2026-05-21 12:31:19,314 [INFO] MainUpdater:289 - Updater Check For Update Now.
2026-05-21 12:31:19,314 [INFO] MicroXplorer:498 - Change Database Version : DB.6.0.130
2026-05-21 12:31:19,343 [INFO] McuFinderGlobals:63 - Set McuFinder mode to 2 (CubeIDE integrated)
2026-05-21 12:31:19,358 [INFO] UserAuth:486 - Internet connection configuration mode: 1
2026-05-21 12:31:19,416 [INFO] JxBrowserEngine:152 - Initiate JxBrowser Engine with user profile folder
2026-05-21 12:31:19,608 [INFO] CheckServerUpdateThread:120 - End of CheckServer Thread
2026-05-21 12:31:21,217 [WARN] PackLoader:240 - Cannot read IP mode file for STMicroelectronics.X-CUBE-AZRTOS-H7.3.5.0
2026-05-21 12:31:21,249 [WARN] PackLoader:240 - Cannot read IP mode file for STMicroelectronics.FP-SNS-MOTENVWB1.1.4.0
2026-05-21 12:31:21,273 [WARN] PackLoader:240 - Cannot read IP mode file for STMicroelectronics.FP-ATR-ASTRA1.2.0.2
2026-05-21 12:31:21,295 [WARN] PackLoader:240 - Cannot read IP mode file for STMicroelectronics.FP-ATR-ASTRA1.2.0.1
2026-05-21 12:31:21,309 [INFO] WebApp:168 - Instantiating new browser for Auth
2026-05-21 12:31:21,329 [WARN] PackLoader:240 - Cannot read IP mode file for STMicroelectronics.X-CUBE-SMBUS.2.1.0
2026-05-21 12:31:21,370 [WARN] PackLoader:240 - Cannot read IP mode file for STMicroelectronics.X-CUBE-WB05N.1.1.0
2026-05-21 12:31:21,437 [WARN] PackLoader:240 - Cannot read IP mode file for STMicroelectronics.X-CUBE-AZRTOS-F7.1.1.0
2026-05-21 12:31:21,467 [ERROR] Engine:466 - C:\Users\Pache\.stm32cubemx\thirdparties\pdsc\STMicroelectronics.FP-SNS-MOTENV1.5.1.0.pdsc: PDSC version is not supported
2026-05-21 12:31:21,489 [WARN] PackLoader:240 - Cannot read IP mode file for STMicroelectronics.FP-SNS-FLIGHT1.5.0.2
2026-05-21 12:31:21,539 [WARN] PackLoader:240 - Cannot read IP mode file for Infineon.AIROC-Wi-Fi-Bluetooth-STM32.1.7.0
2026-05-21 12:31:21,576 [WARN] PackLoader:240 - Cannot read IP mode file for STMicroelectronics.X-CUBE-DISPLAY.3.0.0
2026-05-21 12:31:21,604 [WARN] PackLoader:240 - Cannot read IP mode file for STMicroelectronics.X-CUBE-GNSS1.7.1.1
2026-05-21 12:31:21,624 [ERROR] Engine:466 - C:\Users\Pache\.stm32cubemx\thirdparties\pdsc\STMicroelectronics.FP-SNS-MOTENVWB1.1.5.0.pdsc: PDSC version is not supported
2026-05-21 12:31:21,652 [WARN] PackLoader:240 - Cannot read IP mode file for STMicroelectronics.X-CUBE-BLE1.7.0.0
2026-05-21 12:31:21,677 [WARN] PackLoader:240 - Cannot read IP mode file for STMicroelectronics.X-CUBE-NFC10.1.0.0
2026-05-21 12:31:21,704 [WARN] PackLoader:240 - Cannot read IP mode file for STMicroelectronics.X-CUBE-BLEMGR.4.0.0
2026-05-21 12:31:21,729 [WARN] PackLoader:240 - Cannot read IP mode file for STMicroelectronics.X-CUBE-ST60.1.1.0
2026-05-21 12:31:21,793 [WARN] PackLoader:240 - Cannot read IP mode file for emotas.I-CUBE-CANOPEN.1.3.0
2026-05-21 12:31:21,852 [WARN] PackLoader:240 - Cannot read IP mode file for STMicroelectronics.X-CUBE-GNSS1.7.1.0
2026-05-21 12:31:21,893 [WARN] PackLoader:240 - Cannot read IP mode file for STMicroelectronics.X-CUBE-AI.10.0.0
2026-05-21 12:31:21,913 [ERROR] Engine:466 - C:\Users\Pache\.stm32cubemx\thirdparties\pdsc\STMicroelectronics.FP-SNS-STBOX1.2.1.0.pdsc: PDSC version is not supported
2026-05-21 12:31:21,939 [WARN] PackLoader:240 - Cannot read IP mode file for STMicroelectronics.FP-SNS-SMARTAG2.1.2.0
2026-05-21 12:31:21,962 [WARN] PackLoader:240 - Cannot read IP mode file for STMicroelectronics.FP-SNS-FLIGHT1.5.1.0
2026-05-21 12:31:22,042 [WARN] PackLoader:240 - Cannot read IP mode file for STMicroelectronics.X-CUBE-MEMS1.11.1.0
2026-05-21 12:31:22,205 [INFO] LogOutputStream:77 - [STDOUT_REDIRECT] 1 : Invalid condition id : UX_CORESTACK_Condition cause : null
2026-05-21 12:31:22,206 [INFO] LogOutputStream:77 - [STDOUT_REDIRECT] 1 : Invalid condition id : UX_CORESTACK_Condition cause : null
2026-05-21 12:31:22,209 [INFO] LogOutputStream:77 - [STDOUT_REDIRECT] 1 : Invalid condition id : UX_CORESTACK_Condition cause : null
2026-05-21 12:31:22,211 [INFO] LogOutputStream:77 - [STDOUT_REDIRECT] 1 : Invalid condition id : UX_CORESTACK_Condition cause : null
2026-05-21 12:31:22,212 [INFO] LogOutputStream:77 - [STDOUT_REDIRECT] 1 : Invalid condition id : UX_CORESTACK_Condition cause : null
2026-05-21 12:31:22,214 [WARN] PackLoader:240 - Cannot read IP mode file for STMicroelectronics.X-CUBE-AZRTOS-WL.2.0.0
2026-05-21 12:31:22,237 [WARN] PackLoader:240 - Cannot read IP mode file for STMicroelectronics.FP-SNS-MOTENV1.5.0.0
2026-05-21 12:31:22,283 [WARN] PackLoader:240 - Cannot read IP mode file for STMicroelectronics.X-CUBE-AZRTOS-H7RS.1.2.0
2026-05-21 12:31:22,305 [WARN] PackLoader:240 - Cannot read IP mode file for wolfSSL.I-CUBE-wolfMQTT.1.19.0
2026-05-21 12:31:22,331 [WARN] PackLoader:240 - Cannot read IP mode file for WES.I-CUBE-Cesium.1.3.0
2026-05-21 12:31:22,352 [WARN] PackLoader:240 - Cannot read IP mode file for STMicroelectronics.X-CUBE-BLE2.3.3.0
2026-05-21 12:31:22,423 [WARN] PackLoader:240 - Cannot read IP mode file for STMicroelectronics.X-CUBE-NFC9.1.0.0
2026-05-21 12:31:22,443 [WARN] PackLoader:240 - Cannot read IP mode file for STMicroelectronics.X-CUBE-BLE1.7.1.0
2026-05-21 12:31:22,464 [WARN] PackLoader:240 - Cannot read IP mode file for STMicroelectronics.X-CUBE-EEPRMA1.5.2.0
2026-05-21 12:31:22,495 [ERROR] Engine:466 - C:\Users\Pache\.stm32cubemx\thirdparties\pdsc\STMicroelectronics.FP-SNS-STAIOTCFT.1.1.0.pdsc: PDSC version is not supported
2026-05-21 12:31:22,617 [WARN] PackLoader:240 - Cannot read IP mode file for STMicroelectronics.X-CUBE-MEMS1.12.0.0
2026-05-21 12:31:22,746 [WARN] PackLoader:240 - Cannot read IP mode file for STMicroelectronics.X-CUBE-AZRTOS-G0.1.1.0
2026-05-21 12:31:22,774 [WARN] PackLoader:240 - Cannot read IP mode file for STMicroelectronics.X-CUBE-SAFEA1.1.2.2
2026-05-21 12:31:22,785 [INFO] WebApp:449 - Apply proxy settings
2026-05-21 12:31:22,785 [INFO] WebApp:534 - Chromium requires no authentication
2026-05-21 12:31:22,807 [INFO] WebApp:477 - Direct internet connection detected
2026-05-21 12:31:22,808 [WARN] PackLoader:240 - Cannot read IP mode file for STMicroelectronics.X-CUBE-NFC4.3.0.0
2026-05-21 12:31:22,848 [WARN] PackLoader:240 - Cannot read IP mode file for EmbeddedOffice.I-CUBE-FS-RTOS.1.0.1
2026-05-21 12:31:22,859 [INFO] WebApp:880 - Register for checkConnection events
2026-05-21 12:31:22,859 [INFO] WebApp:449 - Apply proxy settings
2026-05-21 12:31:22,859 [INFO] WebApp:534 - Chromium requires no authentication
2026-05-21 12:31:22,860 [INFO] WebApp:477 - Direct internet connection detected
2026-05-21 12:31:22,875 [WARN] PackLoader:240 - Cannot read IP mode file for STMicroelectronics.X-CUBE-TCPP.4.2.0
2026-05-21 12:31:22,901 [WARN] PackLoader:240 - Cannot read IP mode file for RealThread.X-CUBE-RT-Thread_Nano.4.1.1
2026-05-21 12:31:22,928 [WARN] PackLoader:240 - Cannot read IP mode file for STMicroelectronics.FP-ATR-SIGFOX1.3.2.0
2026-05-21 12:31:22,950 [WARN] ConditionMgr:438 - getConditionDescription Invalid condition id : Cortex-A Device cause : null
2026-05-21 12:31:22,975 [WARN] ConditionMgr:1044 - genDependencies : Invalid condition id : Cortex-A Device cause : null
2026-05-21 12:31:22,975 [WARN] ConditionMgr:1044 - genDependencies : Invalid condition id : Cortex-A Device cause : null
2026-05-21 12:31:22,975 [WARN] ConditionMgr:1044 - genDependencies : Invalid condition id : Cortex-A Device cause : null
2026-05-21 12:31:22,995 [WARN] PackLoader:240 - Cannot read IP mode file for STMicroelectronics.X-CUBE-EEPRMA1.5.1.0
2026-05-21 12:31:23,013 [ERROR] Engine:466 - C:\Users\Pache\.stm32cubemx\thirdparties\pdsc\STMicroelectronics.X-CUBE-FREERTOS.1.5.0.pdsc: PDSC version is not supported
2026-05-21 12:31:23,037 [WARN] PackLoader:240 - Cannot read IP mode file for wolfSSL.I-CUBE-wolfSSL.5.7.4
2026-05-21 12:31:23,061 [WARN] PackLoader:240 - Cannot read IP mode file for ITTIA_DB.I-CUBE-ITTIADB.8.9.0
2026-05-21 12:31:23,086 [WARN] PackLoader:240 - Cannot read IP mode file for STMicroelectronics.X-CUBE-NFC6.3.2.0
2026-05-21 12:31:23,106 [WARN] PackLoader:240 - Cannot read IP mode file for STMicroelectronics.X-CUBE-AI.10.2.0
2026-05-21 12:31:23,167 [WARN] PackLoader:240 - Cannot read IP mode file for STMicroelectronics.X-CUBE-MEMS1.12.1.0
2026-05-21 12:31:23,225 [INFO] WebApp:221 - Starting web application
2026-05-21 12:31:23,225 [INFO] WebApp:579 - Web application path used C:\ST\STM32CubeIDE_1.17.0\STM32CubeIDE\plugins\com.st.stm32cube.common.mx_6.13.0.202411220809\db\plugins\mcufinder\reactClient1\index.html
2026-05-21 12:31:23,286 [WARN] PackLoader:240 - Cannot read IP mode file for SEGGER.I-CUBE-embOS.1.3.1
2026-05-21 12:31:23,293 [INFO] WebApp:187 - Connection restablished
2026-05-21 12:31:23,356 [WARN] PackLoader:240 - Cannot read IP mode file for STMicroelectronics.X-CUBE-ALGOBUILD.1.4.0
2026-05-21 12:31:23,385 [WARN] PackLoader:240 - Cannot read IP mode file for STMicroelectronics.X-CUBE-AI.9.1.0
2026-05-21 12:31:23,415 [WARN] PackLoader:240 - Cannot read IP mode file for STMicroelectronics.X-CUBE-PM33A1.1.0.0
2026-05-21 12:31:23,456 [WARN] PackLoader:240 - Cannot read IP mode file for STMicroelectronics.X-CUBE-AZRTOS-F4.1.1.0
2026-05-21 12:31:23,479 [WARN] PackLoader:240 - Cannot read IP mode file for STMicroelectronics.X-CUBE-ISPU.2.1.0
2026-05-21 12:31:23,505 [ERROR] Engine:466 - C:\Users\Pache\.stm32cubemx\thirdparties\pdsc\STMicroelectronics.X-CUBE-IPS.3.2.0.pdsc: PDSC version is not supported
2026-05-21 12:31:23,518 [INFO] UserAuth:486 - Internet connection configuration mode: 1
2026-05-21 12:31:23,528 [WARN] PackLoader:240 - Cannot read IP mode file for STMicroelectronics.eDS-WB_DPC_TT-BIDIR.2.1.1
2026-05-21 12:31:23,557 [WARN] PackLoader:240 - Cannot read IP mode file for STMicroelectronics.X-CUBE-NFC12.1.0.0
2026-05-21 12:31:23,608 [WARN] PackLoader:240 - Cannot read IP mode file for STMicroelectronics.X-CUBE-AZRTOS-L5.2.0.0
2026-05-21 12:31:23,636 [WARN] PackLoader:240 - Cannot read IP mode file for STMicroelectronics.X-CUBE-NFC6.3.1.0
2026-05-21 12:31:23,661 [WARN] PackLoader:240 - Cannot read IP mode file for STMicroelectronics.X-CUBE-DPower.1.2.0
2026-05-21 12:31:23,690 [WARN] PackLoader:240 - Cannot read IP mode file for STMicroelectronics.eDS-WB_DPC_VIENNA.1.2.0
2026-05-21 12:31:23,717 [WARN] PackLoader:240 - Cannot read IP mode file for STMicroelectronics.eDS-WB_DPC_3PH2L-BIDIR.1.1.1
2026-05-21 12:31:23,741 [ERROR] Engine:466 - C:\Users\Pache\.stm32cubemx\thirdparties\pdsc\STMicroelectronics.X-CUBE-ST67W61.1.3.0.pdsc: PDSC version is not supported
2026-05-21 12:31:23,767 [WARN] PackLoader:240 - Cannot read IP mode file for STMicroelectronics.X-CUBE-FREERTOS.1.3.0
2026-05-21 12:31:23,792 [WARN] PackLoader:240 - Cannot read IP mode file for STMicroelectronics.X-CUBE-NFC7.1.0.1
2026-05-21 12:31:23,823 [WARN] PackLoader:240 - Cannot read IP mode file for STMicroelectronics.X-CUBE-TOUCHGFX.4.26.0
2026-05-21 12:31:24,067 [WARN] PackLoader:240 - Cannot read IP mode file for STMicroelectronics.X-CUBE-TOUCHGFX.4.26.1
2026-05-21 12:31:24,091 [WARN] PackLoader:240 - Cannot read IP mode file for STMicroelectronics.FP-SNS-STAIOTCFT.1.0.0
2026-05-21 12:31:24,115 [WARN] PackLoader:240 - Cannot read IP mode file for STMicroelectronics.X-CUBE-DPower.1.3.0
2026-05-21 12:31:24,158 [WARN] ConditionMgr:438 - getConditionDescription Invalid condition id : LAN8742 Phy interface Condition cause : null
2026-05-21 12:31:24,159 [WARN] PackLoader:240 - Cannot read IP mode file for STMicroelectronics.X-CUBE-AZRTOS-L4.2.0.0
2026-05-21 12:31:24,159 [WARN] ConditionMgr:1044 - genDependencies : Invalid condition id : LAN8742 Phy interface Condition cause : null
2026-05-21 12:31:24,160 [WARN] ConditionMgr:1044 - genDependencies : Invalid condition id : LAN8742 Phy interface Condition cause : null
2026-05-21 12:31:24,160 [WARN] ConditionMgr:1044 - genDependencies : Invalid condition id : LAN8742 Phy interface Condition cause : null
2026-05-21 12:31:24,186 [WARN] PackLoader:240 - Cannot read IP mode file for STMicroelectronics.X-CUBE-SFXS2LP1.4.0.0
2026-05-21 12:31:24,210 [WARN] PackLoader:240 - Cannot read IP mode file for STMicroelectronics.X-CUBE-WB05N.2.1.0
2026-05-21 12:31:24,230 [ERROR] Engine:466 - C:\Users\Pache\.stm32cubemx\thirdparties\pdsc\STMicroelectronics.X-CUBE-ST67W61.1.2.0.pdsc: PDSC version is not supported
2026-05-21 12:31:24,279 [WARN] PackLoader:240 - Cannot read IP mode file for STMicroelectronics.X-CUBE-AZRTOS-H7.3.3.0
2026-05-21 12:31:24,315 [WARN] PackLoader:240 - Cannot read IP mode file for STMicroelectronics.X-CUBE-BLEMGR.4.1.0
2026-05-21 12:31:24,351 [WARN] PackLoader:240 - Cannot read IP mode file for STMicroelectronics.X-CUBE-IPS.3.0.0
2026-05-21 12:31:24,389 [WARN] ConditionMgr:438 - getConditionDescription Invalid condition id : UX DEVICE CLASS RTOS Condition cause : null
2026-05-21 12:31:24,390 [WARN] ConditionMgr:438 - getConditionDescription Invalid condition id : UX DEVICE CLASS RTOS Condition cause : null
2026-05-21 12:31:24,392 [WARN] PackLoader:240 - Cannot read IP mode file for STMicroelectronics.X-CUBE-AZRTOS-WB.2.0.0
2026-05-21 12:31:24,392 [WARN] ConditionMgr:1044 - genDependencies : Invalid condition id : UX DEVICE CLASS RTOS Condition cause : null
2026-05-21 12:31:24,392 [WARN] ConditionMgr:1044 - genDependencies : Invalid condition id : UX DEVICE CLASS RTOS Condition cause : null
2026-05-21 12:31:24,393 [WARN] ConditionMgr:1044 - genDependencies : Invalid condition id : UX DEVICE CLASS RTOS Condition cause : null
2026-05-21 12:31:24,393 [WARN] ConditionMgr:1044 - genDependencies : Invalid condition id : UX DEVICE CLASS RTOS Condition cause : null
2026-05-21 12:31:24,393 [WARN] ConditionMgr:1044 - genDependencies : Invalid condition id : UX DEVICE CLASS RTOS Condition cause : null
2026-05-21 12:31:24,417 [WARN] PackLoader:240 - Cannot read IP mode file for STMicroelectronics.X-CUBE-GNSS1.7.0.1
2026-05-21 12:31:24,439 [WARN] PackLoader:240 - Cannot read IP mode file for STMicroelectronics.FP-SNS-STBOX1.2.0.0
2026-05-21 12:31:24,476 [WARN] PackLoader:240 - Cannot read IP mode file for STMicroelectronics.X-CUBE-STSE01.2.0.0
2026-05-21 12:31:24,528 [WARN] PackLoader:240 - Cannot read IP mode file for STMicroelectronics.X-CUBE-SUBG2.5.0.0
2026-05-21 12:31:24,557 [WARN] PackLoader:240 - Cannot read IP mode file for Cesanta.I-CUBE-Mongoose.7.13.0
2026-05-21 12:31:24,592 [WARN] PackLoader:240 - Cannot read IP mode file for STMicroelectronics.X-CUBE-AZRTOS-G4.2.0.0
2026-05-21 12:31:24,613 [WARN] PackLoader:240 - Cannot read IP mode file for STMicroelectronics.X-CUBE-NFC7.2.0.0
2026-05-21 12:31:24,639 [WARN] PackLoader:240 - Cannot read IP mode file for STMicroelectronics.X-CUBE-IPS.3.1.0
2026-05-21 12:31:24,665 [WARN] PackLoader:240 - Cannot read IP mode file for STMicroelectronics.X-CUBE-ALS.1.0.2
2026-05-21 12:31:24,690 [WARN] PackLoader:240 - Cannot read IP mode file for STMicroelectronics.X-CUBE-TOUCHGFX.4.24.2
2026-05-21 12:31:24,714 [WARN] PackLoader:240 - Cannot read IP mode file for STMicroelectronics.X-CUBE-TOUCHGFX.4.24.1
2026-05-21 12:31:24,740 [WARN] PackLoader:240 - Cannot read IP mode file for wolfSSL.I-CUBE-wolfTPM.3.4.0
2026-05-21 12:31:24,773 [WARN] PackLoader:240 - Cannot read IP mode file for portGmbH.I-Cube-SoM-uGOAL.1.1.0
2026-05-21 12:31:24,815 [WARN] PackLoader:240 - Cannot read IP mode file for STMicroelectronics.X-CUBE-AZRTOS-H7RS.1.0.0
2026-05-21 12:31:24,853 [WARN] PackLoader:240 - Cannot read IP mode file for STMicroelectronics.X-CUBE-TOF1.3.4.2
2026-05-21 12:31:24,886 [WARN] PackLoader:240 - Cannot read IP mode file for STMicroelectronics.X-CUBE-TOF1.3.4.3
2026-05-21 12:31:24,915 [WARN] PackLoader:240 - Cannot read IP mode file for wolfSSL.I-CUBE-wolfSSH.1.4.17
2026-05-21 12:31:24,916 [INFO] ThirdParty:978 - Integrity check success = true
2026-05-21 12:31:24,916 [INFO] IntegrityCheckThread:100 - exiting critical section [integrity check]
2026-05-21 12:31:24,916 [INFO] IntegrityCheckThread:103 - End integrity checks thread
2026-05-21 13:08:45,485 [INFO] WebApp:190 - Connection lost
2026-05-21 13:08:53,005 [INFO] WebApp:187 - Connection restablished
