2026-03-17 01:43:10,074 [INFO] LogOutputStream:77 - [STDOUT_REDIRECT] 
2026-03-17 01:43:15,062 [INFO] ProjectBuilder:5002 - Time for Generating toolchain IDE Files: 6316mS.
2026-03-17 01:43:15,065 [INFO] ProjectBuilder:3034 - Time for Copy CMSIS : 1mS.
2026-03-17 01:43:15,209 [INFO] ProjectBuilder:3034 - Time for Copy CMSIS : 0mS.
2026-03-17 02:54:03,839 [ERROR] RtosPanel:558 - Can not restore the selected Tab for FREERTOS(A reason can be that the tab is no more available.)
2026-03-17 02:54:05,559 [INFO] TasksAndQueuesTab:757 - Dynamic
2026-03-17 02:54:05,559 [WARN] TasksAndQueuesTab:763 - 128 128
2026-03-17 02:54:05,560 [WARN] TasksAndQueuesTab:775 - max value is: 7680.0
2026-03-17 02:54:05,560 [INFO] TasksAndQueuesTab:757 - Dynamic
2026-03-17 02:54:05,560 [WARN] TasksAndQueuesTab:763 - 128 128
2026-03-17 02:54:05,560 [WARN] TasksAndQueuesTab:775 - max value is: 7680.0
2026-03-17 02:54:05,560 [INFO] TasksAndQueuesTab:757 - Dynamic
2026-03-17 02:54:05,560 [WARN] TasksAndQueuesTab:763 - 2048 128
2026-03-17 02:54:05,560 [WARN] TasksAndQueuesTab:775 - max value is: 7680.0
2026-03-17 02:54:06,515 [INFO] EditThreadDialog:704 - RAM SIZE (in KB): 128
2026-03-17 02:54:06,515 [INFO] EditThreadDialog:706 - RAM SIZE (in words): 32768
2026-03-17 02:54:24,833 [INFO] TasksAndQueuesTab:757 - Dynamic
2026-03-17 02:54:24,833 [WARN] TasksAndQueuesTab:763 - 128 128
2026-03-17 02:54:24,833 [WARN] TasksAndQueuesTab:775 - max value is: 7680.0
2026-03-17 02:54:24,833 [INFO] TasksAndQueuesTab:757 - Dynamic
2026-03-17 02:54:24,833 [WARN] TasksAndQueuesTab:763 - 128 128
2026-03-17 02:54:24,833 [WARN] TasksAndQueuesTab:775 - max value is: 7680.0
2026-03-17 02:54:24,833 [INFO] TasksAndQueuesTab:757 - Dynamic
2026-03-17 02:54:24,833 [WARN] TasksAndQueuesTab:763 - 2048 128
2026-03-17 02:54:24,833 [WARN] TasksAndQueuesTab:775 - max value is: 7680.0
2026-03-17 02:54:24,833 [INFO] TasksAndQueuesTab:757 - Dynamic
2026-03-17 02:54:24,833 [WARN] TasksAndQueuesTab:763 - 128 128
2026-03-17 02:54:24,833 [WARN] TasksAndQueuesTab:775 - max value is: 7680.0
2026-03-17 02:54:27,349 [INFO] UtilMem:75 - End SaveConfig() Used Memory: 805104752 Bytes (1073741824)
2026-03-17 02:54:28,888 [INFO] UtilMem:75 - End SaveConfig() Used Memory: 828674432 Bytes (1073741824)
2026-03-17 02:54:30,062 [INFO] UtilMem:75 - End SaveConfig() Used Memory: 928138280 Bytes (1073741824)
2026-03-17 02:54:31,912 [INFO] BlockDiagram:2759 - set Specific Code input for plugin: SPI
2026-03-17 02:54:31,912 [INFO] BlockDiagram:2759 - set Specific Code input for plugin: SPI
2026-03-17 02:54:31,912 [INFO] BlockDiagram:2759 - set Specific Code input for plugin: NVIC
2026-03-17 02:54:31,912 [INFO] BlockDiagram:2759 - set Specific Code input for plugin: FREERTOS
2026-03-17 02:54:31,913 [INFO] BlockDiagram:2759 - set Specific Code input for plugin: DMA
2026-03-17 02:54:31,913 [INFO] BlockDiagram:2759 - set Specific Code input for plugin: STMicroelectronics.X-CUBE-TOUCHGFX.4.26.0
2026-03-17 02:54:31,913 [INFO] BlockDiagram:2759 - set Specific Code input for plugin: TIM1_8
2026-03-17 02:54:31,913 [INFO] BlockDiagram:2759 - set Specific Code input for plugin: SYS
2026-03-17 02:54:31,913 [INFO] BlockDiagram:2759 - set Specific Code input for plugin: GPIO
2026-03-17 02:54:31,913 [INFO] BlockDiagram:2759 - set Specific Code input for plugin: RCC
2026-03-17 02:54:31,913 [INFO] BlockDiagram:2759 - set Specific Code input for plugin: CRC
2026-03-17 02:54:31,913 [INFO] BlockDiagram:2759 - set Specific Code input for plugin: I2C
2026-03-17 02:54:31,914 [WARN] IP:2120 - tgfx_framebuffer_stride_value_custom not found: check if there is a RefParameter without a condition.
2026-03-17 02:54:31,917 [INFO] CodeGenerator:807 - code generatio: config db path: D:\Documentos\Electronica\Nueva carpeta\STM32CubeIDE_1.15.0\STM32CubeIDE\plugins\com.st.stm32cube.common.mx_6.11.0.202403141607\\db\
2026-03-17 02:54:31,921 [WARN] IP:2120 - I2C_Coeff_DF not found: check if there is a RefParameter without a condition.
2026-03-17 02:54:31,922 [WARN] IP:2120 - Analog_Filter not found: check if there is a RefParameter without a condition.
2026-03-17 02:54:31,928 [INFO] Argument:325 - Argument : hdmavalue: null
2026-03-17 02:54:31,928 [INFO] Argument:327 - 	 sub Args: 
2026-03-17 02:54:31,928 [INFO] Argument:325 - Argument : Instancevalue: DMA2_Stream2
2026-03-17 02:54:31,928 [INFO] Argument:335 - Argument : Instancevalue: DMA2_Stream2
2026-03-17 02:54:31,928 [INFO] Argument:325 - Argument : Initvalue: null
2026-03-17 02:54:31,928 [INFO] Argument:327 - 	 sub Args: 
2026-03-17 02:54:31,928 [INFO] Argument:325 - Argument : Channelvalue: DMA_CHANNEL_2
2026-03-17 02:54:31,928 [INFO] Argument:335 - Argument : Channelvalue: DMA_CHANNEL_2
2026-03-17 02:54:31,928 [INFO] Argument:325 - Argument : Directionvalue: DMA_MEMORY_TO_PERIPH
2026-03-17 02:54:31,928 [INFO] Argument:335 - Argument : Directionvalue: DMA_MEMORY_TO_PERIPH
2026-03-17 02:54:31,928 [INFO] Argument:325 - Argument : PeriphIncvalue: DMA_PINC_DISABLE
2026-03-17 02:54:31,928 [INFO] Argument:335 - Argument : PeriphIncvalue: DMA_PINC_DISABLE
2026-03-17 02:54:31,928 [INFO] Argument:325 - Argument : MemIncvalue: DMA_MINC_ENABLE
2026-03-17 02:54:31,928 [INFO] Argument:335 - Argument : MemIncvalue: DMA_MINC_ENABLE
2026-03-17 02:54:31,928 [INFO] Argument:325 - Argument : PeriphDataAlignmentvalue: DMA_PDATAALIGN_BYTE
2026-03-17 02:54:31,928 [INFO] Argument:335 - Argument : PeriphDataAlignmentvalue: DMA_PDATAALIGN_BYTE
2026-03-17 02:54:31,928 [INFO] Argument:325 - Argument : MemDataAlignmentvalue: DMA_MDATAALIGN_BYTE
2026-03-17 02:54:31,928 [INFO] Argument:335 - Argument : MemDataAlignmentvalue: DMA_MDATAALIGN_BYTE
2026-03-17 02:54:31,928 [INFO] Argument:325 - Argument : Modevalue: DMA_NORMAL
2026-03-17 02:54:31,928 [INFO] Argument:335 - Argument : Modevalue: DMA_NORMAL
2026-03-17 02:54:31,928 [INFO] Argument:325 - Argument : Priorityvalue: DMA_PRIORITY_LOW
2026-03-17 02:54:31,928 [INFO] Argument:335 - Argument : Priorityvalue: DMA_PRIORITY_LOW
2026-03-17 02:54:31,928 [INFO] Argument:325 - Argument : FIFOModevalue: DMA_FIFOMODE_ENABLE
2026-03-17 02:54:31,928 [INFO] Argument:335 - Argument : FIFOModevalue: DMA_FIFOMODE_ENABLE
2026-03-17 02:54:31,928 [INFO] Argument:325 - Argument : FIFOThresholdvalue: DMA_FIFO_THRESHOLD_FULL
2026-03-17 02:54:31,928 [INFO] Argument:335 - Argument : FIFOThresholdvalue: DMA_FIFO_THRESHOLD_FULL
2026-03-17 02:54:31,928 [INFO] Argument:325 - Argument : MemBurstvalue: DMA_MBURST_SINGLE
2026-03-17 02:54:31,928 [INFO] Argument:335 - Argument : MemBurstvalue: DMA_MBURST_SINGLE
2026-03-17 02:54:31,928 [INFO] Argument:325 - Argument : PeriphBurstvalue: DMA_PBURST_SINGLE
2026-03-17 02:54:31,928 [INFO] Argument:335 - Argument : PeriphBurstvalue: DMA_PBURST_SINGLE
2026-03-17 02:54:31,928 [INFO] Argument:325 - Argument : Lockvalue: null
2026-03-17 02:54:31,928 [INFO] Argument:335 - Argument : Lockvalue: null
2026-03-17 02:54:31,928 [INFO] Argument:325 - Argument : Statevalue: null
2026-03-17 02:54:31,928 [INFO] Argument:335 - Argument : Statevalue: null
2026-03-17 02:54:31,928 [INFO] Argument:325 - Argument : Parentvalue: null
2026-03-17 02:54:31,928 [INFO] Argument:335 - Argument : Parentvalue: null
2026-03-17 02:54:31,928 [INFO] Argument:325 - Argument : XferCpltCallbackvalue: null
2026-03-17 02:54:31,929 [INFO] Argument:335 - Argument : XferCpltCallbackvalue: null
2026-03-17 02:54:31,929 [INFO] Argument:325 - Argument : XferHalfCpltCallbackvalue: null
2026-03-17 02:54:31,929 [INFO] Argument:335 - Argument : XferHalfCpltCallbackvalue: null
2026-03-17 02:54:31,929 [INFO] Argument:325 - Argument : XferM1CpltCallbackvalue: null
2026-03-17 02:54:31,929 [INFO] Argument:335 - Argument : XferM1CpltCallbackvalue: null
2026-03-17 02:54:31,929 [INFO] Argument:325 - Argument : XferErrorCallbackvalue: null
2026-03-17 02:54:31,929 [INFO] Argument:335 - Argument : XferErrorCallbackvalue: null
2026-03-17 02:54:31,929 [INFO] Argument:325 - Argument : ErrorCodevalue: null
2026-03-17 02:54:31,929 [INFO] Argument:335 - Argument : ErrorCodevalue: null
2026-03-17 02:54:31,931 [WARN] IP:2120 - tgfx_framebuffer_stride_value_custom not found: check if there is a RefParameter without a condition.
2026-03-17 02:54:31,976 [INFO] IP:3348 - RTE Config file name : RTE_Component
2026-03-17 02:54:31,976 [INFO] IP:3366 - RTE template : RTE_Components.ftl
2026-03-17 02:54:31,986 [INFO] CodeEngine:255 - oldGeneratedFile, C:\git\VehiculoTT\HMITT\MXTmpFiles\license.tmp_save
2026-03-17 02:54:32,101 [INFO] CodeEngine:279 - Generated code: C:\git\VehiculoTT\HMITT\MXTmpFiles\license.tmp
2026-03-17 02:54:32,133 [INFO] CodeEngine:255 - oldGeneratedFile, C:\git\VehiculoTT\HMITT\MXTmpFiles\gpio.tmp_save
2026-03-17 02:54:32,247 [INFO] CodeEngine:279 - Generated code: C:\git\VehiculoTT\HMITT\MXTmpFiles\gpio.tmp
2026-03-17 02:54:32,428 [INFO] Middleware:1439 - No code input for Bsp Dependency
2026-03-17 02:54:32,441 [INFO] CodeEngine:255 - oldGeneratedFile, C:\git\VehiculoTT\HMITT\MXTmpFiles\rtos_inc.tmp_save
2026-03-17 02:54:32,533 [INFO] CodeEngine:279 - Generated code: C:\git\VehiculoTT\HMITT\MXTmpFiles\rtos_inc.tmp
2026-03-17 02:54:32,540 [INFO] CodeEngine:255 - oldGeneratedFile, C:\git\VehiculoTT\HMITT\MXTmpFiles\rtos_kernelInit.tmp_save
2026-03-17 02:54:32,622 [INFO] CodeEngine:279 - Generated code: C:\git\VehiculoTT\HMITT\MXTmpFiles\rtos_kernelInit.tmp
2026-03-17 02:54:32,629 [INFO] CodeEngine:255 - oldGeneratedFile, C:\git\VehiculoTT\HMITT\MXTmpFiles\rtos_kernelStart.tmp_save
2026-03-17 02:54:32,697 [INFO] CodeEngine:279 - Generated code: C:\git\VehiculoTT\HMITT\MXTmpFiles\rtos_kernelStart.tmp
2026-03-17 02:54:32,704 [INFO] CodeEngine:255 - oldGeneratedFile, C:\git\VehiculoTT\HMITT\MXTmpFiles\rtos_typedefs.tmp_save
2026-03-17 02:54:32,769 [INFO] CodeEngine:279 - Generated code: C:\git\VehiculoTT\HMITT\MXTmpFiles\rtos_typedefs.tmp
2026-03-17 02:54:32,776 [INFO] CodeEngine:255 - oldGeneratedFile, C:\git\VehiculoTT\HMITT\MXTmpFiles\rtos_vars.tmp_save
2026-03-17 02:54:32,854 [INFO] CodeEngine:279 - Generated code: C:\git\VehiculoTT\HMITT\MXTmpFiles\rtos_vars.tmp
2026-03-17 02:54:32,860 [INFO] CodeEngine:255 - oldGeneratedFile, C:\git\VehiculoTT\HMITT\MXTmpFiles\rtos_pfp.tmp_save
2026-03-17 02:54:32,934 [INFO] CodeEngine:279 - Generated code: C:\git\VehiculoTT\HMITT\MXTmpFiles\rtos_pfp.tmp
2026-03-17 02:54:32,940 [INFO] CodeEngine:255 - oldGeneratedFile, C:\git\VehiculoTT\HMITT\MXTmpFiles\rtos_obj_creat.tmp_save
2026-03-17 02:54:33,018 [INFO] CodeEngine:279 - Generated code: C:\git\VehiculoTT\HMITT\MXTmpFiles\rtos_obj_creat.tmp
2026-03-17 02:54:33,025 [INFO] CodeEngine:255 - oldGeneratedFile, C:\git\VehiculoTT\HMITT\MXTmpFiles\rtos_default_thread.tmp_save
2026-03-17 02:54:33,100 [INFO] CodeEngine:279 - Generated code: C:\git\VehiculoTT\HMITT\MXTmpFiles\rtos_default_thread.tmp
2026-03-17 02:54:33,107 [INFO] CodeEngine:255 - oldGeneratedFile, C:\git\VehiculoTT\HMITT\MXTmpFiles\rtos_threads.tmp_save
2026-03-17 02:54:33,184 [INFO] CodeEngine:279 - Generated code: C:\git\VehiculoTT\HMITT\MXTmpFiles\rtos_threads.tmp
2026-03-17 02:54:33,192 [INFO] Middleware:1439 - No code input for Bsp Dependency
2026-03-17 02:54:33,192 [INFO] IP:3348 - RTE Config file name : RTE_Component
2026-03-17 02:54:33,193 [INFO] IP:3366 - RTE template : RTE_Components.ftl
2026-03-17 02:54:33,203 [INFO] CodeEngine:255 - oldGeneratedFile, C:\git\VehiculoTT\HMITT\MXTmpFiles\SCB_CleanInvalidateDCache.tmp_save
2026-03-17 02:54:33,273 [INFO] CodeEngine:279 - Generated code: C:\git\VehiculoTT\HMITT\MXTmpFiles\SCB_CleanInvalidateDCache.tmp
2026-03-17 02:54:33,280 [INFO] CodeEngine:255 - oldGeneratedFile, C:\git\VehiculoTT\HMITT\MXTmpFiles\SCB_InvalidateDCache.tmp_save
2026-03-17 02:54:33,344 [INFO] CodeEngine:279 - Generated code: C:\git\VehiculoTT\HMITT\MXTmpFiles\SCB_InvalidateDCache.tmp
2026-03-17 02:54:33,352 [INFO] CodeEngine:255 - oldGeneratedFile, C:\git\VehiculoTT\HMITT\MXTmpFiles\touchgfx_license.tmp_save
2026-03-17 02:54:33,434 [INFO] CodeEngine:279 - Generated code: C:\git\VehiculoTT\HMITT\MXTmpFiles\touchgfx_license.tmp
2026-03-17 02:54:33,441 [INFO] CodeEngine:255 - oldGeneratedFile, C:\git\VehiculoTT\HMITT\MXTmpFiles\touchgfx_gen_license.tmp_save
2026-03-17 02:54:33,510 [INFO] CodeEngine:279 - Generated code: C:\git\VehiculoTT\HMITT\MXTmpFiles\touchgfx_gen_license.tmp
2026-03-17 02:54:33,518 [INFO] CodeEngine:255 - oldGeneratedFile, C:\git\VehiculoTT\HMITT\MXTmpFiles\oswrappers_cmsis.tmp_save
2026-03-17 02:54:33,596 [INFO] CodeEngine:279 - Generated code: C:\git\VehiculoTT\HMITT\MXTmpFiles\oswrappers_cmsis.tmp
2026-03-17 02:54:33,608 [INFO] Middleware:1439 - No code input for Bsp Dependency
2026-03-17 02:54:33,621 [INFO] CodeEngine:255 - oldGeneratedFile, C:\git\VehiculoTT\HMITT\MXTmpFiles\rtos_inc.tmp_save
2026-03-17 02:54:33,727 [INFO] CodeEngine:279 - Generated code: C:\git\VehiculoTT\HMITT\MXTmpFiles\rtos_inc.tmp
2026-03-17 02:54:33,737 [INFO] CodeEngine:255 - oldGeneratedFile, C:\git\VehiculoTT\HMITT\MXTmpFiles\rtos_kernelInit.tmp_save
2026-03-17 02:54:33,796 [INFO] CodeEngine:279 - Generated code: C:\git\VehiculoTT\HMITT\MXTmpFiles\rtos_kernelInit.tmp
2026-03-17 02:54:33,805 [INFO] CodeEngine:255 - oldGeneratedFile, C:\git\VehiculoTT\HMITT\MXTmpFiles\rtos_kernelStart.tmp_save
2026-03-17 02:54:33,872 [INFO] CodeEngine:279 - Generated code: C:\git\VehiculoTT\HMITT\MXTmpFiles\rtos_kernelStart.tmp
2026-03-17 02:54:33,883 [INFO] CodeEngine:255 - oldGeneratedFile, C:\git\VehiculoTT\HMITT\MXTmpFiles\rtos_typedefs.tmp_save
2026-03-17 02:54:33,943 [INFO] CodeEngine:279 - Generated code: C:\git\VehiculoTT\HMITT\MXTmpFiles\rtos_typedefs.tmp
2026-03-17 02:54:33,961 [INFO] CodeEngine:255 - oldGeneratedFile, C:\git\VehiculoTT\HMITT\MXTmpFiles\rtos_vars.tmp_save
2026-03-17 02:54:34,021 [INFO] CodeEngine:279 - Generated code: C:\git\VehiculoTT\HMITT\MXTmpFiles\rtos_vars.tmp
2026-03-17 02:54:34,031 [INFO] CodeEngine:255 - oldGeneratedFile, C:\git\VehiculoTT\HMITT\MXTmpFiles\rtos_pfp.tmp_save
2026-03-17 02:54:34,087 [INFO] CodeEngine:279 - Generated code: C:\git\VehiculoTT\HMITT\MXTmpFiles\rtos_pfp.tmp
2026-03-17 02:54:34,105 [INFO] CodeEngine:255 - oldGeneratedFile, C:\git\VehiculoTT\HMITT\MXTmpFiles\rtos_obj_creat.tmp_save
2026-03-17 02:54:34,164 [INFO] CodeEngine:279 - Generated code: C:\git\VehiculoTT\HMITT\MXTmpFiles\rtos_obj_creat.tmp
2026-03-17 02:54:34,173 [INFO] CodeEngine:255 - oldGeneratedFile, C:\git\VehiculoTT\HMITT\MXTmpFiles\rtos_default_thread.tmp_save
2026-03-17 02:54:34,229 [INFO] CodeEngine:279 - Generated code: C:\git\VehiculoTT\HMITT\MXTmpFiles\rtos_default_thread.tmp
2026-03-17 02:54:34,248 [INFO] CodeEngine:255 - oldGeneratedFile, C:\git\VehiculoTT\HMITT\MXTmpFiles\rtos_threads.tmp_save
2026-03-17 02:54:34,306 [INFO] CodeEngine:279 - Generated code: C:\git\VehiculoTT\HMITT\MXTmpFiles\rtos_threads.tmp
2026-03-17 02:54:34,326 [INFO] CodeEngine:255 - oldGeneratedFile, C:\git\VehiculoTT\HMITT\Core\Inc\FreeRTOSConfig.h_save
2026-03-17 02:54:34,419 [INFO] CodeEngine:279 - Generated code: C:\git\VehiculoTT\HMITT\Core\Inc\FreeRTOSConfig.h
2026-03-17 02:54:34,437 [INFO] CodeEngine:255 - oldGeneratedFile, C:\git\VehiculoTT\HMITT\Core\Src\freertos.c_save
2026-03-17 02:54:34,535 [INFO] CodeEngine:279 - Generated code: C:\git\VehiculoTT\HMITT\Core\Src\freertos.c
2026-03-17 02:54:34,556 [INFO] CodeEngine:255 - oldGeneratedFile, C:\git\VehiculoTT\HMITT\MXTmpFiles\dma.tmp_save
2026-03-17 02:54:34,643 [INFO] CodeEngine:279 - Generated code: C:\git\VehiculoTT\HMITT\MXTmpFiles\dma.tmp
2026-03-17 02:54:34,650 [INFO] CodeEngine:255 - oldGeneratedFile, C:\git\VehiculoTT\HMITT\MXTmpFiles\dma_GV.tmp_save
2026-03-17 02:54:34,707 [INFO] CodeEngine:279 - Generated code: C:\git\VehiculoTT\HMITT\MXTmpFiles\dma_GV.tmp
2026-03-17 02:54:34,716 [INFO] Middleware:1439 - No code input for Bsp Dependency
2026-03-17 02:54:34,717 [INFO] IP:3348 - RTE Config file name : RTE_Component
2026-03-17 02:54:34,717 [INFO] IP:3366 - RTE template : RTE_Components.ftl
2026-03-17 02:54:34,734 [INFO] CodeEngine:255 - oldGeneratedFile, C:\git\VehiculoTT\HMITT\MXTmpFiles\SCB_CleanInvalidateDCache.tmp_save
2026-03-17 02:54:34,814 [INFO] CodeEngine:279 - Generated code: C:\git\VehiculoTT\HMITT\MXTmpFiles\SCB_CleanInvalidateDCache.tmp
2026-03-17 02:54:34,828 [INFO] CodeEngine:255 - oldGeneratedFile, C:\git\VehiculoTT\HMITT\MXTmpFiles\SCB_InvalidateDCache.tmp_save
2026-03-17 02:54:34,885 [INFO] CodeEngine:279 - Generated code: C:\git\VehiculoTT\HMITT\MXTmpFiles\SCB_InvalidateDCache.tmp
2026-03-17 02:54:34,897 [INFO] CodeEngine:255 - oldGeneratedFile, C:\git\VehiculoTT\HMITT\MXTmpFiles\touchgfx_license.tmp_save
2026-03-17 02:54:34,959 [INFO] CodeEngine:279 - Generated code: C:\git\VehiculoTT\HMITT\MXTmpFiles\touchgfx_license.tmp
2026-03-17 02:54:34,970 [INFO] CodeEngine:255 - oldGeneratedFile, C:\git\VehiculoTT\HMITT\MXTmpFiles\touchgfx_gen_license.tmp_save
2026-03-17 02:54:35,029 [INFO] CodeEngine:279 - Generated code: C:\git\VehiculoTT\HMITT\MXTmpFiles\touchgfx_gen_license.tmp
2026-03-17 02:54:35,054 [INFO] CodeEngine:255 - oldGeneratedFile, C:\git\VehiculoTT\HMITT\MXTmpFiles\oswrappers_cmsis.tmp_save
2026-03-17 02:54:35,118 [INFO] CodeEngine:279 - Generated code: C:\git\VehiculoTT\HMITT\MXTmpFiles\oswrappers_cmsis.tmp
2026-03-17 02:54:35,139 [INFO] CodeEngine:255 - oldGeneratedFile, C:\git\VehiculoTT\HMITT\TouchGFX\App\app_touchgfx.h_save
2026-03-17 02:54:35,219 [INFO] CodeEngine:279 - Generated code: C:\git\VehiculoTT\HMITT\TouchGFX\App\app_touchgfx.h
2026-03-17 02:54:35,238 [INFO] CodeEngine:255 - oldGeneratedFile, C:\git\VehiculoTT\HMITT\TouchGFX\ApplicationTemplate.touchgfx.part_save
2026-03-17 02:54:35,328 [INFO] CodeEngine:279 - Generated code: C:\git\VehiculoTT\HMITT\TouchGFX\ApplicationTemplate.touchgfx.part
2026-03-17 02:54:35,352 [INFO] CodeEngine:255 - oldGeneratedFile, C:\git\VehiculoTT\HMITT\TouchGFX\target\generated\TouchGFXConfiguration.cpp_save
2026-03-17 02:54:35,459 [INFO] CodeEngine:279 - Generated code: C:\git\VehiculoTT\HMITT\TouchGFX\target\generated\TouchGFXConfiguration.cpp
2026-03-17 02:54:35,483 [INFO] CodeEngine:255 - oldGeneratedFile, C:\git\VehiculoTT\HMITT\TouchGFX\target\generated\TouchGFXGeneratedHAL.hpp_save
2026-03-17 02:54:35,568 [INFO] CodeEngine:279 - Generated code: C:\git\VehiculoTT\HMITT\TouchGFX\target\generated\TouchGFXGeneratedHAL.hpp
2026-03-17 02:54:35,595 [INFO] CodeEngine:255 - oldGeneratedFile, C:\git\VehiculoTT\HMITT\TouchGFX\target\generated\TouchGFXGeneratedHAL.cpp_save
2026-03-17 02:54:35,691 [INFO] CodeEngine:279 - Generated code: C:\git\VehiculoTT\HMITT\TouchGFX\target\generated\TouchGFXGeneratedHAL.cpp
2026-03-17 02:54:35,715 [INFO] CodeEngine:255 - oldGeneratedFile, C:\git\VehiculoTT\HMITT\TouchGFX\target\TouchGFXHAL.hpp_save
2026-03-17 02:54:35,806 [INFO] CodeEngine:279 - Generated code: C:\git\VehiculoTT\HMITT\TouchGFX\target\TouchGFXHAL.hpp
2026-03-17 02:54:35,818 [INFO] CodeEngine:255 - oldGeneratedFile, C:\git\VehiculoTT\HMITT\TouchGFX\target\TouchGFXHAL.cpp_save
2026-03-17 02:54:35,920 [INFO] CodeEngine:279 - Generated code: C:\git\VehiculoTT\HMITT\TouchGFX\target\TouchGFXHAL.cpp
2026-03-17 02:54:35,938 [INFO] CodeEngine:255 - oldGeneratedFile, C:\git\VehiculoTT\HMITT\TouchGFX\target\STM32TouchController.hpp_save
2026-03-17 02:54:36,022 [INFO] CodeEngine:279 - Generated code: C:\git\VehiculoTT\HMITT\TouchGFX\target\STM32TouchController.hpp
2026-03-17 02:54:36,041 [INFO] CodeEngine:255 - oldGeneratedFile, C:\git\VehiculoTT\HMITT\TouchGFX\target\STM32TouchController.cpp_save
2026-03-17 02:54:36,126 [INFO] CodeEngine:279 - Generated code: C:\git\VehiculoTT\HMITT\TouchGFX\target\STM32TouchController.cpp
2026-03-17 02:54:36,149 [INFO] CodeEngine:255 - oldGeneratedFile, C:\git\VehiculoTT\HMITT\TouchGFX\target\generated\STM32DMA.hpp_save
2026-03-17 02:54:36,226 [INFO] CodeEngine:279 - Generated code: C:\git\VehiculoTT\HMITT\TouchGFX\target\generated\STM32DMA.hpp
2026-03-17 02:54:36,244 [INFO] CodeEngine:255 - oldGeneratedFile, C:\git\VehiculoTT\HMITT\TouchGFX\target\generated\STM32DMA.cpp_save
2026-03-17 02:54:36,323 [INFO] CodeEngine:279 - Generated code: C:\git\VehiculoTT\HMITT\TouchGFX\target\generated\STM32DMA.cpp
2026-03-17 02:54:36,338 [INFO] CodeEngine:255 - oldGeneratedFile, C:\git\VehiculoTT\HMITT\TouchGFX\target\generated\OSWrappers.cpp_save
2026-03-17 02:54:36,438 [INFO] CodeEngine:279 - Generated code: C:\git\VehiculoTT\HMITT\TouchGFX\target\generated\OSWrappers.cpp
2026-03-17 02:54:36,457 [INFO] CodeEngine:255 - oldGeneratedFile, C:\git\VehiculoTT\HMITT\TouchGFX\target\TouchGFXGPIO.cpp_save
2026-03-17 02:54:36,539 [INFO] CodeEngine:279 - Generated code: C:\git\VehiculoTT\HMITT\TouchGFX\target\TouchGFXGPIO.cpp
2026-03-17 02:54:36,559 [INFO] CodeEngine:255 - oldGeneratedFile, C:\git\VehiculoTT\HMITT\TouchGFX\App\app_touchgfx.c_save
2026-03-17 02:54:36,636 [INFO] CodeEngine:279 - Generated code: C:\git\VehiculoTT\HMITT\TouchGFX\App\app_touchgfx.c
2026-03-17 02:54:36,671 [INFO] CodeEngine:255 - oldGeneratedFile, C:\git\VehiculoTT\HMITT\Core\Src\stm32f4xx_it.c_save
2026-03-17 02:54:36,835 [INFO] CodeEngine:279 - Generated code: C:\git\VehiculoTT\HMITT\Core\Src\stm32f4xx_it.c
2026-03-17 02:54:36,855 [INFO] CodeEngine:255 - oldGeneratedFile, C:\git\VehiculoTT\HMITT\Core\Inc\stm32f4xx_it.h_save
2026-03-17 02:54:36,949 [INFO] CodeEngine:279 - Generated code: C:\git\VehiculoTT\HMITT\Core\Inc\stm32f4xx_it.h
2026-03-17 02:54:36,954 [INFO] IP:3348 - RTE Config file name : RTE_Component
2026-03-17 02:54:36,954 [INFO] IP:3366 - RTE template : RTE_Components.ftl
2026-03-17 02:54:36,954 [INFO] CodeGenerator:2119 - Add RTE Code Input 
2026-03-17 02:54:36,980 [INFO] CodeEngine:255 - oldGeneratedFile, C:\git\VehiculoTT\HMITT\Core\Inc\RTE_Components.h_save
2026-03-17 02:54:37,083 [INFO] CodeEngine:279 - Generated code: C:\git\VehiculoTT\HMITT\Core\Inc\RTE_Components.h
2026-03-17 02:54:37,123 [INFO] CodeEngine:255 - oldGeneratedFile, C:\git\VehiculoTT\HMITT\Core\Src\stm32f4xx_hal_msp.c_save
2026-03-17 02:54:37,318 [INFO] CodeEngine:279 - Generated code: C:\git\VehiculoTT\HMITT\Core\Src\stm32f4xx_hal_msp.c
2026-03-17 02:54:37,328 [INFO] CodeEngine:255 - oldGeneratedFile, C:\git\VehiculoTT\HMITT\MXTmpFiles\system.tmp_save
2026-03-17 02:54:37,402 [INFO] CodeEngine:279 - Generated code: C:\git\VehiculoTT\HMITT\MXTmpFiles\system.tmp
2026-03-17 02:54:37,424 [INFO] CodeEngine:255 - oldGeneratedFile, C:\git\VehiculoTT\HMITT\Core\Src\stm32f4xx_hal_timebase_tim.c_save
2026-03-17 02:54:37,521 [INFO] CodeEngine:279 - Generated code: C:\git\VehiculoTT\HMITT\Core\Src\stm32f4xx_hal_timebase_tim.c
2026-03-17 02:54:37,550 [INFO] CodeEngine:311 - oldGeneratedFile, C:\git\VehiculoTT\HMITT\Core\Inc\stm32f4xx_hal_conf.h_save
2026-03-17 02:54:37,648 [INFO] CodeEngine:335 - Generated code: C:\git\VehiculoTT\HMITT\Core\Inc\stm32f4xx_hal_conf.h
2026-03-17 02:54:37,678 [WARN] IPConfigManager:3513 - IP not found : TIM
2026-03-17 02:54:37,678 [WARN] CodeGenerator:3951 - IP not found : null
2026-03-17 02:54:37,703 [INFO] CodeEngine:255 - oldGeneratedFile, C:\git\VehiculoTT\HMITT\Core\Inc\main.h_save
2026-03-17 02:54:37,791 [INFO] CodeEngine:279 - Generated code: C:\git\VehiculoTT\HMITT\Core\Inc\main.h
2026-03-17 02:54:37,811 [INFO] CodeEngine:255 - oldGeneratedFile, C:\git\VehiculoTT\HMITT\Core\Src\main.c_save
2026-03-17 02:54:38,008 [INFO] CodeEngine:279 - Generated code: C:\git\VehiculoTT\HMITT\Core\Src\main.c
2026-03-17 02:54:39,091 [INFO] ProjectBuilder:3163 - Time for Copy HAL[1] : 740mS.
2026-03-17 02:54:39,092 [ERROR] Middleware:2969 - Invalid RefComponent liste
2026-03-17 02:54:39,092 [ERROR] Middleware:2969 - Invalid RefComponent liste
2026-03-17 02:54:39,092 [ERROR] Middleware:2969 - Invalid RefComponent liste
2026-03-17 02:54:39,092 [ERROR] Middleware:2969 - Invalid RefComponent liste
2026-03-17 02:54:39,092 [ERROR] Middleware:2969 - Invalid RefComponent liste
2026-03-17 02:54:39,092 [ERROR] Middleware:2969 - Invalid RefComponent liste
2026-03-17 02:54:39,092 [ERROR] Middleware:2969 - Invalid RefComponent liste
2026-03-17 02:54:39,092 [ERROR] Middleware:2969 - Invalid RefComponent liste
2026-03-17 02:54:39,092 [ERROR] Middleware:2969 - Invalid RefComponent liste
2026-03-17 02:54:39,092 [ERROR] Middleware:2969 - Invalid RefComponent liste
2026-03-17 02:54:39,092 [ERROR] Middleware:2969 - Invalid RefComponent liste
2026-03-17 02:54:39,092 [ERROR] Middleware:2969 - Invalid RefComponent liste
2026-03-17 02:54:39,092 [ERROR] Middleware:2969 - Invalid RefComponent liste
2026-03-17 02:54:39,092 [ERROR] Middleware:2969 - Invalid RefComponent liste
2026-03-17 02:54:39,092 [ERROR] Middleware:2969 - Invalid RefComponent liste
2026-03-17 02:54:39,092 [ERROR] Middleware:2969 - Invalid RefComponent liste
2026-03-17 02:54:39,092 [ERROR] Middleware:2969 - Invalid RefComponent liste
2026-03-17 02:54:39,092 [ERROR] Middleware:2969 - Invalid RefComponent liste
2026-03-17 02:54:39,092 [ERROR] Middleware:2969 - Invalid RefComponent liste
2026-03-17 02:54:39,092 [ERROR] Middleware:2969 - Invalid RefComponent liste
2026-03-17 02:54:39,092 [ERROR] Middleware:2969 - Invalid RefComponent liste
2026-03-17 02:54:39,092 [ERROR] Middleware:2969 - Invalid RefComponent liste
2026-03-17 02:54:39,092 [ERROR] Middleware:2969 - Invalid RefComponent liste
2026-03-17 02:54:39,092 [ERROR] Middleware:2969 - Invalid RefComponent liste
2026-03-17 02:54:39,092 [ERROR] Middleware:2969 - Invalid RefComponent liste
2026-03-17 02:54:39,092 [ERROR] Middleware:2969 - Invalid RefComponent liste
2026-03-17 02:54:39,092 [ERROR] Middleware:2969 - Invalid RefComponent liste
2026-03-17 02:54:39,092 [ERROR] Middleware:2969 - Invalid RefComponent liste
2026-03-17 02:54:39,092 [ERROR] Middleware:2969 - Invalid RefComponent liste
2026-03-17 02:54:39,092 [ERROR] Middleware:2969 - Invalid RefComponent liste
2026-03-17 02:54:39,092 [ERROR] Middleware:2969 - Invalid RefComponent liste
2026-03-17 02:54:39,092 [ERROR] Middleware:2969 - Invalid RefComponent liste
2026-03-17 02:54:39,092 [ERROR] Middleware:2969 - Invalid RefComponent liste
2026-03-17 02:54:39,092 [ERROR] Middleware:2969 - Invalid RefComponent liste
2026-03-17 02:54:39,092 [ERROR] Middleware:2969 - Invalid RefComponent liste
2026-03-17 02:54:39,092 [ERROR] Middleware:2969 - Invalid RefComponent liste
2026-03-17 02:54:39,092 [ERROR] Middleware:2969 - Invalid RefComponent liste
2026-03-17 02:54:39,092 [ERROR] Middleware:2969 - Invalid RefComponent liste
2026-03-17 02:54:39,092 [ERROR] Middleware:2969 - Invalid RefComponent liste
2026-03-17 02:54:39,092 [ERROR] Middleware:2969 - Invalid RefComponent liste
2026-03-17 02:54:39,092 [ERROR] Middleware:2969 - Invalid RefComponent liste
2026-03-17 02:54:39,092 [ERROR] Middleware:2969 - Invalid RefComponent liste
2026-03-17 02:54:39,092 [ERROR] Middleware:2969 - Invalid RefComponent liste
2026-03-17 02:54:39,093 [ERROR] Middleware:2969 - Invalid RefComponent liste
2026-03-17 02:54:39,093 [ERROR] Middleware:2969 - Invalid RefComponent liste
2026-03-17 02:54:39,093 [ERROR] Middleware:2969 - Invalid RefComponent liste
2026-03-17 02:54:39,093 [ERROR] Middleware:2969 - Invalid RefComponent liste
2026-03-17 02:54:39,093 [ERROR] Middleware:2969 - Invalid RefComponent liste
2026-03-17 02:54:39,093 [ERROR] Middleware:2969 - Invalid RefComponent liste
2026-03-17 02:54:39,093 [ERROR] Middleware:2969 - Invalid RefComponent liste
2026-03-17 02:54:39,093 [ERROR] Middleware:2969 - Invalid RefComponent liste
2026-03-17 02:54:39,093 [ERROR] Middleware:2969 - Invalid RefComponent liste
2026-03-17 02:54:39,093 [ERROR] Middleware:2969 - Invalid RefComponent liste
2026-03-17 02:54:39,093 [ERROR] Middleware:2969 - Invalid RefComponent liste
2026-03-17 02:54:39,093 [ERROR] Middleware:2969 - Invalid RefComponent liste
2026-03-17 02:54:39,093 [ERROR] Middleware:2969 - Invalid RefComponent liste
2026-03-17 02:54:39,093 [ERROR] Middleware:2969 - Invalid RefComponent liste
2026-03-17 02:54:39,093 [ERROR] Middleware:2969 - Invalid RefComponent liste
2026-03-17 02:54:39,093 [ERROR] Middleware:2969 - Invalid RefComponent liste
2026-03-17 02:54:39,093 [ERROR] Middleware:2969 - Invalid RefComponent liste
2026-03-17 02:54:39,093 [ERROR] Middleware:2969 - Invalid RefComponent liste
2026-03-17 02:54:39,093 [ERROR] Middleware:2969 - Invalid RefComponent liste
2026-03-17 02:54:39,093 [ERROR] Middleware:2969 - Invalid RefComponent liste
2026-03-17 02:54:39,093 [ERROR] Middleware:2969 - Invalid RefComponent liste
2026-03-17 02:54:39,093 [ERROR] Middleware:2969 - Invalid RefComponent liste
2026-03-17 02:54:39,093 [ERROR] Middleware:2969 - Invalid RefComponent liste
2026-03-17 02:54:39,093 [ERROR] Middleware:2969 - Invalid RefComponent liste
2026-03-17 02:54:39,093 [ERROR] Middleware:2969 - Invalid RefComponent liste
2026-03-17 02:54:39,093 [ERROR] Middleware:2969 - Invalid RefComponent liste
2026-03-17 02:54:39,093 [ERROR] Middleware:2969 - Invalid RefComponent liste
2026-03-17 02:54:39,093 [ERROR] Middleware:2969 - Invalid RefComponent liste
2026-03-17 02:54:39,093 [ERROR] Middleware:2969 - Invalid RefComponent liste
2026-03-17 02:54:39,093 [ERROR] Middleware:2969 - Invalid RefComponent liste
2026-03-17 02:54:39,095 [ERROR] Middleware:2969 - Invalid RefComponent liste
2026-03-17 02:54:39,095 [ERROR] Middleware:2969 - Invalid RefComponent liste
2026-03-17 02:54:39,095 [ERROR] Middleware:2969 - Invalid RefComponent liste
2026-03-17 02:54:39,095 [ERROR] Middleware:2969 - Invalid RefComponent liste
2026-03-17 02:54:39,095 [ERROR] Middleware:2969 - Invalid RefComponent liste
2026-03-17 02:54:39,095 [ERROR] Middleware:2969 - Invalid RefComponent liste
2026-03-17 02:54:39,095 [ERROR] Middleware:2969 - Invalid RefComponent liste
2026-03-17 02:54:39,095 [ERROR] Middleware:2969 - Invalid RefComponent liste
2026-03-17 02:54:39,095 [ERROR] Middleware:2969 - Invalid RefComponent liste
2026-03-17 02:54:39,095 [ERROR] Middleware:2969 - Invalid RefComponent liste
2026-03-17 02:54:39,095 [ERROR] Middleware:2969 - Invalid RefComponent liste
2026-03-17 02:54:39,095 [ERROR] Middleware:2969 - Invalid RefComponent liste
2026-03-17 02:54:39,095 [ERROR] Middleware:2969 - Invalid RefComponent liste
2026-03-17 02:54:39,095 [ERROR] Middleware:2969 - Invalid RefComponent liste
2026-03-17 02:54:39,095 [ERROR] Middleware:2969 - Invalid RefComponent liste
2026-03-17 02:54:39,095 [ERROR] Middleware:2969 - Invalid RefComponent liste
2026-03-17 02:54:39,095 [ERROR] Middleware:2969 - Invalid RefComponent liste
2026-03-17 02:54:39,095 [ERROR] Middleware:2969 - Invalid RefComponent liste
2026-03-17 02:54:39,095 [ERROR] Middleware:2969 - Invalid RefComponent liste
2026-03-17 02:54:39,095 [ERROR] Middleware:2969 - Invalid RefComponent liste
2026-03-17 02:54:39,095 [ERROR] Middleware:2969 - Invalid RefComponent liste
2026-03-17 02:54:39,095 [ERROR] Middleware:2969 - Invalid RefComponent liste
2026-03-17 02:54:39,095 [ERROR] Middleware:2969 - Invalid RefComponent liste
2026-03-17 02:54:39,095 [ERROR] Middleware:2969 - Invalid RefComponent liste
2026-03-17 02:54:39,095 [ERROR] Middleware:2969 - Invalid RefComponent liste
2026-03-17 02:54:39,095 [ERROR] Middleware:2969 - Invalid RefComponent liste
2026-03-17 02:54:39,095 [ERROR] Middleware:2969 - Invalid RefComponent liste
2026-03-17 02:54:39,095 [ERROR] Middleware:2969 - Invalid RefComponent liste
2026-03-17 02:54:39,095 [ERROR] Middleware:2969 - Invalid RefComponent liste
2026-03-17 02:54:39,115 [INFO] ProjectBuilder:4736 - Project Generator version: 4.3.0-B58
2026-03-17 02:54:39,183 [INFO] ConfigFileManager:1503 - The Die is : DIE431
2026-03-17 02:54:42,139 [INFO] ProjectBuilder:5002 - Time for Generating toolchain IDE Files: 3024mS.
2026-03-17 02:54:42,140 [INFO] ProjectBuilder:3034 - Time for Copy CMSIS : 1mS.
2026-03-17 02:54:42,305 [INFO] ProjectBuilder:3034 - Time for Copy CMSIS : 0mS.
2026-03-17 03:44:14,235 [INFO] MainUpdater:2873 - connection check result : 10
2026-03-17 03:44:14,235 [INFO] MainUpdater:2873 - connection check result : 10
2026-03-17 03:44:14,298 [INFO] MicroXplorer:468 - Change Database Path : 
2026-03-17 03:44:14,298 [INFO] MicroXplorer:498 - Change Database Version : DB.6.0.110
2026-03-17 03:44:14,307 [ERROR] ProjectManagerView:394 - 
java.lang.NullPointerException: Cannot invoke "javax.swing.JTextField.getText()" because the return value of "java.util.List.get(int)" is null
	at com.st.microxplorer.plugins.projectmanager.gui.ProjectChoiceTab$10.caretUpdate(ProjectChoiceTab.java:2504) ~[filemanager.jar:?]
	at javax.swing.text.JTextComponent.fireCaretUpdate(JTextComponent.java:412) ~[?:?]
	at javax.swing.text.JTextComponent$MutableCaretEvent.fire(JTextComponent.java:4491) ~[?:?]
	at javax.swing.text.JTextComponent$MutableCaretEvent.stateChanged(JTextComponent.java:4513) ~[?:?]
	at javax.swing.text.DefaultCaret.fireStateChanged(DefaultCaret.java:842) ~[?:?]
	at javax.swing.text.DefaultCaret.changeCaretPosition(DefaultCaret.java:1313) ~[?:?]
	at javax.swing.text.DefaultCaret.handleSetDot(DefaultCaret.java:1212) ~[?:?]
	at javax.swing.text.DefaultCaret.setDot(DefaultCaret.java:1193) ~[?:?]
	at javax.swing.text.DefaultCaret$Handler.insertUpdate(DefaultCaret.java:1789) ~[?:?]
	at javax.swing.text.AbstractDocument.fireInsertUpdate(AbstractDocument.java:226) ~[?:?]
	at javax.swing.text.AbstractDocument.handleInsertString(AbstractDocument.java:780) ~[?:?]
	at javax.swing.text.AbstractDocument.insertString(AbstractDocument.java:739) ~[?:?]
	at javax.swing.text.PlainDocument.insertString(PlainDocument.java:131) ~[?:?]
	at javax.swing.text.AbstractDocument.replace(AbstractDocument.java:698) ~[?:?]
	at javax.swing.text.JTextComponent.setText(JTextComponent.java:1729) ~[?:?]
	at com.st.microxplorer.plugins.projectmanager.gui.ProjectChoiceTab.createHeapStackFields(ProjectChoiceTab.java:944) ~[filemanager.jar:?]
	at com.st.microxplorer.plugins.projectmanager.gui.ProjectChoiceTab.buildLinkSettingsPanel(ProjectChoiceTab.java:3475) ~[filemanager.jar:?]
	at com.st.microxplorer.plugins.projectmanager.gui.ProjectChoiceTab.defineWindowsFields(ProjectChoiceTab.java:1816) ~[filemanager.jar:?]
	at com.st.microxplorer.plugins.projectmanager.gui.ProjectChoiceTab.updateSettings(ProjectChoiceTab.java:544) ~[filemanager.jar:?]
	at com.st.microxplorer.plugins.projectmanager.gui.ProjectSettingsPanel.UpdateDialog(ProjectSettingsPanel.java:245) ~[filemanager.jar:?]
	at com.st.microxplorer.plugins.projectmanager.ProjectManagerView.propertyChange(ProjectManagerView.java:391) ~[filemanager.jar:?]
	at java.beans.PropertyChangeSupport.fire(PropertyChangeSupport.java:343) ~[?:?]
	at java.beans.PropertyChangeSupport.firePropertyChange(PropertyChangeSupport.java:335) ~[?:?]
	at java.beans.PropertyChangeSupport.firePropertyChange(PropertyChangeSupport.java:268) ~[?:?]
	at com.st.microxplorer.util.MXPropertyChangeSupport.firePropertyChange(MXPropertyChangeSupport.java:54) ~[STM32CubeMX.jar:?]
	at com.st.microxplorer.mxsystem.MxSystem.closeConfig(MxSystem.java:900) ~[STM32CubeMX.jar:?]
	at com.st.microxplorer.maingui.MainPanel.closeConfig(MainPanel.java:776) ~[STM32CubeMX.jar:?]
	at com.st.microxplorer.plugins.filemanager.engine.OpenFileManager.loadConfigurationFile(OpenFileManager.java:245) ~[filemanager.jar:?]
	at com.st.microxplorer.plugins.filemanager.engine.MainFileManager.userLoadConfig(MainFileManager.java:315) ~[filemanager.jar:?]
	at com.st.microxplorer.plugins.filemanager.engine.MainFileManager.userLoadConfig(MainFileManager.java:293) ~[filemanager.jar:?]
	at com.st.microxplorer.plugins.filemanager.FileManagerView.getSpecificTask(FileManagerView.java:247) ~[filemanager.jar:?]
	at com.st.stm32cube.common.mx.editor.CubeMxEditor.getMxTabbedPaneInstance(CubeMxEditor.java:1198) ~[com.st.stm32cube.common.mx_6.11.0.202403141607/:?]
	at com.st.stm32cube.common.mx.editor.CubeMxEditor$12$1.createSwingComponent(CubeMxEditor.java:1068) ~[com.st.stm32cube.common.mx_6.11.0.202403141607/:?]
	at com.st.stm32cube.common.mx.oss.core.awtswtbridge.EmbeddedSwingComposite.doComponentCreation(EmbeddedSwingComposite.java:492) ~[com.st.stm32cube.common.mx.oss_6.11.0.202403141607/:?]
	at com.st.stm32cube.common.mx.oss.core.awtswtbridge.EmbeddedSwingComposite$4.run(EmbeddedSwingComposite.java:291) ~[com.st.stm32cube.common.mx.oss_6.11.0.202403141607/:?]
	at com.st.stm32cube.common.mx.oss.core.awtswtbridge.AwtEnvironment$2.run(AwtEnvironment.java:166) ~[com.st.stm32cube.common.mx.oss_6.11.0.202403141607/:?]
	at java.awt.event.InvocationEvent.dispatch(InvocationEvent.java:318) ~[?:?]
	at java.awt.EventQueue.dispatchEventImpl(EventQueue.java:773) ~[?:?]
	at java.awt.EventQueue$4.run(EventQueue.java:720) ~[?:?]
	at java.awt.EventQueue$4.run(EventQueue.java:714) ~[?:?]
	at java.security.AccessController.doPrivileged(AccessController.java:399) ~[?:?]
	at java.security.ProtectionDomain$JavaSecurityAccessImpl.doIntersectionPrivilege(ProtectionDomain.java:86) ~[?:?]
	at java.awt.EventQueue.dispatchEvent(EventQueue.java:742) ~[?:?]
	at java.awt.EventDispatchThread.pumpOneEventForFilters(EventDispatchThread.java:203) ~[?:?]
	at java.awt.EventDispatchThread.pumpEventsForFilter(EventDispatchThread.java:124) ~[?:?]
	at java.awt.EventDispatchThread.pumpEventsForHierarchy(EventDispatchThread.java:113) ~[?:?]
	at java.awt.EventDispatchThread.pumpEvents(EventDispatchThread.java:109) ~[?:?]
	at java.awt.EventDispatchThread.pumpEvents(EventDispatchThread.java:101) ~[?:?]
	at java.awt.EventDispatchThread.run(EventDispatchThread.java:90) ~[?:?]
2026-03-17 03:44:16,527 [WARN] ThirdParty:871 - waiting for thirdparty lock release [close project]
2026-03-17 03:44:16,527 [INFO] ThirdParty:873 - entering critical section [close project]
2026-03-17 03:44:16,527 [INFO] ThirdParty:883 - exiting critical section [close project]
2026-03-17 03:44:16,528 [INFO] PinOutPanel:1561 - setPackage(No Configuration,No Configuration)
2026-03-17 03:44:16,534 [WARN] IpParametersView:151 - Warning: This peripheral hasn't parameters
2026-03-17 03:44:16,538 [WARN] MainPanel:272 - <html><b><center>Warning: This peripheral has no parameters to be configured<br></b></html>
2026-03-17 03:44:16,559 [INFO] UtilMem:75 - Begin LoadConfig() Used Memory: 817024216 Bytes (1073741824)
2026-03-17 03:44:16,560 [INFO] MicroXplorer:468 - Change Database Path : 
2026-03-17 03:44:16,560 [INFO] MicroXplorer:498 - Change Database Version : DB.6.0.110
2026-03-17 03:44:16,560 [INFO] OpenFileManager:312 - Change cursor
2026-03-17 03:44:16,597 [INFO] RulesReader:64 - Compatibility file has been processed (297 Rules)
2026-03-17 03:44:16,599 [INFO] Mcu:2021 - Initializing MCU STM32F411C(C-E)Ux STM32F411CEUx STM32F411CEU6
2026-03-17 03:44:17,405 [INFO] Context:663 - Trying to add GPIOservice into a context  which must be forbidden
2026-03-17 03:44:17,739 [INFO] ApiDbMcu:508 - Load IP Config File for STMicroelectronics.X-CUBE-TOUCHGFX.4.26.0
2026-03-17 03:44:17,858 [INFO] RtosManager:555 - Registered RTOS mode: class=CMSIS, group=RTOS, mode=CMSIS_V1, owner=FREERTOS
2026-03-17 03:44:17,858 [INFO] RtosManager:555 - Registered RTOS mode: class=CMSIS, group=RTOS2, mode=CMSIS_V2, owner=FREERTOS
2026-03-17 03:44:17,858 [INFO] RtosManager:555 - Registered RTOS mode: class=RTOS, group=Core, mode=CMSIS_V1, owner=FREERTOS
2026-03-17 03:44:17,858 [INFO] RtosManager:555 - Registered RTOS mode: class=RTOS, group=Core, mode=CMSIS_V2, owner=FREERTOS
2026-03-17 03:44:17,858 [WARN] ModelIntegratedComponent:184 - Missing modes for component STMicroelectronics:FreeRTOS:0.0.1:STMicroelectronics:RTOS:FreeRTOS:Core:::10.2.0:
2026-03-17 03:44:17,861 [WARN] ModelIntegratedComponent:63 - No mode defined for component null
2026-03-17 03:44:17,861 [WARN] ModelIntegratedComponent:63 - No mode defined for component null
2026-03-17 03:44:17,861 [WARN] ModelIntegratedComponent:63 - No mode defined for component null
2026-03-17 03:44:17,861 [WARN] ModelIntegratedComponent:63 - No mode defined for component null
2026-03-17 03:44:17,861 [WARN] ModelIntegratedComponent:63 - No mode defined for component null
2026-03-17 03:44:17,861 [WARN] ModelIntegratedComponent:63 - No mode defined for component null
2026-03-17 03:44:17,861 [WARN] ModelIntegratedComponent:63 - No mode defined for component null
2026-03-17 03:44:17,861 [WARN] ModelIntegratedComponent:63 - No mode defined for component null
2026-03-17 03:44:17,861 [WARN] ModelIntegratedComponent:63 - No mode defined for component null
2026-03-17 03:44:17,861 [WARN] ModelIntegratedComponent:63 - No mode defined for component null
2026-03-17 03:44:17,861 [WARN] ModelIntegratedComponent:63 - No mode defined for component null
2026-03-17 03:44:17,861 [WARN] ModelIntegratedComponent:63 - No mode defined for component null
2026-03-17 03:44:17,861 [WARN] ModelIntegratedComponent:63 - No mode defined for component null
2026-03-17 03:44:17,861 [WARN] ModelIntegratedComponent:63 - No mode defined for component null
2026-03-17 03:44:17,861 [WARN] ModelIntegratedComponent:63 - No mode defined for component null
2026-03-17 03:44:17,861 [WARN] ModelIntegratedComponent:63 - No mode defined for component null
2026-03-17 03:44:17,861 [WARN] ModelIntegratedComponent:63 - No mode defined for component null
2026-03-17 03:44:17,861 [WARN] ModelIntegratedComponent:63 - No mode defined for component null
2026-03-17 03:44:17,861 [WARN] ModelIntegratedComponent:63 - No mode defined for component null
2026-03-17 03:44:17,861 [WARN] ModelIntegratedComponent:63 - No mode defined for component null
2026-03-17 03:44:17,861 [WARN] ModelIntegratedComponent:63 - No mode defined for component null
2026-03-17 03:44:17,861 [WARN] ModelIntegratedComponent:63 - No mode defined for component null
2026-03-17 03:44:17,861 [WARN] ModelIntegratedComponent:63 - No mode defined for component null
2026-03-17 03:44:17,861 [WARN] ModelIntegratedComponent:63 - No mode defined for component null
2026-03-17 03:44:17,861 [WARN] ModelIntegratedComponent:63 - No mode defined for component null
2026-03-17 03:44:17,861 [WARN] ModelIntegratedComponent:63 - No mode defined for component null
2026-03-17 03:44:17,861 [WARN] ModelIntegratedComponent:63 - No mode defined for component null
2026-03-17 03:44:17,861 [WARN] ModelIntegratedComponent:63 - No mode defined for component null
2026-03-17 03:44:17,861 [WARN] ModelIntegratedComponent:63 - No mode defined for component null
2026-03-17 03:44:17,861 [WARN] ModelIntegratedComponent:63 - No mode defined for component null
2026-03-17 03:44:17,861 [WARN] ModelIntegratedComponent:63 - No mode defined for component null
2026-03-17 03:44:17,861 [WARN] ModelIntegratedComponent:63 - No mode defined for component null
2026-03-17 03:44:17,861 [WARN] ModelIntegratedComponent:63 - No mode defined for component null
2026-03-17 03:44:17,861 [WARN] ModelIntegratedComponent:63 - No mode defined for component null
2026-03-17 03:44:17,906 [WARN] ModelIntegratedComponent:182 - Modes not found for component STMicroelectronics:USB_DEVICE:1.0.0:STMicroelectronics:USB::USB Device:Audio HS::1.0:USB_DEVICE_1_0_RESTRICTED_HS
2026-03-17 03:44:17,906 [WARN] ModelIntegratedComponent:188 - Modes not found for component STMicroelectronics:USB_DEVICE:1.0.0:STMicroelectronics:USB::USB Device:Audio HS::1.0:USB_DEVICE_1_0_RESTRICTED_HS
2026-03-17 03:44:17,906 [WARN] ModelIntegratedComponent:182 - Modes not found for component STMicroelectronics:USB_DEVICE:1.0.0:STMicroelectronics:USB::USB Device:CDC HS::1.0:USB_DEVICE_1_0_RESTRICTED_HS
2026-03-17 03:44:17,906 [WARN] ModelIntegratedComponent:188 - Modes not found for component STMicroelectronics:USB_DEVICE:1.0.0:STMicroelectronics:USB::USB Device:CDC HS::1.0:USB_DEVICE_1_0_RESTRICTED_HS
2026-03-17 03:44:17,906 [WARN] ModelIntegratedComponent:182 - Modes not found for component STMicroelectronics:USB_DEVICE:1.0.0:STMicroelectronics:USB::USB Device:DFU HS::1.0:USB_DEVICE_1_0_RESTRICTED_HS
2026-03-17 03:44:17,906 [WARN] ModelIntegratedComponent:188 - Modes not found for component STMicroelectronics:USB_DEVICE:1.0.0:STMicroelectronics:USB::USB Device:DFU HS::1.0:USB_DEVICE_1_0_RESTRICTED_HS
2026-03-17 03:44:17,906 [WARN] ModelIntegratedComponent:182 - Modes not found for component STMicroelectronics:USB_DEVICE:1.0.0:STMicroelectronics:USB::USB Device:HID HS::1.0:USB_DEVICE_1_0_RESTRICTED_HS
2026-03-17 03:44:17,906 [WARN] ModelIntegratedComponent:188 - Modes not found for component STMicroelectronics:USB_DEVICE:1.0.0:STMicroelectronics:USB::USB Device:HID HS::1.0:USB_DEVICE_1_0_RESTRICTED_HS
2026-03-17 03:44:17,906 [WARN] ModelIntegratedComponent:182 - Modes not found for component STMicroelectronics:USB_DEVICE:1.0.0:STMicroelectronics:USB::USB Device:Custom HID HS::1.0:USB_DEVICE_1_0_RESTRICTED_HS
2026-03-17 03:44:17,906 [WARN] ModelIntegratedComponent:188 - Modes not found for component STMicroelectronics:USB_DEVICE:1.0.0:STMicroelectronics:USB::USB Device:Custom HID HS::1.0:USB_DEVICE_1_0_RESTRICTED_HS
2026-03-17 03:44:17,906 [WARN] ModelIntegratedComponent:182 - Modes not found for component STMicroelectronics:USB_DEVICE:1.0.0:STMicroelectronics:USB::USB Device:MSC HS::1.0:USB_DEVICE_1_0_RESTRICTED_HS
2026-03-17 03:44:17,906 [WARN] ModelIntegratedComponent:188 - Modes not found for component STMicroelectronics:USB_DEVICE:1.0.0:STMicroelectronics:USB::USB Device:MSC HS::1.0:USB_DEVICE_1_0_RESTRICTED_HS
2026-03-17 03:44:17,991 [WARN] ModelIntegratedComponent:182 - Modes not found for component STMicroelectronics:USB_HOST:1.0.0:STMicroelectronics:USB::USB Host:Audio HS::1.0:USB_HOST_1_0_RESTRICTED_HS
2026-03-17 03:44:17,991 [WARN] ModelIntegratedComponent:188 - Modes not found for component STMicroelectronics:USB_HOST:1.0.0:STMicroelectronics:USB::USB Host:Audio HS::1.0:USB_HOST_1_0_RESTRICTED_HS
2026-03-17 03:44:17,991 [WARN] ModelIntegratedComponent:182 - Modes not found for component STMicroelectronics:USB_HOST:1.0.0:STMicroelectronics:USB::USB Host:CDC HS::1.0:USB_HOST_1_0_RESTRICTED_HS
2026-03-17 03:44:17,991 [WARN] ModelIntegratedComponent:188 - Modes not found for component STMicroelectronics:USB_HOST:1.0.0:STMicroelectronics:USB::USB Host:CDC HS::1.0:USB_HOST_1_0_RESTRICTED_HS
2026-03-17 03:44:17,991 [WARN] ModelIntegratedComponent:182 - Modes not found for component STMicroelectronics:USB_HOST:1.0.0:STMicroelectronics:USB::USB Host:MSC HS::1.0:USB_HOST_1_0_RESTRICTED_HS
2026-03-17 03:44:17,991 [WARN] ModelIntegratedComponent:188 - Modes not found for component STMicroelectronics:USB_HOST:1.0.0:STMicroelectronics:USB::USB Host:MSC HS::1.0:USB_HOST_1_0_RESTRICTED_HS
2026-03-17 03:44:17,991 [WARN] ModelIntegratedComponent:182 - Modes not found for component STMicroelectronics:USB_HOST:1.0.0:STMicroelectronics:USB::USB Host:HID HS::1.0:USB_HOST_1_0_RESTRICTED_HS
2026-03-17 03:44:17,991 [WARN] ModelIntegratedComponent:188 - Modes not found for component STMicroelectronics:USB_HOST:1.0.0:STMicroelectronics:USB::USB Host:HID HS::1.0:USB_HOST_1_0_RESTRICTED_HS
2026-03-17 03:44:17,991 [WARN] ModelIntegratedComponent:182 - Modes not found for component STMicroelectronics:USB_HOST:1.0.0:STMicroelectronics:USB::USB Host:MTP HS::1.0:USB_HOST_1_0_RESTRICTED_HS
2026-03-17 03:44:17,991 [WARN] ModelIntegratedComponent:188 - Modes not found for component STMicroelectronics:USB_HOST:1.0.0:STMicroelectronics:USB::USB Host:MTP HS::1.0:USB_HOST_1_0_RESTRICTED_HS
2026-03-17 03:44:18,047 [WARN] IP:2120 - tgfx_framebuffer_stride_value_custom not found: check if there is a RefParameter without a condition.
2026-03-17 03:44:18,050 [WARN] IP:2120 - tgfx_framebuffer_stride_value_custom not found: check if there is a RefParameter without a condition.
2026-03-17 03:44:18,207 [INFO] ApiDbMcu:508 - Load IP Config File for FREERTOS
2026-03-17 03:44:18,231 [INFO] ThirdPartyModel:298 - Start build external matchings
2026-03-17 03:44:19,733 [INFO] ThirdPartyModel:316 - End build external matchings
2026-03-17 03:44:19,763 [INFO] RtosManager:919 - Current active RTOS is FREERTOS [Cortex-M4NS]
2026-03-17 03:44:19,766 [INFO] ImportTextPane:194 - (OptionalMessage_ERROR) IP (DMA) : Parameter (Instance) has Id (SPI1_TX) currently not set
2026-03-17 03:44:19,766 [INFO] ImportTextPane:194 - (OptionalMessage_ERROR) IP (DMA) : Parameter (Channel) has Id (SPI1_TX) currently not set
2026-03-17 03:44:19,766 [INFO] ImportTextPane:194 - (OptionalMessage_ERROR) IP (DMA) : Parameter (Direction) has Id (SPI1_TX) currently not set
2026-03-17 03:44:19,766 [INFO] ImportTextPane:194 - (OptionalMessage_ERROR) IP (DMA) : Parameter (PeriphInc) has Id (SPI1_TX) currently not set
2026-03-17 03:44:19,766 [INFO] ImportTextPane:194 - (OptionalMessage_ERROR) IP (DMA) : Parameter (MemInc) has Id (SPI1_TX) currently not set
2026-03-17 03:44:19,766 [INFO] ImportTextPane:194 - (OptionalMessage_ERROR) IP (DMA) : Parameter (PeriphDataAlignment) has Id (SPI1_TX) currently not set
2026-03-17 03:44:19,766 [INFO] ImportTextPane:194 - (OptionalMessage_ERROR) IP (DMA) : Parameter (MemDataAlignment) has Id (SPI1_TX) currently not set
2026-03-17 03:44:19,766 [INFO] ImportTextPane:194 - (OptionalMessage_ERROR) IP (DMA) : Parameter (Mode) has Id (SPI1_TX) currently not set
2026-03-17 03:44:19,766 [INFO] ImportTextPane:194 - (OptionalMessage_ERROR) IP (DMA) : Parameter (Priority) has Id (SPI1_TX) currently not set
2026-03-17 03:44:19,766 [INFO] ImportTextPane:194 - (OptionalMessage_ERROR) IP (DMA) : Parameter (FIFOMode) has Id (SPI1_TX) currently not set
2026-03-17 03:44:19,766 [INFO] ImportTextPane:194 - (OptionalMessage_ERROR) IP (DMA) : Parameter (FIFOThreshold) has Id (SPI1_TX) currently not set
2026-03-17 03:44:19,766 [INFO] ImportTextPane:194 - (OptionalMessage_ERROR) IP (DMA) : Parameter (FIFOThreshold) has invalid value (null)
2026-03-17 03:44:19,766 [INFO] ImportTextPane:194 - (OptionalMessage_ERROR) IP (DMA) : Parameter (MemBurst) has Id (SPI1_TX) currently not set
2026-03-17 03:44:19,766 [INFO] ImportTextPane:194 - (OptionalMessage_ERROR) IP (DMA) : Parameter (MemBurst) has invalid value (null)
2026-03-17 03:44:19,766 [INFO] ImportTextPane:194 - (OptionalMessage_ERROR) IP (DMA) : Parameter (PeriphBurst) has Id (SPI1_TX) currently not set
2026-03-17 03:44:19,766 [INFO] ImportTextPane:194 - (OptionalMessage_ERROR) IP (DMA) : Parameter (PeriphBurst) has invalid value (null)
2026-03-17 03:44:19,769 [WARN] IP:2120 - tgfx_framebuffer_stride_value_custom not found: check if there is a RefParameter without a condition.
2026-03-17 03:44:19,769 [INFO] ImportTextPane:194 - (OptionalMessage_ERROR) IP (STMicroelectronics.X-CUBE-TOUCHGFX.4.26.0) : Parameter (ApplicationCcGraphicsJjApplication) has invalid value (TouchGFXOoGenerator)
2026-03-17 03:44:19,999 [INFO] UtilMem:75 - End LoadConfig() Used Memory: 817599736 Bytes (1073741824)
2026-03-17 03:44:20,040 [WARN] ThirdParty:833 - waiting for thirdparty lock release [change project]
2026-03-17 03:44:20,040 [INFO] ThirdParty:835 - entering critical section [change project]
2026-03-17 03:44:20,040 [INFO] ThirdParty:1030 - CMSIS Pack Vendor :STMicroelectronics X-CUBE-AZRTOS-H7 3.5.0
2026-03-17 03:44:20,040 [INFO] ThirdParty:1030 - CMSIS Pack Vendor :STMicroelectronics X-CUBE-PM33A1 1.0.0
2026-03-17 03:44:20,040 [INFO] ThirdParty:1030 - CMSIS Pack Vendor :STMicroelectronics USBPD 4.1
2026-03-17 03:44:20,040 [INFO] ThirdParty:1030 - CMSIS Pack Vendor :STMicroelectronics X-CUBE-GNSS1 6.0.0
2026-03-17 03:44:20,040 [INFO] ThirdParty:1030 - CMSIS Pack Vendor :STMicroelectronics USB_HOST 2.0.0
2026-03-17 03:44:20,040 [INFO] ThirdParty:1030 - CMSIS Pack Vendor :STMicroelectronics FP-SNS-MOTENVWB1 1.4.0
2026-03-17 03:44:20,040 [INFO] ThirdParty:1030 - CMSIS Pack Vendor :STMicroelectronics X-CUBE-AZRTOS-F4 1.1.0
2026-03-17 03:44:20,040 [INFO] ThirdParty:1030 - CMSIS Pack Vendor :STMicroelectronics LIBJPEG 8.0.0
2026-03-17 03:44:20,040 [INFO] ThirdParty:1030 - CMSIS Pack Vendor :STMicroelectronics FP-ATR-ASTRA1 2.0.2
2026-03-17 03:44:20,040 [INFO] ThirdParty:1030 - CMSIS Pack Vendor :STMicroelectronics FP-ATR-ASTRA1 2.0.1
2026-03-17 03:44:20,040 [INFO] ThirdParty:1030 - CMSIS Pack Vendor :STMicroelectronics X-CUBE-SMBUS 2.1.0
2026-03-17 03:44:20,040 [INFO] ThirdParty:1030 - CMSIS Pack Vendor :STMicroelectronics X-CUBE-WB05N 1.1.0
2026-03-17 03:44:20,040 [INFO] ThirdParty:1030 - CMSIS Pack Vendor :STMicroelectronics X-CUBE-ISPU 2.1.0
2026-03-17 03:44:20,040 [INFO] ThirdParty:1030 - CMSIS Pack Vendor :STMicroelectronics X-CUBE-FREERTOS 1.2.0
2026-03-17 03:44:20,040 [INFO] ThirdParty:1030 - CMSIS Pack Vendor :STMicroelectronics X-CUBE-NFC12 1.0.0
2026-03-17 03:44:20,040 [INFO] ThirdParty:1030 - CMSIS Pack Vendor :STMicroelectronics X-CUBE-TOUCHGFX 4.23.2
2026-03-17 03:44:20,040 [INFO] ThirdParty:1030 - CMSIS Pack Vendor :STMicroelectronics X-CUBE-AZRTOS-F7 1.1.0
2026-03-17 03:44:20,040 [INFO] ThirdParty:1030 - CMSIS Pack Vendor :STMicroelectronics X-CUBE-AZRTOS-L5 2.0.0
2026-03-17 03:44:20,040 [INFO] ThirdParty:1030 - CMSIS Pack Vendor :STMicroelectronics USB_DEVICE 2.0.0
2026-03-17 03:44:20,040 [INFO] ThirdParty:1030 - CMSIS Pack Vendor :STMicroelectronics X-CUBE-NFC6 3.1.0
2026-03-17 03:44:20,041 [INFO] ThirdParty:1030 - CMSIS Pack Vendor :STMicroelectronics X-CUBE-MEMS1 11.0.0
2026-03-17 03:44:20,041 [INFO] ThirdParty:1030 - CMSIS Pack Vendor :STMicroelectronics FreeRTOS 0.0.1
2026-03-17 03:44:20,041 [INFO] ThirdParty:1030 - CMSIS Pack Vendor :STMicroelectronics X-CUBE-DPower 1.2.0
2026-03-17 03:44:20,041 [INFO] ThirdParty:1030 - CMSIS Pack Vendor :STMicroelectronics FP-SNS-FLIGHT1 5.0.2
2026-03-17 03:44:20,041 [INFO] ThirdParty:1030 - CMSIS Pack Vendor :STMicroelectronics X-CUBE-AI 9.0.0
2026-03-17 03:44:20,041 [INFO] ThirdParty:1030 - CMSIS Pack Vendor :STMicroelectronics PDM2PCM 3.3.0
2026-03-17 03:44:20,041 [INFO] ThirdParty:1030 - CMSIS Pack Vendor :STMicroelectronics X-CUBE-AZRTOS-H7 3.4.0
2026-03-17 03:44:20,041 [INFO] ThirdParty:1030 - CMSIS Pack Vendor :STMicroelectronics X-CUBE-DISPLAY 3.0.0
2026-03-17 03:44:20,041 [INFO] ThirdParty:1030 - CMSIS Pack Vendor :STMicroelectronics X-CUBE-BLE1 7.0.0
2026-03-17 03:44:20,041 [INFO] ThirdParty:1030 - CMSIS Pack Vendor :STMicroelectronics X-CUBE-NFC10 1.0.0
2026-03-17 03:44:20,041 [INFO] ThirdParty:1030 - CMSIS Pack Vendor :STMicroelectronics X-CUBE-BLEMGR 4.0.0
2026-03-17 03:44:20,041 [INFO] ThirdParty:1030 - CMSIS Pack Vendor :STMicroelectronics X-CUBE-FREERTOS 1.3.1
2026-03-17 03:44:20,041 [INFO] ThirdParty:1030 - CMSIS Pack Vendor :STMicroelectronics HAL Drivers 0.0.0
2026-03-17 03:44:20,041 [INFO] ThirdParty:1030 - CMSIS Pack Vendor :emotas I-CUBE-CANOPEN 1.3.0
2026-03-17 03:44:20,041 [INFO] ThirdParty:1030 - CMSIS Pack Vendor :STMicroelectronics X-CUBE-FREERTOS 1.3.0
2026-03-17 03:44:20,041 [INFO] ThirdParty:1030 - CMSIS Pack Vendor :STMicroelectronics X-CUBE-NFC7 1.0.1
2026-03-17 03:44:20,041 [INFO] ThirdParty:1030 - CMSIS Pack Vendor :STMicroelectronics MBEDTLS 2.14.1
2026-03-17 03:44:20,041 [INFO] ThirdParty:1030 - CMSIS Pack Vendor :STMicroelectronics X-CUBE-GNSS1 7.1.0
2026-03-17 03:44:20,041 [INFO] ThirdParty:1030 - CMSIS Pack Vendor :STMicroelectronics X-CUBE-TOUCHGFX 4.26.0
2026-03-17 03:44:20,041 [INFO] ThirdParty:1030 - CMSIS Pack Vendor :STMicroelectronics X-CUBE-TOUCHGFX 4.26.1
2026-03-17 03:44:20,041 [INFO] ThirdParty:1030 - CMSIS Pack Vendor :STMicroelectronics X-CUBE-BLEMGR 3.1.0
2026-03-17 03:44:20,041 [INFO] ThirdParty:1030 - CMSIS Pack Vendor :STMicroelectronics X-CUBE-AI 10.0.0
2026-03-17 03:44:20,041 [INFO] ThirdParty:1030 - CMSIS Pack Vendor :STMicroelectronics FP-SNS-SMARTAG2 1.2.0
2026-03-17 03:44:20,041 [INFO] ThirdParty:1030 - CMSIS Pack Vendor :STMicroelectronics X-CUBE-MEMS1 11.1.0
2026-03-17 03:44:20,041 [INFO] ThirdParty:1030 - CMSIS Pack Vendor :STMicroelectronics X-CUBE-AZRTOS-WL 2.0.0
2026-03-17 03:44:20,041 [INFO] ThirdParty:1030 - CMSIS Pack Vendor :STMicroelectronics X-CUBE-DPower 1.3.0
2026-03-17 03:44:20,041 [INFO] ThirdParty:1030 - CMSIS Pack Vendor :STMicroelectronics FP-SNS-MOTENV1 5.0.0
2026-03-17 03:44:20,041 [INFO] ThirdParty:1030 - CMSIS Pack Vendor :STMicroelectronics USB_DEVICE 1.0.0
2026-03-17 03:44:20,041 [INFO] ThirdParty:1030 - CMSIS Pack Vendor :STMicroelectronics X-CUBE-AZRTOS-H7RS 1.2.0
2026-03-17 03:44:20,041 [INFO] ThirdParty:1030 - CMSIS Pack Vendor :wolfSSL I-CUBE-wolfMQTT 1.19.0
2026-03-17 03:44:20,041 [INFO] ThirdParty:1030 - CMSIS Pack Vendor :STMicroelectronics X-CUBE-AZRTOS-L4 2.0.0
2026-03-17 03:44:20,041 [INFO] ThirdParty:1030 - CMSIS Pack Vendor :STMicroelectronics ThreadX 0.0.2
2026-03-17 03:44:20,041 [INFO] ThirdParty:1030 - CMSIS Pack Vendor :WES I-CUBE-Cesium 1.3.0
2026-03-17 03:44:20,041 [INFO] ThirdParty:1030 - CMSIS Pack Vendor :STMicroelectronics lwIP 2.1.2
2026-03-17 03:44:20,041 [INFO] ThirdParty:1030 - CMSIS Pack Vendor :STMicroelectronics X-CUBE-SFXS2LP1 4.0.0
2026-03-17 03:44:20,041 [INFO] ThirdParty:1030 - CMSIS Pack Vendor :STMicroelectronics X-CUBE-BLE2 3.3.0
2026-03-17 03:44:20,041 [INFO] ThirdParty:1030 - CMSIS Pack Vendor :STMicroelectronics PDM2PCM 3.2.0
2026-03-17 03:44:20,041 [INFO] ThirdParty:1030 - CMSIS Pack Vendor :STMicroelectronics X-CUBE-AZRTOS-H7 3.3.0
2026-03-17 03:44:20,041 [INFO] ThirdParty:1030 - CMSIS Pack Vendor :STMicroelectronics X-CUBE-NFC9 1.0.0
2026-03-17 03:44:20,041 [INFO] ThirdParty:1030 - CMSIS Pack Vendor :STMicroelectronics X-CUBE-BLE1 7.1.0
2026-03-17 03:44:20,041 [INFO] ThirdParty:1030 - CMSIS Pack Vendor :STMicroelectronics USB_DEVICE 3.0.0
2026-03-17 03:44:20,041 [INFO] ThirdParty:1030 - CMSIS Pack Vendor :STMicroelectronics X-CUBE-TCPP 4.1.0
2026-03-17 03:44:20,041 [INFO] ThirdParty:1030 - CMSIS Pack Vendor :STMicroelectronics X-CUBE-EEPRMA1 5.2.0
2026-03-17 03:44:20,041 [INFO] ThirdParty:1030 - CMSIS Pack Vendor :STMicroelectronics X-CUBE-IPS 3.0.0
2026-03-17 03:44:20,041 [INFO] ThirdParty:1030 - CMSIS Pack Vendor :STMicroelectronics X-CUBE-AZRTOS-WB 2.0.0
2026-03-17 03:44:20,041 [INFO] ThirdParty:1030 - CMSIS Pack Vendor :STMicroelectronics X-CUBE-GNSS1 7.0.0
2026-03-17 03:44:20,041 [INFO] ThirdParty:1030 - CMSIS Pack Vendor :STMicroelectronics X-CUBE-GNSS1 7.0.1
2026-03-17 03:44:20,041 [INFO] ThirdParty:1030 - CMSIS Pack Vendor :STMicroelectronics X-CUBE-TOUCHGFX 4.25.0
2026-03-17 03:44:20,041 [INFO] ThirdParty:1030 - CMSIS Pack Vendor :STMicroelectronics FP-SNS-STBOX1 2.0.0
2026-03-17 03:44:20,041 [INFO] ThirdParty:1030 - CMSIS Pack Vendor :STMicroelectronics X-CUBE-MEMS1 12.0.0
2026-03-17 03:44:20,041 [INFO] ThirdParty:1030 - CMSIS Pack Vendor :STMicroelectronics X-CUBE-ALGOBUILD 1.3.0
2026-03-17 03:44:20,041 [INFO] ThirdParty:1030 - CMSIS Pack Vendor :STMicroelectronics X-CUBE-STSE01 2.0.0
2026-03-17 03:44:20,041 [INFO] ThirdParty:1030 - CMSIS Pack Vendor :STMicroelectronics X-CUBE-MEMS1 11.2.0
2026-03-17 03:44:20,041 [INFO] ThirdParty:1030 - CMSIS Pack Vendor :STMicroelectronics X-CUBE-AZRTOS-G0 1.1.0
2026-03-17 03:44:20,041 [INFO] ThirdParty:1030 - CMSIS Pack Vendor :STMicroelectronics X-CUBE-SAFEA1 1.2.2
2026-03-17 03:44:20,041 [INFO] ThirdParty:1030 - CMSIS Pack Vendor :STMicroelectronics X-CUBE-NFC4 3.0.0
2026-03-17 03:44:20,041 [INFO] ThirdParty:1030 - CMSIS Pack Vendor :STMicroelectronics X-CUBE-SUBG2 5.0.0
2026-03-17 03:44:20,041 [INFO] ThirdParty:1030 - CMSIS Pack Vendor :STMicroelectronics X-CUBE-AZRTOS-H7RS 1.1.0
2026-03-17 03:44:20,041 [INFO] ThirdParty:1030 - CMSIS Pack Vendor :STMicroelectronics STM32_WPAN 1.0.0
2026-03-17 03:44:20,041 [INFO] ThirdParty:1030 - CMSIS Pack Vendor :EmbeddedOffice I-CUBE-FS-RTOS 1.0.1
2026-03-17 03:44:20,041 [INFO] ThirdParty:1030 - CMSIS Pack Vendor :STMicroelectronics lwIP 2.0.3
2026-03-17 03:44:20,041 [INFO] ThirdParty:1030 - CMSIS Pack Vendor :Cesanta I-CUBE-Mongoose 7.13.0
2026-03-17 03:44:20,042 [INFO] ThirdParty:1030 - CMSIS Pack Vendor :STMicroelectronics USB_HOST 1.0.0
2026-03-17 03:44:20,042 [INFO] ThirdParty:1030 - CMSIS Pack Vendor :STMicroelectronics X-CUBE-AZRTOS-G4 2.0.0
2026-03-17 03:44:20,042 [INFO] ThirdParty:1030 - CMSIS Pack Vendor :STMicroelectronics X-CUBE-WB05N 2.0.0
2026-03-17 03:44:20,042 [INFO] ThirdParty:1030 - CMSIS Pack Vendor :STMicroelectronics PDM2PCM 3.1.0
2026-03-17 03:44:20,042 [INFO] ThirdParty:1030 - CMSIS Pack Vendor :STMicroelectronics X-CUBE-NFC7 2.0.0
2026-03-17 03:44:20,042 [INFO] ThirdParty:1030 - CMSIS Pack Vendor :RealThread X-CUBE-RT-Thread_Nano 4.1.1
2026-03-17 03:44:20,042 [INFO] ThirdParty:1030 - CMSIS Pack Vendor :wolfSSL I-CUBE-wolfSSL 5.7.0
2026-03-17 03:44:20,042 [INFO] ThirdParty:1030 - CMSIS Pack Vendor :STMicroelectronics FP-ATR-SIGFOX1 3.2.0
2026-03-17 03:44:20,042 [INFO] ThirdParty:1030 - CMSIS Pack Vendor :quantropi X-CUBE-qispace-sdk-base 1.9.3
2026-03-17 03:44:20,042 [INFO] ThirdParty:1030 - CMSIS Pack Vendor :STMicroelectronics X-CUBE-ISPU 2.0.0
2026-03-17 03:44:20,042 [INFO] ThirdParty:1030 - CMSIS Pack Vendor :STMicroelectronics X-CUBE-EEPRMA1 5.1.0
2026-03-17 03:44:20,042 [INFO] ThirdParty:1030 - CMSIS Pack Vendor :STMicroelectronics MBEDTLS 2.16.2
2026-03-17 03:44:20,042 [INFO] ThirdParty:1030 - CMSIS Pack Vendor :STMicroelectronics X-CUBE-ALS 1.0.2
2026-03-17 03:44:20,042 [INFO] ThirdParty:1030 - CMSIS Pack Vendor :STMicroelectronics X-CUBE-MEMS1 10.0.0
2026-03-17 03:44:20,042 [INFO] ThirdParty:1030 - CMSIS Pack Vendor :STMicroelectronics X-CUBE-FREERTOS 1.1.0
2026-03-17 03:44:20,042 [INFO] ThirdParty:1030 - CMSIS Pack Vendor :ITTIA_DB I-CUBE-ITTIADB 8.9.0
2026-03-17 03:44:20,042 [INFO] ThirdParty:1030 - CMSIS Pack Vendor :STMicroelectronics X-CUBE-TOUCHGFX 4.24.2
2026-03-17 03:44:20,042 [INFO] ThirdParty:1030 - CMSIS Pack Vendor :STMicroelectronics X-CUBE-TOUCHGFX 4.24.1
2026-03-17 03:44:20,042 [INFO] ThirdParty:1030 - CMSIS Pack Vendor :STMicroelectronics X-CUBE-STSE01 1.0.0
2026-03-17 03:44:20,042 [INFO] ThirdParty:1030 - CMSIS Pack Vendor :wolfSSL I-CUBE-wolfTPM 3.4.0
2026-03-17 03:44:20,042 [INFO] ThirdParty:1030 - CMSIS Pack Vendor :portGmbH I-Cube-SoM-uGOAL 1.1.0
2026-03-17 03:44:20,042 [INFO] ThirdParty:1030 - CMSIS Pack Vendor :STMicroelectronics X-CUBE-ALS 1.0.1
2026-03-17 03:44:20,042 [INFO] ThirdParty:1030 - CMSIS Pack Vendor :STMicroelectronics X-CUBE-NFC6 3.2.0
2026-03-17 03:44:20,042 [INFO] ThirdParty:1030 - CMSIS Pack Vendor :STMicroelectronics X-CUBE-AI 10.2.0
2026-03-17 03:44:20,042 [INFO] ThirdParty:1030 - CMSIS Pack Vendor :STMicroelectronics ThreadX 1.0.0
2026-03-17 03:44:20,042 [INFO] ThirdParty:1030 - CMSIS Pack Vendor :SEGGER I-CUBE-embOS 1.3.1
2026-03-17 03:44:20,042 [INFO] ThirdParty:1030 - CMSIS Pack Vendor :STMicroelectronics X-CUBE-ALGOBUILD 1.4.0
2026-03-17 03:44:20,042 [INFO] ThirdParty:1030 - CMSIS Pack Vendor :STMicroelectronics X-CUBE-AZRTOS-H7RS 1.0.0
2026-03-17 03:44:20,042 [INFO] ThirdParty:1030 - CMSIS Pack Vendor :STMicroelectronics FP-ATR-ASTRA1 2.0.0
2026-03-17 03:44:20,042 [INFO] ThirdParty:1030 - CMSIS Pack Vendor :STMicroelectronics X-CUBE-TOF1 3.4.2
2026-03-17 03:44:20,042 [INFO] ThirdParty:1030 - CMSIS Pack Vendor :STMicroelectronics X-CUBE-AI 9.1.0
2026-03-17 03:44:20,043 [INFO] ThirdParty:1030 - CMSIS Pack Vendor :STMicroelectronics X-CUBE-TOF1 3.4.1
2026-03-17 03:44:20,043 [INFO] ThirdParty:1030 - CMSIS Pack Vendor :STMicroelectronics X-CUBE-AZRTOS-H7 3.2.0
2026-03-17 03:44:20,043 [INFO] ThirdParty:1030 - CMSIS Pack Vendor :Infineon AIROC-Wi-Fi-Bluetooth-STM32 1.6.0
2026-03-17 03:44:20,043 [INFO] ThirdParty:1030 - CMSIS Pack Vendor :wolfSSL I-CUBE-wolfSSH 1.4.17
2026-03-17 03:44:20,043 [INFO] ThirdParty:841 - exiting critical section [change project]
2026-03-17 03:44:20,162 [INFO] PinOutPanel:1561 - setPackage(No Configuration,No Configuration)
2026-03-17 03:44:20,162 [INFO] PinOutPanel:1561 - setPackage(STM32F411CEUx,UFQFPN48)
2026-03-17 03:44:20,332 [INFO] UtilMem:75 - Before build in PCC Used Memory: 829351576 Bytes (1073741824)
2026-03-17 03:44:20,576 [INFO] UtilMem:75 - After build in PCC Used Memory: 871820952 Bytes (1073741824)
2026-03-17 03:44:20,595 [INFO] IPUIPlugin:80 - create IPUIPlugin
2026-03-17 03:44:20,596 [INFO] IPUIPlugin:80 - create IPUIPlugin
2026-03-17 03:44:20,596 [INFO] IPUIPlugin:80 - create IPUIPlugin
2026-03-17 03:44:20,596 [INFO] IPUIPlugin:80 - create IPUIPlugin
2026-03-17 03:44:20,596 [INFO] IPUIPlugin:80 - create IPUIPlugin
2026-03-17 03:44:20,596 [INFO] IPUIPlugin:80 - create IPUIPlugin
2026-03-17 03:44:20,596 [INFO] IPUIPlugin:80 - create IPUIPlugin
2026-03-17 03:44:20,596 [INFO] IPUIPlugin:80 - create IPUIPlugin
2026-03-17 03:44:20,596 [INFO] IPUIPlugin:80 - create IPUIPlugin
2026-03-17 03:44:20,596 [INFO] IPUIPlugin:80 - create IPUIPlugin
2026-03-17 03:44:20,596 [INFO] IPUIPlugin:80 - create IPUIPlugin
2026-03-17 03:44:20,596 [INFO] IPUIPlugin:80 - create IPUIPlugin
2026-03-17 03:44:20,596 [INFO] IPUIPlugin:80 - create IPUIPlugin
2026-03-17 03:44:20,597 [INFO] IPUIPlugin:80 - create IPUIPlugin
2026-03-17 03:44:20,597 [INFO] IPUIPlugin:80 - create IPUIPlugin
2026-03-17 03:44:20,597 [INFO] IPUIPlugin:80 - create IPUIPlugin
2026-03-17 03:44:20,597 [INFO] IPUIPlugin:80 - create IPUIPlugin
2026-03-17 03:44:20,597 [INFO] IPUIPlugin:80 - create IPUIPlugin
2026-03-17 03:44:20,597 [INFO] IPUIPlugin:80 - create IPUIPlugin
2026-03-17 03:44:20,597 [INFO] IPUIPlugin:80 - create IPUIPlugin
2026-03-17 03:44:20,598 [INFO] IPUIPlugin:80 - create IPUIPlugin
2026-03-17 03:44:20,598 [INFO] IPUIPlugin:80 - create IPUIPlugin
2026-03-17 03:44:20,598 [INFO] IPUIPlugin:80 - create IPUIPlugin
2026-03-17 03:44:20,598 [INFO] IPUIPlugin:80 - create IPUIPlugin
2026-03-17 03:44:20,598 [INFO] IPUIPlugin:80 - create IPUIPlugin
2026-03-17 03:44:20,598 [INFO] IPUIPlugin:80 - create IPUIPlugin
2026-03-17 03:44:20,598 [INFO] IPUIPlugin:80 - create IPUIPlugin
2026-03-17 03:44:20,599 [INFO] IPUIPlugin:80 - create IPUIPlugin
2026-03-17 03:44:20,599 [INFO] IPUIPlugin:80 - create IPUIPlugin
2026-03-17 03:44:20,599 [INFO] IPUIPlugin:80 - create IPUIPlugin
2026-03-17 03:44:20,599 [INFO] IPUIPlugin:80 - create IPUIPlugin
2026-03-17 03:44:20,599 [INFO] IPUIPlugin:80 - create IPUIPlugin
2026-03-17 03:44:20,599 [INFO] IPUIPlugin:80 - create IPUIPlugin
2026-03-17 03:44:20,599 [INFO] IPUIPlugin:80 - create IPUIPlugin
2026-03-17 03:44:20,599 [INFO] IPUIPlugin:80 - create IPUIPlugin
2026-03-17 03:44:20,599 [INFO] IPUIPlugin:80 - create IPUIPlugin
2026-03-17 03:44:20,599 [INFO] IPUIPlugin:80 - create IPUIPlugin
2026-03-17 03:44:20,599 [INFO] IPUIPlugin:80 - create IPUIPlugin
2026-03-17 03:44:20,600 [INFO] IPUIPlugin:80 - create IPUIPlugin
2026-03-17 03:44:20,600 [INFO] IPUIPlugin:80 - create IPUIPlugin
2026-03-17 03:44:20,600 [INFO] IPUIPlugin:80 - create IPUIPlugin
2026-03-17 03:44:20,600 [INFO] IPUIPlugin:80 - create IPUIPlugin
2026-03-17 03:44:20,600 [INFO] IPUIPlugin:80 - create IPUIPlugin
2026-03-17 03:44:20,601 [INFO] IPUIPlugin:80 - create IPUIPlugin
2026-03-17 03:44:20,603 [INFO] ApiDbMcu:508 - Load IP Config File for PDM2PCM
2026-03-17 03:44:20,604 [WARN] IP:2120 - I2C_Coeff_DF not found: check if there is a RefParameter without a condition.
2026-03-17 03:44:20,604 [WARN] IP:2120 - Analog_Filter not found: check if there is a RefParameter without a condition.
2026-03-17 03:44:20,613 [WARN] FreeRTOS:1023 - Null or empty value: should not occur! (nothing added to the table)
2026-03-17 03:44:20,695 [INFO] CADModel:165 - CPN selected for project levelSTM32F411CEU6
2026-03-17 03:44:20,695 [INFO] CADModel:114 - Register for checkConnection events
2026-03-17 03:44:20,697 [INFO] RtosManager:697 - Active RTOS found at IOC load: FREERTOS [Cortex-M4NS]
2026-03-17 03:44:20,754 [INFO] OpenFileManager:343 - Restore cursor
2026-03-17 03:44:20,903 [WARN] IP:2120 - tgfx_framebuffer_stride_value_custom not found: check if there is a RefParameter without a condition.
2026-03-17 03:44:20,905 [WARN] IP:2120 - tgfx_framebuffer_stride_value_custom not found: check if there is a RefParameter without a condition.
2026-03-17 03:44:20,934 [WARN] IP:2120 - I2C_Coeff_DF not found: check if there is a RefParameter without a condition.
2026-03-17 03:44:20,934 [WARN] IP:2120 - Analog_Filter not found: check if there is a RefParameter without a condition.
2026-03-17 03:44:20,934 [WARN] IP:2120 - I2C_Coeff_DF not found: check if there is a RefParameter without a condition.
2026-03-17 03:44:20,934 [WARN] IP:2120 - Analog_Filter not found: check if there is a RefParameter without a condition.
2026-03-16 22:48:28,851 [ERROR] LogOutputStream:75 - [STDERR_REDIRECT] 
