2026-01-24 13:51:29,207 [INFO] Activator:176 - 


2026-01-24 13:51:29,239 [INFO] Activator:177 - !SESSION log4j initialized
2026-01-24 13:52:13,614 [INFO] LogOutputStream:77 - [STDOUT_REDIRECT] 
2026-01-24 13:52:36,599 [INFO] ApplicationProperties:184 - Using Application install path: D:\Documentos\Electronica\Nueva carpeta\STM32CubeIDE_1.15.0\STM32CubeIDE\plugins\com.st.stm32cube.common.mx_6.11.0.202403141607
2026-01-24 13:52:37,225 [INFO] DbMcusXml:78 - Set database path to: D:\Documentos\Electronica\Nueva carpeta\STM32CubeIDE_1.15.0\STM32CubeIDE\plugins\com.st.stm32cube.common.mx_6.11.0.202403141607\\db\/mcu/
2026-01-24 13:52:37,226 [INFO] ApiDb:274 - Set plugin database path to: D:\Documentos\Electronica\Nueva carpeta\STM32CubeIDE_1.15.0\STM32CubeIDE\plugins\com.st.stm32cube.common.mx_6.11.0.202403141607\\db\/plugins/boardmanager/
2026-01-24 13:52:37,226 [WARN] ApiDb:259 - Overriding images path with different value:  => D:\Documentos\Electronica\Nueva carpeta\STM32CubeIDE_1.15.0\STM32CubeIDE\plugins\com.st.stm32cube.common.mx_6.11.0.202403141607\\db\/plugins/mcufinder/images/
2026-01-24 13:52:37,645 [INFO] ApiDb:250 - Set database path to: C:\Users\USER\.stmcufinder\plugins\mcufinder//mcu/
2026-01-24 13:52:37,646 [INFO] DbMcusAds:125 - Set database path to: C:\Users\USER\.stmcufinder\plugins\mcufinder//mcu/
2026-01-24 13:52:37,695 [INFO] CrossReferenceDbSqlite:203 - Set database path to: C:\Users\USER\.stmcufinder\plugins\mcufinder//mcu/cs/
2026-01-24 13:52:39,225 [INFO] RulesReader:64 - Compatibility file has been processed (297 Rules)
2026-01-24 13:52:41,540 [INFO] DbMcusXml:78 - Set database path to: D:\Documentos\Electronica\Nueva carpeta\STM32CubeIDE_1.15.0\STM32CubeIDE\plugins\com.st.stm32cube.common.mx_6.11.0.202403141607\\db\/mcu/
2026-01-24 13:52:41,541 [INFO] ApiDb:274 - Set plugin database path to: D:\Documentos\Electronica\Nueva carpeta\STM32CubeIDE_1.15.0\STM32CubeIDE\plugins\com.st.stm32cube.common.mx_6.11.0.202403141607\\db\/plugins/boardmanager/
2026-01-24 13:52:41,541 [INFO] ApiDb:261 - Set plugin images path to: D:\Documentos\Electronica\Nueva carpeta\STM32CubeIDE_1.15.0\STM32CubeIDE\plugins\com.st.stm32cube.common.mx_6.11.0.202403141607\\db\/plugins/mcufinder/images/
2026-01-24 13:52:41,541 [WARN] DbFile:41 - Overriding database path with different value: C:\Users\USER\.stmcufinder\plugins\mcufinder/ => C:\Users\USER\.stmcufinder\plugins\mcufinder
2026-01-24 13:52:41,541 [INFO] ApiDb:250 - Set database path to: C:\Users\USER\.stmcufinder\plugins\mcufinder//mcu/
2026-01-24 13:52:41,541 [WARN] DbFile:41 - Overriding database path with different value: C:\Users\USER\.stmcufinder\plugins\mcufinder/ => C:\Users\USER\.stmcufinder\plugins\mcufinder
2026-01-24 13:52:41,541 [INFO] DbMcusAds:125 - Set database path to: C:\Users\USER\.stmcufinder\plugins\mcufinder//mcu/
2026-01-24 13:52:41,541 [WARN] DbFile:41 - Overriding database path with different value: C:\Users\USER\.stmcufinder\plugins\mcufinder/ => C:\Users\USER\.stmcufinder\plugins\mcufinder
2026-01-24 13:52:41,541 [WARN] DbFile:41 - Overriding database path with different value: C:\Users\USER\.stmcufinder\plugins\mcufinder/ => C:\Users\USER\.stmcufinder\plugins\mcufinder
2026-01-24 13:52:41,542 [INFO] CrossReferenceDbSqlite:203 - Set database path to: C:\Users\USER\.stmcufinder\plugins\mcufinder//mcu/cs/
2026-01-24 13:52:41,915 [INFO] MainPanel:264 - HeapMemory: 268435456
2026-01-24 13:52:42,817 [INFO] DbMcusXml:78 - Set database path to: D:\Documentos\Electronica\Nueva carpeta\STM32CubeIDE_1.15.0\STM32CubeIDE\plugins\com.st.stm32cube.common.mx_6.11.0.202403141607\\db\/mcu/
2026-01-24 13:52:42,817 [INFO] ApiDb:274 - Set plugin database path to: D:\Documentos\Electronica\Nueva carpeta\STM32CubeIDE_1.15.0\STM32CubeIDE\plugins\com.st.stm32cube.common.mx_6.11.0.202403141607\\db\/plugins/boardmanager/
2026-01-24 13:52:42,817 [INFO] ApiDb:261 - Set plugin images path to: D:\Documentos\Electronica\Nueva carpeta\STM32CubeIDE_1.15.0\STM32CubeIDE\plugins\com.st.stm32cube.common.mx_6.11.0.202403141607\\db\/plugins/mcufinder/images/
2026-01-24 13:52:42,818 [WARN] DbFile:41 - Overriding database path with different value: C:\Users\USER\.stmcufinder\plugins\mcufinder/ => C:\Users\USER\.stmcufinder\plugins\mcufinder
2026-01-24 13:52:42,818 [INFO] ApiDb:250 - Set database path to: C:\Users\USER\.stmcufinder\plugins\mcufinder//mcu/
2026-01-24 13:52:42,818 [WARN] DbFile:41 - Overriding database path with different value: C:\Users\USER\.stmcufinder\plugins\mcufinder/ => C:\Users\USER\.stmcufinder\plugins\mcufinder
2026-01-24 13:52:42,818 [INFO] DbMcusAds:125 - Set database path to: C:\Users\USER\.stmcufinder\plugins\mcufinder//mcu/
2026-01-24 13:52:42,818 [WARN] DbFile:41 - Overriding database path with different value: C:\Users\USER\.stmcufinder\plugins\mcufinder/ => C:\Users\USER\.stmcufinder\plugins\mcufinder
2026-01-24 13:52:42,818 [WARN] DbFile:41 - Overriding database path with different value: C:\Users\USER\.stmcufinder\plugins\mcufinder/ => C:\Users\USER\.stmcufinder\plugins\mcufinder
2026-01-24 13:52:42,818 [INFO] CrossReferenceDbSqlite:203 - Set database path to: C:\Users\USER\.stmcufinder\plugins\mcufinder//mcu/cs/
2026-01-24 13:52:42,934 [INFO] ApplicationProperties:184 - Using Application install path: D:\Documentos\Electronica\Nueva carpeta\STM32CubeIDE_1.15.0\STM32CubeIDE\plugins\com.st.stm32cube.common.mx_6.11.0.202403141607
2026-01-24 13:52:42,945 [INFO] PluginManage:196 - Search for loadable plugins [exclusion list=, ]
2026-01-24 13:52:42,949 [INFO] PluginManage:310 - Check plugin analytics
2026-01-24 13:52:43,308 [INFO] AnalyticsPlugin:253 - Accepted Software Licenses: 
2026-01-24 13:52:43,309 [INFO] AnalyticsPlugin:255 - Accepted CMSIS Pack Licenses: 
2026-01-24 13:52:43,309 [INFO] AnalyticsPlugin:257 - Accepted Firmware Licenses: FW.F7.1.17.0,FW.H7.1.11.0,FW.F4.1.28.0
2026-01-24 13:52:43,312 [INFO] PluginManage:359 - Loaded plugin analytics (category:tool,tabindex:-1)
2026-01-24 13:52:43,313 [INFO] PluginManage:310 - Check plugin cadmodel
2026-01-24 13:52:43,363 [INFO] CADModel:105 - Init CAD model plugin
2026-01-24 13:52:43,363 [INFO] PluginManage:359 - Loaded plugin cadmodel (category:power,tabindex:5)
2026-01-24 13:52:43,363 [INFO] PluginManage:310 - Check plugin clock
2026-01-24 13:52:43,419 [INFO] PluginManage:359 - Loaded plugin clock (category:base,tabindex:2)
2026-01-24 13:52:43,419 [INFO] PluginManage:310 - Check plugin ddr
2026-01-24 13:52:43,454 [INFO] PluginManage:359 - Loaded plugin ddr (category:tool,tabindex:6)
2026-01-24 13:52:43,454 [INFO] PluginManage:310 - Check plugin filemanager
2026-01-24 13:52:44,603 [INFO] PluginManage:359 - Loaded plugin filemanager (category:base,tabindex:10)
2026-01-24 13:52:44,603 [INFO] PluginManage:310 - Check plugin ipmanager
2026-01-24 13:52:44,673 [INFO] PluginManage:359 - Loaded plugin ipmanager (category:base,tabindex:5)
2026-01-24 13:52:44,673 [INFO] PluginManage:310 - Check plugin lpbam
2026-01-24 13:52:44,722 [INFO] PluginManage:359 - Loaded plugin lpbam (category:base,tabindex:0)
2026-01-24 13:52:44,722 [INFO] PluginManage:310 - Check plugin memorymap
2026-01-24 13:52:44,788 [INFO] PluginManage:359 - Loaded plugin memorymap (category:base,tabindex:4)
2026-01-24 13:52:44,789 [INFO] PluginManage:310 - Check plugin pinoutandconfiguration
2026-01-24 13:52:44,820 [INFO] PluginManage:359 - Loaded plugin pinoutandconfiguration (category:base,tabindex:1)
2026-01-24 13:52:44,820 [INFO] PluginManage:310 - Check plugin pinoutconfig
2026-01-24 13:52:45,248 [WARN] SupportedApi:132 - Cannot load RTOS API schema: s4s-elt-must-match.1: The content of 'definitions' must match (annotation?, (simpleType | complexType)?, (unique | key | keyref)*)). A problem was found starting at: attribute.
2026-01-24 13:52:45,476 [INFO] PluginManage:359 - Loaded plugin pinoutconfig (category:base,tabindex:0)
2026-01-24 13:52:45,476 [INFO] PluginManage:310 - Check plugin power
2026-01-24 13:52:45,564 [INFO] PluginManage:359 - Loaded plugin power (category:power,tabindex:4)
2026-01-24 13:52:45,564 [INFO] PluginManage:310 - Check plugin projectmanager
2026-01-24 13:52:45,603 [INFO] PluginManage:359 - Loaded plugin projectmanager (category:projectmanager,tabindex:3)
2026-01-24 13:52:45,603 [INFO] PluginManage:310 - Check plugin thirdparty
2026-01-24 13:52:46,420 [INFO] PluginManage:359 - Loaded plugin thirdparty (category:base,tabindex:-1)
2026-01-24 13:52:46,420 [WARN] IntegrityCheckThread:84 - waiting for thirdparty lock release [integrity check]
2026-01-24 13:52:46,420 [INFO] IntegrityCheckThread:86 - entering critical section [integrity check]
2026-01-24 13:52:46,420 [INFO] PluginManage:310 - Check plugin tools
2026-01-24 13:52:46,421 [INFO] ThirdPartyUpdaterWithRetryManager:70 - Updater plugin not ready yet. [1/15]
2026-01-24 13:52:46,486 [INFO] PluginManage:359 - Loaded plugin tools (category:base,tabindex:7)
2026-01-24 13:52:46,486 [INFO] PluginManage:310 - Check plugin tutovideos
2026-01-24 13:52:46,785 [INFO] PluginManage:359 - Loaded plugin tutovideos (category:base,tabindex:-1)
2026-01-24 13:52:46,785 [INFO] PluginManage:310 - Check plugin updater
2026-01-24 13:52:46,834 [INFO] PluginManage:359 - Loaded plugin updater (category:base,tabindex:12)
2026-01-24 13:52:46,834 [INFO] PluginManage:310 - Check plugin userauth
2026-01-24 13:52:46,875 [INFO] UserAuth:114 - Init User Auth plugin
2026-01-24 13:52:46,875 [INFO] PluginManage:359 - Loaded plugin userauth (category:base,tabindex:14)
2026-01-24 13:52:46,876 [INFO] PluginManage:283 - PluginManage : Loaded plugins [17]
2026-01-24 13:52:48,472 [INFO] PinOutPanel:1561 - setPackage(No Configuration,No Configuration)
2026-01-24 13:52:49,422 [INFO] ThirdPartyUpdaterWithRetryManager:70 - Updater plugin not ready yet. [2/15]
2026-01-24 13:52:50,944 [INFO] CADModel:165 - CPN selected for project level
2026-01-24 13:52:50,944 [INFO] CADModel:114 - Register for checkConnection events
2026-01-24 13:52:51,237 [INFO] IPUIPlugin:80 - create IPUIPlugin
2026-01-24 13:52:51,237 [INFO] PluginManager:220 - loadIPPluginJar : add adc
2026-01-24 13:52:51,420 [INFO] IPUIPlugin:80 - create IPUIPlugin
2026-01-24 13:52:51,420 [INFO] PluginManager:220 - loadIPPluginJar : add aes
2026-01-24 13:52:51,789 [INFO] IPUIPlugin:80 - create IPUIPlugin
2026-01-24 13:52:51,789 [INFO] PluginManager:220 - loadIPPluginJar : add can
2026-01-24 13:52:52,008 [INFO] IPUIPlugin:80 - create IPUIPlugin
2026-01-24 13:52:52,008 [INFO] PluginManager:220 - loadIPPluginJar : add comp
2026-01-24 13:52:52,090 [INFO] IPUIPlugin:80 - create IPUIPlugin
2026-01-24 13:52:52,091 [INFO] PluginManager:220 - loadIPPluginJar : add cryp
2026-01-24 13:52:52,165 [INFO] IPUIPlugin:80 - create IPUIPlugin
2026-01-24 13:52:52,165 [INFO] PluginManager:220 - loadIPPluginJar : add dfsdm
2026-01-24 13:52:52,346 [INFO] IPUIPlugin:80 - create IPUIPlugin
2026-01-24 13:52:52,346 [INFO] PluginManager:220 - loadIPPluginJar : add dma
2026-01-24 13:52:52,424 [INFO] ThirdPartyUpdaterWithRetryManager:70 - Updater plugin not ready yet. [3/15]
2026-01-24 13:52:52,433 [INFO] IPUIPlugin:80 - create IPUIPlugin
2026-01-24 13:52:52,433 [INFO] PluginManager:220 - loadIPPluginJar : add dma3
2026-01-24 13:52:52,720 [INFO] IPUIPlugin:80 - create IPUIPlugin
2026-01-24 13:52:52,721 [INFO] PluginManager:220 - loadIPPluginJar : add extmemmanager
2026-01-24 13:52:52,766 [INFO] IPUIPlugin:80 - create IPUIPlugin
2026-01-24 13:52:52,766 [INFO] PluginManager:220 - loadIPPluginJar : add fatfs
2026-01-24 13:52:52,921 [INFO] IPUIPlugin:80 - create IPUIPlugin
2026-01-24 13:52:52,921 [INFO] PluginManager:220 - loadIPPluginJar : add fmc
2026-01-24 13:52:53,030 [INFO] IPUIPlugin:80 - create IPUIPlugin
2026-01-24 13:52:53,030 [INFO] PluginManager:220 - loadIPPluginJar : add freertos
2026-01-24 13:52:53,068 [INFO] IPUIPlugin:80 - create IPUIPlugin
2026-01-24 13:52:53,068 [INFO] PluginManager:220 - loadIPPluginJar : add genericplugin
2026-01-24 13:52:53,221 [INFO] IPUIPlugin:80 - create IPUIPlugin
2026-01-24 13:52:53,221 [INFO] PluginManager:220 - loadIPPluginJar : add gfxmmu
2026-01-24 13:52:54,017 [INFO] IPUIPlugin:80 - create IPUIPlugin
2026-01-24 13:52:54,017 [INFO] PluginManager:220 - loadIPPluginJar : add gic
2026-01-24 13:52:54,465 [INFO] IPUIPlugin:80 - create IPUIPlugin
2026-01-24 13:52:54,465 [INFO] PluginManager:220 - loadIPPluginJar : add gpio
2026-01-24 13:52:54,837 [INFO] IPUIPlugin:80 - create IPUIPlugin
2026-01-24 13:52:54,837 [INFO] PluginManager:220 - loadIPPluginJar : add gtzc
2026-01-24 13:52:55,014 [INFO] IPUIPlugin:80 - create IPUIPlugin
2026-01-24 13:52:55,014 [INFO] PluginManager:220 - loadIPPluginJar : add hash
2026-01-24 13:52:55,312 [INFO] IPUIPlugin:80 - create IPUIPlugin
2026-01-24 13:52:55,313 [INFO] PluginManager:220 - loadIPPluginJar : add i2c
2026-01-24 13:52:55,425 [INFO] ThirdPartyUpdaterWithRetryManager:70 - Updater plugin not ready yet. [4/15]
2026-01-24 13:52:55,494 [INFO] IPUIPlugin:80 - create IPUIPlugin
2026-01-24 13:52:55,495 [INFO] PluginManager:220 - loadIPPluginJar : add i2s
2026-01-24 13:52:55,617 [INFO] IPUIPlugin:80 - create IPUIPlugin
2026-01-24 13:52:55,618 [INFO] PluginManager:220 - loadIPPluginJar : add i3c
2026-01-24 13:52:56,044 [INFO] IPUIPlugin:80 - create IPUIPlugin
2026-01-24 13:52:56,045 [INFO] PluginManager:220 - loadIPPluginJar : add ipddr
2026-01-24 13:52:56,325 [INFO] IPUIPlugin:80 - create IPUIPlugin
2026-01-24 13:52:56,325 [INFO] PluginManager:220 - loadIPPluginJar : add linkedlist
2026-01-24 13:52:56,394 [INFO] IPUIPlugin:80 - create IPUIPlugin
2026-01-24 13:52:56,394 [INFO] PluginManager:220 - loadIPPluginJar : add lorawan
2026-01-24 13:52:56,465 [INFO] IPUIPlugin:80 - create IPUIPlugin
2026-01-24 13:52:56,465 [INFO] PluginManager:220 - loadIPPluginJar : add ltdc
2026-01-24 13:52:56,528 [INFO] IPUIPlugin:80 - create IPUIPlugin
2026-01-24 13:52:56,528 [INFO] PluginManager:220 - loadIPPluginJar : add mdma
2026-01-24 13:52:56,738 [INFO] IPUIPlugin:80 - create IPUIPlugin
2026-01-24 13:52:56,738 [INFO] PluginManager:220 - loadIPPluginJar : add nvic
2026-01-24 13:52:56,845 [INFO] IPUIPlugin:80 - create IPUIPlugin
2026-01-24 13:52:56,845 [INFO] PluginManager:220 - loadIPPluginJar : add opamp
2026-01-24 13:52:56,972 [INFO] IPUIPlugin:80 - create IPUIPlugin
2026-01-24 13:52:56,972 [INFO] PluginManager:220 - loadIPPluginJar : add openamp
2026-01-24 13:52:57,063 [INFO] IPUIPlugin:80 - create IPUIPlugin
2026-01-24 13:52:57,064 [INFO] PluginManager:220 - loadIPPluginJar : add pdm2pcm
2026-01-24 13:52:57,321 [INFO] IPUIPlugin:80 - create IPUIPlugin
2026-01-24 13:52:57,323 [INFO] PluginManager:220 - loadIPPluginJar : add plateformsettings
2026-01-24 13:52:57,509 [INFO] IPUIPlugin:80 - create IPUIPlugin
2026-01-24 13:52:57,510 [INFO] PluginManager:220 - loadIPPluginJar : add quadspi
2026-01-24 13:52:57,653 [INFO] IPUIPlugin:80 - create IPUIPlugin
2026-01-24 13:52:57,653 [INFO] PluginManager:220 - loadIPPluginJar : add resmgrutility
2026-01-24 13:52:57,797 [INFO] IPUIPlugin:80 - create IPUIPlugin
2026-01-24 13:52:57,797 [INFO] PluginManager:220 - loadIPPluginJar : add sai
2026-01-24 13:52:57,937 [INFO] IPUIPlugin:80 - create IPUIPlugin
2026-01-24 13:52:57,937 [INFO] PluginManager:220 - loadIPPluginJar : add spi
2026-01-24 13:52:58,070 [INFO] IPUIPlugin:80 - create IPUIPlugin
2026-01-24 13:52:58,070 [INFO] PluginManager:220 - loadIPPluginJar : add stm32_wpan
2026-01-24 13:52:58,137 [INFO] IPUIPlugin:80 - create IPUIPlugin
2026-01-24 13:52:58,138 [INFO] PluginManager:220 - loadIPPluginJar : add tim
2026-01-24 13:52:58,253 [INFO] IPUIPlugin:80 - create IPUIPlugin
2026-01-24 13:52:58,253 [INFO] PluginManager:220 - loadIPPluginJar : add touchsensing
2026-01-24 13:52:58,379 [INFO] IPUIPlugin:80 - create IPUIPlugin
2026-01-24 13:52:58,379 [INFO] PluginManager:220 - loadIPPluginJar : add tracer_emb
2026-01-24 13:52:58,418 [INFO] IPUIPlugin:80 - create IPUIPlugin
2026-01-24 13:52:58,418 [INFO] PluginManager:220 - loadIPPluginJar : add ts
2026-01-24 13:52:58,427 [INFO] ThirdPartyUpdaterWithRetryManager:70 - Updater plugin not ready yet. [5/15]
2026-01-24 13:52:58,464 [INFO] IPUIPlugin:80 - create IPUIPlugin
2026-01-24 13:52:58,464 [INFO] PluginManager:220 - loadIPPluginJar : add tsc
2026-01-24 13:52:58,501 [INFO] IPUIPlugin:80 - create IPUIPlugin
2026-01-24 13:52:58,501 [INFO] PluginManager:220 - loadIPPluginJar : add ucpd
2026-01-24 13:52:58,838 [INFO] IPUIPlugin:80 - create IPUIPlugin
2026-01-24 13:52:58,838 [INFO] PluginManager:220 - loadIPPluginJar : add usart
2026-01-24 13:52:58,905 [INFO] IPUIPlugin:80 - create IPUIPlugin
2026-01-24 13:52:58,905 [INFO] PluginManager:220 - loadIPPluginJar : add usbx
2026-01-24 13:52:59,319 [INFO] CADModel:165 - CPN selected for project level
2026-01-24 13:52:59,319 [INFO] CADModel:114 - Register for checkConnection events
2026-01-24 13:52:59,319 [FATAL] Updater:308 - Updater called before beeing initialized
2026-01-24 13:52:59,319 [ERROR] CADModel:125 - Updater not yet initialized, retry later 
2026-01-24 13:53:01,427 [INFO] ThirdPartyUpdaterWithRetryManager:70 - Updater plugin not ready yet. [6/15]
2026-01-24 13:53:03,069 [INFO] CADModel:165 - CPN selected for project level
2026-01-24 13:53:03,069 [INFO] CADModel:114 - Register for checkConnection events
2026-01-24 13:53:03,069 [FATAL] Updater:308 - Updater called before beeing initialized
2026-01-24 13:53:03,069 [ERROR] CADModel:125 - Updater not yet initialized, retry later 
2026-01-24 13:53:03,168 [FATAL] Updater:308 - Updater called before beeing initialized
2026-01-24 13:53:04,286 [FATAL] Updater:308 - Updater called before beeing initialized
2026-01-24 13:53:04,399 [INFO] DbMcusAds:53 - JSON generation date=Mon Dec 15 17:11:46 CST 2025 (1765840306612)
2026-01-24 13:53:04,399 [FATAL] Updater:308 - Updater called before beeing initialized
2026-01-24 13:53:04,427 [FATAL] Updater:308 - Updater called before beeing initialized
2026-01-24 13:53:04,427 [ERROR] IntegrityCheckThread:130 - Cannot retrieve database content from updater: error 21
2026-01-24 13:53:04,427 [INFO] ThirdParty:978 - Integrity check success = false
2026-01-24 13:53:04,428 [INFO] IntegrityCheckThread:100 - exiting critical section [integrity check]
2026-01-24 13:53:04,428 [INFO] IntegrityCheckThread:103 - End integrity checks thread
2026-01-24 13:53:05,844 [WARN] DetailPanel:346 - Failed to get advertising image, set to default
2026-01-24 13:53:06,001 [FATAL] Updater:308 - Updater called before beeing initialized
2026-01-24 13:53:06,161 [FATAL] Updater:308 - Updater called before beeing initialized
2026-01-24 13:53:06,161 [FATAL] Updater:308 - Updater called before beeing initialized
2026-01-24 13:53:06,161 [WARN] DetailPanel:346 - Failed to get advertising image, set to default
2026-01-24 13:53:06,163 [FATAL] Updater:308 - Updater called before beeing initialized
2026-01-24 13:53:07,047 [ERROR] Updater:1120 - MainUpdater not yet initialized. External WinMGr cannot be set.
2026-01-24 13:53:07,131 [INFO] Updater:1056 - Updater Version found : 6.11.0
2026-01-24 13:53:07,248 [INFO] ApplicationProperties:184 - Using Application install path: D:\Documentos\Electronica\Nueva carpeta\STM32CubeIDE_1.15.0\STM32CubeIDE\plugins\com.st.stm32cube.common.mx_6.11.0.202403141607
2026-01-24 13:53:08,879 [ERROR] LogOutputStream:75 - [STDERR_REDIRECT] Jan 24, 2026 1:53:08 PM java.util.prefs.WindowsPreferences <init>
2026-01-24 13:53:08,881 [ERROR] LogOutputStream:75 - [STDERR_REDIRECT] WARNING: Could not open/create prefs root node Software\JavaSoft\Prefs at root 0xffffffff80000002. Windows RegCreateKeyEx(...) returned error code 5.
2026-01-24 13:53:08,881 [ERROR] LogOutputStream:75 - [STDERR_REDIRECT] 
2026-01-24 13:53:12,566 [INFO] MainUpdater:2873 - connection check result : 10
2026-01-24 13:53:12,567 [INFO] MainUpdater:3567 - Updater definition file requires update
2026-01-24 13:53:12,568 [INFO] MainUpdater:290 - Updater Check For Update Now.
2026-01-24 13:53:12,569 [INFO] MicroXplorer:498 - Change Database Version : DB.6.0.110
2026-01-24 13:53:12,663 [INFO] McuFinderGlobals:63 - Set McuFinder mode to 2 (CubeIDE integrated)
2026-01-24 13:53:12,906 [INFO] UserAuth:415 - Internet connection configuration mode: 1
2026-01-24 13:53:13,492 [INFO] JxBrowserEngine:152 - Initiate JxBrowser Engine with user profile folder
2026-01-24 13:53:13,525 [INFO] ServerAccessManage:473 - Download File updaters.zip
2026-01-24 13:53:14,630 [INFO] FileExtend:240 - Unzip File : updaters.zip
2026-01-24 13:53:14,631 [INFO] FileExtend:255 - Standard Zip Deflate
2026-01-24 13:53:15,804 [INFO] ServerAccessManage:473 - Download File PacksControlFlags.xml
2026-01-24 13:53:16,001 [INFO] ServerAccessManage:473 - Download File cubemx.pidx
2026-01-24 13:53:20,446 [INFO] ServerAccessManage:473 - Download File STMicroelectronics.X-CUBE-FREERTOS.pdsc
2026-01-24 13:53:24,229 [INFO] ServerAccessManage:473 - Download File STMicroelectronics.X-CUBE-NFC6.pdsc
2026-01-24 13:53:27,626 [INFO] ServerAccessManage:473 - Download File STMicroelectronics.X-CUBE-ST67W61.pdsc
2026-01-24 13:53:28,478 [INFO] ServerAccessManage:473 - Download File STMicroelectronics.X-CUBE-STSE01.pdsc
2026-01-24 13:53:30,436 [INFO] WebApp:161 - Instantiating new browser for Auth
2026-01-24 13:53:36,675 [WARN] PopulateThirdPartyThread:106 - Error when creating pack: C:/Users/USER/.stm32cubemx/thirdparties/pdsc/STMicroelectronics.X-CUBE-FREERTOS.pdsc
2026-01-24 13:53:37,707 [INFO] CheckServerUpdateThread:120 - End of CheckServer Thread
2026-01-24 13:53:37,879 [WARN] PackLoader:240 - Cannot read IP mode file for STMicroelectronics.X-CUBE-NFC6.3.2.0
2026-01-24 13:53:37,892 [WARN] PopulateThirdPartyThread:106 - Error when creating pack: C:/Users/USER/.stm32cubemx/thirdparties/pdsc/STMicroelectronics.X-CUBE-ST67W61.pdsc
2026-01-24 13:53:37,945 [WARN] PackLoader:240 - Cannot read IP mode file for STMicroelectronics.X-CUBE-STSE01.2.0.0
2026-01-24 13:53:37,949 [INFO] PopulateThirdPartyThread:66 - Ending populate Thread
2026-01-24 13:53:38,060 [INFO] ThirdParty:1030 - CMSIS Pack Vendor :STMicroelectronics X-CUBE-STSE01 2.0.0
2026-01-24 13:53:38,060 [INFO] ThirdParty:1030 - CMSIS Pack Vendor :STMicroelectronics X-CUBE-NFC6 3.2.0
2026-01-24 13:53:38,060 [INFO] LoadServerUpdatesThread:375 - End of LoadServerUpdate Thread
2026-01-24 13:53:42,546 [INFO] WebApp:779 - Register for checkConnection events
2026-01-24 13:53:42,546 [INFO] WebApp:414 - Apply proxy settings
2026-01-24 13:53:42,546 [INFO] WebApp:499 - Chromium requires no authentication
2026-01-24 13:53:43,126 [INFO] WebApp:442 - Direct internet connection detected
2026-01-24 13:53:46,042 [INFO] WebApp:192 - Starting web application
2026-01-24 13:53:46,043 [INFO] WebApp:544 - Web application path used D:\Documentos\Electronica\Nueva carpeta\STM32CubeIDE_1.15.0\STM32CubeIDE\plugins\com.st.stm32cube.common.mx_6.11.0.202403141607\db\plugins\mcufinder\reactClient1\index.html
2026-01-24 13:58:07,545 [ERROR] LogOutputStream:75 - [STDERR_REDIRECT] 
