2026-02-20 21:40:14,162 [INFO] Activator:176 - 


2026-02-20 21:40:14,185 [INFO] Activator:177 - !SESSION log4j initialized
2026-02-20 21:40:28,385 [INFO] LogOutputStream:77 - [STDOUT_REDIRECT] 
2026-02-20 21:40:31,399 [INFO] ApplicationProperties:184 - Using Application install path: D:\Documentos\Electronica\Nueva carpeta\STM32CubeIDE_1.15.0\STM32CubeIDE\plugins\com.st.stm32cube.common.mx_6.11.0.202403141607
2026-02-20 21:40:31,451 [INFO] DbMcusXml:78 - Set database path to: D:\Documentos\Electronica\Nueva carpeta\STM32CubeIDE_1.15.0\STM32CubeIDE\plugins\com.st.stm32cube.common.mx_6.11.0.202403141607\\db\/mcu/
2026-02-20 21:40:31,451 [INFO] ApiDb:274 - Set plugin database path to: D:\Documentos\Electronica\Nueva carpeta\STM32CubeIDE_1.15.0\STM32CubeIDE\plugins\com.st.stm32cube.common.mx_6.11.0.202403141607\\db\/plugins/boardmanager/
2026-02-20 21:40:31,451 [WARN] ApiDb:259 - Overriding images path with different value:  => D:\Documentos\Electronica\Nueva carpeta\STM32CubeIDE_1.15.0\STM32CubeIDE\plugins\com.st.stm32cube.common.mx_6.11.0.202403141607\\db\/plugins/mcufinder/images/
2026-02-20 21:40:31,512 [INFO] ApiDb:250 - Set database path to: C:\Users\USER\.stmcufinder\plugins\mcufinder//mcu/
2026-02-20 21:40:31,514 [INFO] DbMcusAds:125 - Set database path to: C:\Users\USER\.stmcufinder\plugins\mcufinder//mcu/
2026-02-20 21:40:31,516 [INFO] CrossReferenceDbSqlite:203 - Set database path to: C:\Users\USER\.stmcufinder\plugins\mcufinder//mcu/cs/
2026-02-20 21:40:31,723 [INFO] RulesReader:64 - Compatibility file has been processed (297 Rules)
2026-02-20 21:40:32,094 [INFO] DbMcusXml:78 - Set database path to: D:\Documentos\Electronica\Nueva carpeta\STM32CubeIDE_1.15.0\STM32CubeIDE\plugins\com.st.stm32cube.common.mx_6.11.0.202403141607\\db\/mcu/
2026-02-20 21:40:32,094 [INFO] ApiDb:274 - Set plugin database path to: D:\Documentos\Electronica\Nueva carpeta\STM32CubeIDE_1.15.0\STM32CubeIDE\plugins\com.st.stm32cube.common.mx_6.11.0.202403141607\\db\/plugins/boardmanager/
2026-02-20 21:40:32,094 [INFO] ApiDb:261 - Set plugin images path to: D:\Documentos\Electronica\Nueva carpeta\STM32CubeIDE_1.15.0\STM32CubeIDE\plugins\com.st.stm32cube.common.mx_6.11.0.202403141607\\db\/plugins/mcufinder/images/
2026-02-20 21:40:32,094 [WARN] DbFile:41 - Overriding database path with different value: C:\Users\USER\.stmcufinder\plugins\mcufinder/ => C:\Users\USER\.stmcufinder\plugins\mcufinder
2026-02-20 21:40:32,094 [INFO] ApiDb:250 - Set database path to: C:\Users\USER\.stmcufinder\plugins\mcufinder//mcu/
2026-02-20 21:40:32,094 [WARN] DbFile:41 - Overriding database path with different value: C:\Users\USER\.stmcufinder\plugins\mcufinder/ => C:\Users\USER\.stmcufinder\plugins\mcufinder
2026-02-20 21:40:32,094 [INFO] DbMcusAds:125 - Set database path to: C:\Users\USER\.stmcufinder\plugins\mcufinder//mcu/
2026-02-20 21:40:32,094 [WARN] DbFile:41 - Overriding database path with different value: C:\Users\USER\.stmcufinder\plugins\mcufinder/ => C:\Users\USER\.stmcufinder\plugins\mcufinder
2026-02-20 21:40:32,094 [WARN] DbFile:41 - Overriding database path with different value: C:\Users\USER\.stmcufinder\plugins\mcufinder/ => C:\Users\USER\.stmcufinder\plugins\mcufinder
2026-02-20 21:40:32,095 [INFO] CrossReferenceDbSqlite:203 - Set database path to: C:\Users\USER\.stmcufinder\plugins\mcufinder//mcu/cs/
2026-02-20 21:40:32,515 [INFO] MainPanel:264 - HeapMemory: 268435456
2026-02-20 21:40:32,994 [INFO] DbMcusXml:78 - Set database path to: D:\Documentos\Electronica\Nueva carpeta\STM32CubeIDE_1.15.0\STM32CubeIDE\plugins\com.st.stm32cube.common.mx_6.11.0.202403141607\\db\/mcu/
2026-02-20 21:40:32,994 [INFO] ApiDb:274 - Set plugin database path to: D:\Documentos\Electronica\Nueva carpeta\STM32CubeIDE_1.15.0\STM32CubeIDE\plugins\com.st.stm32cube.common.mx_6.11.0.202403141607\\db\/plugins/boardmanager/
2026-02-20 21:40:32,995 [INFO] ApiDb:261 - Set plugin images path to: D:\Documentos\Electronica\Nueva carpeta\STM32CubeIDE_1.15.0\STM32CubeIDE\plugins\com.st.stm32cube.common.mx_6.11.0.202403141607\\db\/plugins/mcufinder/images/
2026-02-20 21:40:32,995 [WARN] DbFile:41 - Overriding database path with different value: C:\Users\USER\.stmcufinder\plugins\mcufinder/ => C:\Users\USER\.stmcufinder\plugins\mcufinder
2026-02-20 21:40:32,995 [INFO] ApiDb:250 - Set database path to: C:\Users\USER\.stmcufinder\plugins\mcufinder//mcu/
2026-02-20 21:40:32,995 [WARN] DbFile:41 - Overriding database path with different value: C:\Users\USER\.stmcufinder\plugins\mcufinder/ => C:\Users\USER\.stmcufinder\plugins\mcufinder
2026-02-20 21:40:32,995 [INFO] DbMcusAds:125 - Set database path to: C:\Users\USER\.stmcufinder\plugins\mcufinder//mcu/
2026-02-20 21:40:32,995 [WARN] DbFile:41 - Overriding database path with different value: C:\Users\USER\.stmcufinder\plugins\mcufinder/ => C:\Users\USER\.stmcufinder\plugins\mcufinder
2026-02-20 21:40:32,995 [WARN] DbFile:41 - Overriding database path with different value: C:\Users\USER\.stmcufinder\plugins\mcufinder/ => C:\Users\USER\.stmcufinder\plugins\mcufinder
2026-02-20 21:40:32,995 [INFO] CrossReferenceDbSqlite:203 - Set database path to: C:\Users\USER\.stmcufinder\plugins\mcufinder//mcu/cs/
2026-02-20 21:40:33,066 [INFO] ApplicationProperties:184 - Using Application install path: D:\Documentos\Electronica\Nueva carpeta\STM32CubeIDE_1.15.0\STM32CubeIDE\plugins\com.st.stm32cube.common.mx_6.11.0.202403141607
2026-02-20 21:40:33,078 [INFO] PluginManage:196 - Search for loadable plugins [exclusion list=, ]
2026-02-20 21:40:33,082 [INFO] PluginManage:310 - Check plugin analytics
2026-02-20 21:40:33,385 [INFO] AnalyticsPlugin:253 - Accepted Software Licenses: 
2026-02-20 21:40:33,385 [INFO] AnalyticsPlugin:255 - Accepted CMSIS Pack Licenses: 
2026-02-20 21:40:33,386 [INFO] AnalyticsPlugin:257 - Accepted Firmware Licenses: FW.F7.1.17.0,FW.H7.1.11.0,FW.F4.1.28.0
2026-02-20 21:40:33,389 [INFO] PluginManage:359 - Loaded plugin analytics (category:tool,tabindex:-1)
2026-02-20 21:40:33,389 [INFO] PluginManage:310 - Check plugin cadmodel
2026-02-20 21:40:33,447 [INFO] CADModel:105 - Init CAD model plugin
2026-02-20 21:40:33,448 [INFO] PluginManage:359 - Loaded plugin cadmodel (category:power,tabindex:5)
2026-02-20 21:40:33,448 [INFO] PluginManage:310 - Check plugin clock
2026-02-20 21:40:33,506 [INFO] PluginManage:359 - Loaded plugin clock (category:base,tabindex:2)
2026-02-20 21:40:33,507 [INFO] PluginManage:310 - Check plugin ddr
2026-02-20 21:40:33,543 [INFO] PluginManage:359 - Loaded plugin ddr (category:tool,tabindex:6)
2026-02-20 21:40:33,544 [INFO] PluginManage:310 - Check plugin filemanager
2026-02-20 21:40:33,923 [INFO] PluginManage:359 - Loaded plugin filemanager (category:base,tabindex:10)
2026-02-20 21:40:33,924 [INFO] PluginManage:310 - Check plugin ipmanager
2026-02-20 21:40:33,994 [INFO] PluginManage:359 - Loaded plugin ipmanager (category:base,tabindex:5)
2026-02-20 21:40:33,994 [INFO] PluginManage:310 - Check plugin lpbam
2026-02-20 21:40:34,042 [INFO] PluginManage:359 - Loaded plugin lpbam (category:base,tabindex:0)
2026-02-20 21:40:34,043 [INFO] PluginManage:310 - Check plugin memorymap
2026-02-20 21:40:34,107 [INFO] PluginManage:359 - Loaded plugin memorymap (category:base,tabindex:4)
2026-02-20 21:40:34,107 [INFO] PluginManage:310 - Check plugin pinoutandconfiguration
2026-02-20 21:40:34,141 [INFO] PluginManage:359 - Loaded plugin pinoutandconfiguration (category:base,tabindex:1)
2026-02-20 21:40:34,141 [INFO] PluginManage:310 - Check plugin pinoutconfig
2026-02-20 21:40:34,307 [WARN] SupportedApi:132 - Cannot load RTOS API schema: s4s-elt-must-match.1: The content of 'definitions' must match (annotation?, (simpleType | complexType)?, (unique | key | keyref)*)). A problem was found starting at: attribute.
2026-02-20 21:40:34,508 [INFO] PluginManage:359 - Loaded plugin pinoutconfig (category:base,tabindex:0)
2026-02-20 21:40:34,508 [INFO] PluginManage:310 - Check plugin power
2026-02-20 21:40:34,597 [INFO] PluginManage:359 - Loaded plugin power (category:power,tabindex:4)
2026-02-20 21:40:34,597 [INFO] PluginManage:310 - Check plugin projectmanager
2026-02-20 21:40:34,636 [INFO] PluginManage:359 - Loaded plugin projectmanager (category:projectmanager,tabindex:3)
2026-02-20 21:40:34,636 [INFO] PluginManage:310 - Check plugin thirdparty
2026-02-20 21:40:35,151 [INFO] PluginManage:359 - Loaded plugin thirdparty (category:base,tabindex:-1)
2026-02-20 21:40:35,151 [WARN] IntegrityCheckThread:84 - waiting for thirdparty lock release [integrity check]
2026-02-20 21:40:35,151 [INFO] PluginManage:310 - Check plugin tools
2026-02-20 21:40:35,151 [INFO] IntegrityCheckThread:86 - entering critical section [integrity check]
2026-02-20 21:40:35,152 [INFO] ThirdPartyUpdaterWithRetryManager:70 - Updater plugin not ready yet. [1/15]
2026-02-20 21:40:35,217 [INFO] PluginManage:359 - Loaded plugin tools (category:base,tabindex:7)
2026-02-20 21:40:35,218 [INFO] PluginManage:310 - Check plugin tutovideos
2026-02-20 21:40:35,488 [INFO] PluginManage:359 - Loaded plugin tutovideos (category:base,tabindex:-1)
2026-02-20 21:40:35,488 [INFO] PluginManage:310 - Check plugin updater
2026-02-20 21:40:35,522 [INFO] PluginManage:359 - Loaded plugin updater (category:base,tabindex:12)
2026-02-20 21:40:35,522 [INFO] PluginManage:310 - Check plugin userauth
2026-02-20 21:40:35,562 [INFO] UserAuth:114 - Init User Auth plugin
2026-02-20 21:40:35,562 [INFO] PluginManage:359 - Loaded plugin userauth (category:base,tabindex:14)
2026-02-20 21:40:35,564 [INFO] PluginManage:283 - PluginManage : Loaded plugins [17]
2026-02-20 21:40:36,392 [INFO] PinOutPanel:1561 - setPackage(No Configuration,No Configuration)
2026-02-20 21:40:36,695 [INFO] CADModel:165 - CPN selected for project level
2026-02-20 21:40:36,695 [INFO] CADModel:114 - Register for checkConnection events
2026-02-20 21:40:36,789 [INFO] IPUIPlugin:80 - create IPUIPlugin
2026-02-20 21:40:36,791 [INFO] PluginManager:220 - loadIPPluginJar : add adc
2026-02-20 21:40:36,852 [INFO] IPUIPlugin:80 - create IPUIPlugin
2026-02-20 21:40:36,853 [INFO] PluginManager:220 - loadIPPluginJar : add aes
2026-02-20 21:40:36,922 [INFO] IPUIPlugin:80 - create IPUIPlugin
2026-02-20 21:40:36,923 [INFO] PluginManager:220 - loadIPPluginJar : add can
2026-02-20 21:40:36,969 [INFO] IPUIPlugin:80 - create IPUIPlugin
2026-02-20 21:40:36,969 [INFO] PluginManager:220 - loadIPPluginJar : add comp
2026-02-20 21:40:37,016 [INFO] IPUIPlugin:80 - create IPUIPlugin
2026-02-20 21:40:37,016 [INFO] PluginManager:220 - loadIPPluginJar : add cryp
2026-02-20 21:40:37,059 [INFO] IPUIPlugin:80 - create IPUIPlugin
2026-02-20 21:40:37,059 [INFO] PluginManager:220 - loadIPPluginJar : add dfsdm
2026-02-20 21:40:37,081 [INFO] IPUIPlugin:80 - create IPUIPlugin
2026-02-20 21:40:37,081 [INFO] PluginManager:220 - loadIPPluginJar : add dma
2026-02-20 21:40:37,145 [INFO] IPUIPlugin:80 - create IPUIPlugin
2026-02-20 21:40:37,145 [INFO] PluginManager:220 - loadIPPluginJar : add dma3
2026-02-20 21:40:37,204 [INFO] IPUIPlugin:80 - create IPUIPlugin
2026-02-20 21:40:37,204 [INFO] PluginManager:220 - loadIPPluginJar : add extmemmanager
2026-02-20 21:40:37,243 [INFO] IPUIPlugin:80 - create IPUIPlugin
2026-02-20 21:40:37,243 [INFO] PluginManager:220 - loadIPPluginJar : add fatfs
2026-02-20 21:40:37,306 [INFO] IPUIPlugin:80 - create IPUIPlugin
2026-02-20 21:40:37,306 [INFO] PluginManager:220 - loadIPPluginJar : add fmc
2026-02-20 21:40:37,332 [INFO] IPUIPlugin:80 - create IPUIPlugin
2026-02-20 21:40:37,332 [INFO] PluginManager:220 - loadIPPluginJar : add freertos
2026-02-20 21:40:37,367 [INFO] IPUIPlugin:80 - create IPUIPlugin
2026-02-20 21:40:37,368 [INFO] PluginManager:220 - loadIPPluginJar : add genericplugin
2026-02-20 21:40:37,513 [INFO] IPUIPlugin:80 - create IPUIPlugin
2026-02-20 21:40:37,513 [INFO] PluginManager:220 - loadIPPluginJar : add gfxmmu
2026-02-20 21:40:37,743 [INFO] IPUIPlugin:80 - create IPUIPlugin
2026-02-20 21:40:37,743 [INFO] PluginManager:220 - loadIPPluginJar : add gic
2026-02-20 21:40:37,842 [INFO] IPUIPlugin:80 - create IPUIPlugin
2026-02-20 21:40:37,843 [INFO] PluginManager:220 - loadIPPluginJar : add gpio
2026-02-20 21:40:37,963 [INFO] IPUIPlugin:80 - create IPUIPlugin
2026-02-20 21:40:37,963 [INFO] PluginManager:220 - loadIPPluginJar : add gtzc
2026-02-20 21:40:38,023 [INFO] IPUIPlugin:80 - create IPUIPlugin
2026-02-20 21:40:38,024 [INFO] PluginManager:220 - loadIPPluginJar : add hash
2026-02-20 21:40:38,103 [INFO] IPUIPlugin:80 - create IPUIPlugin
2026-02-20 21:40:38,103 [INFO] PluginManager:220 - loadIPPluginJar : add i2c
2026-02-20 21:40:38,153 [INFO] ThirdPartyUpdaterWithRetryManager:70 - Updater plugin not ready yet. [2/15]
2026-02-20 21:40:38,157 [INFO] IPUIPlugin:80 - create IPUIPlugin
2026-02-20 21:40:38,157 [INFO] PluginManager:220 - loadIPPluginJar : add i2s
2026-02-20 21:40:38,211 [INFO] IPUIPlugin:80 - create IPUIPlugin
2026-02-20 21:40:38,211 [INFO] PluginManager:220 - loadIPPluginJar : add i3c
2026-02-20 21:40:38,351 [INFO] IPUIPlugin:80 - create IPUIPlugin
2026-02-20 21:40:38,351 [INFO] PluginManager:220 - loadIPPluginJar : add ipddr
2026-02-20 21:40:38,489 [INFO] IPUIPlugin:80 - create IPUIPlugin
2026-02-20 21:40:38,489 [INFO] PluginManager:220 - loadIPPluginJar : add linkedlist
2026-02-20 21:40:38,539 [INFO] IPUIPlugin:80 - create IPUIPlugin
2026-02-20 21:40:38,539 [INFO] PluginManager:220 - loadIPPluginJar : add lorawan
2026-02-20 21:40:38,592 [INFO] IPUIPlugin:80 - create IPUIPlugin
2026-02-20 21:40:38,592 [INFO] PluginManager:220 - loadIPPluginJar : add ltdc
2026-02-20 21:40:38,626 [INFO] IPUIPlugin:80 - create IPUIPlugin
2026-02-20 21:40:38,626 [INFO] PluginManager:220 - loadIPPluginJar : add mdma
2026-02-20 21:40:38,651 [INFO] IPUIPlugin:80 - create IPUIPlugin
2026-02-20 21:40:38,651 [INFO] PluginManager:220 - loadIPPluginJar : add nvic
2026-02-20 21:40:38,704 [INFO] IPUIPlugin:80 - create IPUIPlugin
2026-02-20 21:40:38,704 [INFO] PluginManager:220 - loadIPPluginJar : add opamp
2026-02-20 21:40:38,793 [INFO] IPUIPlugin:80 - create IPUIPlugin
2026-02-20 21:40:38,794 [INFO] PluginManager:220 - loadIPPluginJar : add openamp
2026-02-20 21:40:38,862 [INFO] IPUIPlugin:80 - create IPUIPlugin
2026-02-20 21:40:38,862 [INFO] PluginManager:220 - loadIPPluginJar : add pdm2pcm
2026-02-20 21:40:38,880 [INFO] IPUIPlugin:80 - create IPUIPlugin
2026-02-20 21:40:38,882 [INFO] PluginManager:220 - loadIPPluginJar : add plateformsettings
2026-02-20 21:40:38,926 [INFO] IPUIPlugin:80 - create IPUIPlugin
2026-02-20 21:40:38,926 [INFO] PluginManager:220 - loadIPPluginJar : add quadspi
2026-02-20 21:40:38,952 [INFO] IPUIPlugin:80 - create IPUIPlugin
2026-02-20 21:40:38,952 [INFO] PluginManager:220 - loadIPPluginJar : add resmgrutility
2026-02-20 21:40:39,023 [INFO] IPUIPlugin:80 - create IPUIPlugin
2026-02-20 21:40:39,023 [INFO] PluginManager:220 - loadIPPluginJar : add sai
2026-02-20 21:40:39,089 [INFO] IPUIPlugin:80 - create IPUIPlugin
2026-02-20 21:40:39,089 [INFO] PluginManager:220 - loadIPPluginJar : add spi
2026-02-20 21:40:39,182 [INFO] IPUIPlugin:80 - create IPUIPlugin
2026-02-20 21:40:39,182 [INFO] PluginManager:220 - loadIPPluginJar : add stm32_wpan
2026-02-20 21:40:39,216 [INFO] IPUIPlugin:80 - create IPUIPlugin
2026-02-20 21:40:39,216 [INFO] PluginManager:220 - loadIPPluginJar : add tim
2026-02-20 21:40:39,297 [INFO] IPUIPlugin:80 - create IPUIPlugin
2026-02-20 21:40:39,297 [INFO] PluginManager:220 - loadIPPluginJar : add touchsensing
2026-02-20 21:40:39,329 [INFO] IPUIPlugin:80 - create IPUIPlugin
2026-02-20 21:40:39,330 [INFO] PluginManager:220 - loadIPPluginJar : add tracer_emb
2026-02-20 21:40:39,368 [INFO] IPUIPlugin:80 - create IPUIPlugin
2026-02-20 21:40:39,368 [INFO] PluginManager:220 - loadIPPluginJar : add ts
2026-02-20 21:40:39,405 [INFO] IPUIPlugin:80 - create IPUIPlugin
2026-02-20 21:40:39,405 [INFO] PluginManager:220 - loadIPPluginJar : add tsc
2026-02-20 21:40:39,437 [INFO] IPUIPlugin:80 - create IPUIPlugin
2026-02-20 21:40:39,437 [INFO] PluginManager:220 - loadIPPluginJar : add ucpd
2026-02-20 21:40:39,494 [INFO] IPUIPlugin:80 - create IPUIPlugin
2026-02-20 21:40:39,495 [INFO] PluginManager:220 - loadIPPluginJar : add usart
2026-02-20 21:40:39,553 [INFO] IPUIPlugin:80 - create IPUIPlugin
2026-02-20 21:40:39,553 [INFO] PluginManager:220 - loadIPPluginJar : add usbx
2026-02-20 21:40:39,738 [INFO] CADModel:165 - CPN selected for project level
2026-02-20 21:40:39,739 [INFO] CADModel:114 - Register for checkConnection events
2026-02-20 21:40:39,739 [FATAL] Updater:308 - Updater called before beeing initialized
2026-02-20 21:40:39,739 [ERROR] CADModel:125 - Updater not yet initialized, retry later 
2026-02-20 21:40:40,190 [INFO] CADModel:165 - CPN selected for project level
2026-02-20 21:40:40,191 [INFO] CADModel:114 - Register for checkConnection events
2026-02-20 21:40:40,191 [FATAL] Updater:308 - Updater called before beeing initialized
2026-02-20 21:40:40,191 [ERROR] CADModel:125 - Updater not yet initialized, retry later 
2026-02-20 21:40:40,200 [FATAL] Updater:308 - Updater called before beeing initialized
2026-02-20 21:40:40,369 [FATAL] Updater:308 - Updater called before beeing initialized
2026-02-20 21:40:40,391 [INFO] DbMcusAds:53 - JSON generation date=Thu Jan 08 09:57:37 CST 2026 (1767887857056)
2026-02-20 21:40:40,391 [FATAL] Updater:308 - Updater called before beeing initialized
2026-02-20 21:40:40,593 [WARN] DetailPanel:346 - Failed to get advertising image, set to default
2026-02-20 21:40:40,686 [FATAL] Updater:308 - Updater called before beeing initialized
2026-02-20 21:40:40,705 [FATAL] Updater:308 - Updater called before beeing initialized
2026-02-20 21:40:40,705 [FATAL] Updater:308 - Updater called before beeing initialized
2026-02-20 21:40:40,705 [WARN] DetailPanel:346 - Failed to get advertising image, set to default
2026-02-20 21:40:40,706 [FATAL] Updater:308 - Updater called before beeing initialized
2026-02-20 21:40:40,825 [ERROR] Updater:1120 - MainUpdater not yet initialized. External WinMGr cannot be set.
2026-02-20 21:40:40,841 [INFO] Updater:1056 - Updater Version found : 6.11.0
2026-02-20 21:40:40,881 [INFO] ApplicationProperties:184 - Using Application install path: D:\Documentos\Electronica\Nueva carpeta\STM32CubeIDE_1.15.0\STM32CubeIDE\plugins\com.st.stm32cube.common.mx_6.11.0.202403141607
2026-02-20 21:40:41,154 [INFO] ThirdPartyUpdaterWithRetryManager:70 - Updater plugin not ready yet. [3/15]
2026-02-20 21:40:42,509 [ERROR] LogOutputStream:75 - [STDERR_REDIRECT] Feb 20, 2026 9:40:42 PM java.util.prefs.WindowsPreferences <init>
2026-02-20 21:40:42,510 [ERROR] LogOutputStream:75 - [STDERR_REDIRECT] WARNING: Could not open/create prefs root node Software\JavaSoft\Prefs at root 0xffffffff80000002. Windows RegCreateKeyEx(...) returned error code 5.
2026-02-20 21:40:42,511 [ERROR] LogOutputStream:75 - [STDERR_REDIRECT] 
2026-02-20 21:40:43,069 [INFO] MainUpdater:2873 - connection check result : 10
2026-02-20 21:40:43,070 [INFO] MainUpdater:3567 - Updater definition file requires update
2026-02-20 21:40:43,071 [INFO] MainUpdater:290 - Updater Check For Update Now.
2026-02-20 21:40:43,072 [INFO] MicroXplorer:498 - Change Database Version : DB.6.0.110
2026-02-20 21:40:43,109 [INFO] McuFinderGlobals:63 - Set McuFinder mode to 2 (CubeIDE integrated)
2026-02-20 21:40:43,149 [INFO] UserAuth:415 - Internet connection configuration mode: 1
2026-02-20 21:40:43,285 [INFO] JxBrowserEngine:152 - Initiate JxBrowser Engine with user profile folder
2026-02-20 21:40:43,945 [INFO] ServerAccessManage:473 - Download File updaters.zip
2026-02-20 21:40:44,048 [INFO] FileExtend:240 - Unzip File : updaters.zip
2026-02-20 21:40:44,049 [INFO] FileExtend:255 - Standard Zip Deflate
2026-02-20 21:40:44,156 [WARN] MainUpdater:1194 - Updater busy. Cannot search thirdparties
2026-02-20 21:40:44,157 [INFO] ThirdPartyUpdaterWithRetryManager:96 - Updater plugin is busy. [1/15]
2026-02-20 21:40:45,353 [INFO] ServerAccessManage:473 - Download File PacksControlFlags.xml
2026-02-20 21:40:45,739 [INFO] ServerAccessManage:473 - Download File cubemx.pidx
2026-02-20 21:40:46,767 [INFO] ServerAccessManage:473 - Download File STMicroelectronics.FP-SNS-MOTENVWB1.pdsc
2026-02-20 21:40:47,158 [WARN] MainUpdater:1194 - Updater busy. Cannot search thirdparties
2026-02-20 21:40:47,158 [INFO] ThirdPartyUpdaterWithRetryManager:96 - Updater plugin is busy. [2/15]
2026-02-20 21:40:49,875 [INFO] WebApp:161 - Instantiating new browser for Auth
2026-02-20 21:40:50,090 [INFO] ServerAccessManage:473 - Download File STMicroelectronics.X-CUBE-FREERTOS.pdsc
2026-02-20 21:40:50,159 [WARN] MainUpdater:1194 - Updater busy. Cannot search thirdparties
2026-02-20 21:40:50,159 [INFO] ThirdPartyUpdaterWithRetryManager:96 - Updater plugin is busy. [3/15]
2026-02-20 21:40:51,180 [INFO] WebApp:779 - Register for checkConnection events
2026-02-20 21:40:51,181 [INFO] WebApp:414 - Apply proxy settings
2026-02-20 21:40:51,181 [INFO] WebApp:499 - Chromium requires no authentication
2026-02-20 21:40:51,197 [INFO] WebApp:442 - Direct internet connection detected
2026-02-20 21:40:51,608 [INFO] WebApp:192 - Starting web application
2026-02-20 21:40:51,608 [INFO] WebApp:544 - Web application path used D:\Documentos\Electronica\Nueva carpeta\STM32CubeIDE_1.15.0\STM32CubeIDE\plugins\com.st.stm32cube.common.mx_6.11.0.202403141607\db\plugins\mcufinder\reactClient1\index.html
2026-02-20 21:40:53,160 [WARN] MainUpdater:1194 - Updater busy. Cannot search thirdparties
2026-02-20 21:40:53,160 [INFO] ThirdPartyUpdaterWithRetryManager:96 - Updater plugin is busy. [4/15]
2026-02-20 21:40:54,763 [WARN] PopulateThirdPartyThread:106 - Error when creating pack: C:/Users/USER/.stm32cubemx/thirdparties/pdsc/STMicroelectronics.FP-SNS-MOTENVWB1.pdsc
2026-02-20 21:40:54,767 [WARN] PopulateThirdPartyThread:106 - Error when creating pack: C:/Users/USER/.stm32cubemx/thirdparties/pdsc/STMicroelectronics.X-CUBE-FREERTOS.pdsc
2026-02-20 21:40:54,767 [INFO] PopulateThirdPartyThread:66 - Ending populate Thread
2026-02-20 21:40:54,767 [INFO] LoadServerUpdatesThread:375 - End of LoadServerUpdate Thread
2026-02-20 21:40:54,921 [INFO] CheckServerUpdateThread:120 - End of CheckServer Thread
2026-02-20 21:40:56,652 [WARN] PackLoader:240 - Cannot read IP mode file for STMicroelectronics.FP-SNS-MOTENVWB1.1.4.0
2026-02-20 21:40:56,661 [WARN] PackLoader:240 - Cannot read IP mode file for STMicroelectronics.FP-ATR-ASTRA1.2.0.2
2026-02-20 21:40:56,678 [WARN] PackLoader:240 - Cannot read IP mode file for STMicroelectronics.FP-ATR-ASTRA1.2.0.1
2026-02-20 21:40:56,697 [WARN] PackLoader:240 - Cannot read IP mode file for STMicroelectronics.X-CUBE-SMBUS.2.1.0
2026-02-20 21:40:56,717 [WARN] PackLoader:240 - Cannot read IP mode file for STMicroelectronics.X-CUBE-WB05N.1.1.0
2026-02-20 21:40:56,734 [WARN] PackLoader:240 - Cannot read IP mode file for STMicroelectronics.X-CUBE-TOUCHGFX.4.23.2
2026-02-20 21:40:56,768 [WARN] PackLoader:240 - Cannot read IP mode file for STMicroelectronics.X-CUBE-AZRTOS-F7.1.1.0
2026-02-20 21:40:56,825 [WARN] PackLoader:240 - Cannot read IP mode file for STMicroelectronics.X-CUBE-MEMS1.11.0.0
2026-02-20 21:40:56,946 [ERROR] Engine:466 - C:\Users\USER\.stm32cubemx\thirdparties\pdsc\STMicroelectronics.FP-SNS-MOTENV1.5.1.0.pdsc: PDSC version is not supported
2026-02-20 21:40:56,969 [WARN] PackLoader:240 - Cannot read IP mode file for STMicroelectronics.FP-SNS-FLIGHT1.5.0.2
2026-02-20 21:40:57,012 [WARN] PackLoader:240 - Cannot read IP mode file for STMicroelectronics.X-CUBE-AZRTOS-H7.3.4.0
2026-02-20 21:40:57,035 [WARN] PackLoader:240 - Cannot read IP mode file for STMicroelectronics.X-CUBE-DISPLAY.3.0.0
2026-02-20 21:40:57,041 [ERROR] Engine:466 - C:\Users\USER\.stm32cubemx\thirdparties\pdsc\STMicroelectronics.FP-SNS-MOTENVWB1.1.5.0.pdsc: PDSC version is not supported
2026-02-20 21:40:57,060 [WARN] PackLoader:240 - Cannot read IP mode file for STMicroelectronics.X-CUBE-BLE1.7.0.0
2026-02-20 21:40:57,084 [WARN] PackLoader:240 - Cannot read IP mode file for STMicroelectronics.X-CUBE-NFC10.1.0.0
2026-02-20 21:40:57,110 [WARN] PackLoader:240 - Cannot read IP mode file for STMicroelectronics.X-CUBE-BLEMGR.4.0.0
2026-02-20 21:40:57,131 [ERROR] Engine:466 - C:\Users\USER\.stm32cubemx\thirdparties\pdsc\STMicroelectronics.X-CUBE-ST60.1.1.0.pdsc: PDSC version is not supported
2026-02-20 21:40:57,155 [WARN] PackLoader:240 - Cannot read IP mode file for emotas.I-CUBE-CANOPEN.1.3.0
2026-02-20 21:40:57,179 [WARN] PackLoader:240 - Cannot read IP mode file for STMicroelectronics.X-CUBE-GNSS1.7.1.0
2026-02-20 21:40:57,204 [WARN] PackLoader:240 - Cannot read IP mode file for STMicroelectronics.X-CUBE-BLEMGR.3.1.0
2026-02-20 21:40:57,228 [WARN] PackLoader:240 - Cannot read IP mode file for STMicroelectronics.X-CUBE-AI.10.0.0
2026-02-20 21:40:57,247 [ERROR] Engine:466 - C:\Users\USER\.stm32cubemx\thirdparties\pdsc\STMicroelectronics.FP-SNS-STBOX1.2.1.0.pdsc: PDSC version is not supported
2026-02-20 21:40:57,271 [WARN] PackLoader:240 - Cannot read IP mode file for STMicroelectronics.FP-SNS-SMARTAG2.1.2.0
2026-02-20 21:40:57,276 [ERROR] Engine:466 - C:\Users\USER\.stm32cubemx\thirdparties\pdsc\STMicroelectronics.FP-SNS-FLIGHT1.5.1.0.pdsc: PDSC version is not supported
2026-02-20 21:40:57,331 [WARN] PackLoader:240 - Cannot read IP mode file for STMicroelectronics.X-CUBE-MEMS1.11.1.0
2026-02-20 21:40:57,421 [INFO] LogOutputStream:77 - [STDOUT_REDIRECT] 1 : Invalid condition id : UX_CORESTACK_Condition cause : null
2026-02-20 21:40:57,423 [INFO] LogOutputStream:77 - [STDOUT_REDIRECT] 1 : Invalid condition id : UX_CORESTACK_Condition cause : null
2026-02-20 21:40:57,424 [INFO] LogOutputStream:77 - [STDOUT_REDIRECT] 1 : Invalid condition id : UX_CORESTACK_Condition cause : null
2026-02-20 21:40:57,425 [INFO] LogOutputStream:77 - [STDOUT_REDIRECT] 1 : Invalid condition id : UX_CORESTACK_Condition cause : null
2026-02-20 21:40:57,427 [INFO] LogOutputStream:77 - [STDOUT_REDIRECT] 1 : Invalid condition id : UX_CORESTACK_Condition cause : null
2026-02-20 21:40:57,428 [WARN] PackLoader:240 - Cannot read IP mode file for STMicroelectronics.X-CUBE-AZRTOS-WL.2.0.0
2026-02-20 21:40:57,453 [WARN] PackLoader:240 - Cannot read IP mode file for STMicroelectronics.FP-SNS-MOTENV1.5.0.0
2026-02-20 21:40:57,501 [WARN] PackLoader:240 - Cannot read IP mode file for STMicroelectronics.X-CUBE-AZRTOS-H7RS.1.2.0
2026-02-20 21:40:57,525 [WARN] PackLoader:240 - Cannot read IP mode file for wolfSSL.I-CUBE-wolfMQTT.1.19.0
2026-02-20 21:40:57,557 [WARN] PackLoader:240 - Cannot read IP mode file for WES.I-CUBE-Cesium.1.3.0
2026-02-20 21:40:57,581 [WARN] PackLoader:240 - Cannot read IP mode file for STMicroelectronics.X-CUBE-BLE2.3.3.0
2026-02-20 21:40:57,587 [ERROR] Engine:466 - C:\Users\USER\.stm32cubemx\thirdparties\pdsc\Avnet-IOTCONNECT.X-CUBE-iotc-st67-sdk.1.0.0.pdsc: PDSC version is not supported
2026-02-20 21:40:57,611 [WARN] PackLoader:240 - Cannot read IP mode file for STMicroelectronics.X-CUBE-NFC9.1.0.0
2026-02-20 21:40:57,633 [WARN] PackLoader:240 - Cannot read IP mode file for STMicroelectronics.X-CUBE-BLE1.7.1.0
2026-02-20 21:40:57,654 [WARN] PackLoader:240 - Cannot read IP mode file for STMicroelectronics.X-CUBE-TCPP.4.1.0
2026-02-20 21:40:57,659 [ERROR] Engine:466 - C:\Users\USER\.stm32cubemx\thirdparties\pdsc\STMicroelectronics.X-CUBE-FREERTOS.1.4.0.pdsc: PDSC version is not supported
2026-02-20 21:40:57,679 [WARN] PackLoader:240 - Cannot read IP mode file for STMicroelectronics.X-CUBE-EEPRMA1.5.2.0
2026-02-20 21:40:57,698 [ERROR] Engine:466 - C:\Users\USER\.stm32cubemx\thirdparties\pdsc\STMicroelectronics.X-CUBE-ST67W61.1.1.0.pdsc: PDSC version is not supported
2026-02-20 21:40:57,749 [WARN] PackLoader:240 - Cannot read IP mode file for STMicroelectronics.X-CUBE-MEMS1.12.0.0
2026-02-20 21:40:57,824 [WARN] PackLoader:240 - Cannot read IP mode file for STMicroelectronics.X-CUBE-ALGOBUILD.1.3.0
2026-02-20 21:40:57,871 [WARN] PackLoader:240 - Cannot read IP mode file for STMicroelectronics.X-CUBE-MEMS1.11.2.0
2026-02-20 21:40:57,967 [WARN] PackLoader:240 - Cannot read IP mode file for STMicroelectronics.X-CUBE-AZRTOS-G0.1.1.0
2026-02-20 21:40:57,988 [WARN] PackLoader:240 - Cannot read IP mode file for STMicroelectronics.X-CUBE-SAFEA1.1.2.2
2026-02-20 21:40:58,006 [WARN] PackLoader:240 - Cannot read IP mode file for STMicroelectronics.X-CUBE-NFC4.3.0.0
2026-02-20 21:40:58,030 [WARN] PackLoader:240 - Cannot read IP mode file for EmbeddedOffice.I-CUBE-FS-RTOS.1.0.1
2026-02-20 21:40:58,030 [ERROR] ConditionMgr:805 - Attr not supported : Dmpu
2026-02-20 21:40:58,030 [ERROR] ConditionMgr:805 - Attr not supported : Dmpu
2026-02-20 21:40:58,031 [ERROR] ConditionMgr:805 - Attr not supported : Dmpu
2026-02-20 21:40:58,031 [ERROR] ConditionMgr:805 - Attr not supported : Dmpu
2026-02-20 21:40:58,031 [ERROR] ConditionMgr:805 - Attr not supported : Dmpu
2026-02-20 21:40:58,031 [ERROR] ConditionMgr:805 - Attr not supported : Dmpu
2026-02-20 21:40:58,031 [ERROR] ConditionMgr:805 - Attr not supported : Dmpu
2026-02-20 21:40:58,031 [ERROR] ConditionMgr:805 - Attr not supported : Dmpu
2026-02-20 21:40:58,031 [ERROR] ConditionMgr:805 - Attr not supported : Dmpu
2026-02-20 21:40:58,031 [ERROR] ConditionMgr:805 - Attr not supported : Dmpu
2026-02-20 21:40:58,031 [ERROR] ConditionMgr:805 - Attr not supported : Dmpu
2026-02-20 21:40:58,031 [ERROR] ConditionMgr:805 - Attr not supported : Dmpu
2026-02-20 21:40:58,031 [ERROR] ConditionMgr:805 - Attr not supported : Dmpu
2026-02-20 21:40:58,031 [ERROR] ConditionMgr:805 - Attr not supported : Dmpu
2026-02-20 21:40:58,031 [ERROR] ConditionMgr:805 - Attr not supported : Dmpu
2026-02-20 21:40:58,031 [ERROR] ConditionMgr:805 - Attr not supported : Dmpu
2026-02-20 21:40:58,031 [ERROR] ConditionMgr:805 - Attr not supported : Dmpu
2026-02-20 21:40:58,031 [ERROR] ConditionMgr:805 - Attr not supported : Dmpu
2026-02-20 21:40:58,031 [ERROR] ConditionMgr:805 - Attr not supported : Dmpu
2026-02-20 21:40:58,031 [ERROR] ConditionMgr:805 - Attr not supported : Dmpu
2026-02-20 21:40:58,031 [ERROR] ConditionMgr:805 - Attr not supported : Dmpu
2026-02-20 21:40:58,031 [ERROR] ConditionMgr:805 - Attr not supported : Dmpu
2026-02-20 21:40:58,032 [ERROR] ConditionMgr:805 - Attr not supported : Dmpu
2026-02-20 21:40:58,032 [ERROR] ConditionMgr:805 - Attr not supported : Dmpu
2026-02-20 21:40:58,032 [ERROR] ConditionMgr:805 - Attr not supported : Dmpu
2026-02-20 21:40:58,032 [ERROR] ConditionMgr:805 - Attr not supported : Dmpu
2026-02-20 21:40:58,032 [ERROR] ConditionMgr:805 - Attr not supported : Dmpu
2026-02-20 21:40:58,032 [ERROR] ConditionMgr:805 - Attr not supported : Dmpu
2026-02-20 21:40:58,032 [ERROR] ConditionMgr:805 - Attr not supported : Dmpu
2026-02-20 21:40:58,032 [ERROR] ConditionMgr:805 - Attr not supported : Dmpu
2026-02-20 21:40:58,032 [ERROR] ConditionMgr:805 - Attr not supported : Dmpu
2026-02-20 21:40:58,032 [ERROR] ConditionMgr:805 - Attr not supported : Dmpu
2026-02-20 21:40:58,032 [ERROR] ConditionMgr:805 - Attr not supported : Dmpu
2026-02-20 21:40:58,032 [ERROR] ConditionMgr:805 - Attr not supported : Dmpu
2026-02-20 21:40:58,032 [ERROR] ConditionMgr:805 - Attr not supported : Dmpu
2026-02-20 21:40:58,032 [ERROR] ConditionMgr:805 - Attr not supported : Dmpu
2026-02-20 21:40:58,032 [ERROR] ConditionMgr:805 - Attr not supported : Dmpu
2026-02-20 21:40:58,032 [ERROR] ConditionMgr:805 - Attr not supported : Dmpu
2026-02-20 21:40:58,032 [ERROR] ConditionMgr:805 - Attr not supported : Dmpu
2026-02-20 21:40:58,032 [ERROR] ConditionMgr:805 - Attr not supported : Dmpu
2026-02-20 21:40:58,033 [ERROR] ConditionMgr:805 - Attr not supported : Dmpu
2026-02-20 21:40:58,033 [ERROR] ConditionMgr:805 - Attr not supported : Dmpu
2026-02-20 21:40:58,033 [ERROR] ConditionMgr:805 - Attr not supported : Dmpu
2026-02-20 21:40:58,033 [ERROR] ConditionMgr:805 - Attr not supported : Dmpu
2026-02-20 21:40:58,033 [ERROR] ConditionMgr:805 - Attr not supported : Dmpu
2026-02-20 21:40:58,033 [ERROR] ConditionMgr:805 - Attr not supported : Dmpu
2026-02-20 21:40:58,033 [ERROR] ConditionMgr:805 - Attr not supported : Dmpu
2026-02-20 21:40:58,033 [ERROR] ConditionMgr:805 - Attr not supported : Dmpu
2026-02-20 21:40:58,033 [ERROR] ConditionMgr:805 - Attr not supported : Dmpu
2026-02-20 21:40:58,033 [ERROR] ConditionMgr:805 - Attr not supported : Dmpu
2026-02-20 21:40:58,033 [ERROR] ConditionMgr:805 - Attr not supported : Dmpu
2026-02-20 21:40:58,033 [ERROR] ConditionMgr:805 - Attr not supported : Dmpu
2026-02-20 21:40:58,033 [ERROR] ConditionMgr:805 - Attr not supported : Dmpu
2026-02-20 21:40:58,033 [ERROR] ConditionMgr:805 - Attr not supported : Dmpu
2026-02-20 21:40:58,033 [ERROR] ConditionMgr:805 - Attr not supported : Dmpu
2026-02-20 21:40:58,033 [ERROR] ConditionMgr:805 - Attr not supported : Dmpu
2026-02-20 21:40:58,033 [ERROR] ConditionMgr:805 - Attr not supported : Dmpu
2026-02-20 21:40:58,033 [ERROR] ConditionMgr:805 - Attr not supported : Dmpu
2026-02-20 21:40:58,033 [ERROR] ConditionMgr:805 - Attr not supported : Dmpu
2026-02-20 21:40:58,033 [ERROR] ConditionMgr:805 - Attr not supported : Dmpu
2026-02-20 21:40:58,033 [ERROR] ConditionMgr:805 - Attr not supported : Dmpu
2026-02-20 21:40:58,034 [ERROR] ConditionMgr:805 - Attr not supported : Dmpu
2026-02-20 21:40:58,034 [ERROR] ConditionMgr:805 - Attr not supported : Dmpu
2026-02-20 21:40:58,034 [ERROR] ConditionMgr:805 - Attr not supported : Dmpu
2026-02-20 21:40:58,052 [WARN] PackLoader:240 - Cannot read IP mode file for STMicroelectronics.X-CUBE-WB05N.2.0.0
2026-02-20 21:40:58,066 [ERROR] Engine:466 - C:\Users\USER\.stm32cubemx\thirdparties\pdsc\STMicroelectronics.X-CUBE-TCPP.4.2.0.pdsc: PDSC version is not supported
2026-02-20 21:40:58,084 [WARN] PackLoader:240 - Cannot read IP mode file for RealThread.X-CUBE-RT-Thread_Nano.4.1.1
2026-02-20 21:40:58,098 [WARN] PackLoader:240 - Cannot read IP mode file for wolfSSL.I-CUBE-wolfSSL.5.7.0
2026-02-20 21:40:58,104 [WARN] PackLoader:240 - Cannot read IP mode file for STMicroelectronics.FP-ATR-SIGFOX1.3.2.0
2026-02-20 21:40:58,111 [WARN] ConditionMgr:438 - getConditionDescription Invalid condition id : Cortex-A Device cause : null
2026-02-20 21:40:58,137 [WARN] ConditionMgr:1039 - genDependencies : Invalid condition id : Cortex-A Device cause : null
2026-02-20 21:40:58,137 [WARN] ConditionMgr:1039 - genDependencies : Invalid condition id : Cortex-A Device cause : null
2026-02-20 21:40:58,137 [WARN] ConditionMgr:1039 - genDependencies : Invalid condition id : Cortex-A Device cause : null
2026-02-20 21:40:58,153 [WARN] PackLoader:240 - Cannot read IP mode file for STMicroelectronics.X-CUBE-EEPRMA1.5.1.0
2026-02-20 21:40:58,175 [WARN] PackLoader:240 - Cannot read IP mode file for ITTIA_DB.I-CUBE-ITTIADB.8.9.0
2026-02-20 21:40:58,194 [WARN] PackLoader:240 - Cannot read IP mode file for STMicroelectronics.X-CUBE-NFC6.3.2.0
2026-02-20 21:40:58,210 [WARN] PackLoader:240 - Cannot read IP mode file for STMicroelectronics.X-CUBE-AI.10.2.0
2026-02-20 21:40:58,243 [WARN] PackLoader:240 - Cannot read IP mode file for SEGGER.I-CUBE-embOS.1.3.1
2026-02-20 21:40:58,284 [WARN] PackLoader:240 - Cannot read IP mode file for STMicroelectronics.X-CUBE-ALGOBUILD.1.4.0
2026-02-20 21:40:58,303 [WARN] PackLoader:240 - Cannot read IP mode file for STMicroelectronics.X-CUBE-AI.9.1.0
2026-02-20 21:40:58,322 [WARN] PackLoader:240 - Cannot read IP mode file for STMicroelectronics.X-CUBE-PM33A1.1.0.0
2026-02-20 21:40:58,341 [WARN] PackLoader:240 - Cannot read IP mode file for STMicroelectronics.X-CUBE-GNSS1.6.0.0
2026-02-20 21:40:58,370 [WARN] PackLoader:240 - Cannot read IP mode file for STMicroelectronics.X-CUBE-AZRTOS-F4.1.1.0
2026-02-20 21:40:58,384 [ERROR] Engine:466 - C:\Users\USER\.stm32cubemx\thirdparties\pdsc\Avnet-IotConnect.X-CUBE-IoTC-DA16k-PMOD.1.0.0.pdsc: PDSC version is not supported
2026-02-20 21:40:58,400 [WARN] PackLoader:240 - Cannot read IP mode file for STMicroelectronics.X-CUBE-ISPU.2.1.0
2026-02-20 21:40:58,417 [ERROR] Engine:466 - C:\Users\USER\.stm32cubemx\thirdparties\pdsc\STMicroelectronics.X-CUBE-IPS.3.2.0.pdsc: PDSC version is not supported
2026-02-20 21:40:58,433 [WARN] PackLoader:240 - Cannot read IP mode file for STMicroelectronics.X-CUBE-FREERTOS.1.2.0
2026-02-20 21:40:58,450 [WARN] PackLoader:240 - Cannot read IP mode file for STMicroelectronics.X-CUBE-NFC12.1.0.0
2026-02-20 21:40:58,481 [WARN] PackLoader:240 - Cannot read IP mode file for STMicroelectronics.X-CUBE-AZRTOS-L5.2.0.0
2026-02-20 21:40:58,501 [WARN] PackLoader:240 - Cannot read IP mode file for STMicroelectronics.X-CUBE-NFC6.3.1.0
2026-02-20 21:40:58,520 [WARN] PackLoader:240 - Cannot read IP mode file for STMicroelectronics.X-CUBE-DPower.1.2.0
2026-02-20 21:40:58,537 [WARN] PackLoader:240 - Cannot read IP mode file for STMicroelectronics.X-CUBE-AI.9.0.0
2026-02-20 21:40:58,553 [WARN] PackLoader:240 - Cannot read IP mode file for STMicroelectronics.X-CUBE-FREERTOS.1.3.1
2026-02-20 21:40:58,570 [WARN] PackLoader:240 - Cannot read IP mode file for STMicroelectronics.X-CUBE-FREERTOS.1.3.0
2026-02-20 21:40:58,588 [WARN] PackLoader:240 - Cannot read IP mode file for STMicroelectronics.X-CUBE-NFC7.1.0.1
2026-02-20 21:40:58,605 [WARN] PackLoader:240 - Cannot read IP mode file for STMicroelectronics.X-CUBE-TOUCHGFX.4.26.0
2026-02-20 21:40:58,620 [ERROR] Engine:466 - C:\Users\USER\.stm32cubemx\thirdparties\pdsc\STMicroelectronics.FP-SNS-STAIOTCFT.1.0.0.pdsc: PDSC version is not supported
2026-02-20 21:40:58,637 [WARN] PackLoader:240 - Cannot read IP mode file for STMicroelectronics.X-CUBE-DPower.1.3.0
2026-02-20 21:40:58,668 [WARN] ConditionMgr:438 - getConditionDescription Invalid condition id : LAN8742 Phy interface Condition cause : null
2026-02-20 21:40:58,668 [WARN] PackLoader:240 - Cannot read IP mode file for STMicroelectronics.X-CUBE-AZRTOS-L4.2.0.0
2026-02-20 21:40:58,669 [WARN] ConditionMgr:1039 - genDependencies : Invalid condition id : LAN8742 Phy interface Condition cause : null
2026-02-20 21:40:58,670 [WARN] ConditionMgr:1039 - genDependencies : Invalid condition id : LAN8742 Phy interface Condition cause : null
2026-02-20 21:40:58,670 [WARN] ConditionMgr:1039 - genDependencies : Invalid condition id : LAN8742 Phy interface Condition cause : null
2026-02-20 21:40:58,693 [WARN] PackLoader:240 - Cannot read IP mode file for STMicroelectronics.X-CUBE-SFXS2LP1.4.0.0
2026-02-20 21:40:58,713 [ERROR] Engine:466 - C:\Users\USER\.stm32cubemx\thirdparties\pdsc\STMicroelectronics.X-CUBE-ST67W61.1.2.0.pdsc: PDSC version is not supported
2026-02-20 21:40:58,751 [WARN] PackLoader:240 - Cannot read IP mode file for STMicroelectronics.X-CUBE-AZRTOS-H7.3.3.0
2026-02-20 21:40:58,771 [ERROR] Engine:466 - C:\Users\USER\.stm32cubemx\thirdparties\pdsc\STMicroelectronics.X-CUBE-BLEMGR.4.1.0.pdsc: PDSC version is not supported
2026-02-20 21:40:58,792 [WARN] PackLoader:240 - Cannot read IP mode file for STMicroelectronics.X-CUBE-IPS.3.0.0
2026-02-20 21:40:58,820 [WARN] ConditionMgr:438 - getConditionDescription Invalid condition id : UX DEVICE CLASS RTOS Condition cause : null
2026-02-20 21:40:58,820 [WARN] ConditionMgr:438 - getConditionDescription Invalid condition id : UX DEVICE CLASS RTOS Condition cause : null
2026-02-20 21:40:58,822 [WARN] PackLoader:240 - Cannot read IP mode file for STMicroelectronics.X-CUBE-AZRTOS-WB.2.0.0
2026-02-20 21:40:58,822 [WARN] ConditionMgr:1039 - genDependencies : Invalid condition id : UX DEVICE CLASS RTOS Condition cause : null
2026-02-20 21:40:58,822 [WARN] ConditionMgr:1039 - genDependencies : Invalid condition id : UX DEVICE CLASS RTOS Condition cause : null
2026-02-20 21:40:58,822 [WARN] ConditionMgr:1039 - genDependencies : Invalid condition id : UX DEVICE CLASS RTOS Condition cause : null
2026-02-20 21:40:58,823 [WARN] ConditionMgr:1039 - genDependencies : Invalid condition id : UX DEVICE CLASS RTOS Condition cause : null
2026-02-20 21:40:58,823 [WARN] ConditionMgr:1039 - genDependencies : Invalid condition id : UX DEVICE CLASS RTOS Condition cause : null
2026-02-20 21:40:58,841 [WARN] PackLoader:240 - Cannot read IP mode file for STMicroelectronics.X-CUBE-GNSS1.7.0.0
2026-02-20 21:40:58,859 [WARN] PackLoader:240 - Cannot read IP mode file for STMicroelectronics.X-CUBE-GNSS1.7.0.1
2026-02-20 21:40:58,877 [WARN] PackLoader:240 - Cannot read IP mode file for STMicroelectronics.X-CUBE-TOUCHGFX.4.25.0
2026-02-20 21:40:58,897 [WARN] PackLoader:240 - Cannot read IP mode file for STMicroelectronics.FP-SNS-STBOX1.2.0.0
2026-02-20 21:40:58,917 [WARN] PackLoader:240 - Cannot read IP mode file for STMicroelectronics.X-CUBE-STSE01.2.0.0
2026-02-20 21:40:58,941 [WARN] PackLoader:240 - Cannot read IP mode file for STMicroelectronics.X-CUBE-SUBG2.5.0.0
2026-02-20 21:40:58,976 [WARN] PackLoader:240 - Cannot read IP mode file for STMicroelectronics.X-CUBE-AZRTOS-H7RS.1.1.0
2026-02-20 21:40:58,986 [WARN] PackLoader:240 - Cannot read IP mode file for Cesanta.I-CUBE-Mongoose.7.13.0
2026-02-20 21:40:59,013 [WARN] PackLoader:240 - Cannot read IP mode file for STMicroelectronics.X-CUBE-AZRTOS-G4.2.0.0
2026-02-20 21:40:59,030 [WARN] PackLoader:240 - Cannot read IP mode file for STMicroelectronics.X-CUBE-NFC7.2.0.0
2026-02-20 21:40:59,046 [WARN] PackLoader:240 - Cannot read IP mode file for STMicroelectronics.X-CUBE-ISPU.2.0.0
2026-02-20 21:40:59,065 [ERROR] Engine:466 - C:\Users\USER\.stm32cubemx\thirdparties\pdsc\STMicroelectronics.X-CUBE-IPS.3.1.0.pdsc: PDSC version is not supported
2026-02-20 21:40:59,081 [WARN] PackLoader:240 - Cannot read IP mode file for STMicroelectronics.X-CUBE-ALS.1.0.2
2026-02-20 21:40:59,118 [WARN] PackLoader:240 - Cannot read IP mode file for STMicroelectronics.X-CUBE-MEMS1.10.0.0
2026-02-20 21:40:59,183 [WARN] PackLoader:240 - Cannot read IP mode file for STMicroelectronics.X-CUBE-FREERTOS.1.1.0
2026-02-20 21:40:59,200 [WARN] PackLoader:240 - Cannot read IP mode file for STMicroelectronics.X-CUBE-TOUCHGFX.4.24.2
2026-02-20 21:40:59,215 [WARN] PackLoader:240 - Cannot read IP mode file for STMicroelectronics.X-CUBE-TOUCHGFX.4.24.1
2026-02-20 21:40:59,234 [WARN] PackLoader:240 - Cannot read IP mode file for STMicroelectronics.X-CUBE-STSE01.1.0.0
2026-02-20 21:40:59,241 [WARN] PackLoader:240 - Cannot read IP mode file for wolfSSL.I-CUBE-wolfTPM.3.4.0
2026-02-20 21:40:59,259 [WARN] PackLoader:240 - Cannot read IP mode file for portGmbH.I-Cube-SoM-uGOAL.1.1.0
2026-02-20 21:40:59,273 [WARN] PackLoader:240 - Cannot read IP mode file for STMicroelectronics.X-CUBE-ALS.1.0.1
2026-02-20 21:40:59,305 [WARN] PackLoader:240 - Cannot read IP mode file for STMicroelectronics.X-CUBE-AZRTOS-H7RS.1.0.0
2026-02-20 21:40:59,322 [WARN] PackLoader:240 - Cannot read IP mode file for STMicroelectronics.FP-ATR-ASTRA1.2.0.0
2026-02-20 21:40:59,344 [WARN] PackLoader:240 - Cannot read IP mode file for STMicroelectronics.X-CUBE-TOF1.3.4.2
2026-02-20 21:40:59,366 [ERROR] Engine:466 - C:\Users\USER\.stm32cubemx\thirdparties\pdsc\STMicroelectronics.X-CUBE-TOF1.3.4.3.pdsc: PDSC version is not supported
2026-02-20 21:40:59,385 [WARN] PackLoader:240 - Cannot read IP mode file for STMicroelectronics.X-CUBE-TOF1.3.4.1
2026-02-20 21:40:59,416 [WARN] PackLoader:240 - Cannot read IP mode file for STMicroelectronics.X-CUBE-AZRTOS-H7.3.2.0
2026-02-20 21:40:59,439 [WARN] PackLoader:240 - Cannot read IP mode file for Infineon.AIROC-Wi-Fi-Bluetooth-STM32.1.6.0
2026-02-20 21:40:59,446 [WARN] PackLoader:240 - Cannot read IP mode file for wolfSSL.I-CUBE-wolfSSH.1.4.17
2026-02-20 21:40:59,446 [INFO] ThirdParty:978 - Integrity check success = true
2026-02-20 21:40:59,446 [INFO] IntegrityCheckThread:100 - exiting critical section [integrity check]
2026-02-20 21:40:59,446 [INFO] IntegrityCheckThread:103 - End integrity checks thread
2026-02-20 21:55:20,032 [ERROR] LogOutputStream:75 - [STDERR_REDIRECT] 
2026-02-20 21:55:20,032 [ERROR] LogOutputStream:75 - [STDERR_REDIRECT] 
