2026-03-17 01:42:04,437 [INFO] McuFinderGlobals:63 - Set McuFinder mode to 2 (CubeIDE integrated)
2026-03-17 01:42:04,531 [INFO] MainUpdater:2873 - connection check result : 10
2026-03-17 01:42:04,549 [INFO] MainUpdater:2873 - connection check result : 10
2026-03-17 01:42:04,985 [INFO] MicroXplorer:468 - Change Database Path : 
2026-03-17 01:42:04,985 [INFO] MicroXplorer:498 - Change Database Version : DB.6.0.110
2026-03-17 01:42:05,022 [WARN] ThirdParty:871 - waiting for thirdparty lock release [close project]
2026-03-17 01:42:05,022 [INFO] ThirdParty:873 - entering critical section [close project]
2026-03-17 01:42:05,070 [INFO] ThirdParty:883 - exiting critical section [close project]
2026-03-17 01:42:05,073 [INFO] PinOutPanel:1561 - setPackage(No Configuration,No Configuration)
2026-03-17 01:42:05,080 [INFO] UtilMem:75 - Begin LoadConfig() Used Memory: 771450064 Bytes (1073741824)
2026-03-17 01:42:05,083 [INFO] MicroXplorer:468 - Change Database Path : 
2026-03-17 01:42:05,083 [INFO] MicroXplorer:498 - Change Database Version : DB.6.0.110
2026-03-17 01:42:05,083 [INFO] OpenFileManager:312 - Change cursor
2026-03-17 01:42:05,120 [INFO] ThirdPartyDownloadManager:103 - Found SW packSTMicroelectronics.X-CUBE-TOUCHGFX.4.26.0up-to-date on disk
2026-03-17 01:42:05,348 [INFO] Mcu:2021 - Initializing MCU STM32F411C(C-E)Ux STM32F411CEUx STM32F411CEU6
2026-03-17 01:42:07,254 [INFO] Context:663 - Trying to add GPIOservice into a context  which must be forbidden
2026-03-17 01:42:07,868 [INFO] ApiDbMcu:508 - Load IP Config File for STMicroelectronics.X-CUBE-TOUCHGFX.4.26.0
2026-03-17 01:42:08,250 [INFO] RtosManager:555 - Registered RTOS mode: class=CMSIS, group=RTOS, mode=CMSIS_V1, owner=FREERTOS
2026-03-17 01:42:08,250 [INFO] RtosManager:555 - Registered RTOS mode: class=CMSIS, group=RTOS2, mode=CMSIS_V2, owner=FREERTOS
2026-03-17 01:42:08,251 [INFO] RtosManager:555 - Registered RTOS mode: class=RTOS, group=Core, mode=CMSIS_V1, owner=FREERTOS
2026-03-17 01:42:08,251 [INFO] RtosManager:555 - Registered RTOS mode: class=RTOS, group=Core, mode=CMSIS_V2, owner=FREERTOS
2026-03-17 01:42:08,251 [WARN] ModelIntegratedComponent:184 - Missing modes for component STMicroelectronics:FreeRTOS:0.0.1:STMicroelectronics:RTOS:FreeRTOS:Core:::10.2.0:
2026-03-17 01:42:08,260 [WARN] ModelIntegratedComponent:63 - No mode defined for component null
2026-03-17 01:42:08,260 [WARN] ModelIntegratedComponent:63 - No mode defined for component null
2026-03-17 01:42:08,260 [WARN] ModelIntegratedComponent:63 - No mode defined for component null
2026-03-17 01:42:08,260 [WARN] ModelIntegratedComponent:63 - No mode defined for component null
2026-03-17 01:42:08,261 [WARN] ModelIntegratedComponent:63 - No mode defined for component null
2026-03-17 01:42:08,261 [WARN] ModelIntegratedComponent:63 - No mode defined for component null
2026-03-17 01:42:08,261 [WARN] ModelIntegratedComponent:63 - No mode defined for component null
2026-03-17 01:42:08,261 [WARN] ModelIntegratedComponent:63 - No mode defined for component null
2026-03-17 01:42:08,261 [WARN] ModelIntegratedComponent:63 - No mode defined for component null
2026-03-17 01:42:08,261 [WARN] ModelIntegratedComponent:63 - No mode defined for component null
2026-03-17 01:42:08,261 [WARN] ModelIntegratedComponent:63 - No mode defined for component null
2026-03-17 01:42:08,261 [WARN] ModelIntegratedComponent:63 - No mode defined for component null
2026-03-17 01:42:08,261 [WARN] ModelIntegratedComponent:63 - No mode defined for component null
2026-03-17 01:42:08,261 [WARN] ModelIntegratedComponent:63 - No mode defined for component null
2026-03-17 01:42:08,261 [WARN] ModelIntegratedComponent:63 - No mode defined for component null
2026-03-17 01:42:08,261 [WARN] ModelIntegratedComponent:63 - No mode defined for component null
2026-03-17 01:42:08,261 [WARN] ModelIntegratedComponent:63 - No mode defined for component null
2026-03-17 01:42:08,261 [WARN] ModelIntegratedComponent:63 - No mode defined for component null
2026-03-17 01:42:08,261 [WARN] ModelIntegratedComponent:63 - No mode defined for component null
2026-03-17 01:42:08,261 [WARN] ModelIntegratedComponent:63 - No mode defined for component null
2026-03-17 01:42:08,261 [WARN] ModelIntegratedComponent:63 - No mode defined for component null
2026-03-17 01:42:08,261 [WARN] ModelIntegratedComponent:63 - No mode defined for component null
2026-03-17 01:42:08,262 [WARN] ModelIntegratedComponent:63 - No mode defined for component null
2026-03-17 01:42:08,262 [WARN] ModelIntegratedComponent:63 - No mode defined for component null
2026-03-17 01:42:08,262 [WARN] ModelIntegratedComponent:63 - No mode defined for component null
2026-03-17 01:42:08,262 [WARN] ModelIntegratedComponent:63 - No mode defined for component null
2026-03-17 01:42:08,262 [WARN] ModelIntegratedComponent:63 - No mode defined for component null
2026-03-17 01:42:08,262 [WARN] ModelIntegratedComponent:63 - No mode defined for component null
2026-03-17 01:42:08,262 [WARN] ModelIntegratedComponent:63 - No mode defined for component null
2026-03-17 01:42:08,262 [WARN] ModelIntegratedComponent:63 - No mode defined for component null
2026-03-17 01:42:08,262 [WARN] ModelIntegratedComponent:63 - No mode defined for component null
2026-03-17 01:42:08,262 [WARN] ModelIntegratedComponent:63 - No mode defined for component null
2026-03-17 01:42:08,262 [WARN] ModelIntegratedComponent:63 - No mode defined for component null
2026-03-17 01:42:08,262 [WARN] ModelIntegratedComponent:63 - No mode defined for component null
2026-03-17 01:42:08,339 [WARN] ModelIntegratedComponent:182 - Modes not found for component STMicroelectronics:USB_DEVICE:1.0.0:STMicroelectronics:USB::USB Device:Audio HS::1.0:USB_DEVICE_1_0_RESTRICTED_HS
2026-03-17 01:42:08,340 [WARN] ModelIntegratedComponent:188 - Modes not found for component STMicroelectronics:USB_DEVICE:1.0.0:STMicroelectronics:USB::USB Device:Audio HS::1.0:USB_DEVICE_1_0_RESTRICTED_HS
2026-03-17 01:42:08,340 [WARN] ModelIntegratedComponent:182 - Modes not found for component STMicroelectronics:USB_DEVICE:1.0.0:STMicroelectronics:USB::USB Device:CDC HS::1.0:USB_DEVICE_1_0_RESTRICTED_HS
2026-03-17 01:42:08,340 [WARN] ModelIntegratedComponent:188 - Modes not found for component STMicroelectronics:USB_DEVICE:1.0.0:STMicroelectronics:USB::USB Device:CDC HS::1.0:USB_DEVICE_1_0_RESTRICTED_HS
2026-03-17 01:42:08,340 [WARN] ModelIntegratedComponent:182 - Modes not found for component STMicroelectronics:USB_DEVICE:1.0.0:STMicroelectronics:USB::USB Device:DFU HS::1.0:USB_DEVICE_1_0_RESTRICTED_HS
2026-03-17 01:42:08,340 [WARN] ModelIntegratedComponent:188 - Modes not found for component STMicroelectronics:USB_DEVICE:1.0.0:STMicroelectronics:USB::USB Device:DFU HS::1.0:USB_DEVICE_1_0_RESTRICTED_HS
2026-03-17 01:42:08,340 [WARN] ModelIntegratedComponent:182 - Modes not found for component STMicroelectronics:USB_DEVICE:1.0.0:STMicroelectronics:USB::USB Device:HID HS::1.0:USB_DEVICE_1_0_RESTRICTED_HS
2026-03-17 01:42:08,340 [WARN] ModelIntegratedComponent:188 - Modes not found for component STMicroelectronics:USB_DEVICE:1.0.0:STMicroelectronics:USB::USB Device:HID HS::1.0:USB_DEVICE_1_0_RESTRICTED_HS
2026-03-17 01:42:08,340 [WARN] ModelIntegratedComponent:182 - Modes not found for component STMicroelectronics:USB_DEVICE:1.0.0:STMicroelectronics:USB::USB Device:Custom HID HS::1.0:USB_DEVICE_1_0_RESTRICTED_HS
2026-03-17 01:42:08,340 [WARN] ModelIntegratedComponent:188 - Modes not found for component STMicroelectronics:USB_DEVICE:1.0.0:STMicroelectronics:USB::USB Device:Custom HID HS::1.0:USB_DEVICE_1_0_RESTRICTED_HS
2026-03-17 01:42:08,340 [WARN] ModelIntegratedComponent:182 - Modes not found for component STMicroelectronics:USB_DEVICE:1.0.0:STMicroelectronics:USB::USB Device:MSC HS::1.0:USB_DEVICE_1_0_RESTRICTED_HS
2026-03-17 01:42:08,340 [WARN] ModelIntegratedComponent:188 - Modes not found for component STMicroelectronics:USB_DEVICE:1.0.0:STMicroelectronics:USB::USB Device:MSC HS::1.0:USB_DEVICE_1_0_RESTRICTED_HS
2026-03-17 01:42:08,467 [WARN] ModelIntegratedComponent:182 - Modes not found for component STMicroelectronics:USB_HOST:1.0.0:STMicroelectronics:USB::USB Host:Audio HS::1.0:USB_HOST_1_0_RESTRICTED_HS
2026-03-17 01:42:08,469 [WARN] ModelIntegratedComponent:188 - Modes not found for component STMicroelectronics:USB_HOST:1.0.0:STMicroelectronics:USB::USB Host:Audio HS::1.0:USB_HOST_1_0_RESTRICTED_HS
2026-03-17 01:42:08,469 [WARN] ModelIntegratedComponent:182 - Modes not found for component STMicroelectronics:USB_HOST:1.0.0:STMicroelectronics:USB::USB Host:CDC HS::1.0:USB_HOST_1_0_RESTRICTED_HS
2026-03-17 01:42:08,469 [WARN] ModelIntegratedComponent:188 - Modes not found for component STMicroelectronics:USB_HOST:1.0.0:STMicroelectronics:USB::USB Host:CDC HS::1.0:USB_HOST_1_0_RESTRICTED_HS
2026-03-17 01:42:08,469 [WARN] ModelIntegratedComponent:182 - Modes not found for component STMicroelectronics:USB_HOST:1.0.0:STMicroelectronics:USB::USB Host:MSC HS::1.0:USB_HOST_1_0_RESTRICTED_HS
2026-03-17 01:42:08,469 [WARN] ModelIntegratedComponent:188 - Modes not found for component STMicroelectronics:USB_HOST:1.0.0:STMicroelectronics:USB::USB Host:MSC HS::1.0:USB_HOST_1_0_RESTRICTED_HS
2026-03-17 01:42:08,469 [WARN] ModelIntegratedComponent:182 - Modes not found for component STMicroelectronics:USB_HOST:1.0.0:STMicroelectronics:USB::USB Host:HID HS::1.0:USB_HOST_1_0_RESTRICTED_HS
2026-03-17 01:42:08,469 [WARN] ModelIntegratedComponent:188 - Modes not found for component STMicroelectronics:USB_HOST:1.0.0:STMicroelectronics:USB::USB Host:HID HS::1.0:USB_HOST_1_0_RESTRICTED_HS
2026-03-17 01:42:08,469 [WARN] ModelIntegratedComponent:182 - Modes not found for component STMicroelectronics:USB_HOST:1.0.0:STMicroelectronics:USB::USB Host:MTP HS::1.0:USB_HOST_1_0_RESTRICTED_HS
2026-03-17 01:42:08,469 [WARN] ModelIntegratedComponent:188 - Modes not found for component STMicroelectronics:USB_HOST:1.0.0:STMicroelectronics:USB::USB Host:MTP HS::1.0:USB_HOST_1_0_RESTRICTED_HS
2026-03-17 01:42:08,567 [WARN] IP:2120 - tgfx_framebuffer_stride_value_custom not found: check if there is a RefParameter without a condition.
2026-03-17 01:42:08,577 [WARN] IP:2120 - tgfx_framebuffer_stride_value_custom not found: check if there is a RefParameter without a condition.
2026-03-17 01:42:09,418 [INFO] ApiDbMcu:508 - Load IP Config File for FREERTOS
2026-03-17 01:42:09,451 [INFO] ThirdPartyModel:298 - Start build external matchings
2026-03-17 01:42:11,240 [INFO] ThirdPartyModel:316 - End build external matchings
2026-03-17 01:42:11,291 [INFO] RtosManager:919 - Current active RTOS is FREERTOS [Cortex-M4NS]
2026-03-17 01:42:11,303 [INFO] ImportTextPane:194 - (OptionalMessage_ERROR) IP (DMA) : Parameter (Instance) has Id (SPI1_TX) currently not set
2026-03-17 01:42:11,304 [INFO] ImportTextPane:194 - (OptionalMessage_ERROR) IP (DMA) : Parameter (Channel) has Id (SPI1_TX) currently not set
2026-03-17 01:42:11,304 [INFO] ImportTextPane:194 - (OptionalMessage_ERROR) IP (DMA) : Parameter (Direction) has Id (SPI1_TX) currently not set
2026-03-17 01:42:11,304 [INFO] ImportTextPane:194 - (OptionalMessage_ERROR) IP (DMA) : Parameter (PeriphInc) has Id (SPI1_TX) currently not set
2026-03-17 01:42:11,304 [INFO] ImportTextPane:194 - (OptionalMessage_ERROR) IP (DMA) : Parameter (MemInc) has Id (SPI1_TX) currently not set
2026-03-17 01:42:11,304 [INFO] ImportTextPane:194 - (OptionalMessage_ERROR) IP (DMA) : Parameter (PeriphDataAlignment) has Id (SPI1_TX) currently not set
2026-03-17 01:42:11,304 [INFO] ImportTextPane:194 - (OptionalMessage_ERROR) IP (DMA) : Parameter (MemDataAlignment) has Id (SPI1_TX) currently not set
2026-03-17 01:42:11,304 [INFO] ImportTextPane:194 - (OptionalMessage_ERROR) IP (DMA) : Parameter (Mode) has Id (SPI1_TX) currently not set
2026-03-17 01:42:11,304 [INFO] ImportTextPane:194 - (OptionalMessage_ERROR) IP (DMA) : Parameter (Priority) has Id (SPI1_TX) currently not set
2026-03-17 01:42:11,304 [INFO] ImportTextPane:194 - (OptionalMessage_ERROR) IP (DMA) : Parameter (FIFOMode) has Id (SPI1_TX) currently not set
2026-03-17 01:42:11,304 [INFO] ImportTextPane:194 - (OptionalMessage_ERROR) IP (DMA) : Parameter (FIFOThreshold) has Id (SPI1_TX) currently not set
2026-03-17 01:42:11,304 [INFO] ImportTextPane:194 - (OptionalMessage_ERROR) IP (DMA) : Parameter (FIFOThreshold) has invalid value (null)
2026-03-17 01:42:11,304 [INFO] ImportTextPane:194 - (OptionalMessage_ERROR) IP (DMA) : Parameter (MemBurst) has Id (SPI1_TX) currently not set
2026-03-17 01:42:11,304 [INFO] ImportTextPane:194 - (OptionalMessage_ERROR) IP (DMA) : Parameter (MemBurst) has invalid value (null)
2026-03-17 01:42:11,304 [INFO] ImportTextPane:194 - (OptionalMessage_ERROR) IP (DMA) : Parameter (PeriphBurst) has Id (SPI1_TX) currently not set
2026-03-17 01:42:11,304 [INFO] ImportTextPane:194 - (OptionalMessage_ERROR) IP (DMA) : Parameter (PeriphBurst) has invalid value (null)
2026-03-17 01:42:11,311 [WARN] IP:2120 - tgfx_framebuffer_stride_value_custom not found: check if there is a RefParameter without a condition.
2026-03-17 01:42:11,312 [INFO] ImportTextPane:194 - (OptionalMessage_ERROR) IP (STMicroelectronics.X-CUBE-TOUCHGFX.4.26.0) : Parameter (ApplicationCcGraphicsJjApplication) has invalid value (TouchGFXOoGenerator)
2026-03-17 01:42:11,903 [INFO] ApiDb:581 - Connected to CubeFinder SQLite database (C:\Users\USER\.stmcufinder\plugins\mcufinder\mcu\cube-finder-db.db)
2026-03-17 01:42:12,043 [INFO] ApiDb:668 - CubeFinder database Data Model version=2.1
2026-03-17 01:42:12,044 [INFO] ApiDb:669 - CubeFinder database Configuration version=3.0.39
2026-03-17 01:42:12,046 [INFO] ApiDb:670 - CubeFinder database generation date=2025-12-22 (1766407740)
2026-03-17 01:42:12,046 [INFO] ApiDb:671 - CubeFinder database FW Pack versions=[FP-ATR-ASTRA1_V2.0.0, FP-SNS-FLIGHT1_V5.1.0, FP-SNS-MOTENV1_V5.1.0, FP-SNS-MOTENVWB1_V1.4.0, FP-SNS-SMARTAG2_V1.2.0, FP-SNS-STBOX1_V2.1.0, STM32Cube_FW_C0_V1.4.0, STM32Cube_FW_F4_V1.28.3, STM32Cube_FW_F7_V1.17.4, STM32Cube_FW_G0_V1.6.2, STM32Cube_FW_G4_V1.6.1, STM32Cube_FW_H5_V1.5.1, STM32Cube_FW_H7RS_V1.3.0, STM32Cube_FW_H7_V1.12.1, STM32Cube_FW_L0_V1.12.2, STM32Cube_FW_L4_V1.18.1, STM32Cube_FW_L5_V1.6.0, STM32Cube_FW_N6_V1.3.0, STM32Cube_FW_U0_V1.3.0, STM32Cube_FW_U3_V1.2.1, STM32Cube_FW_U5_V1.8.0, STM32Cube_FW_WB0_V1.4.0, STM32Cube_FW_WBA_V1.8.0, STM32Cube_FW_WB_V1.24.0, STM32Cube_FW_WL3_V1.3.0, STM32Cube_FW_WL_V1.4.0, X-CUBE-ALGOBUILD_V1.4.0, X-CUBE-ALS_V1.0.2, X-CUBE-AZRTOS-F4_V1.1.0, X-CUBE-AZRTOS-F7_V1.1.0, X-CUBE-AZRTOS-G0_V1.1.0, X-CUBE-AZRTOS-G4_V2.0.0, X-CUBE-AZRTOS-H7RS_V1.1.0, X-CUBE-AZRTOS-H7_V3.4.0, X-CUBE-AZRTOS-L4_V2.0.0, X-CUBE-AZRTOS-L5_V2.0.0, X-CUBE-AZRTOS-WB_V2.0.0, X-CUBE-AZRTOS-WL_V2.0.0, X-CUBE-BLE1_V7.1.0, X-CUBE-BLE2_V3.3.0, X-CUBE-BLEMGR_V4.1.0, X-CUBE-EEPRMA1_V5.2.0, X-CUBE-FREERTOS_V1.3.1, X-CUBE-GNSS1_V6.0.0, X-CUBE-MEMS1_V12.0.0, X-CUBE-NFC4_V3.0.0, X-CUBE-NFC7_V2.0.0, X-CUBE-SFXS2LP1_V4.0.0, X-CUBE-ST67W61_V1.1.0, X-CUBE-SUBG2_V5.0.0, X-CUBE-TOF1_V3.4.3]
2026-03-17 01:42:12,250 [INFO] DbBoardsSqlite:226 - include board P-NUCLEO-WB55-NUCLEO as a kit item of type 'Nucleo-64'
2026-03-17 01:42:12,250 [INFO] DbBoardsSqlite:226 - include board P-NUCLEO-WB55-USBDONGLE as a kit item of type 'Nucleo USB Dongle'
2026-03-17 01:42:12,253 [INFO] DbBoardsSqlite:226 - include board STEVAL-IDP005V1 as a kit item of type 'Evaluation Board'
2026-03-17 01:42:12,254 [INFO] DbBoardsSqlite:226 - include board STEVAL-IDP005V2 as a kit item of type 'Evaluation Board'
2026-03-17 01:42:12,802 [INFO] ApiDb:240 - Found 483 in-development CPN: [B-G473E-ZEST1S, B-WB1M-WPAN1, B-WL5M-SUBG1, NUCLEO-C031C6, NUCLEO-H503RB, NUCLEO-H533RE, NUCLEO-H563ZI, NUCLEO-H7S3L8, NUCLEO-U031R8, NUCLEO-U083RC, NUCLEO-U545RE-Q, NUCLEO-U5A5ZJ-Q, NUCLEO-WBA52CG, NUCLEO-WBA55CG, STEVAL-PROTEUS1, STEVAL-SMARTAG2, STEVAL-STWINBX1, STM320518-EVAL, STM32C0116-DK, STM32C011D6Y3TR, STM32C011D6Y6TR, STM32C011F4P3, STM32C011F4P6, STM32C011F4U3, STM32C011F4U6TR, STM32C011F6P3, STM32C011F6P6, STM32C011F6U3, STM32C011F6U6TR, STM32C011J4M3, STM32C011J4M6, STM32C011J6M3, STM32C011J6M6, STM32C0316-DK, STM32C031C4T3, STM32C031C4T6, STM32C031C4U3, STM32C031C4U6, STM32C031C6T3, STM32C031C6T6, STM32C031C6U3, STM32C031C6U6, STM32C031F4P3, STM32C031F4P6, STM32C031F6P3, STM32C031F6P6, STM32C031G4U3, STM32C031G4U6, STM32C031G6U3, STM32C031G6U6, STM32C031K4T3, STM32C031K4T6, STM32C031K4U3, STM32C031K4U6, STM32C031K6T3, STM32C031K6T6, STM32C031K6U3, STM32C031K6U6, STM32G071K8TXN, STM32G071K8UXN, STM32G081GBU6N, STM32G081KBT6N, STM32G081KBUXN, STM32G0B1CCT6N, STM32G0B1KCT6, STM32G0B1NEY6TR, STM32G0B1RCT6N, STM32G0C1CCT6, STM32G0C1CCT6N, STM32G0C1CCU6N, STM32G0C1CET6N, STM32G0C1CEU6N, STM32G0C1KCT6, STM32G0C1NEY6TR, STM32G0C1RCI6N, STM32G0C1RCT6N, STM32G0C1REI6N, STM32G0C1RET6N, STM32G0C1VCI6, STM32G0C1VEI6, STM32G471CCT6, STM32G471CCU6, STM32G471CET3, STM32G471CET6, STM32G471CEU3, STM32G471CEU6, STM32G471MCT6, STM32G471MET3, STM32G471MET6, STM32G471MEY6TR, STM32G471QCT6, STM32G471QET3, STM32G471RCT6, STM32G471RET3, STM32G471RET6, STM32G471VCH6, STM32G471VCI6, STM32G471VCT6, STM32G471VEH3, STM32G471VEH6, STM32G471VEI3, STM32G471VEI6, STM32G471VET3, STM32G471VET6, STM32G474CCT6, STM32H503CBT6, STM32H503CBU6, STM32H503EBY6TR, STM32H503KBU6, STM32H503RBT6, STM32H523CCT6, STM32H523CCU6, STM32H523CET6, STM32H523CEU6, STM32H523HEY6TR, STM32H523RCT6, STM32H523RET6, STM32H523VCI6, STM32H523VCT6, STM32H523VEI6, STM32H523VET6, STM32H523ZCJ6, STM32H523ZCT6, STM32H523ZEJ6, STM32H523ZET6, STM32H533CET6, STM32H533CEU6, STM32H533HEY6TR, STM32H533RET6, STM32H533VEI6, STM32H533VET6, STM32H533ZEJ6, STM32H533ZET6, STM32H562AGI6, STM32H562AII6, STM32H562IGK6, STM32H562IGT6, STM32H562IIK6, STM32H562IIT6, STM32H562RGT6, STM32H562RGV6, STM32H562RIT6, STM32H562RIV6, STM32H562VGT6, STM32H562VIT6, STM32H562ZGT6, STM32H562ZIT6, STM32H563AGI6, STM32H563AII3Q, STM32H563AII6, STM32H563IGK6, STM32H563IGT6, STM32H563IIK3Q, STM32H563IIK6, STM32H563IIT3Q, STM32H563IIT6, STM32H563MIY3QTR, STM32H563RGT6, STM32H563RGV6, STM32H563RIT6, STM32H563RIV6, STM32H563VGT6, STM32H563VIT3Q, STM32H563VIT6, STM32H563ZGT6, STM32H563ZIT3Q, STM32H563ZIT6, STM32H573AII3Q, STM32H573AII6, STM32H573I-DK, STM32H573IIK3Q, STM32H573IIK6, STM32H573IIT3Q, STM32H573IIT6, STM32H573MIY3QTR, STM32H573RIT6, STM32H573RIV6, STM32H573VIT3Q, STM32H573VIT6, STM32H573ZIT3Q, STM32H573ZIT6, STM32H7R3A8I6, STM32H7R3I8K6, STM32H7R3I8T6, STM32H7R3L8H6, STM32H7R3L8H6H, STM32H7R3R8V6, STM32H7R3V8H6, STM32H7R3V8T6, STM32H7R3V8Y6, STM32H7R3Z8J6, STM32H7R3Z8T6, STM32H7R7A8I6, STM32H7R7I8K6, STM32H7R7I8T6, STM32H7R7L8H6, STM32H7R7L8H6H, STM32H7R7Z8J6, STM32H7S3A8I6, STM32H7S3I8K6, STM32H7S3I8T6, STM32H7S3L8H6, STM32H7S3L8H6H, STM32H7S3R8V6, STM32H7S3V8H6, STM32H7S3V8T6, STM32H7S3V8Y6, STM32H7S3Z8J6, STM32H7S3Z8T6, STM32H7S78-DK, STM32H7S7A8I6, STM32H7S7I8K6, STM32H7S7I8T6, STM32H7S7L8H6, STM32H7S7L8H6H, STM32H7S7Z8J6, STM32L4R5QGI6STR, STM32MP131AAE3, STM32MP131AAF3, STM32MP131AAG3, STM32MP131CAE3, STM32MP131CAF3, STM32MP131CAG3, STM32MP131DAE7, STM32MP131DAF7, STM32MP131DAG7, STM32MP131FAE7, STM32MP131FAF7, STM32MP131FAG7, STM32MP133AAE3, STM32MP133AAF3, STM32MP133AAG3, STM32MP133CAE3, STM32MP133CAF3, STM32MP133CAG3, STM32MP133DAE7, STM32MP133DAF7, STM32MP133DAG7, STM32MP133FAE7, STM32MP133FAF7, STM32MP133FAG7, STM32MP135AAE3, STM32MP135AAF3, STM32MP135AAG3, STM32MP135CAE3, STM32MP135CAF3, STM32MP135CAG3, STM32MP135DAE7, STM32MP135DAF7, STM32MP135DAG7, STM32MP135F-DK, STM32MP135FAE7, STM32MP135FAF7, STM32MP135FAF7T, STM32MP135FAF7U, STM32MP135FAG7, STM32U031C6T6, STM32U031C6U6, STM32U031C8T6, STM32U031C8U6, STM32U031F4P6, STM32U031F6P6, STM32U031F8P6, STM32U031G6Y6TR, STM32U031G8Y6TR, STM32U031K4U6, STM32U031K6U6, STM32U031K8U6, STM32U031R6I6, STM32U031R6T6, STM32U031R8I6, STM32U031R8T6, STM32U073C8T6, STM32U073C8U6, STM32U073CBT6, STM32U073CBU6, STM32U073CCT6, STM32U073CCU6, STM32U073H8Y6TR, STM32U073HBY6TR, STM32U073HCY6TR, STM32U073K8U6, STM32U073KBU6, STM32U073KCU6, STM32U073M8I6, STM32U073M8T6, STM32U073MBI6, STM32U073MBT6, STM32U073MCI6, STM32U073MCT6, STM32U073R8I6, STM32U073R8T6, STM32U073RBI6, STM32U073RBT6, STM32U073RCI6, STM32U073RCT6, STM32U083C-DK, STM32U083CCT6, STM32U083CCU6, STM32U083HCY6TR, STM32U083KCU6, STM32U083MCI6, STM32U083MCT6, STM32U083RCI6, STM32U083RCT6, STM32U535CBT6, STM32U535CBT6Q, STM32U535CBU6, STM32U535CBU6Q, STM32U535CCT6, STM32U535CCT6Q, STM32U535CCU6, STM32U535CCU6Q, STM32U535CET6, STM32U535CET6Q, STM32U535CEU6, STM32U535CEU6Q, STM32U535JEY6QTR, STM32U535NCY6QTR, STM32U535NEY6QTR, STM32U535RBI6, STM32U535RBI6Q, STM32U535RBT6, STM32U535RBT6Q, STM32U535RCI6, STM32U535RCI6Q, STM32U535RCT6, STM32U535RCT6Q, STM32U535REI6, STM32U535REI6Q, STM32U535RET6, STM32U535RET6Q, STM32U535VCI6, STM32U535VCI6Q, STM32U535VCT6, STM32U535VCT6Q, STM32U535VEI6, STM32U535VEI6Q, STM32U535VET6, STM32U535VET6Q, STM32U545CET6, STM32U545CET6Q, STM32U545CEU6, STM32U545CEU6Q, STM32U545JEY6QTR, STM32U545NEY6QTR, STM32U545REI6, STM32U545REI6Q, STM32U545RET6, STM32U545RET6Q, STM32U545VEI6, STM32U545VEI6Q, STM32U545VET6, STM32U545VET6Q, STM32U595AIH6, STM32U595AIH6Q, STM32U595AJH6, STM32U595AJH6Q, STM32U595QII6, STM32U595QII6Q, STM32U595QJI6, STM32U595QJI6Q, STM32U595RIT6, STM32U595RIT6Q, STM32U595RJT6, STM32U595RJT6Q, STM32U595VIT6, STM32U595VIT6Q, STM32U595VJT6, STM32U595VJT6Q, STM32U595ZIT6, STM32U595ZIT6Q, STM32U595ZIY6QTR, STM32U595ZJT6, STM32U595ZJT6Q, STM32U595ZJY6QTR, STM32U599BJY6QTR, STM32U599NIH6Q, STM32U599NJH6Q, STM32U599VIT6Q, STM32U599VJT6, STM32U599VJT6Q, STM32U599ZIT6Q, STM32U599ZIY6QTR, STM32U599ZJT6Q, STM32U599ZJY6QTR, STM32U5A5AJH6, STM32U5A5AJH6Q, STM32U5A5QII3Q , STM32U5A5QJI6, STM32U5A5QJI6Q, STM32U5A5RJT6, STM32U5A5RJT6Q, STM32U5A5VJT6, STM32U5A5VJT6Q, STM32U5A5ZJT6, STM32U5A5ZJT6Q, STM32U5A5ZJY6QTR, STM32U5A9BJY6QTR, STM32U5A9J-DK, STM32U5A9NJH6Q, STM32U5A9VJT6Q, STM32U5A9ZJT6Q, STM32U5A9ZJY6QTR, STM32U5F7VIT6, STM32U5F7VIT6Q, STM32U5F7VJT6, STM32U5F7VJT6Q, STM32U5F9BJY6QTR, STM32U5F9NJH6Q, STM32U5F9VIT6Q, STM32U5F9VJT6Q, STM32U5F9ZIJ6QTR, STM32U5F9ZIT6Q, STM32U5F9ZJJ6QTR, STM32U5F9ZJT6Q, STM32U5G7VJT6, STM32U5G7VJT6Q, STM32U5G9BJY6QTR, STM32U5G9J-DK1, STM32U5G9J-DK2, STM32U5G9NJH6Q, STM32U5G9VJT6Q, STM32U5G9ZJJ6QTR, STM32U5G9ZJT6Q, STM32WB1MMCH6, STM32WBA50KEU6, STM32WBA50KEU6TR, STM32WBA50KGU6, STM32WBA50KGU6TR, STM32WBA52CEU6, STM32WBA52CEU6TR, STM32WBA52CEU7, STM32WBA52CEU7TR, STM32WBA52CGU6, STM32WBA52CGU6TR, STM32WBA52CGU6U, STM32WBA52CGU7, STM32WBA52CGU7TR, STM32WBA52KEU6, STM32WBA52KEU6TR, STM32WBA52KGU6, STM32WBA52KGU6TR, STM32WBA54CEU6, STM32WBA54CEU6TR, STM32WBA54CEU7, STM32WBA54CEU7TR, STM32WBA54CGU6, STM32WBA54CGU6TR, STM32WBA54CGU7, STM32WBA54CGU7TR, STM32WBA54KEU6, STM32WBA54KEU6TR, STM32WBA54KEU7, STM32WBA54KEU7TR, STM32WBA54KGU6, STM32WBA54KGU6TR, STM32WBA54KGU7, STM32WBA54KGU7TR, STM32WBA55CEU6, STM32WBA55CEU6TR, STM32WBA55CEU7, STM32WBA55CEU7TR, STM32WBA55CGU6, STM32WBA55CGU6TR, STM32WBA55CGU6U, STM32WBA55CGU7, STM32WBA55CGU7TR, STM32WBA55G-DK1, STM32WBA55HEF6, STM32WBA55HEF7, STM32WBA55HGF6, STM32WBA55HGF7, STM32WBA55UEI6, STM32WBA55UEI6TR, STM32WBA55UEI7, STM32WBA55UEI7TR, STM32WBA55UGI6, STM32WBA55UGI6TR, STM32WBA55UGI7, STM32WBA55UGI7TR, STM32WL5MOCH6, STM32WL5MOCH6TR]
2026-03-17 01:42:12,808 [INFO] ApiDb:668 - CubeFinder database Data Model version=2.1
2026-03-17 01:42:12,808 [INFO] ApiDb:669 - CubeFinder database Configuration version=3.0.39
2026-03-17 01:42:12,808 [INFO] ApiDb:670 - CubeFinder database generation date=2025-12-22 (1766407740)
2026-03-17 01:42:12,808 [INFO] ApiDb:671 - CubeFinder database FW Pack versions=[FP-ATR-ASTRA1_V2.0.0, FP-SNS-FLIGHT1_V5.1.0, FP-SNS-MOTENV1_V5.1.0, FP-SNS-MOTENVWB1_V1.4.0, FP-SNS-SMARTAG2_V1.2.0, FP-SNS-STBOX1_V2.1.0, STM32Cube_FW_C0_V1.4.0, STM32Cube_FW_F4_V1.28.3, STM32Cube_FW_F7_V1.17.4, STM32Cube_FW_G0_V1.6.2, STM32Cube_FW_G4_V1.6.1, STM32Cube_FW_H5_V1.5.1, STM32Cube_FW_H7RS_V1.3.0, STM32Cube_FW_H7_V1.12.1, STM32Cube_FW_L0_V1.12.2, STM32Cube_FW_L4_V1.18.1, STM32Cube_FW_L5_V1.6.0, STM32Cube_FW_N6_V1.3.0, STM32Cube_FW_U0_V1.3.0, STM32Cube_FW_U3_V1.2.1, STM32Cube_FW_U5_V1.8.0, STM32Cube_FW_WB0_V1.4.0, STM32Cube_FW_WBA_V1.8.0, STM32Cube_FW_WB_V1.24.0, STM32Cube_FW_WL3_V1.3.0, STM32Cube_FW_WL_V1.4.0, X-CUBE-ALGOBUILD_V1.4.0, X-CUBE-ALS_V1.0.2, X-CUBE-AZRTOS-F4_V1.1.0, X-CUBE-AZRTOS-F7_V1.1.0, X-CUBE-AZRTOS-G0_V1.1.0, X-CUBE-AZRTOS-G4_V2.0.0, X-CUBE-AZRTOS-H7RS_V1.1.0, X-CUBE-AZRTOS-H7_V3.4.0, X-CUBE-AZRTOS-L4_V2.0.0, X-CUBE-AZRTOS-L5_V2.0.0, X-CUBE-AZRTOS-WB_V2.0.0, X-CUBE-AZRTOS-WL_V2.0.0, X-CUBE-BLE1_V7.1.0, X-CUBE-BLE2_V3.3.0, X-CUBE-BLEMGR_V4.1.0, X-CUBE-EEPRMA1_V5.2.0, X-CUBE-FREERTOS_V1.3.1, X-CUBE-GNSS1_V6.0.0, X-CUBE-MEMS1_V12.0.0, X-CUBE-NFC4_V3.0.0, X-CUBE-NFC7_V2.0.0, X-CUBE-SFXS2LP1_V4.0.0, X-CUBE-ST67W61_V1.1.0, X-CUBE-SUBG2_V5.0.0, X-CUBE-TOF1_V3.4.3]
2026-03-17 01:42:15,087 [INFO] ApiDb:240 - Found 483 in-development CPN: [B-G473E-ZEST1S, B-WB1M-WPAN1, B-WL5M-SUBG1, NUCLEO-C031C6, NUCLEO-H503RB, NUCLEO-H533RE, NUCLEO-H563ZI, NUCLEO-H7S3L8, NUCLEO-U031R8, NUCLEO-U083RC, NUCLEO-U545RE-Q, NUCLEO-U5A5ZJ-Q, NUCLEO-WBA52CG, NUCLEO-WBA55CG, STEVAL-PROTEUS1, STEVAL-SMARTAG2, STEVAL-STWINBX1, STM320518-EVAL, STM32C0116-DK, STM32C011D6Y3TR, STM32C011D6Y6TR, STM32C011F4P3, STM32C011F4P6, STM32C011F4U3, STM32C011F4U6TR, STM32C011F6P3, STM32C011F6P6, STM32C011F6U3, STM32C011F6U6TR, STM32C011J4M3, STM32C011J4M6, STM32C011J6M3, STM32C011J6M6, STM32C0316-DK, STM32C031C4T3, STM32C031C4T6, STM32C031C4U3, STM32C031C4U6, STM32C031C6T3, STM32C031C6T6, STM32C031C6U3, STM32C031C6U6, STM32C031F4P3, STM32C031F4P6, STM32C031F6P3, STM32C031F6P6, STM32C031G4U3, STM32C031G4U6, STM32C031G6U3, STM32C031G6U6, STM32C031K4T3, STM32C031K4T6, STM32C031K4U3, STM32C031K4U6, STM32C031K6T3, STM32C031K6T6, STM32C031K6U3, STM32C031K6U6, STM32G071K8TXN, STM32G071K8UXN, STM32G081GBU6N, STM32G081KBT6N, STM32G081KBUXN, STM32G0B1CCT6N, STM32G0B1KCT6, STM32G0B1NEY6TR, STM32G0B1RCT6N, STM32G0C1CCT6, STM32G0C1CCT6N, STM32G0C1CCU6N, STM32G0C1CET6N, STM32G0C1CEU6N, STM32G0C1KCT6, STM32G0C1NEY6TR, STM32G0C1RCI6N, STM32G0C1RCT6N, STM32G0C1REI6N, STM32G0C1RET6N, STM32G0C1VCI6, STM32G0C1VEI6, STM32G471CCT6, STM32G471CCU6, STM32G471CET3, STM32G471CET6, STM32G471CEU3, STM32G471CEU6, STM32G471MCT6, STM32G471MET3, STM32G471MET6, STM32G471MEY6TR, STM32G471QCT6, STM32G471QET3, STM32G471RCT6, STM32G471RET3, STM32G471RET6, STM32G471VCH6, STM32G471VCI6, STM32G471VCT6, STM32G471VEH3, STM32G471VEH6, STM32G471VEI3, STM32G471VEI6, STM32G471VET3, STM32G471VET6, STM32G474CCT6, STM32H503CBT6, STM32H503CBU6, STM32H503EBY6TR, STM32H503KBU6, STM32H503RBT6, STM32H523CCT6, STM32H523CCU6, STM32H523CET6, STM32H523CEU6, STM32H523HEY6TR, STM32H523RCT6, STM32H523RET6, STM32H523VCI6, STM32H523VCT6, STM32H523VEI6, STM32H523VET6, STM32H523ZCJ6, STM32H523ZCT6, STM32H523ZEJ6, STM32H523ZET6, STM32H533CET6, STM32H533CEU6, STM32H533HEY6TR, STM32H533RET6, STM32H533VEI6, STM32H533VET6, STM32H533ZEJ6, STM32H533ZET6, STM32H562AGI6, STM32H562AII6, STM32H562IGK6, STM32H562IGT6, STM32H562IIK6, STM32H562IIT6, STM32H562RGT6, STM32H562RGV6, STM32H562RIT6, STM32H562RIV6, STM32H562VGT6, STM32H562VIT6, STM32H562ZGT6, STM32H562ZIT6, STM32H563AGI6, STM32H563AII3Q, STM32H563AII6, STM32H563IGK6, STM32H563IGT6, STM32H563IIK3Q, STM32H563IIK6, STM32H563IIT3Q, STM32H563IIT6, STM32H563MIY3QTR, STM32H563RGT6, STM32H563RGV6, STM32H563RIT6, STM32H563RIV6, STM32H563VGT6, STM32H563VIT3Q, STM32H563VIT6, STM32H563ZGT6, STM32H563ZIT3Q, STM32H563ZIT6, STM32H573AII3Q, STM32H573AII6, STM32H573I-DK, STM32H573IIK3Q, STM32H573IIK6, STM32H573IIT3Q, STM32H573IIT6, STM32H573MIY3QTR, STM32H573RIT6, STM32H573RIV6, STM32H573VIT3Q, STM32H573VIT6, STM32H573ZIT3Q, STM32H573ZIT6, STM32H7R3A8I6, STM32H7R3I8K6, STM32H7R3I8T6, STM32H7R3L8H6, STM32H7R3L8H6H, STM32H7R3R8V6, STM32H7R3V8H6, STM32H7R3V8T6, STM32H7R3V8Y6, STM32H7R3Z8J6, STM32H7R3Z8T6, STM32H7R7A8I6, STM32H7R7I8K6, STM32H7R7I8T6, STM32H7R7L8H6, STM32H7R7L8H6H, STM32H7R7Z8J6, STM32H7S3A8I6, STM32H7S3I8K6, STM32H7S3I8T6, STM32H7S3L8H6, STM32H7S3L8H6H, STM32H7S3R8V6, STM32H7S3V8H6, STM32H7S3V8T6, STM32H7S3V8Y6, STM32H7S3Z8J6, STM32H7S3Z8T6, STM32H7S78-DK, STM32H7S7A8I6, STM32H7S7I8K6, STM32H7S7I8T6, STM32H7S7L8H6, STM32H7S7L8H6H, STM32H7S7Z8J6, STM32L4R5QGI6STR, STM32MP131AAE3, STM32MP131AAF3, STM32MP131AAG3, STM32MP131CAE3, STM32MP131CAF3, STM32MP131CAG3, STM32MP131DAE7, STM32MP131DAF7, STM32MP131DAG7, STM32MP131FAE7, STM32MP131FAF7, STM32MP131FAG7, STM32MP133AAE3, STM32MP133AAF3, STM32MP133AAG3, STM32MP133CAE3, STM32MP133CAF3, STM32MP133CAG3, STM32MP133DAE7, STM32MP133DAF7, STM32MP133DAG7, STM32MP133FAE7, STM32MP133FAF7, STM32MP133FAG7, STM32MP135AAE3, STM32MP135AAF3, STM32MP135AAG3, STM32MP135CAE3, STM32MP135CAF3, STM32MP135CAG3, STM32MP135DAE7, STM32MP135DAF7, STM32MP135DAG7, STM32MP135F-DK, STM32MP135FAE7, STM32MP135FAF7, STM32MP135FAF7T, STM32MP135FAF7U, STM32MP135FAG7, STM32U031C6T6, STM32U031C6U6, STM32U031C8T6, STM32U031C8U6, STM32U031F4P6, STM32U031F6P6, STM32U031F8P6, STM32U031G6Y6TR, STM32U031G8Y6TR, STM32U031K4U6, STM32U031K6U6, STM32U031K8U6, STM32U031R6I6, STM32U031R6T6, STM32U031R8I6, STM32U031R8T6, STM32U073C8T6, STM32U073C8U6, STM32U073CBT6, STM32U073CBU6, STM32U073CCT6, STM32U073CCU6, STM32U073H8Y6TR, STM32U073HBY6TR, STM32U073HCY6TR, STM32U073K8U6, STM32U073KBU6, STM32U073KCU6, STM32U073M8I6, STM32U073M8T6, STM32U073MBI6, STM32U073MBT6, STM32U073MCI6, STM32U073MCT6, STM32U073R8I6, STM32U073R8T6, STM32U073RBI6, STM32U073RBT6, STM32U073RCI6, STM32U073RCT6, STM32U083C-DK, STM32U083CCT6, STM32U083CCU6, STM32U083HCY6TR, STM32U083KCU6, STM32U083MCI6, STM32U083MCT6, STM32U083RCI6, STM32U083RCT6, STM32U535CBT6, STM32U535CBT6Q, STM32U535CBU6, STM32U535CBU6Q, STM32U535CCT6, STM32U535CCT6Q, STM32U535CCU6, STM32U535CCU6Q, STM32U535CET6, STM32U535CET6Q, STM32U535CEU6, STM32U535CEU6Q, STM32U535JEY6QTR, STM32U535NCY6QTR, STM32U535NEY6QTR, STM32U535RBI6, STM32U535RBI6Q, STM32U535RBT6, STM32U535RBT6Q, STM32U535RCI6, STM32U535RCI6Q, STM32U535RCT6, STM32U535RCT6Q, STM32U535REI6, STM32U535REI6Q, STM32U535RET6, STM32U535RET6Q, STM32U535VCI6, STM32U535VCI6Q, STM32U535VCT6, STM32U535VCT6Q, STM32U535VEI6, STM32U535VEI6Q, STM32U535VET6, STM32U535VET6Q, STM32U545CET6, STM32U545CET6Q, STM32U545CEU6, STM32U545CEU6Q, STM32U545JEY6QTR, STM32U545NEY6QTR, STM32U545REI6, STM32U545REI6Q, STM32U545RET6, STM32U545RET6Q, STM32U545VEI6, STM32U545VEI6Q, STM32U545VET6, STM32U545VET6Q, STM32U595AIH6, STM32U595AIH6Q, STM32U595AJH6, STM32U595AJH6Q, STM32U595QII6, STM32U595QII6Q, STM32U595QJI6, STM32U595QJI6Q, STM32U595RIT6, STM32U595RIT6Q, STM32U595RJT6, STM32U595RJT6Q, STM32U595VIT6, STM32U595VIT6Q, STM32U595VJT6, STM32U595VJT6Q, STM32U595ZIT6, STM32U595ZIT6Q, STM32U595ZIY6QTR, STM32U595ZJT6, STM32U595ZJT6Q, STM32U595ZJY6QTR, STM32U599BJY6QTR, STM32U599NIH6Q, STM32U599NJH6Q, STM32U599VIT6Q, STM32U599VJT6, STM32U599VJT6Q, STM32U599ZIT6Q, STM32U599ZIY6QTR, STM32U599ZJT6Q, STM32U599ZJY6QTR, STM32U5A5AJH6, STM32U5A5AJH6Q, STM32U5A5QII3Q , STM32U5A5QJI6, STM32U5A5QJI6Q, STM32U5A5RJT6, STM32U5A5RJT6Q, STM32U5A5VJT6, STM32U5A5VJT6Q, STM32U5A5ZJT6, STM32U5A5ZJT6Q, STM32U5A5ZJY6QTR, STM32U5A9BJY6QTR, STM32U5A9J-DK, STM32U5A9NJH6Q, STM32U5A9VJT6Q, STM32U5A9ZJT6Q, STM32U5A9ZJY6QTR, STM32U5F7VIT6, STM32U5F7VIT6Q, STM32U5F7VJT6, STM32U5F7VJT6Q, STM32U5F9BJY6QTR, STM32U5F9NJH6Q, STM32U5F9VIT6Q, STM32U5F9VJT6Q, STM32U5F9ZIJ6QTR, STM32U5F9ZIT6Q, STM32U5F9ZJJ6QTR, STM32U5F9ZJT6Q, STM32U5G7VJT6, STM32U5G7VJT6Q, STM32U5G9BJY6QTR, STM32U5G9J-DK1, STM32U5G9J-DK2, STM32U5G9NJH6Q, STM32U5G9VJT6Q, STM32U5G9ZJJ6QTR, STM32U5G9ZJT6Q, STM32WB1MMCH6, STM32WBA50KEU6, STM32WBA50KEU6TR, STM32WBA50KGU6, STM32WBA50KGU6TR, STM32WBA52CEU6, STM32WBA52CEU6TR, STM32WBA52CEU7, STM32WBA52CEU7TR, STM32WBA52CGU6, STM32WBA52CGU6TR, STM32WBA52CGU6U, STM32WBA52CGU7, STM32WBA52CGU7TR, STM32WBA52KEU6, STM32WBA52KEU6TR, STM32WBA52KGU6, STM32WBA52KGU6TR, STM32WBA54CEU6, STM32WBA54CEU6TR, STM32WBA54CEU7, STM32WBA54CEU7TR, STM32WBA54CGU6, STM32WBA54CGU6TR, STM32WBA54CGU7, STM32WBA54CGU7TR, STM32WBA54KEU6, STM32WBA54KEU6TR, STM32WBA54KEU7, STM32WBA54KEU7TR, STM32WBA54KGU6, STM32WBA54KGU6TR, STM32WBA54KGU7, STM32WBA54KGU7TR, STM32WBA55CEU6, STM32WBA55CEU6TR, STM32WBA55CEU7, STM32WBA55CEU7TR, STM32WBA55CGU6, STM32WBA55CGU6TR, STM32WBA55CGU6U, STM32WBA55CGU7, STM32WBA55CGU7TR, STM32WBA55G-DK1, STM32WBA55HEF6, STM32WBA55HEF7, STM32WBA55HGF6, STM32WBA55HGF7, STM32WBA55UEI6, STM32WBA55UEI6TR, STM32WBA55UEI7, STM32WBA55UEI7TR, STM32WBA55UGI6, STM32WBA55UGI6TR, STM32WBA55UGI7, STM32WBA55UGI7TR, STM32WL5MOCH6, STM32WL5MOCH6TR]
2026-03-17 01:42:15,091 [INFO] DbMcus:218 - Found 4816 MCUs, 4816 are supported
2026-03-17 01:42:15,092 [INFO] ApiDb:423 - Load user favorites file C:\Users\USER/.stm32cubeide/favorites.mcus.txt: 0 item(s)
2026-03-17 01:42:15,093 [INFO] ApiDb:427 - User favorites MCUs=[]
2026-03-17 01:42:15,093 [INFO] DbMcus:224 - Set 0 / 0 favorites MCUs
2026-03-17 01:42:15,555 [INFO] BoardInfo:889 - No configuration file found for board B-WBA5M-WPAN
2026-03-17 01:42:15,555 [INFO] DbBoards:161 - Board is not supported: B-WBA5M-WPAN
2026-03-17 01:42:15,559 [INFO] BoardInfo:889 - No configuration file found for board NUCLEO-C051C8
2026-03-17 01:42:15,559 [INFO] DbBoards:161 - Board is not supported: NUCLEO-C051C8
2026-03-17 01:42:15,560 [INFO] BoardInfo:889 - No configuration file found for board NUCLEO-C071RB
2026-03-17 01:42:15,560 [INFO] DbBoards:161 - Board is not supported: NUCLEO-C071RB
2026-03-17 01:42:15,562 [INFO] BoardInfo:889 - No configuration file found for board NUCLEO-C092RC
2026-03-17 01:42:15,562 [INFO] DbBoards:161 - Board is not supported: NUCLEO-C092RC
2026-03-17 01:42:15,646 [INFO] BoardInfo:889 - No configuration file found for board NUCLEO-N657X0-Q
2026-03-17 01:42:15,647 [INFO] DbBoards:161 - Board is not supported: NUCLEO-N657X0-Q
2026-03-17 01:42:15,650 [INFO] BoardInfo:889 - No configuration file found for board NUCLEO-U385RG-Q
2026-03-17 01:42:15,650 [INFO] DbBoards:161 - Board is not supported: NUCLEO-U385RG-Q
2026-03-17 01:42:15,663 [INFO] BoardInfo:889 - No configuration file found for board NUCLEO-WB05KZ
2026-03-17 01:42:15,663 [INFO] DbBoards:161 - Board is not supported: NUCLEO-WB05KZ
2026-03-17 01:42:15,664 [INFO] BoardInfo:889 - No configuration file found for board NUCLEO-WB07CC
2026-03-17 01:42:15,665 [INFO] DbBoards:161 - Board is not supported: NUCLEO-WB07CC
2026-03-17 01:42:15,665 [INFO] BoardInfo:889 - No configuration file found for board NUCLEO-WB09KE
2026-03-17 01:42:15,666 [INFO] DbBoards:161 - Board is not supported: NUCLEO-WB09KE
2026-03-17 01:42:15,670 [INFO] BoardInfo:889 - No configuration file found for board NUCLEO-WBA65RI
2026-03-17 01:42:15,671 [INFO] DbBoards:161 - Board is not supported: NUCLEO-WBA65RI
2026-03-17 01:42:15,672 [INFO] BoardInfo:889 - No configuration file found for board NUCLEO-WL33CC1
2026-03-17 01:42:15,673 [INFO] DbBoards:161 - Board is not supported: NUCLEO-WL33CC1
2026-03-17 01:42:15,674 [INFO] BoardInfo:889 - No configuration file found for board NUCLEO-WL33CC2
2026-03-17 01:42:15,674 [INFO] DbBoards:161 - Board is not supported: NUCLEO-WL33CC2
2026-03-17 01:42:15,679 [INFO] BoardInfo:889 - No configuration file found for board P-NUCLEO-WB55
2026-03-17 01:42:15,679 [INFO] DbBoards:161 - Kit is not supported: P-NUCLEO-WB55
2026-03-17 01:42:15,683 [INFO] BoardInfo:889 - No configuration file found for board STEVAL-BFA001V1B
2026-03-17 01:42:15,683 [INFO] DbBoards:161 - Kit is not supported: STEVAL-BFA001V1B
2026-03-17 01:42:15,684 [INFO] BoardInfo:889 - No configuration file found for board STEVAL-BFA001V2B
2026-03-17 01:42:15,684 [INFO] DbBoards:161 - Kit is not supported: STEVAL-BFA001V2B
2026-03-17 01:42:15,806 [INFO] BoardInfo:889 - No configuration file found for board STM32MP257F-DK
2026-03-17 01:42:15,807 [INFO] DbBoards:161 - Board is not supported: STM32MP257F-DK
2026-03-17 01:42:15,808 [INFO] BoardInfo:889 - No configuration file found for board STM32MP257F-EV1
2026-03-17 01:42:15,808 [INFO] DbBoards:161 - Board is not supported: STM32MP257F-EV1
2026-03-17 01:42:15,809 [INFO] BoardInfo:889 - No configuration file found for board STM32N6570-DK
2026-03-17 01:42:15,809 [INFO] DbBoards:161 - Board is not supported: STM32N6570-DK
2026-03-17 01:42:15,818 [INFO] BoardInfo:889 - No configuration file found for board STM32WBA65I-DK1
2026-03-17 01:42:15,819 [INFO] DbBoards:161 - Board is not supported: STM32WBA65I-DK1
2026-03-17 01:42:15,819 [INFO] DbBoards:168 - Found 211 boards, 192 are supported
2026-03-17 01:42:15,819 [INFO] DbBoards:169 - Found 211 boards, 8 of them is supported for  Bsp
2026-03-17 01:42:15,826 [INFO] ApiDb:423 - Load user favorites file C:\Users\USER/.stm32cubeide/favorites.boards.txt: 0 item(s)
2026-03-17 01:42:15,827 [INFO] ApiDb:427 - User favorites Boards=[]
2026-03-17 01:42:15,827 [INFO] DbBoards:198 - Set 0 / 0 favorites Boards
2026-03-17 01:42:15,917 [INFO] UtilMem:75 - End LoadConfig() Used Memory: 822598608 Bytes (1073741824)
2026-03-17 01:42:16,113 [WARN] ThirdParty:833 - waiting for thirdparty lock release [change project]
2026-03-17 01:42:16,113 [INFO] ThirdParty:835 - entering critical section [change project]
2026-03-17 01:42:16,113 [INFO] ThirdParty:1030 - CMSIS Pack Vendor :STMicroelectronics X-CUBE-AZRTOS-H7 3.5.0
2026-03-17 01:42:16,113 [INFO] ThirdParty:1030 - CMSIS Pack Vendor :STMicroelectronics X-CUBE-PM33A1 1.0.0
2026-03-17 01:42:16,113 [INFO] ThirdParty:1030 - CMSIS Pack Vendor :STMicroelectronics USBPD 4.1
2026-03-17 01:42:16,113 [INFO] ThirdParty:1030 - CMSIS Pack Vendor :STMicroelectronics X-CUBE-GNSS1 6.0.0
2026-03-17 01:42:16,113 [INFO] ThirdParty:1030 - CMSIS Pack Vendor :STMicroelectronics USB_HOST 2.0.0
2026-03-17 01:42:16,113 [INFO] ThirdParty:1030 - CMSIS Pack Vendor :STMicroelectronics FP-SNS-MOTENVWB1 1.4.0
2026-03-17 01:42:16,113 [INFO] ThirdParty:1030 - CMSIS Pack Vendor :STMicroelectronics X-CUBE-AZRTOS-F4 1.1.0
2026-03-17 01:42:16,113 [INFO] ThirdParty:1030 - CMSIS Pack Vendor :STMicroelectronics LIBJPEG 8.0.0
2026-03-17 01:42:16,113 [INFO] ThirdParty:1030 - CMSIS Pack Vendor :STMicroelectronics FP-ATR-ASTRA1 2.0.2
2026-03-17 01:42:16,113 [INFO] ThirdParty:1030 - CMSIS Pack Vendor :STMicroelectronics FP-ATR-ASTRA1 2.0.1
2026-03-17 01:42:16,113 [INFO] ThirdParty:1030 - CMSIS Pack Vendor :STMicroelectronics X-CUBE-SMBUS 2.1.0
2026-03-17 01:42:16,113 [INFO] ThirdParty:1030 - CMSIS Pack Vendor :STMicroelectronics X-CUBE-WB05N 1.1.0
2026-03-17 01:42:16,113 [INFO] ThirdParty:1030 - CMSIS Pack Vendor :STMicroelectronics X-CUBE-ISPU 2.1.0
2026-03-17 01:42:16,113 [INFO] ThirdParty:1030 - CMSIS Pack Vendor :STMicroelectronics X-CUBE-FREERTOS 1.2.0
2026-03-17 01:42:16,113 [INFO] ThirdParty:1030 - CMSIS Pack Vendor :STMicroelectronics X-CUBE-NFC12 1.0.0
2026-03-17 01:42:16,114 [INFO] ThirdParty:1030 - CMSIS Pack Vendor :STMicroelectronics X-CUBE-TOUCHGFX 4.23.2
2026-03-17 01:42:16,114 [INFO] ThirdParty:1030 - CMSIS Pack Vendor :STMicroelectronics X-CUBE-AZRTOS-F7 1.1.0
2026-03-17 01:42:16,114 [INFO] ThirdParty:1030 - CMSIS Pack Vendor :STMicroelectronics X-CUBE-AZRTOS-L5 2.0.0
2026-03-17 01:42:16,114 [INFO] ThirdParty:1030 - CMSIS Pack Vendor :STMicroelectronics USB_DEVICE 2.0.0
2026-03-17 01:42:16,114 [INFO] ThirdParty:1030 - CMSIS Pack Vendor :STMicroelectronics X-CUBE-NFC6 3.1.0
2026-03-17 01:42:16,114 [INFO] ThirdParty:1030 - CMSIS Pack Vendor :STMicroelectronics X-CUBE-MEMS1 11.0.0
2026-03-17 01:42:16,114 [INFO] ThirdParty:1030 - CMSIS Pack Vendor :STMicroelectronics FreeRTOS 0.0.1
2026-03-17 01:42:16,114 [INFO] ThirdParty:1030 - CMSIS Pack Vendor :STMicroelectronics X-CUBE-DPower 1.2.0
2026-03-17 01:42:16,114 [INFO] ThirdParty:1030 - CMSIS Pack Vendor :STMicroelectronics FP-SNS-FLIGHT1 5.0.2
2026-03-17 01:42:16,114 [INFO] ThirdParty:1030 - CMSIS Pack Vendor :STMicroelectronics X-CUBE-AI 9.0.0
2026-03-17 01:42:16,114 [INFO] ThirdParty:1030 - CMSIS Pack Vendor :STMicroelectronics PDM2PCM 3.3.0
2026-03-17 01:42:16,114 [INFO] ThirdParty:1030 - CMSIS Pack Vendor :STMicroelectronics X-CUBE-AZRTOS-H7 3.4.0
2026-03-17 01:42:16,114 [INFO] ThirdParty:1030 - CMSIS Pack Vendor :STMicroelectronics X-CUBE-DISPLAY 3.0.0
2026-03-17 01:42:16,114 [INFO] ThirdParty:1030 - CMSIS Pack Vendor :STMicroelectronics X-CUBE-BLE1 7.0.0
2026-03-17 01:42:16,114 [INFO] ThirdParty:1030 - CMSIS Pack Vendor :STMicroelectronics X-CUBE-NFC10 1.0.0
2026-03-17 01:42:16,114 [INFO] ThirdParty:1030 - CMSIS Pack Vendor :STMicroelectronics X-CUBE-BLEMGR 4.0.0
2026-03-17 01:42:16,114 [INFO] ThirdParty:1030 - CMSIS Pack Vendor :STMicroelectronics X-CUBE-FREERTOS 1.3.1
2026-03-17 01:42:16,114 [INFO] ThirdParty:1030 - CMSIS Pack Vendor :STMicroelectronics HAL Drivers 0.0.0
2026-03-17 01:42:16,114 [INFO] ThirdParty:1030 - CMSIS Pack Vendor :emotas I-CUBE-CANOPEN 1.3.0
2026-03-17 01:42:16,114 [INFO] ThirdParty:1030 - CMSIS Pack Vendor :STMicroelectronics X-CUBE-FREERTOS 1.3.0
2026-03-17 01:42:16,114 [INFO] ThirdParty:1030 - CMSIS Pack Vendor :STMicroelectronics X-CUBE-NFC7 1.0.1
2026-03-17 01:42:16,114 [INFO] ThirdParty:1030 - CMSIS Pack Vendor :STMicroelectronics MBEDTLS 2.14.1
2026-03-17 01:42:16,114 [INFO] ThirdParty:1030 - CMSIS Pack Vendor :STMicroelectronics X-CUBE-GNSS1 7.1.0
2026-03-17 01:42:16,114 [INFO] ThirdParty:1030 - CMSIS Pack Vendor :STMicroelectronics X-CUBE-TOUCHGFX 4.26.0
2026-03-17 01:42:16,114 [INFO] ThirdParty:1030 - CMSIS Pack Vendor :STMicroelectronics X-CUBE-TOUCHGFX 4.26.1
2026-03-17 01:42:16,114 [INFO] ThirdParty:1030 - CMSIS Pack Vendor :STMicroelectronics X-CUBE-BLEMGR 3.1.0
2026-03-17 01:42:16,114 [INFO] ThirdParty:1030 - CMSIS Pack Vendor :STMicroelectronics X-CUBE-AI 10.0.0
2026-03-17 01:42:16,114 [INFO] ThirdParty:1030 - CMSIS Pack Vendor :STMicroelectronics FP-SNS-SMARTAG2 1.2.0
2026-03-17 01:42:16,114 [INFO] ThirdParty:1030 - CMSIS Pack Vendor :STMicroelectronics X-CUBE-MEMS1 11.1.0
2026-03-17 01:42:16,114 [INFO] ThirdParty:1030 - CMSIS Pack Vendor :STMicroelectronics X-CUBE-AZRTOS-WL 2.0.0
2026-03-17 01:42:16,114 [INFO] ThirdParty:1030 - CMSIS Pack Vendor :STMicroelectronics X-CUBE-DPower 1.3.0
2026-03-17 01:42:16,114 [INFO] ThirdParty:1030 - CMSIS Pack Vendor :STMicroelectronics FP-SNS-MOTENV1 5.0.0
2026-03-17 01:42:16,114 [INFO] ThirdParty:1030 - CMSIS Pack Vendor :STMicroelectronics USB_DEVICE 1.0.0
2026-03-17 01:42:16,114 [INFO] ThirdParty:1030 - CMSIS Pack Vendor :STMicroelectronics X-CUBE-AZRTOS-H7RS 1.2.0
2026-03-17 01:42:16,114 [INFO] ThirdParty:1030 - CMSIS Pack Vendor :wolfSSL I-CUBE-wolfMQTT 1.19.0
2026-03-17 01:42:16,114 [INFO] ThirdParty:1030 - CMSIS Pack Vendor :STMicroelectronics X-CUBE-AZRTOS-L4 2.0.0
2026-03-17 01:42:16,114 [INFO] ThirdParty:1030 - CMSIS Pack Vendor :STMicroelectronics ThreadX 0.0.2
2026-03-17 01:42:16,114 [INFO] ThirdParty:1030 - CMSIS Pack Vendor :WES I-CUBE-Cesium 1.3.0
2026-03-17 01:42:16,114 [INFO] ThirdParty:1030 - CMSIS Pack Vendor :STMicroelectronics lwIP 2.1.2
2026-03-17 01:42:16,114 [INFO] ThirdParty:1030 - CMSIS Pack Vendor :STMicroelectronics X-CUBE-SFXS2LP1 4.0.0
2026-03-17 01:42:16,114 [INFO] ThirdParty:1030 - CMSIS Pack Vendor :STMicroelectronics X-CUBE-BLE2 3.3.0
2026-03-17 01:42:16,114 [INFO] ThirdParty:1030 - CMSIS Pack Vendor :STMicroelectronics PDM2PCM 3.2.0
2026-03-17 01:42:16,114 [INFO] ThirdParty:1030 - CMSIS Pack Vendor :STMicroelectronics X-CUBE-AZRTOS-H7 3.3.0
2026-03-17 01:42:16,114 [INFO] ThirdParty:1030 - CMSIS Pack Vendor :STMicroelectronics X-CUBE-NFC9 1.0.0
2026-03-17 01:42:16,114 [INFO] ThirdParty:1030 - CMSIS Pack Vendor :STMicroelectronics X-CUBE-BLE1 7.1.0
2026-03-17 01:42:16,114 [INFO] ThirdParty:1030 - CMSIS Pack Vendor :STMicroelectronics USB_DEVICE 3.0.0
2026-03-17 01:42:16,114 [INFO] ThirdParty:1030 - CMSIS Pack Vendor :STMicroelectronics X-CUBE-TCPP 4.1.0
2026-03-17 01:42:16,114 [INFO] ThirdParty:1030 - CMSIS Pack Vendor :STMicroelectronics X-CUBE-EEPRMA1 5.2.0
2026-03-17 01:42:16,114 [INFO] ThirdParty:1030 - CMSIS Pack Vendor :STMicroelectronics X-CUBE-IPS 3.0.0
2026-03-17 01:42:16,114 [INFO] ThirdParty:1030 - CMSIS Pack Vendor :STMicroelectronics X-CUBE-AZRTOS-WB 2.0.0
2026-03-17 01:42:16,114 [INFO] ThirdParty:1030 - CMSIS Pack Vendor :STMicroelectronics X-CUBE-GNSS1 7.0.0
2026-03-17 01:42:16,114 [INFO] ThirdParty:1030 - CMSIS Pack Vendor :STMicroelectronics X-CUBE-GNSS1 7.0.1
2026-03-17 01:42:16,115 [INFO] ThirdParty:1030 - CMSIS Pack Vendor :STMicroelectronics X-CUBE-TOUCHGFX 4.25.0
2026-03-17 01:42:16,115 [INFO] ThirdParty:1030 - CMSIS Pack Vendor :STMicroelectronics FP-SNS-STBOX1 2.0.0
2026-03-17 01:42:16,115 [INFO] ThirdParty:1030 - CMSIS Pack Vendor :STMicroelectronics X-CUBE-MEMS1 12.0.0
2026-03-17 01:42:16,115 [INFO] ThirdParty:1030 - CMSIS Pack Vendor :STMicroelectronics X-CUBE-ALGOBUILD 1.3.0
2026-03-17 01:42:16,115 [INFO] ThirdParty:1030 - CMSIS Pack Vendor :STMicroelectronics X-CUBE-STSE01 2.0.0
2026-03-17 01:42:16,115 [INFO] ThirdParty:1030 - CMSIS Pack Vendor :STMicroelectronics X-CUBE-MEMS1 11.2.0
2026-03-17 01:42:16,115 [INFO] ThirdParty:1030 - CMSIS Pack Vendor :STMicroelectronics X-CUBE-AZRTOS-G0 1.1.0
2026-03-17 01:42:16,115 [INFO] ThirdParty:1030 - CMSIS Pack Vendor :STMicroelectronics X-CUBE-SAFEA1 1.2.2
2026-03-17 01:42:16,115 [INFO] ThirdParty:1030 - CMSIS Pack Vendor :STMicroelectronics X-CUBE-NFC4 3.0.0
2026-03-17 01:42:16,115 [INFO] ThirdParty:1030 - CMSIS Pack Vendor :STMicroelectronics X-CUBE-SUBG2 5.0.0
2026-03-17 01:42:16,115 [INFO] ThirdParty:1030 - CMSIS Pack Vendor :STMicroelectronics X-CUBE-AZRTOS-H7RS 1.1.0
2026-03-17 01:42:16,115 [INFO] ThirdParty:1030 - CMSIS Pack Vendor :STMicroelectronics STM32_WPAN 1.0.0
2026-03-17 01:42:16,115 [INFO] ThirdParty:1030 - CMSIS Pack Vendor :EmbeddedOffice I-CUBE-FS-RTOS 1.0.1
2026-03-17 01:42:16,115 [INFO] ThirdParty:1030 - CMSIS Pack Vendor :STMicroelectronics lwIP 2.0.3
2026-03-17 01:42:16,115 [INFO] ThirdParty:1030 - CMSIS Pack Vendor :Cesanta I-CUBE-Mongoose 7.13.0
2026-03-17 01:42:16,115 [INFO] ThirdParty:1030 - CMSIS Pack Vendor :STMicroelectronics USB_HOST 1.0.0
2026-03-17 01:42:16,115 [INFO] ThirdParty:1030 - CMSIS Pack Vendor :STMicroelectronics X-CUBE-AZRTOS-G4 2.0.0
2026-03-17 01:42:16,115 [INFO] ThirdParty:1030 - CMSIS Pack Vendor :STMicroelectronics X-CUBE-WB05N 2.0.0
2026-03-17 01:42:16,115 [INFO] ThirdParty:1030 - CMSIS Pack Vendor :STMicroelectronics PDM2PCM 3.1.0
2026-03-17 01:42:16,115 [INFO] ThirdParty:1030 - CMSIS Pack Vendor :STMicroelectronics X-CUBE-NFC7 2.0.0
2026-03-17 01:42:16,115 [INFO] ThirdParty:1030 - CMSIS Pack Vendor :RealThread X-CUBE-RT-Thread_Nano 4.1.1
2026-03-17 01:42:16,115 [INFO] ThirdParty:1030 - CMSIS Pack Vendor :wolfSSL I-CUBE-wolfSSL 5.7.0
2026-03-17 01:42:16,115 [INFO] ThirdParty:1030 - CMSIS Pack Vendor :STMicroelectronics FP-ATR-SIGFOX1 3.2.0
2026-03-17 01:42:16,115 [INFO] ThirdParty:1030 - CMSIS Pack Vendor :quantropi X-CUBE-qispace-sdk-base 1.9.3
2026-03-17 01:42:16,115 [INFO] ThirdParty:1030 - CMSIS Pack Vendor :STMicroelectronics X-CUBE-ISPU 2.0.0
2026-03-17 01:42:16,115 [INFO] ThirdParty:1030 - CMSIS Pack Vendor :STMicroelectronics X-CUBE-EEPRMA1 5.1.0
2026-03-17 01:42:16,115 [INFO] ThirdParty:1030 - CMSIS Pack Vendor :STMicroelectronics MBEDTLS 2.16.2
2026-03-17 01:42:16,115 [INFO] ThirdParty:1030 - CMSIS Pack Vendor :STMicroelectronics X-CUBE-ALS 1.0.2
2026-03-17 01:42:16,115 [INFO] ThirdParty:1030 - CMSIS Pack Vendor :STMicroelectronics X-CUBE-MEMS1 10.0.0
2026-03-17 01:42:16,115 [INFO] ThirdParty:1030 - CMSIS Pack Vendor :STMicroelectronics X-CUBE-FREERTOS 1.1.0
2026-03-17 01:42:16,115 [INFO] ThirdParty:1030 - CMSIS Pack Vendor :ITTIA_DB I-CUBE-ITTIADB 8.9.0
2026-03-17 01:42:16,115 [INFO] ThirdParty:1030 - CMSIS Pack Vendor :STMicroelectronics X-CUBE-TOUCHGFX 4.24.2
2026-03-17 01:42:16,115 [INFO] ThirdParty:1030 - CMSIS Pack Vendor :STMicroelectronics X-CUBE-TOUCHGFX 4.24.1
2026-03-17 01:42:16,115 [INFO] ThirdParty:1030 - CMSIS Pack Vendor :STMicroelectronics X-CUBE-STSE01 1.0.0
2026-03-17 01:42:16,116 [INFO] ThirdParty:1030 - CMSIS Pack Vendor :wolfSSL I-CUBE-wolfTPM 3.4.0
2026-03-17 01:42:16,116 [INFO] ThirdParty:1030 - CMSIS Pack Vendor :portGmbH I-Cube-SoM-uGOAL 1.1.0
2026-03-17 01:42:16,116 [INFO] ThirdParty:1030 - CMSIS Pack Vendor :STMicroelectronics X-CUBE-ALS 1.0.1
2026-03-17 01:42:16,116 [INFO] ThirdParty:1030 - CMSIS Pack Vendor :STMicroelectronics X-CUBE-NFC6 3.2.0
2026-03-17 01:42:16,116 [INFO] ThirdParty:1030 - CMSIS Pack Vendor :STMicroelectronics X-CUBE-AI 10.2.0
2026-03-17 01:42:16,116 [INFO] ThirdParty:1030 - CMSIS Pack Vendor :STMicroelectronics ThreadX 1.0.0
2026-03-17 01:42:16,116 [INFO] ThirdParty:1030 - CMSIS Pack Vendor :SEGGER I-CUBE-embOS 1.3.1
2026-03-17 01:42:16,116 [INFO] ThirdParty:1030 - CMSIS Pack Vendor :STMicroelectronics X-CUBE-ALGOBUILD 1.4.0
2026-03-17 01:42:16,116 [INFO] ThirdParty:1030 - CMSIS Pack Vendor :STMicroelectronics X-CUBE-AZRTOS-H7RS 1.0.0
2026-03-17 01:42:16,116 [INFO] ThirdParty:1030 - CMSIS Pack Vendor :STMicroelectronics FP-ATR-ASTRA1 2.0.0
2026-03-17 01:42:16,116 [INFO] ThirdParty:1030 - CMSIS Pack Vendor :STMicroelectronics X-CUBE-TOF1 3.4.2
2026-03-17 01:42:16,116 [INFO] ThirdParty:1030 - CMSIS Pack Vendor :STMicroelectronics X-CUBE-AI 9.1.0
2026-03-17 01:42:16,116 [INFO] ThirdParty:1030 - CMSIS Pack Vendor :STMicroelectronics X-CUBE-TOF1 3.4.1
2026-03-17 01:42:16,116 [INFO] ThirdParty:1030 - CMSIS Pack Vendor :STMicroelectronics X-CUBE-AZRTOS-H7 3.2.0
2026-03-17 01:42:16,116 [INFO] ThirdParty:1030 - CMSIS Pack Vendor :Infineon AIROC-Wi-Fi-Bluetooth-STM32 1.6.0
2026-03-17 01:42:16,116 [INFO] ThirdParty:1030 - CMSIS Pack Vendor :wolfSSL I-CUBE-wolfSSH 1.4.17
2026-03-17 01:42:16,116 [INFO] ThirdParty:841 - exiting critical section [change project]
2026-03-17 01:42:16,408 [INFO] PinOutPanel:1561 - setPackage(No Configuration,No Configuration)
2026-03-17 01:42:16,410 [INFO] PinOutPanel:1561 - setPackage(STM32F411CEUx,UFQFPN48)
2026-03-17 01:42:17,211 [INFO] UtilMem:75 - Before build in PCC Used Memory: 757984680 Bytes (1073741824)
2026-03-17 01:42:19,018 [INFO] UtilMem:75 - After build in PCC Used Memory: 854027232 Bytes (1073741824)
2026-03-17 01:42:19,055 [INFO] IPUIPlugin:80 - create IPUIPlugin
2026-03-17 01:42:19,056 [INFO] IPUIPlugin:80 - create IPUIPlugin
2026-03-17 01:42:19,056 [INFO] IPUIPlugin:80 - create IPUIPlugin
2026-03-17 01:42:19,056 [INFO] IPUIPlugin:80 - create IPUIPlugin
2026-03-17 01:42:19,057 [INFO] IPUIPlugin:80 - create IPUIPlugin
2026-03-17 01:42:19,058 [INFO] IPUIPlugin:80 - create IPUIPlugin
2026-03-17 01:42:19,059 [INFO] IPUIPlugin:80 - create IPUIPlugin
2026-03-17 01:42:19,059 [INFO] IPUIPlugin:80 - create IPUIPlugin
2026-03-17 01:42:19,059 [INFO] IPUIPlugin:80 - create IPUIPlugin
2026-03-17 01:42:19,059 [INFO] IPUIPlugin:80 - create IPUIPlugin
2026-03-17 01:42:19,059 [INFO] IPUIPlugin:80 - create IPUIPlugin
2026-03-17 01:42:19,059 [INFO] IPUIPlugin:80 - create IPUIPlugin
2026-03-17 01:42:19,059 [INFO] IPUIPlugin:80 - create IPUIPlugin
2026-03-17 01:42:19,059 [INFO] IPUIPlugin:80 - create IPUIPlugin
2026-03-17 01:42:19,061 [INFO] IPUIPlugin:80 - create IPUIPlugin
2026-03-17 01:42:19,061 [INFO] IPUIPlugin:80 - create IPUIPlugin
2026-03-17 01:42:19,061 [INFO] IPUIPlugin:80 - create IPUIPlugin
2026-03-17 01:42:19,062 [INFO] IPUIPlugin:80 - create IPUIPlugin
2026-03-17 01:42:19,062 [INFO] IPUIPlugin:80 - create IPUIPlugin
2026-03-17 01:42:19,062 [INFO] IPUIPlugin:80 - create IPUIPlugin
2026-03-17 01:42:19,062 [INFO] IPUIPlugin:80 - create IPUIPlugin
2026-03-17 01:42:19,062 [INFO] IPUIPlugin:80 - create IPUIPlugin
2026-03-17 01:42:19,063 [INFO] IPUIPlugin:80 - create IPUIPlugin
2026-03-17 01:42:19,063 [INFO] IPUIPlugin:80 - create IPUIPlugin
2026-03-17 01:42:19,063 [INFO] IPUIPlugin:80 - create IPUIPlugin
2026-03-17 01:42:19,064 [INFO] IPUIPlugin:80 - create IPUIPlugin
2026-03-17 01:42:19,064 [INFO] IPUIPlugin:80 - create IPUIPlugin
2026-03-17 01:42:19,064 [INFO] IPUIPlugin:80 - create IPUIPlugin
2026-03-17 01:42:19,065 [INFO] IPUIPlugin:80 - create IPUIPlugin
2026-03-17 01:42:19,065 [INFO] IPUIPlugin:80 - create IPUIPlugin
2026-03-17 01:42:19,065 [INFO] IPUIPlugin:80 - create IPUIPlugin
2026-03-17 01:42:19,066 [INFO] IPUIPlugin:80 - create IPUIPlugin
2026-03-17 01:42:19,066 [INFO] IPUIPlugin:80 - create IPUIPlugin
2026-03-17 01:42:19,066 [INFO] IPUIPlugin:80 - create IPUIPlugin
2026-03-17 01:42:19,066 [INFO] IPUIPlugin:80 - create IPUIPlugin
2026-03-17 01:42:19,067 [INFO] IPUIPlugin:80 - create IPUIPlugin
2026-03-17 01:42:19,067 [INFO] IPUIPlugin:80 - create IPUIPlugin
2026-03-17 01:42:19,067 [INFO] IPUIPlugin:80 - create IPUIPlugin
2026-03-17 01:42:19,068 [INFO] IPUIPlugin:80 - create IPUIPlugin
2026-03-17 01:42:19,068 [INFO] IPUIPlugin:80 - create IPUIPlugin
2026-03-17 01:42:19,068 [INFO] IPUIPlugin:80 - create IPUIPlugin
2026-03-17 01:42:19,068 [INFO] IPUIPlugin:80 - create IPUIPlugin
2026-03-17 01:42:19,070 [INFO] IPUIPlugin:80 - create IPUIPlugin
2026-03-17 01:42:19,070 [INFO] IPUIPlugin:80 - create IPUIPlugin
2026-03-17 01:42:19,200 [INFO] ApiDbMcu:508 - Load IP Config File for PDM2PCM
2026-03-17 01:42:19,287 [WARN] FreeRTOS:1023 - Null or empty value: should not occur! (nothing added to the table)
2026-03-17 01:42:19,717 [INFO] CADModel:165 - CPN selected for project levelSTM32F411CEU6
2026-03-17 01:42:19,718 [INFO] CADModel:114 - Register for checkConnection events
2026-03-17 01:42:19,720 [INFO] RtosManager:697 - Active RTOS found at IOC load: FREERTOS [Cortex-M4NS]
2026-03-17 01:42:19,762 [INFO] OpenFileManager:343 - Restore cursor
2026-03-17 01:42:20,046 [WARN] IP:2120 - tgfx_framebuffer_stride_value_custom not found: check if there is a RefParameter without a condition.
2026-03-17 01:42:20,050 [WARN] IP:2120 - tgfx_framebuffer_stride_value_custom not found: check if there is a RefParameter without a condition.
2026-03-17 01:42:41,532 [WARN] IP:2120 - I2C_Coeff_DF not found: check if there is a RefParameter without a condition.
2026-03-17 01:42:41,532 [WARN] IP:2120 - Analog_Filter not found: check if there is a RefParameter without a condition.
2026-03-17 01:42:41,547 [WARN] IP:2120 - I2C_Coeff_DF not found: check if there is a RefParameter without a condition.
2026-03-17 01:42:41,547 [WARN] IP:2120 - Analog_Filter not found: check if there is a RefParameter without a condition.
2026-03-17 01:42:41,548 [WARN] IP:2120 - I2C_Coeff_DF not found: check if there is a RefParameter without a condition.
2026-03-17 01:42:41,548 [WARN] IP:2120 - Analog_Filter not found: check if there is a RefParameter without a condition.
2026-03-17 01:42:41,813 [WARN] IP:2120 - I2C_Coeff_DF not found: check if there is a RefParameter without a condition.
2026-03-17 01:42:41,813 [WARN] IP:2120 - Analog_Filter not found: check if there is a RefParameter without a condition.
2026-03-17 01:42:41,816 [WARN] IP:2120 - I2C_Coeff_DF not found: check if there is a RefParameter without a condition.
2026-03-17 01:42:41,816 [WARN] IP:2120 - Analog_Filter not found: check if there is a RefParameter without a condition.
2026-03-17 01:42:54,979 [INFO] UtilMem:75 - End SaveConfig() Used Memory: 774349056 Bytes (1073741824)
2026-03-17 01:42:56,659 [INFO] UtilMem:75 - End SaveConfig() Used Memory: 891789568 Bytes (1073741824)
2026-03-17 01:42:59,049 [INFO] BlockDiagram:2759 - set Specific Code input for plugin: SPI
2026-03-17 01:42:59,049 [INFO] BlockDiagram:2759 - set Specific Code input for plugin: SPI
2026-03-17 01:42:59,049 [INFO] BlockDiagram:2759 - set Specific Code input for plugin: NVIC
2026-03-17 01:42:59,049 [INFO] BlockDiagram:2759 - set Specific Code input for plugin: FREERTOS
2026-03-17 01:42:59,049 [INFO] BlockDiagram:2759 - set Specific Code input for plugin: DMA
2026-03-17 01:42:59,049 [INFO] BlockDiagram:2759 - set Specific Code input for plugin: STMicroelectronics.X-CUBE-TOUCHGFX.4.26.0
2026-03-17 01:42:59,049 [INFO] BlockDiagram:2759 - set Specific Code input for plugin: TIM1_8
2026-03-17 01:42:59,049 [INFO] BlockDiagram:2759 - set Specific Code input for plugin: SYS
2026-03-17 01:42:59,050 [INFO] BlockDiagram:2759 - set Specific Code input for plugin: GPIO
2026-03-17 01:42:59,050 [INFO] BlockDiagram:2759 - set Specific Code input for plugin: RCC
2026-03-17 01:42:59,050 [INFO] BlockDiagram:2759 - set Specific Code input for plugin: CRC
2026-03-17 01:42:59,050 [INFO] BlockDiagram:2759 - set Specific Code input for plugin: I2C
2026-03-17 01:42:59,057 [WARN] IP:2120 - tgfx_framebuffer_stride_value_custom not found: check if there is a RefParameter without a condition.
2026-03-17 01:42:59,062 [INFO] CodeGenerator:807 - code generatio: config db path: D:\Documentos\Electronica\Nueva carpeta\STM32CubeIDE_1.15.0\STM32CubeIDE\plugins\com.st.stm32cube.common.mx_6.11.0.202403141607\\db\
2026-03-17 01:42:59,101 [WARN] IP:2120 - I2C_Coeff_DF not found: check if there is a RefParameter without a condition.
2026-03-17 01:42:59,102 [WARN] IP:2120 - Analog_Filter not found: check if there is a RefParameter without a condition.
2026-03-17 01:42:59,110 [WARN] IP:2120 - tgfx_framebuffer_stride_value_custom not found: check if there is a RefParameter without a condition.
2026-03-17 01:42:59,255 [INFO] IP:3348 - RTE Config file name : RTE_Component
2026-03-17 01:42:59,255 [INFO] IP:3366 - RTE template : RTE_Components.ftl
2026-03-17 01:42:59,442 [INFO] CodeEngine:255 - oldGeneratedFile, C:\git\VehiculoTT\HMITT\MXTmpFiles\license.tmp_save
2026-03-17 01:43:00,151 [INFO] CodeEngine:279 - Generated code: C:\git\VehiculoTT\HMITT\MXTmpFiles\license.tmp
2026-03-17 01:43:00,355 [INFO] CodeEngine:255 - oldGeneratedFile, C:\git\VehiculoTT\HMITT\MXTmpFiles\gpio.tmp_save
2026-03-17 01:43:00,538 [INFO] CodeEngine:279 - Generated code: C:\git\VehiculoTT\HMITT\MXTmpFiles\gpio.tmp
2026-03-17 01:43:01,209 [INFO] Middleware:1439 - No code input for Bsp Dependency
2026-03-17 01:43:01,242 [INFO] CodeEngine:255 - oldGeneratedFile, C:\git\VehiculoTT\HMITT\MXTmpFiles\rtos_inc.tmp_save
2026-03-17 01:43:01,378 [INFO] CodeEngine:279 - Generated code: C:\git\VehiculoTT\HMITT\MXTmpFiles\rtos_inc.tmp
2026-03-17 01:43:01,401 [INFO] CodeEngine:255 - oldGeneratedFile, C:\git\VehiculoTT\HMITT\MXTmpFiles\rtos_kernelInit.tmp_save
2026-03-17 01:43:01,517 [INFO] CodeEngine:279 - Generated code: C:\git\VehiculoTT\HMITT\MXTmpFiles\rtos_kernelInit.tmp
2026-03-17 01:43:01,541 [INFO] CodeEngine:255 - oldGeneratedFile, C:\git\VehiculoTT\HMITT\MXTmpFiles\rtos_kernelStart.tmp_save
2026-03-17 01:43:01,627 [INFO] CodeEngine:279 - Generated code: C:\git\VehiculoTT\HMITT\MXTmpFiles\rtos_kernelStart.tmp
2026-03-17 01:43:01,675 [INFO] CodeEngine:255 - oldGeneratedFile, C:\git\VehiculoTT\HMITT\MXTmpFiles\rtos_typedefs.tmp_save
2026-03-17 01:43:01,742 [INFO] CodeEngine:279 - Generated code: C:\git\VehiculoTT\HMITT\MXTmpFiles\rtos_typedefs.tmp
2026-03-17 01:43:01,763 [INFO] CodeEngine:255 - oldGeneratedFile, C:\git\VehiculoTT\HMITT\MXTmpFiles\rtos_vars.tmp_save
2026-03-17 01:43:01,869 [INFO] CodeEngine:279 - Generated code: C:\git\VehiculoTT\HMITT\MXTmpFiles\rtos_vars.tmp
2026-03-17 01:43:01,921 [INFO] CodeEngine:255 - oldGeneratedFile, C:\git\VehiculoTT\HMITT\MXTmpFiles\rtos_pfp.tmp_save
2026-03-17 01:43:02,000 [INFO] CodeEngine:279 - Generated code: C:\git\VehiculoTT\HMITT\MXTmpFiles\rtos_pfp.tmp
2026-03-17 01:43:02,018 [INFO] CodeEngine:255 - oldGeneratedFile, C:\git\VehiculoTT\HMITT\MXTmpFiles\rtos_obj_creat.tmp_save
2026-03-17 01:43:02,096 [INFO] CodeEngine:279 - Generated code: C:\git\VehiculoTT\HMITT\MXTmpFiles\rtos_obj_creat.tmp
2026-03-17 01:43:02,115 [INFO] CodeEngine:255 - oldGeneratedFile, C:\git\VehiculoTT\HMITT\MXTmpFiles\rtos_default_thread.tmp_save
2026-03-17 01:43:02,192 [INFO] CodeEngine:279 - Generated code: C:\git\VehiculoTT\HMITT\MXTmpFiles\rtos_default_thread.tmp
2026-03-17 01:43:02,211 [INFO] CodeEngine:255 - oldGeneratedFile, C:\git\VehiculoTT\HMITT\MXTmpFiles\rtos_threads.tmp_save
2026-03-17 01:43:02,286 [INFO] CodeEngine:279 - Generated code: C:\git\VehiculoTT\HMITT\MXTmpFiles\rtos_threads.tmp
2026-03-17 01:43:02,295 [INFO] Middleware:1439 - No code input for Bsp Dependency
2026-03-17 01:43:02,296 [INFO] IP:3348 - RTE Config file name : RTE_Component
2026-03-17 01:43:02,296 [INFO] IP:3366 - RTE template : RTE_Components.ftl
2026-03-17 01:43:02,322 [INFO] CodeEngine:255 - oldGeneratedFile, C:\git\VehiculoTT\HMITT\MXTmpFiles\SCB_CleanInvalidateDCache.tmp_save
2026-03-17 01:43:02,384 [INFO] CodeEngine:279 - Generated code: C:\git\VehiculoTT\HMITT\MXTmpFiles\SCB_CleanInvalidateDCache.tmp
2026-03-17 01:43:02,403 [INFO] CodeEngine:255 - oldGeneratedFile, C:\git\VehiculoTT\HMITT\MXTmpFiles\SCB_InvalidateDCache.tmp_save
2026-03-17 01:43:02,471 [INFO] CodeEngine:279 - Generated code: C:\git\VehiculoTT\HMITT\MXTmpFiles\SCB_InvalidateDCache.tmp
2026-03-17 01:43:02,488 [INFO] CodeEngine:255 - oldGeneratedFile, C:\git\VehiculoTT\HMITT\MXTmpFiles\touchgfx_license.tmp_save
2026-03-17 01:43:02,588 [INFO] CodeEngine:279 - Generated code: C:\git\VehiculoTT\HMITT\MXTmpFiles\touchgfx_license.tmp
2026-03-17 01:43:02,604 [INFO] CodeEngine:255 - oldGeneratedFile, C:\git\VehiculoTT\HMITT\MXTmpFiles\touchgfx_gen_license.tmp_save
2026-03-17 01:43:02,677 [INFO] CodeEngine:279 - Generated code: C:\git\VehiculoTT\HMITT\MXTmpFiles\touchgfx_gen_license.tmp
2026-03-17 01:43:02,696 [INFO] CodeEngine:255 - oldGeneratedFile, C:\git\VehiculoTT\HMITT\MXTmpFiles\oswrappers_cmsis.tmp_save
2026-03-17 01:43:02,792 [INFO] CodeEngine:279 - Generated code: C:\git\VehiculoTT\HMITT\MXTmpFiles\oswrappers_cmsis.tmp
2026-03-17 01:43:02,805 [INFO] Middleware:1439 - No code input for Bsp Dependency
2026-03-17 01:43:02,819 [INFO] CodeEngine:255 - oldGeneratedFile, C:\git\VehiculoTT\HMITT\MXTmpFiles\rtos_inc.tmp_save
2026-03-17 01:43:02,884 [INFO] CodeEngine:279 - Generated code: C:\git\VehiculoTT\HMITT\MXTmpFiles\rtos_inc.tmp
2026-03-17 01:43:02,893 [INFO] CodeEngine:255 - oldGeneratedFile, C:\git\VehiculoTT\HMITT\MXTmpFiles\rtos_kernelInit.tmp_save
2026-03-17 01:43:02,950 [INFO] CodeEngine:279 - Generated code: C:\git\VehiculoTT\HMITT\MXTmpFiles\rtos_kernelInit.tmp
2026-03-17 01:43:02,961 [INFO] CodeEngine:255 - oldGeneratedFile, C:\git\VehiculoTT\HMITT\MXTmpFiles\rtos_kernelStart.tmp_save
2026-03-17 01:43:03,027 [INFO] CodeEngine:279 - Generated code: C:\git\VehiculoTT\HMITT\MXTmpFiles\rtos_kernelStart.tmp
2026-03-17 01:43:03,038 [INFO] CodeEngine:255 - oldGeneratedFile, C:\git\VehiculoTT\HMITT\MXTmpFiles\rtos_typedefs.tmp_save
2026-03-17 01:43:03,093 [INFO] CodeEngine:279 - Generated code: C:\git\VehiculoTT\HMITT\MXTmpFiles\rtos_typedefs.tmp
2026-03-17 01:43:03,113 [INFO] CodeEngine:255 - oldGeneratedFile, C:\git\VehiculoTT\HMITT\MXTmpFiles\rtos_vars.tmp_save
2026-03-17 01:43:03,174 [INFO] CodeEngine:279 - Generated code: C:\git\VehiculoTT\HMITT\MXTmpFiles\rtos_vars.tmp
2026-03-17 01:43:03,185 [INFO] CodeEngine:255 - oldGeneratedFile, C:\git\VehiculoTT\HMITT\MXTmpFiles\rtos_pfp.tmp_save
2026-03-17 01:43:03,243 [INFO] CodeEngine:279 - Generated code: C:\git\VehiculoTT\HMITT\MXTmpFiles\rtos_pfp.tmp
2026-03-17 01:43:03,259 [INFO] CodeEngine:255 - oldGeneratedFile, C:\git\VehiculoTT\HMITT\MXTmpFiles\rtos_obj_creat.tmp_save
2026-03-17 01:43:03,319 [INFO] CodeEngine:279 - Generated code: C:\git\VehiculoTT\HMITT\MXTmpFiles\rtos_obj_creat.tmp
2026-03-17 01:43:03,329 [INFO] CodeEngine:255 - oldGeneratedFile, C:\git\VehiculoTT\HMITT\MXTmpFiles\rtos_default_thread.tmp_save
2026-03-17 01:43:03,384 [INFO] CodeEngine:279 - Generated code: C:\git\VehiculoTT\HMITT\MXTmpFiles\rtos_default_thread.tmp
2026-03-17 01:43:03,403 [INFO] CodeEngine:255 - oldGeneratedFile, C:\git\VehiculoTT\HMITT\MXTmpFiles\rtos_threads.tmp_save
2026-03-17 01:43:03,458 [INFO] CodeEngine:279 - Generated code: C:\git\VehiculoTT\HMITT\MXTmpFiles\rtos_threads.tmp
2026-03-17 01:43:03,515 [INFO] CodeEngine:255 - oldGeneratedFile, C:\git\VehiculoTT\HMITT\Core\Inc\FreeRTOSConfig.h_save
2026-03-17 01:43:03,643 [INFO] CodeEngine:279 - Generated code: C:\git\VehiculoTT\HMITT\Core\Inc\FreeRTOSConfig.h
2026-03-17 01:43:03,712 [INFO] CodeEngine:255 - oldGeneratedFile, C:\git\VehiculoTT\HMITT\Core\Src\freertos.c_save
2026-03-17 01:43:03,810 [INFO] CodeEngine:279 - Generated code: C:\git\VehiculoTT\HMITT\Core\Src\freertos.c
2026-03-17 01:43:03,864 [INFO] CodeEngine:255 - oldGeneratedFile, C:\git\VehiculoTT\HMITT\MXTmpFiles\dma.tmp_save
2026-03-17 01:43:03,975 [INFO] CodeEngine:279 - Generated code: C:\git\VehiculoTT\HMITT\MXTmpFiles\dma.tmp
2026-03-17 01:43:03,991 [INFO] CodeEngine:255 - oldGeneratedFile, C:\git\VehiculoTT\HMITT\MXTmpFiles\dma_GV.tmp_save
2026-03-17 01:43:04,060 [INFO] CodeEngine:279 - Generated code: C:\git\VehiculoTT\HMITT\MXTmpFiles\dma_GV.tmp
2026-03-17 01:43:04,072 [INFO] Middleware:1439 - No code input for Bsp Dependency
2026-03-17 01:43:04,073 [INFO] IP:3348 - RTE Config file name : RTE_Component
2026-03-17 01:43:04,073 [INFO] IP:3366 - RTE template : RTE_Components.ftl
2026-03-17 01:43:04,093 [INFO] CodeEngine:255 - oldGeneratedFile, C:\git\VehiculoTT\HMITT\MXTmpFiles\SCB_CleanInvalidateDCache.tmp_save
2026-03-17 01:43:04,166 [INFO] CodeEngine:279 - Generated code: C:\git\VehiculoTT\HMITT\MXTmpFiles\SCB_CleanInvalidateDCache.tmp
2026-03-17 01:43:04,181 [INFO] CodeEngine:255 - oldGeneratedFile, C:\git\VehiculoTT\HMITT\MXTmpFiles\SCB_InvalidateDCache.tmp_save
2026-03-17 01:43:04,245 [INFO] CodeEngine:279 - Generated code: C:\git\VehiculoTT\HMITT\MXTmpFiles\SCB_InvalidateDCache.tmp
2026-03-17 01:43:04,256 [INFO] CodeEngine:255 - oldGeneratedFile, C:\git\VehiculoTT\HMITT\MXTmpFiles\touchgfx_license.tmp_save
2026-03-17 01:43:04,314 [INFO] CodeEngine:279 - Generated code: C:\git\VehiculoTT\HMITT\MXTmpFiles\touchgfx_license.tmp
2026-03-17 01:43:04,327 [INFO] CodeEngine:255 - oldGeneratedFile, C:\git\VehiculoTT\HMITT\MXTmpFiles\touchgfx_gen_license.tmp_save
2026-03-17 01:43:04,384 [INFO] CodeEngine:279 - Generated code: C:\git\VehiculoTT\HMITT\MXTmpFiles\touchgfx_gen_license.tmp
2026-03-17 01:43:04,405 [INFO] CodeEngine:255 - oldGeneratedFile, C:\git\VehiculoTT\HMITT\MXTmpFiles\oswrappers_cmsis.tmp_save
2026-03-17 01:43:04,463 [INFO] CodeEngine:279 - Generated code: C:\git\VehiculoTT\HMITT\MXTmpFiles\oswrappers_cmsis.tmp
2026-03-17 01:43:04,491 [INFO] CodeEngine:255 - oldGeneratedFile, C:\git\VehiculoTT\HMITT\TouchGFX\App\app_touchgfx.h_save
2026-03-17 01:43:04,570 [INFO] CodeEngine:279 - Generated code: C:\git\VehiculoTT\HMITT\TouchGFX\App\app_touchgfx.h
2026-03-17 01:43:04,600 [INFO] CodeEngine:255 - oldGeneratedFile, C:\git\VehiculoTT\HMITT\TouchGFX\ApplicationTemplate.touchgfx.part_save
2026-03-17 01:43:04,683 [INFO] CodeEngine:279 - Generated code: C:\git\VehiculoTT\HMITT\TouchGFX\ApplicationTemplate.touchgfx.part
2026-03-17 01:43:04,716 [INFO] CodeEngine:255 - oldGeneratedFile, C:\git\VehiculoTT\HMITT\TouchGFX\target\generated\TouchGFXConfiguration.cpp_save
2026-03-17 01:43:04,816 [INFO] CodeEngine:279 - Generated code: C:\git\VehiculoTT\HMITT\TouchGFX\target\generated\TouchGFXConfiguration.cpp
2026-03-17 01:43:04,848 [INFO] CodeEngine:255 - oldGeneratedFile, C:\git\VehiculoTT\HMITT\TouchGFX\target\generated\TouchGFXGeneratedHAL.hpp_save
2026-03-17 01:43:04,931 [INFO] CodeEngine:279 - Generated code: C:\git\VehiculoTT\HMITT\TouchGFX\target\generated\TouchGFXGeneratedHAL.hpp
2026-03-17 01:43:04,965 [INFO] CodeEngine:255 - oldGeneratedFile, C:\git\VehiculoTT\HMITT\TouchGFX\target\generated\TouchGFXGeneratedHAL.cpp_save
2026-03-17 01:43:05,073 [INFO] CodeEngine:279 - Generated code: C:\git\VehiculoTT\HMITT\TouchGFX\target\generated\TouchGFXGeneratedHAL.cpp
2026-03-17 01:43:05,107 [INFO] CodeEngine:255 - oldGeneratedFile, C:\git\VehiculoTT\HMITT\TouchGFX\target\TouchGFXHAL.hpp_save
2026-03-17 01:43:05,196 [INFO] CodeEngine:279 - Generated code: C:\git\VehiculoTT\HMITT\TouchGFX\target\TouchGFXHAL.hpp
2026-03-17 01:43:05,230 [INFO] CodeEngine:255 - oldGeneratedFile, C:\git\VehiculoTT\HMITT\TouchGFX\target\TouchGFXHAL.cpp_save
2026-03-17 01:43:05,330 [INFO] CodeEngine:279 - Generated code: C:\git\VehiculoTT\HMITT\TouchGFX\target\TouchGFXHAL.cpp
2026-03-17 01:43:05,359 [INFO] CodeEngine:255 - oldGeneratedFile, C:\git\VehiculoTT\HMITT\TouchGFX\target\STM32TouchController.hpp_save
2026-03-17 01:43:05,440 [INFO] CodeEngine:279 - Generated code: C:\git\VehiculoTT\HMITT\TouchGFX\target\STM32TouchController.hpp
2026-03-17 01:43:05,467 [INFO] CodeEngine:255 - oldGeneratedFile, C:\git\VehiculoTT\HMITT\TouchGFX\target\STM32TouchController.cpp_save
2026-03-17 01:43:05,549 [INFO] CodeEngine:279 - Generated code: C:\git\VehiculoTT\HMITT\TouchGFX\target\STM32TouchController.cpp
2026-03-17 01:43:05,579 [INFO] CodeEngine:255 - oldGeneratedFile, C:\git\VehiculoTT\HMITT\TouchGFX\target\generated\STM32DMA.hpp_save
2026-03-17 01:43:05,655 [INFO] CodeEngine:279 - Generated code: C:\git\VehiculoTT\HMITT\TouchGFX\target\generated\STM32DMA.hpp
2026-03-17 01:43:05,681 [INFO] CodeEngine:255 - oldGeneratedFile, C:\git\VehiculoTT\HMITT\TouchGFX\target\generated\STM32DMA.cpp_save
2026-03-17 01:43:05,756 [INFO] CodeEngine:279 - Generated code: C:\git\VehiculoTT\HMITT\TouchGFX\target\generated\STM32DMA.cpp
2026-03-17 01:43:05,785 [INFO] CodeEngine:255 - oldGeneratedFile, C:\git\VehiculoTT\HMITT\TouchGFX\target\generated\OSWrappers.cpp_save
2026-03-17 01:43:05,880 [INFO] CodeEngine:279 - Generated code: C:\git\VehiculoTT\HMITT\TouchGFX\target\generated\OSWrappers.cpp
2026-03-17 01:43:05,908 [INFO] CodeEngine:255 - oldGeneratedFile, C:\git\VehiculoTT\HMITT\TouchGFX\target\TouchGFXGPIO.cpp_save
2026-03-17 01:43:05,991 [INFO] CodeEngine:279 - Generated code: C:\git\VehiculoTT\HMITT\TouchGFX\target\TouchGFXGPIO.cpp
2026-03-17 01:43:06,020 [INFO] CodeEngine:255 - oldGeneratedFile, C:\git\VehiculoTT\HMITT\TouchGFX\App\app_touchgfx.c_save
2026-03-17 01:43:06,097 [INFO] CodeEngine:279 - Generated code: C:\git\VehiculoTT\HMITT\TouchGFX\App\app_touchgfx.c
2026-03-17 01:43:06,171 [INFO] CodeEngine:255 - oldGeneratedFile, C:\git\VehiculoTT\HMITT\Core\Src\stm32f4xx_it.c_save
2026-03-17 01:43:06,290 [INFO] CodeEngine:279 - Generated code: C:\git\VehiculoTT\HMITT\Core\Src\stm32f4xx_it.c
2026-03-17 01:43:06,333 [INFO] CodeEngine:255 - oldGeneratedFile, C:\git\VehiculoTT\HMITT\Core\Inc\stm32f4xx_it.h_save
2026-03-17 01:43:06,420 [INFO] CodeEngine:279 - Generated code: C:\git\VehiculoTT\HMITT\Core\Inc\stm32f4xx_it.h
2026-03-17 01:43:06,427 [INFO] IP:3348 - RTE Config file name : RTE_Component
2026-03-17 01:43:06,427 [INFO] IP:3366 - RTE template : RTE_Components.ftl
2026-03-17 01:43:06,427 [INFO] CodeGenerator:2119 - Add RTE Code Input 
2026-03-17 01:43:06,491 [INFO] CodeEngine:255 - oldGeneratedFile, C:\git\VehiculoTT\HMITT\Core\Inc\RTE_Components.h_save
2026-03-17 01:43:06,585 [INFO] CodeEngine:279 - Generated code: C:\git\VehiculoTT\HMITT\Core\Inc\RTE_Components.h
2026-03-17 01:43:06,651 [INFO] CodeEngine:255 - oldGeneratedFile, C:\git\VehiculoTT\HMITT\Core\Src\stm32f4xx_hal_msp.c_save
2026-03-17 01:43:06,811 [INFO] CodeEngine:279 - Generated code: C:\git\VehiculoTT\HMITT\Core\Src\stm32f4xx_hal_msp.c
2026-03-17 01:43:06,835 [INFO] CodeEngine:255 - oldGeneratedFile, C:\git\VehiculoTT\HMITT\MXTmpFiles\system.tmp_save
2026-03-17 01:43:06,906 [INFO] CodeEngine:279 - Generated code: C:\git\VehiculoTT\HMITT\MXTmpFiles\system.tmp
2026-03-17 01:43:06,959 [INFO] CodeEngine:255 - oldGeneratedFile, C:\git\VehiculoTT\HMITT\Core\Src\stm32f4xx_hal_timebase_tim.c_save
2026-03-17 01:43:07,043 [INFO] CodeEngine:279 - Generated code: C:\git\VehiculoTT\HMITT\Core\Src\stm32f4xx_hal_timebase_tim.c
2026-03-17 01:43:07,112 [INFO] CodeEngine:311 - oldGeneratedFile, C:\git\VehiculoTT\HMITT\Core\Inc\stm32f4xx_hal_conf.h_save
2026-03-17 01:43:07,205 [INFO] CodeEngine:335 - Generated code: C:\git\VehiculoTT\HMITT\Core\Inc\stm32f4xx_hal_conf.h
2026-03-17 01:43:07,249 [WARN] IPConfigManager:3513 - IP not found : TIM
2026-03-17 01:43:07,251 [WARN] CodeGenerator:3951 - IP not found : null
2026-03-17 01:43:07,286 [INFO] CodeEngine:255 - oldGeneratedFile, C:\git\VehiculoTT\HMITT\Core\Inc\main.h_save
2026-03-17 01:43:07,383 [INFO] CodeEngine:279 - Generated code: C:\git\VehiculoTT\HMITT\Core\Inc\main.h
2026-03-17 01:43:07,445 [INFO] CodeEngine:255 - oldGeneratedFile, C:\git\VehiculoTT\HMITT\Core\Src\main.c_save
2026-03-17 01:43:07,673 [INFO] CodeEngine:279 - Generated code: C:\git\VehiculoTT\HMITT\Core\Src\main.c
2026-03-17 01:43:08,722 [INFO] ProjectBuilder:3163 - Time for Copy HAL[1] : 728mS.
2026-03-17 01:43:08,722 [ERROR] Middleware:2969 - Invalid RefComponent liste
2026-03-17 01:43:08,723 [ERROR] Middleware:2969 - Invalid RefComponent liste
2026-03-17 01:43:08,723 [ERROR] Middleware:2969 - Invalid RefComponent liste
2026-03-17 01:43:08,723 [ERROR] Middleware:2969 - Invalid RefComponent liste
2026-03-17 01:43:08,723 [ERROR] Middleware:2969 - Invalid RefComponent liste
2026-03-17 01:43:08,723 [ERROR] Middleware:2969 - Invalid RefComponent liste
2026-03-17 01:43:08,723 [ERROR] Middleware:2969 - Invalid RefComponent liste
2026-03-17 01:43:08,723 [ERROR] Middleware:2969 - Invalid RefComponent liste
2026-03-17 01:43:08,723 [ERROR] Middleware:2969 - Invalid RefComponent liste
2026-03-17 01:43:08,723 [ERROR] Middleware:2969 - Invalid RefComponent liste
2026-03-17 01:43:08,723 [ERROR] Middleware:2969 - Invalid RefComponent liste
2026-03-17 01:43:08,723 [ERROR] Middleware:2969 - Invalid RefComponent liste
2026-03-17 01:43:08,723 [ERROR] Middleware:2969 - Invalid RefComponent liste
2026-03-17 01:43:08,723 [ERROR] Middleware:2969 - Invalid RefComponent liste
2026-03-17 01:43:08,723 [ERROR] Middleware:2969 - Invalid RefComponent liste
2026-03-17 01:43:08,723 [ERROR] Middleware:2969 - Invalid RefComponent liste
2026-03-17 01:43:08,723 [ERROR] Middleware:2969 - Invalid RefComponent liste
2026-03-17 01:43:08,723 [ERROR] Middleware:2969 - Invalid RefComponent liste
2026-03-17 01:43:08,723 [ERROR] Middleware:2969 - Invalid RefComponent liste
2026-03-17 01:43:08,723 [ERROR] Middleware:2969 - Invalid RefComponent liste
2026-03-17 01:43:08,723 [ERROR] Middleware:2969 - Invalid RefComponent liste
2026-03-17 01:43:08,723 [ERROR] Middleware:2969 - Invalid RefComponent liste
2026-03-17 01:43:08,723 [ERROR] Middleware:2969 - Invalid RefComponent liste
2026-03-17 01:43:08,723 [ERROR] Middleware:2969 - Invalid RefComponent liste
2026-03-17 01:43:08,723 [ERROR] Middleware:2969 - Invalid RefComponent liste
2026-03-17 01:43:08,723 [ERROR] Middleware:2969 - Invalid RefComponent liste
2026-03-17 01:43:08,723 [ERROR] Middleware:2969 - Invalid RefComponent liste
2026-03-17 01:43:08,723 [ERROR] Middleware:2969 - Invalid RefComponent liste
2026-03-17 01:43:08,723 [ERROR] Middleware:2969 - Invalid RefComponent liste
2026-03-17 01:43:08,723 [ERROR] Middleware:2969 - Invalid RefComponent liste
2026-03-17 01:43:08,723 [ERROR] Middleware:2969 - Invalid RefComponent liste
2026-03-17 01:43:08,723 [ERROR] Middleware:2969 - Invalid RefComponent liste
2026-03-17 01:43:08,723 [ERROR] Middleware:2969 - Invalid RefComponent liste
2026-03-17 01:43:08,723 [ERROR] Middleware:2969 - Invalid RefComponent liste
2026-03-17 01:43:08,723 [ERROR] Middleware:2969 - Invalid RefComponent liste
2026-03-17 01:43:08,724 [ERROR] Middleware:2969 - Invalid RefComponent liste
2026-03-17 01:43:08,724 [ERROR] Middleware:2969 - Invalid RefComponent liste
2026-03-17 01:43:08,724 [ERROR] Middleware:2969 - Invalid RefComponent liste
2026-03-17 01:43:08,724 [ERROR] Middleware:2969 - Invalid RefComponent liste
2026-03-17 01:43:08,724 [ERROR] Middleware:2969 - Invalid RefComponent liste
2026-03-17 01:43:08,724 [ERROR] Middleware:2969 - Invalid RefComponent liste
2026-03-17 01:43:08,724 [ERROR] Middleware:2969 - Invalid RefComponent liste
2026-03-17 01:43:08,724 [ERROR] Middleware:2969 - Invalid RefComponent liste
2026-03-17 01:43:08,724 [ERROR] Middleware:2969 - Invalid RefComponent liste
2026-03-17 01:43:08,724 [ERROR] Middleware:2969 - Invalid RefComponent liste
2026-03-17 01:43:08,724 [ERROR] Middleware:2969 - Invalid RefComponent liste
2026-03-17 01:43:08,724 [ERROR] Middleware:2969 - Invalid RefComponent liste
2026-03-17 01:43:08,724 [ERROR] Middleware:2969 - Invalid RefComponent liste
2026-03-17 01:43:08,724 [ERROR] Middleware:2969 - Invalid RefComponent liste
2026-03-17 01:43:08,724 [ERROR] Middleware:2969 - Invalid RefComponent liste
2026-03-17 01:43:08,724 [ERROR] Middleware:2969 - Invalid RefComponent liste
2026-03-17 01:43:08,725 [ERROR] Middleware:2969 - Invalid RefComponent liste
2026-03-17 01:43:08,725 [ERROR] Middleware:2969 - Invalid RefComponent liste
2026-03-17 01:43:08,725 [ERROR] Middleware:2969 - Invalid RefComponent liste
2026-03-17 01:43:08,725 [ERROR] Middleware:2969 - Invalid RefComponent liste
2026-03-17 01:43:08,725 [ERROR] Middleware:2969 - Invalid RefComponent liste
2026-03-17 01:43:08,725 [ERROR] Middleware:2969 - Invalid RefComponent liste
2026-03-17 01:43:08,725 [ERROR] Middleware:2969 - Invalid RefComponent liste
2026-03-17 01:43:08,725 [ERROR] Middleware:2969 - Invalid RefComponent liste
2026-03-17 01:43:08,725 [ERROR] Middleware:2969 - Invalid RefComponent liste
2026-03-17 01:43:08,725 [ERROR] Middleware:2969 - Invalid RefComponent liste
2026-03-17 01:43:08,725 [ERROR] Middleware:2969 - Invalid RefComponent liste
2026-03-17 01:43:08,725 [ERROR] Middleware:2969 - Invalid RefComponent liste
2026-03-17 01:43:08,725 [ERROR] Middleware:2969 - Invalid RefComponent liste
2026-03-17 01:43:08,725 [ERROR] Middleware:2969 - Invalid RefComponent liste
2026-03-17 01:43:08,725 [ERROR] Middleware:2969 - Invalid RefComponent liste
2026-03-17 01:43:08,725 [ERROR] Middleware:2969 - Invalid RefComponent liste
2026-03-17 01:43:08,725 [ERROR] Middleware:2969 - Invalid RefComponent liste
2026-03-17 01:43:08,725 [ERROR] Middleware:2969 - Invalid RefComponent liste
2026-03-17 01:43:08,725 [ERROR] Middleware:2969 - Invalid RefComponent liste
2026-03-17 01:43:08,725 [ERROR] Middleware:2969 - Invalid RefComponent liste
2026-03-17 01:43:08,725 [ERROR] Middleware:2969 - Invalid RefComponent liste
2026-03-17 01:43:08,725 [ERROR] Middleware:2969 - Invalid RefComponent liste
2026-03-17 01:43:08,725 [ERROR] Middleware:2969 - Invalid RefComponent liste
2026-03-17 01:43:08,725 [ERROR] Middleware:2969 - Invalid RefComponent liste
2026-03-17 01:43:08,725 [ERROR] Middleware:2969 - Invalid RefComponent liste
2026-03-17 01:43:08,725 [ERROR] Middleware:2969 - Invalid RefComponent liste
2026-03-17 01:43:08,725 [ERROR] Middleware:2969 - Invalid RefComponent liste
2026-03-17 01:43:08,725 [ERROR] Middleware:2969 - Invalid RefComponent liste
2026-03-17 01:43:08,725 [ERROR] Middleware:2969 - Invalid RefComponent liste
2026-03-17 01:43:08,725 [ERROR] Middleware:2969 - Invalid RefComponent liste
2026-03-17 01:43:08,725 [ERROR] Middleware:2969 - Invalid RefComponent liste
2026-03-17 01:43:08,725 [ERROR] Middleware:2969 - Invalid RefComponent liste
2026-03-17 01:43:08,725 [ERROR] Middleware:2969 - Invalid RefComponent liste
2026-03-17 01:43:08,725 [ERROR] Middleware:2969 - Invalid RefComponent liste
2026-03-17 01:43:08,725 [ERROR] Middleware:2969 - Invalid RefComponent liste
2026-03-17 01:43:08,725 [ERROR] Middleware:2969 - Invalid RefComponent liste
2026-03-17 01:43:08,725 [ERROR] Middleware:2969 - Invalid RefComponent liste
2026-03-17 01:43:08,725 [ERROR] Middleware:2969 - Invalid RefComponent liste
2026-03-17 01:43:08,725 [ERROR] Middleware:2969 - Invalid RefComponent liste
2026-03-17 01:43:08,726 [ERROR] Middleware:2969 - Invalid RefComponent liste
2026-03-17 01:43:08,726 [ERROR] Middleware:2969 - Invalid RefComponent liste
2026-03-17 01:43:08,726 [ERROR] Middleware:2969 - Invalid RefComponent liste
2026-03-17 01:43:08,726 [ERROR] Middleware:2969 - Invalid RefComponent liste
2026-03-17 01:43:08,726 [ERROR] Middleware:2969 - Invalid RefComponent liste
2026-03-17 01:43:08,726 [ERROR] Middleware:2969 - Invalid RefComponent liste
2026-03-17 01:43:08,726 [ERROR] Middleware:2969 - Invalid RefComponent liste
2026-03-17 01:43:08,726 [ERROR] Middleware:2969 - Invalid RefComponent liste
2026-03-17 01:43:08,726 [ERROR] Middleware:2969 - Invalid RefComponent liste
2026-03-17 01:43:08,726 [ERROR] Middleware:2969 - Invalid RefComponent liste
2026-03-17 01:43:08,726 [ERROR] Middleware:2969 - Invalid RefComponent liste
2026-03-17 01:43:08,726 [ERROR] Middleware:2969 - Invalid RefComponent liste
2026-03-17 01:43:08,746 [INFO] ProjectBuilder:4736 - Project Generator version: 4.3.0-B58
2026-03-17 01:43:08,862 [INFO] ConfigFileManager:1503 - The Die is : DIE431
2026-03-17 01:43:08,919 [INFO] ApiDbMcu:508 - Load IP Config File for FATFS
2026-03-17 01:43:08,944 [INFO] ApiDbMcu:508 - Load IP Config File for LIBJPEG
2026-03-17 01:43:08,969 [INFO] ApiDbMcu:508 - Load IP Config File for MBEDTLS
2026-03-17 01:43:09,020 [INFO] ApiDbMcu:508 - Load IP Config File for USB_DEVICE
2026-03-17 01:43:09,049 [INFO] ApiDbMcu:508 - Load IP Config File for USB_HOST
