2026-02-23 18:09:36,031 [INFO] Activator:176 - 


2026-02-23 18:09:36,050 [INFO] Activator:177 - !SESSION log4j initialized
2026-02-23 18:09:54,033 [INFO] LogOutputStream:77 - [STDOUT_REDIRECT] 
2026-02-23 18:10:02,913 [INFO] ApplicationProperties:184 - Using Application install path: D:\Documentos\Electronica\Nueva carpeta\STM32CubeIDE_1.15.0\STM32CubeIDE\plugins\com.st.stm32cube.common.mx_6.11.0.202403141607
2026-02-23 18:10:02,971 [INFO] DbMcusXml:78 - Set database path to: D:\Documentos\Electronica\Nueva carpeta\STM32CubeIDE_1.15.0\STM32CubeIDE\plugins\com.st.stm32cube.common.mx_6.11.0.202403141607\\db\/mcu/
2026-02-23 18:10:02,972 [INFO] ApiDb:274 - Set plugin database path to: D:\Documentos\Electronica\Nueva carpeta\STM32CubeIDE_1.15.0\STM32CubeIDE\plugins\com.st.stm32cube.common.mx_6.11.0.202403141607\\db\/plugins/boardmanager/
2026-02-23 18:10:02,972 [WARN] ApiDb:259 - Overriding images path with different value:  => D:\Documentos\Electronica\Nueva carpeta\STM32CubeIDE_1.15.0\STM32CubeIDE\plugins\com.st.stm32cube.common.mx_6.11.0.202403141607\\db\/plugins/mcufinder/images/
2026-02-23 18:10:03,107 [INFO] ApiDb:250 - Set database path to: C:\Users\USER\.stmcufinder\plugins\mcufinder//mcu/
2026-02-23 18:10:03,108 [INFO] DbMcusAds:125 - Set database path to: C:\Users\USER\.stmcufinder\plugins\mcufinder//mcu/
2026-02-23 18:10:03,110 [INFO] CrossReferenceDbSqlite:203 - Set database path to: C:\Users\USER\.stmcufinder\plugins\mcufinder//mcu/cs/
2026-02-23 18:10:03,437 [INFO] RulesReader:64 - Compatibility file has been processed (297 Rules)
2026-02-23 18:10:03,830 [INFO] DbMcusXml:78 - Set database path to: D:\Documentos\Electronica\Nueva carpeta\STM32CubeIDE_1.15.0\STM32CubeIDE\plugins\com.st.stm32cube.common.mx_6.11.0.202403141607\\db\/mcu/
2026-02-23 18:10:03,830 [INFO] ApiDb:274 - Set plugin database path to: D:\Documentos\Electronica\Nueva carpeta\STM32CubeIDE_1.15.0\STM32CubeIDE\plugins\com.st.stm32cube.common.mx_6.11.0.202403141607\\db\/plugins/boardmanager/
2026-02-23 18:10:03,830 [INFO] ApiDb:261 - Set plugin images path to: D:\Documentos\Electronica\Nueva carpeta\STM32CubeIDE_1.15.0\STM32CubeIDE\plugins\com.st.stm32cube.common.mx_6.11.0.202403141607\\db\/plugins/mcufinder/images/
2026-02-23 18:10:03,830 [WARN] DbFile:41 - Overriding database path with different value: C:\Users\USER\.stmcufinder\plugins\mcufinder/ => C:\Users\USER\.stmcufinder\plugins\mcufinder
2026-02-23 18:10:03,830 [INFO] ApiDb:250 - Set database path to: C:\Users\USER\.stmcufinder\plugins\mcufinder//mcu/
2026-02-23 18:10:03,830 [WARN] DbFile:41 - Overriding database path with different value: C:\Users\USER\.stmcufinder\plugins\mcufinder/ => C:\Users\USER\.stmcufinder\plugins\mcufinder
2026-02-23 18:10:03,830 [INFO] DbMcusAds:125 - Set database path to: C:\Users\USER\.stmcufinder\plugins\mcufinder//mcu/
2026-02-23 18:10:03,830 [WARN] DbFile:41 - Overriding database path with different value: C:\Users\USER\.stmcufinder\plugins\mcufinder/ => C:\Users\USER\.stmcufinder\plugins\mcufinder
2026-02-23 18:10:03,830 [WARN] DbFile:41 - Overriding database path with different value: C:\Users\USER\.stmcufinder\plugins\mcufinder/ => C:\Users\USER\.stmcufinder\plugins\mcufinder
2026-02-23 18:10:03,830 [INFO] CrossReferenceDbSqlite:203 - Set database path to: C:\Users\USER\.stmcufinder\plugins\mcufinder//mcu/cs/
2026-02-23 18:10:04,307 [INFO] MainPanel:264 - HeapMemory: 268435456
2026-02-23 18:10:05,019 [INFO] DbMcusXml:78 - Set database path to: D:\Documentos\Electronica\Nueva carpeta\STM32CubeIDE_1.15.0\STM32CubeIDE\plugins\com.st.stm32cube.common.mx_6.11.0.202403141607\\db\/mcu/
2026-02-23 18:10:05,019 [INFO] ApiDb:274 - Set plugin database path to: D:\Documentos\Electronica\Nueva carpeta\STM32CubeIDE_1.15.0\STM32CubeIDE\plugins\com.st.stm32cube.common.mx_6.11.0.202403141607\\db\/plugins/boardmanager/
2026-02-23 18:10:05,019 [INFO] ApiDb:261 - Set plugin images path to: D:\Documentos\Electronica\Nueva carpeta\STM32CubeIDE_1.15.0\STM32CubeIDE\plugins\com.st.stm32cube.common.mx_6.11.0.202403141607\\db\/plugins/mcufinder/images/
2026-02-23 18:10:05,020 [WARN] DbFile:41 - Overriding database path with different value: C:\Users\USER\.stmcufinder\plugins\mcufinder/ => C:\Users\USER\.stmcufinder\plugins\mcufinder
2026-02-23 18:10:05,021 [INFO] ApiDb:250 - Set database path to: C:\Users\USER\.stmcufinder\plugins\mcufinder//mcu/
2026-02-23 18:10:05,021 [WARN] DbFile:41 - Overriding database path with different value: C:\Users\USER\.stmcufinder\plugins\mcufinder/ => C:\Users\USER\.stmcufinder\plugins\mcufinder
2026-02-23 18:10:05,021 [INFO] DbMcusAds:125 - Set database path to: C:\Users\USER\.stmcufinder\plugins\mcufinder//mcu/
2026-02-23 18:10:05,021 [WARN] DbFile:41 - Overriding database path with different value: C:\Users\USER\.stmcufinder\plugins\mcufinder/ => C:\Users\USER\.stmcufinder\plugins\mcufinder
2026-02-23 18:10:05,021 [WARN] DbFile:41 - Overriding database path with different value: C:\Users\USER\.stmcufinder\plugins\mcufinder/ => C:\Users\USER\.stmcufinder\plugins\mcufinder
2026-02-23 18:10:05,050 [INFO] CrossReferenceDbSqlite:203 - Set database path to: C:\Users\USER\.stmcufinder\plugins\mcufinder//mcu/cs/
2026-02-23 18:10:05,238 [INFO] ApplicationProperties:184 - Using Application install path: D:\Documentos\Electronica\Nueva carpeta\STM32CubeIDE_1.15.0\STM32CubeIDE\plugins\com.st.stm32cube.common.mx_6.11.0.202403141607
2026-02-23 18:10:05,247 [INFO] PluginManage:196 - Search for loadable plugins [exclusion list=, ]
2026-02-23 18:10:05,252 [INFO] PluginManage:310 - Check plugin analytics
2026-02-23 18:10:05,624 [INFO] AnalyticsPlugin:253 - Accepted Software Licenses: 
2026-02-23 18:10:05,624 [INFO] AnalyticsPlugin:255 - Accepted CMSIS Pack Licenses: STMicroelectronics.X-CUBE-TOUCHGFX.4.26.0
2026-02-23 18:10:05,625 [INFO] AnalyticsPlugin:257 - Accepted Firmware Licenses: FW.F7.1.17.0,FW.H7.1.11.0,FW.F4.1.28.0
2026-02-23 18:10:05,631 [INFO] PluginManage:359 - Loaded plugin analytics (category:tool,tabindex:-1)
2026-02-23 18:10:05,631 [INFO] PluginManage:310 - Check plugin cadmodel
2026-02-23 18:10:05,695 [INFO] CADModel:105 - Init CAD model plugin
2026-02-23 18:10:05,695 [INFO] PluginManage:359 - Loaded plugin cadmodel (category:power,tabindex:5)
2026-02-23 18:10:05,696 [INFO] PluginManage:310 - Check plugin clock
2026-02-23 18:10:05,755 [INFO] PluginManage:359 - Loaded plugin clock (category:base,tabindex:2)
2026-02-23 18:10:05,758 [INFO] PluginManage:310 - Check plugin ddr
2026-02-23 18:10:05,767 [INFO] PluginManage:359 - Loaded plugin ddr (category:tool,tabindex:6)
2026-02-23 18:10:05,768 [INFO] PluginManage:310 - Check plugin filemanager
2026-02-23 18:10:06,182 [INFO] PluginManage:359 - Loaded plugin filemanager (category:base,tabindex:10)
2026-02-23 18:10:06,183 [INFO] PluginManage:310 - Check plugin ipmanager
2026-02-23 18:10:06,229 [INFO] PluginManage:359 - Loaded plugin ipmanager (category:base,tabindex:5)
2026-02-23 18:10:06,230 [INFO] PluginManage:310 - Check plugin lpbam
2026-02-23 18:10:06,290 [INFO] PluginManage:359 - Loaded plugin lpbam (category:base,tabindex:0)
2026-02-23 18:10:06,291 [INFO] PluginManage:310 - Check plugin memorymap
2026-02-23 18:10:06,402 [INFO] PluginManage:359 - Loaded plugin memorymap (category:base,tabindex:4)
2026-02-23 18:10:06,402 [INFO] PluginManage:310 - Check plugin pinoutandconfiguration
2026-02-23 18:10:06,436 [INFO] PluginManage:359 - Loaded plugin pinoutandconfiguration (category:base,tabindex:1)
2026-02-23 18:10:06,436 [INFO] PluginManage:310 - Check plugin pinoutconfig
2026-02-23 18:10:06,684 [WARN] SupportedApi:132 - Cannot load RTOS API schema: s4s-elt-must-match.1: The content of 'definitions' must match (annotation?, (simpleType | complexType)?, (unique | key | keyref)*)). A problem was found starting at: attribute.
2026-02-23 18:10:06,967 [INFO] PluginManage:359 - Loaded plugin pinoutconfig (category:base,tabindex:0)
2026-02-23 18:10:06,968 [INFO] PluginManage:310 - Check plugin power
2026-02-23 18:10:07,055 [INFO] PluginManage:359 - Loaded plugin power (category:power,tabindex:4)
2026-02-23 18:10:07,056 [INFO] PluginManage:310 - Check plugin projectmanager
2026-02-23 18:10:07,105 [INFO] PluginManage:359 - Loaded plugin projectmanager (category:projectmanager,tabindex:3)
2026-02-23 18:10:07,105 [INFO] PluginManage:310 - Check plugin thirdparty
2026-02-23 18:10:07,898 [INFO] PluginManage:359 - Loaded plugin thirdparty (category:base,tabindex:-1)
2026-02-23 18:10:07,898 [WARN] IntegrityCheckThread:84 - waiting for thirdparty lock release [integrity check]
2026-02-23 18:10:07,900 [INFO] IntegrityCheckThread:86 - entering critical section [integrity check]
2026-02-23 18:10:07,900 [INFO] PluginManage:310 - Check plugin tools
2026-02-23 18:10:07,900 [INFO] ThirdPartyUpdaterWithRetryManager:70 - Updater plugin not ready yet. [1/15]
2026-02-23 18:10:07,979 [INFO] PluginManage:359 - Loaded plugin tools (category:base,tabindex:7)
2026-02-23 18:10:07,979 [INFO] PluginManage:310 - Check plugin tutovideos
2026-02-23 18:10:08,488 [INFO] PluginManage:359 - Loaded plugin tutovideos (category:base,tabindex:-1)
2026-02-23 18:10:08,488 [INFO] PluginManage:310 - Check plugin updater
2026-02-23 18:10:08,557 [INFO] PluginManage:359 - Loaded plugin updater (category:base,tabindex:12)
2026-02-23 18:10:08,557 [INFO] PluginManage:310 - Check plugin userauth
2026-02-23 18:10:08,598 [INFO] UserAuth:114 - Init User Auth plugin
2026-02-23 18:10:08,598 [INFO] PluginManage:359 - Loaded plugin userauth (category:base,tabindex:14)
2026-02-23 18:10:08,600 [INFO] PluginManage:283 - PluginManage : Loaded plugins [17]
2026-02-23 18:10:09,840 [INFO] PinOutPanel:1561 - setPackage(No Configuration,No Configuration)
2026-02-23 18:10:10,209 [INFO] CADModel:165 - CPN selected for project level
2026-02-23 18:10:10,209 [INFO] CADModel:114 - Register for checkConnection events
2026-02-23 18:10:10,304 [INFO] IPUIPlugin:80 - create IPUIPlugin
2026-02-23 18:10:10,305 [INFO] PluginManager:220 - loadIPPluginJar : add adc
2026-02-23 18:10:10,391 [INFO] IPUIPlugin:80 - create IPUIPlugin
2026-02-23 18:10:10,392 [INFO] PluginManager:220 - loadIPPluginJar : add aes
2026-02-23 18:10:10,474 [INFO] IPUIPlugin:80 - create IPUIPlugin
2026-02-23 18:10:10,474 [INFO] PluginManager:220 - loadIPPluginJar : add can
2026-02-23 18:10:10,535 [INFO] IPUIPlugin:80 - create IPUIPlugin
2026-02-23 18:10:10,535 [INFO] PluginManager:220 - loadIPPluginJar : add comp
2026-02-23 18:10:10,607 [INFO] IPUIPlugin:80 - create IPUIPlugin
2026-02-23 18:10:10,607 [INFO] PluginManager:220 - loadIPPluginJar : add cryp
2026-02-23 18:10:10,660 [INFO] IPUIPlugin:80 - create IPUIPlugin
2026-02-23 18:10:10,660 [INFO] PluginManager:220 - loadIPPluginJar : add dfsdm
2026-02-23 18:10:10,696 [INFO] IPUIPlugin:80 - create IPUIPlugin
2026-02-23 18:10:10,696 [INFO] PluginManager:220 - loadIPPluginJar : add dma
2026-02-23 18:10:10,801 [INFO] IPUIPlugin:80 - create IPUIPlugin
2026-02-23 18:10:10,801 [INFO] PluginManager:220 - loadIPPluginJar : add dma3
2026-02-23 18:10:10,889 [INFO] IPUIPlugin:80 - create IPUIPlugin
2026-02-23 18:10:10,889 [INFO] PluginManager:220 - loadIPPluginJar : add extmemmanager
2026-02-23 18:10:10,914 [INFO] ThirdPartyUpdaterWithRetryManager:70 - Updater plugin not ready yet. [2/15]
2026-02-23 18:10:10,943 [INFO] IPUIPlugin:80 - create IPUIPlugin
2026-02-23 18:10:10,943 [INFO] PluginManager:220 - loadIPPluginJar : add fatfs
2026-02-23 18:10:11,058 [INFO] IPUIPlugin:80 - create IPUIPlugin
2026-02-23 18:10:11,058 [INFO] PluginManager:220 - loadIPPluginJar : add fmc
2026-02-23 18:10:11,096 [INFO] IPUIPlugin:80 - create IPUIPlugin
2026-02-23 18:10:11,096 [INFO] PluginManager:220 - loadIPPluginJar : add freertos
2026-02-23 18:10:11,149 [INFO] IPUIPlugin:80 - create IPUIPlugin
2026-02-23 18:10:11,149 [INFO] PluginManager:220 - loadIPPluginJar : add genericplugin
2026-02-23 18:10:11,345 [INFO] IPUIPlugin:80 - create IPUIPlugin
2026-02-23 18:10:11,345 [INFO] PluginManager:220 - loadIPPluginJar : add gfxmmu
2026-02-23 18:10:11,605 [INFO] IPUIPlugin:80 - create IPUIPlugin
2026-02-23 18:10:11,605 [INFO] PluginManager:220 - loadIPPluginJar : add gic
2026-02-23 18:10:11,636 [INFO] IPUIPlugin:80 - create IPUIPlugin
2026-02-23 18:10:11,636 [INFO] PluginManager:220 - loadIPPluginJar : add gpio
2026-02-23 18:10:11,810 [INFO] IPUIPlugin:80 - create IPUIPlugin
2026-02-23 18:10:11,811 [INFO] PluginManager:220 - loadIPPluginJar : add gtzc
2026-02-23 18:10:11,894 [INFO] IPUIPlugin:80 - create IPUIPlugin
2026-02-23 18:10:11,894 [INFO] PluginManager:220 - loadIPPluginJar : add hash
2026-02-23 18:10:12,000 [INFO] IPUIPlugin:80 - create IPUIPlugin
2026-02-23 18:10:12,000 [INFO] PluginManager:220 - loadIPPluginJar : add i2c
2026-02-23 18:10:12,084 [INFO] IPUIPlugin:80 - create IPUIPlugin
2026-02-23 18:10:12,084 [INFO] PluginManager:220 - loadIPPluginJar : add i2s
2026-02-23 18:10:12,150 [INFO] IPUIPlugin:80 - create IPUIPlugin
2026-02-23 18:10:12,150 [INFO] PluginManager:220 - loadIPPluginJar : add i3c
2026-02-23 18:10:12,344 [INFO] IPUIPlugin:80 - create IPUIPlugin
2026-02-23 18:10:12,344 [INFO] PluginManager:220 - loadIPPluginJar : add ipddr
2026-02-23 18:10:12,558 [INFO] IPUIPlugin:80 - create IPUIPlugin
2026-02-23 18:10:12,558 [INFO] PluginManager:220 - loadIPPluginJar : add linkedlist
2026-02-23 18:10:12,626 [INFO] IPUIPlugin:80 - create IPUIPlugin
2026-02-23 18:10:12,626 [INFO] PluginManager:220 - loadIPPluginJar : add lorawan
2026-02-23 18:10:12,695 [INFO] IPUIPlugin:80 - create IPUIPlugin
2026-02-23 18:10:12,695 [INFO] PluginManager:220 - loadIPPluginJar : add ltdc
2026-02-23 18:10:12,719 [INFO] IPUIPlugin:80 - create IPUIPlugin
2026-02-23 18:10:12,719 [INFO] PluginManager:220 - loadIPPluginJar : add mdma
2026-02-23 18:10:12,744 [INFO] IPUIPlugin:80 - create IPUIPlugin
2026-02-23 18:10:12,744 [INFO] PluginManager:220 - loadIPPluginJar : add nvic
2026-02-23 18:10:12,811 [INFO] IPUIPlugin:80 - create IPUIPlugin
2026-02-23 18:10:12,811 [INFO] PluginManager:220 - loadIPPluginJar : add opamp
2026-02-23 18:10:12,913 [INFO] IPUIPlugin:80 - create IPUIPlugin
2026-02-23 18:10:12,914 [INFO] PluginManager:220 - loadIPPluginJar : add openamp
2026-02-23 18:10:13,009 [INFO] IPUIPlugin:80 - create IPUIPlugin
2026-02-23 18:10:13,009 [INFO] PluginManager:220 - loadIPPluginJar : add pdm2pcm
2026-02-23 18:10:13,029 [INFO] IPUIPlugin:80 - create IPUIPlugin
2026-02-23 18:10:13,034 [INFO] PluginManager:220 - loadIPPluginJar : add plateformsettings
2026-02-23 18:10:13,097 [INFO] IPUIPlugin:80 - create IPUIPlugin
2026-02-23 18:10:13,097 [INFO] PluginManager:220 - loadIPPluginJar : add quadspi
2026-02-23 18:10:13,127 [INFO] IPUIPlugin:80 - create IPUIPlugin
2026-02-23 18:10:13,127 [INFO] PluginManager:220 - loadIPPluginJar : add resmgrutility
2026-02-23 18:10:13,235 [INFO] IPUIPlugin:80 - create IPUIPlugin
2026-02-23 18:10:13,236 [INFO] PluginManager:220 - loadIPPluginJar : add sai
2026-02-23 18:10:13,332 [INFO] IPUIPlugin:80 - create IPUIPlugin
2026-02-23 18:10:13,332 [INFO] PluginManager:220 - loadIPPluginJar : add spi
2026-02-23 18:10:13,496 [INFO] IPUIPlugin:80 - create IPUIPlugin
2026-02-23 18:10:13,496 [INFO] PluginManager:220 - loadIPPluginJar : add stm32_wpan
2026-02-23 18:10:13,593 [INFO] IPUIPlugin:80 - create IPUIPlugin
2026-02-23 18:10:13,593 [INFO] PluginManager:220 - loadIPPluginJar : add tim
2026-02-23 18:10:13,704 [INFO] IPUIPlugin:80 - create IPUIPlugin
2026-02-23 18:10:13,705 [INFO] PluginManager:220 - loadIPPluginJar : add touchsensing
2026-02-23 18:10:13,738 [INFO] IPUIPlugin:80 - create IPUIPlugin
2026-02-23 18:10:13,738 [INFO] PluginManager:220 - loadIPPluginJar : add tracer_emb
2026-02-23 18:10:13,783 [INFO] IPUIPlugin:80 - create IPUIPlugin
2026-02-23 18:10:13,783 [INFO] PluginManager:220 - loadIPPluginJar : add ts
2026-02-23 18:10:13,824 [INFO] IPUIPlugin:80 - create IPUIPlugin
2026-02-23 18:10:13,824 [INFO] PluginManager:220 - loadIPPluginJar : add tsc
2026-02-23 18:10:13,864 [INFO] IPUIPlugin:80 - create IPUIPlugin
2026-02-23 18:10:13,865 [INFO] PluginManager:220 - loadIPPluginJar : add ucpd
2026-02-23 18:10:13,920 [INFO] ThirdPartyUpdaterWithRetryManager:70 - Updater plugin not ready yet. [3/15]
2026-02-23 18:10:13,940 [INFO] IPUIPlugin:80 - create IPUIPlugin
2026-02-23 18:10:13,940 [INFO] PluginManager:220 - loadIPPluginJar : add usart
2026-02-23 18:10:14,029 [INFO] IPUIPlugin:80 - create IPUIPlugin
2026-02-23 18:10:14,029 [INFO] PluginManager:220 - loadIPPluginJar : add usbx
2026-02-23 18:10:14,248 [INFO] CADModel:165 - CPN selected for project level
2026-02-23 18:10:14,249 [INFO] CADModel:114 - Register for checkConnection events
2026-02-23 18:10:14,249 [FATAL] Updater:308 - Updater called before beeing initialized
2026-02-23 18:10:14,249 [ERROR] CADModel:125 - Updater not yet initialized, retry later 
2026-02-23 18:10:14,793 [INFO] CADModel:165 - CPN selected for project level
2026-02-23 18:10:14,793 [INFO] CADModel:114 - Register for checkConnection events
2026-02-23 18:10:14,793 [FATAL] Updater:308 - Updater called before beeing initialized
2026-02-23 18:10:14,793 [ERROR] CADModel:125 - Updater not yet initialized, retry later 
2026-02-23 18:10:14,804 [FATAL] Updater:308 - Updater called before beeing initialized
2026-02-23 18:10:15,005 [FATAL] Updater:308 - Updater called before beeing initialized
2026-02-23 18:10:15,019 [INFO] DbMcusAds:53 - JSON generation date=Wed Feb 18 08:32:49 CST 2026 (1771425169444)
2026-02-23 18:10:15,020 [FATAL] Updater:308 - Updater called before beeing initialized
2026-02-23 18:10:15,221 [WARN] DetailPanel:346 - Failed to get advertising image, set to default
2026-02-23 18:10:15,328 [FATAL] Updater:308 - Updater called before beeing initialized
2026-02-23 18:10:15,351 [FATAL] Updater:308 - Updater called before beeing initialized
2026-02-23 18:10:15,352 [FATAL] Updater:308 - Updater called before beeing initialized
2026-02-23 18:10:15,352 [WARN] DetailPanel:346 - Failed to get advertising image, set to default
2026-02-23 18:10:15,353 [FATAL] Updater:308 - Updater called before beeing initialized
2026-02-23 18:10:15,562 [ERROR] Updater:1120 - MainUpdater not yet initialized. External WinMGr cannot be set.
2026-02-23 18:10:15,602 [INFO] Updater:1056 - Updater Version found : 6.11.0
2026-02-23 18:10:15,650 [INFO] ApplicationProperties:184 - Using Application install path: D:\Documentos\Electronica\Nueva carpeta\STM32CubeIDE_1.15.0\STM32CubeIDE\plugins\com.st.stm32cube.common.mx_6.11.0.202403141607
2026-02-23 18:10:16,935 [INFO] ThirdPartyUpdaterWithRetryManager:70 - Updater plugin not ready yet. [4/15]
2026-02-23 18:10:17,281 [ERROR] LogOutputStream:75 - [STDERR_REDIRECT] Feb 23, 2026 6:10:17 PM java.util.prefs.WindowsPreferences <init>
2026-02-23 18:10:17,282 [ERROR] LogOutputStream:75 - [STDERR_REDIRECT] WARNING: Could not open/create prefs root node Software\JavaSoft\Prefs at root 0xffffffff80000002. Windows RegCreateKeyEx(...) returned error code 5.
2026-02-23 18:10:17,283 [ERROR] LogOutputStream:75 - [STDERR_REDIRECT] 
2026-02-23 18:10:17,935 [INFO] MainUpdater:2873 - connection check result : 10
2026-02-23 18:10:17,935 [INFO] MainUpdater:290 - Updater Check For Update Now.
2026-02-23 18:10:17,935 [INFO] MicroXplorer:498 - Change Database Version : DB.6.0.110
2026-02-23 18:10:17,997 [INFO] McuFinderGlobals:63 - Set McuFinder mode to 2 (CubeIDE integrated)
2026-02-23 18:10:18,044 [INFO] UserAuth:415 - Internet connection configuration mode: 1
2026-02-23 18:10:18,164 [INFO] JxBrowserEngine:152 - Initiate JxBrowser Engine with user profile folder
2026-02-23 18:10:18,229 [INFO] CheckServerUpdateThread:120 - End of CheckServer Thread
2026-02-23 18:10:20,679 [WARN] PackLoader:240 - Cannot read IP mode file for STMicroelectronics.FP-SNS-MOTENVWB1.1.4.0
2026-02-23 18:10:20,703 [WARN] PackLoader:240 - Cannot read IP mode file for STMicroelectronics.FP-ATR-ASTRA1.2.0.2
2026-02-23 18:10:20,723 [WARN] PackLoader:240 - Cannot read IP mode file for STMicroelectronics.FP-ATR-ASTRA1.2.0.1
2026-02-23 18:10:20,747 [WARN] PackLoader:240 - Cannot read IP mode file for STMicroelectronics.X-CUBE-SMBUS.2.1.0
2026-02-23 18:10:20,771 [WARN] PackLoader:240 - Cannot read IP mode file for STMicroelectronics.X-CUBE-WB05N.1.1.0
2026-02-23 18:10:20,792 [WARN] PackLoader:240 - Cannot read IP mode file for STMicroelectronics.X-CUBE-TOUCHGFX.4.23.2
2026-02-23 18:10:20,842 [WARN] PackLoader:240 - Cannot read IP mode file for STMicroelectronics.X-CUBE-AZRTOS-F7.1.1.0
2026-02-23 18:10:20,921 [WARN] PackLoader:240 - Cannot read IP mode file for STMicroelectronics.X-CUBE-MEMS1.11.0.0
2026-02-23 18:10:21,048 [ERROR] Engine:466 - C:\Users\USER\.stm32cubemx\thirdparties\pdsc\STMicroelectronics.FP-SNS-MOTENV1.5.1.0.pdsc: PDSC version is not supported
2026-02-23 18:10:21,068 [WARN] PackLoader:240 - Cannot read IP mode file for STMicroelectronics.FP-SNS-FLIGHT1.5.0.2
2026-02-23 18:10:21,115 [WARN] PackLoader:240 - Cannot read IP mode file for STMicroelectronics.X-CUBE-AZRTOS-H7.3.4.0
2026-02-23 18:10:21,150 [WARN] PackLoader:240 - Cannot read IP mode file for STMicroelectronics.X-CUBE-DISPLAY.3.0.0
2026-02-23 18:10:21,172 [ERROR] Engine:466 - C:\Users\USER\.stm32cubemx\thirdparties\pdsc\STMicroelectronics.FP-SNS-MOTENVWB1.1.5.0.pdsc: PDSC version is not supported
2026-02-23 18:10:21,199 [WARN] PackLoader:240 - Cannot read IP mode file for STMicroelectronics.X-CUBE-BLE1.7.0.0
2026-02-23 18:10:21,223 [WARN] PackLoader:240 - Cannot read IP mode file for STMicroelectronics.X-CUBE-NFC10.1.0.0
2026-02-23 18:10:21,254 [WARN] PackLoader:240 - Cannot read IP mode file for STMicroelectronics.X-CUBE-BLEMGR.4.0.0
2026-02-23 18:10:21,278 [ERROR] Engine:466 - C:\Users\USER\.stm32cubemx\thirdparties\pdsc\STMicroelectronics.X-CUBE-ST60.1.1.0.pdsc: PDSC version is not supported
2026-02-23 18:10:21,308 [WARN] PackLoader:240 - Cannot read IP mode file for emotas.I-CUBE-CANOPEN.1.3.0
2026-02-23 18:10:21,337 [WARN] PackLoader:240 - Cannot read IP mode file for STMicroelectronics.X-CUBE-GNSS1.7.1.0
2026-02-23 18:10:21,367 [WARN] PackLoader:240 - Cannot read IP mode file for STMicroelectronics.X-CUBE-BLEMGR.3.1.0
2026-02-23 18:10:21,394 [WARN] PackLoader:240 - Cannot read IP mode file for STMicroelectronics.X-CUBE-AI.10.0.0
2026-02-23 18:10:21,418 [ERROR] Engine:466 - C:\Users\USER\.stm32cubemx\thirdparties\pdsc\STMicroelectronics.FP-SNS-STBOX1.2.1.0.pdsc: PDSC version is not supported
2026-02-23 18:10:21,444 [WARN] PackLoader:240 - Cannot read IP mode file for STMicroelectronics.FP-SNS-SMARTAG2.1.2.0
2026-02-23 18:10:21,467 [ERROR] Engine:466 - C:\Users\USER\.stm32cubemx\thirdparties\pdsc\STMicroelectronics.FP-SNS-FLIGHT1.5.1.0.pdsc: PDSC version is not supported
2026-02-23 18:10:21,534 [WARN] PackLoader:240 - Cannot read IP mode file for STMicroelectronics.X-CUBE-MEMS1.11.1.0
2026-02-23 18:10:21,646 [INFO] LogOutputStream:77 - [STDOUT_REDIRECT] 1 : Invalid condition id : UX_CORESTACK_Condition cause : null
2026-02-23 18:10:21,647 [INFO] LogOutputStream:77 - [STDOUT_REDIRECT] 1 : Invalid condition id : UX_CORESTACK_Condition cause : null
2026-02-23 18:10:21,649 [INFO] LogOutputStream:77 - [STDOUT_REDIRECT] 1 : Invalid condition id : UX_CORESTACK_Condition cause : null
2026-02-23 18:10:21,650 [INFO] LogOutputStream:77 - [STDOUT_REDIRECT] 1 : Invalid condition id : UX_CORESTACK_Condition cause : null
2026-02-23 18:10:21,651 [INFO] LogOutputStream:77 - [STDOUT_REDIRECT] 1 : Invalid condition id : UX_CORESTACK_Condition cause : null
2026-02-23 18:10:21,655 [WARN] PackLoader:240 - Cannot read IP mode file for STMicroelectronics.X-CUBE-AZRTOS-WL.2.0.0
2026-02-23 18:10:21,685 [WARN] PackLoader:240 - Cannot read IP mode file for STMicroelectronics.FP-SNS-MOTENV1.5.0.0
2026-02-23 18:10:21,731 [WARN] PackLoader:240 - Cannot read IP mode file for STMicroelectronics.X-CUBE-AZRTOS-H7RS.1.2.0
2026-02-23 18:10:21,760 [WARN] PackLoader:240 - Cannot read IP mode file for wolfSSL.I-CUBE-wolfMQTT.1.19.0
2026-02-23 18:10:21,795 [WARN] PackLoader:240 - Cannot read IP mode file for WES.I-CUBE-Cesium.1.3.0
2026-02-23 18:10:21,820 [WARN] PackLoader:240 - Cannot read IP mode file for STMicroelectronics.X-CUBE-BLE2.3.3.0
2026-02-23 18:10:21,837 [ERROR] Engine:466 - C:\Users\USER\.stm32cubemx\thirdparties\pdsc\Avnet-IOTCONNECT.X-CUBE-iotc-st67-sdk.1.0.0.pdsc: PDSC version is not supported
2026-02-23 18:10:21,863 [WARN] PackLoader:240 - Cannot read IP mode file for STMicroelectronics.X-CUBE-NFC9.1.0.0
2026-02-23 18:10:21,888 [WARN] PackLoader:240 - Cannot read IP mode file for STMicroelectronics.X-CUBE-BLE1.7.1.0
2026-02-23 18:10:21,918 [WARN] PackLoader:240 - Cannot read IP mode file for STMicroelectronics.X-CUBE-TCPP.4.1.0
2026-02-23 18:10:21,939 [ERROR] Engine:466 - C:\Users\USER\.stm32cubemx\thirdparties\pdsc\STMicroelectronics.X-CUBE-FREERTOS.1.4.0.pdsc: PDSC version is not supported
2026-02-23 18:10:21,965 [WARN] PackLoader:240 - Cannot read IP mode file for STMicroelectronics.X-CUBE-EEPRMA1.5.2.0
2026-02-23 18:10:21,985 [ERROR] Engine:466 - C:\Users\USER\.stm32cubemx\thirdparties\pdsc\STMicroelectronics.X-CUBE-ST67W61.1.1.0.pdsc: PDSC version is not supported
2026-02-23 18:10:22,040 [WARN] PackLoader:240 - Cannot read IP mode file for STMicroelectronics.X-CUBE-MEMS1.12.0.0
2026-02-23 18:10:22,118 [WARN] PackLoader:240 - Cannot read IP mode file for STMicroelectronics.X-CUBE-ALGOBUILD.1.3.0
2026-02-23 18:10:22,174 [WARN] PackLoader:240 - Cannot read IP mode file for STMicroelectronics.X-CUBE-MEMS1.11.2.0
2026-02-23 18:10:22,352 [WARN] PackLoader:240 - Cannot read IP mode file for STMicroelectronics.X-CUBE-AZRTOS-G0.1.1.0
2026-02-23 18:10:22,382 [WARN] PackLoader:240 - Cannot read IP mode file for STMicroelectronics.X-CUBE-SAFEA1.1.2.2
2026-02-23 18:10:22,411 [WARN] PackLoader:240 - Cannot read IP mode file for STMicroelectronics.X-CUBE-NFC4.3.0.0
2026-02-23 18:10:22,441 [WARN] PackLoader:240 - Cannot read IP mode file for EmbeddedOffice.I-CUBE-FS-RTOS.1.0.1
2026-02-23 18:10:22,442 [ERROR] ConditionMgr:805 - Attr not supported : Dmpu
2026-02-23 18:10:22,443 [ERROR] ConditionMgr:805 - Attr not supported : Dmpu
2026-02-23 18:10:22,443 [ERROR] ConditionMgr:805 - Attr not supported : Dmpu
2026-02-23 18:10:22,444 [ERROR] ConditionMgr:805 - Attr not supported : Dmpu
2026-02-23 18:10:22,444 [ERROR] ConditionMgr:805 - Attr not supported : Dmpu
2026-02-23 18:10:22,444 [ERROR] ConditionMgr:805 - Attr not supported : Dmpu
2026-02-23 18:10:22,444 [ERROR] ConditionMgr:805 - Attr not supported : Dmpu
2026-02-23 18:10:22,444 [ERROR] ConditionMgr:805 - Attr not supported : Dmpu
2026-02-23 18:10:22,444 [ERROR] ConditionMgr:805 - Attr not supported : Dmpu
2026-02-23 18:10:22,444 [ERROR] ConditionMgr:805 - Attr not supported : Dmpu
2026-02-23 18:10:22,444 [ERROR] ConditionMgr:805 - Attr not supported : Dmpu
2026-02-23 18:10:22,444 [ERROR] ConditionMgr:805 - Attr not supported : Dmpu
2026-02-23 18:10:22,445 [ERROR] ConditionMgr:805 - Attr not supported : Dmpu
2026-02-23 18:10:22,445 [ERROR] ConditionMgr:805 - Attr not supported : Dmpu
2026-02-23 18:10:22,445 [ERROR] ConditionMgr:805 - Attr not supported : Dmpu
2026-02-23 18:10:22,445 [ERROR] ConditionMgr:805 - Attr not supported : Dmpu
2026-02-23 18:10:22,446 [ERROR] ConditionMgr:805 - Attr not supported : Dmpu
2026-02-23 18:10:22,446 [ERROR] ConditionMgr:805 - Attr not supported : Dmpu
2026-02-23 18:10:22,446 [ERROR] ConditionMgr:805 - Attr not supported : Dmpu
2026-02-23 18:10:22,446 [ERROR] ConditionMgr:805 - Attr not supported : Dmpu
2026-02-23 18:10:22,446 [ERROR] ConditionMgr:805 - Attr not supported : Dmpu
2026-02-23 18:10:22,446 [ERROR] ConditionMgr:805 - Attr not supported : Dmpu
2026-02-23 18:10:22,446 [ERROR] ConditionMgr:805 - Attr not supported : Dmpu
2026-02-23 18:10:22,446 [ERROR] ConditionMgr:805 - Attr not supported : Dmpu
2026-02-23 18:10:22,446 [ERROR] ConditionMgr:805 - Attr not supported : Dmpu
2026-02-23 18:10:22,446 [ERROR] ConditionMgr:805 - Attr not supported : Dmpu
2026-02-23 18:10:22,446 [ERROR] ConditionMgr:805 - Attr not supported : Dmpu
2026-02-23 18:10:22,446 [ERROR] ConditionMgr:805 - Attr not supported : Dmpu
2026-02-23 18:10:22,446 [ERROR] ConditionMgr:805 - Attr not supported : Dmpu
2026-02-23 18:10:22,446 [ERROR] ConditionMgr:805 - Attr not supported : Dmpu
2026-02-23 18:10:22,446 [ERROR] ConditionMgr:805 - Attr not supported : Dmpu
2026-02-23 18:10:22,446 [ERROR] ConditionMgr:805 - Attr not supported : Dmpu
2026-02-23 18:10:22,447 [ERROR] ConditionMgr:805 - Attr not supported : Dmpu
2026-02-23 18:10:22,447 [ERROR] ConditionMgr:805 - Attr not supported : Dmpu
2026-02-23 18:10:22,447 [ERROR] ConditionMgr:805 - Attr not supported : Dmpu
2026-02-23 18:10:22,447 [ERROR] ConditionMgr:805 - Attr not supported : Dmpu
2026-02-23 18:10:22,447 [ERROR] ConditionMgr:805 - Attr not supported : Dmpu
2026-02-23 18:10:22,447 [ERROR] ConditionMgr:805 - Attr not supported : Dmpu
2026-02-23 18:10:22,447 [ERROR] ConditionMgr:805 - Attr not supported : Dmpu
2026-02-23 18:10:22,447 [ERROR] ConditionMgr:805 - Attr not supported : Dmpu
2026-02-23 18:10:22,447 [ERROR] ConditionMgr:805 - Attr not supported : Dmpu
2026-02-23 18:10:22,447 [ERROR] ConditionMgr:805 - Attr not supported : Dmpu
2026-02-23 18:10:22,447 [ERROR] ConditionMgr:805 - Attr not supported : Dmpu
2026-02-23 18:10:22,448 [ERROR] ConditionMgr:805 - Attr not supported : Dmpu
2026-02-23 18:10:22,448 [ERROR] ConditionMgr:805 - Attr not supported : Dmpu
2026-02-23 18:10:22,448 [ERROR] ConditionMgr:805 - Attr not supported : Dmpu
2026-02-23 18:10:22,448 [ERROR] ConditionMgr:805 - Attr not supported : Dmpu
2026-02-23 18:10:22,448 [ERROR] ConditionMgr:805 - Attr not supported : Dmpu
2026-02-23 18:10:22,448 [ERROR] ConditionMgr:805 - Attr not supported : Dmpu
2026-02-23 18:10:22,448 [ERROR] ConditionMgr:805 - Attr not supported : Dmpu
2026-02-23 18:10:22,448 [ERROR] ConditionMgr:805 - Attr not supported : Dmpu
2026-02-23 18:10:22,448 [ERROR] ConditionMgr:805 - Attr not supported : Dmpu
2026-02-23 18:10:22,448 [ERROR] ConditionMgr:805 - Attr not supported : Dmpu
2026-02-23 18:10:22,448 [ERROR] ConditionMgr:805 - Attr not supported : Dmpu
2026-02-23 18:10:22,448 [ERROR] ConditionMgr:805 - Attr not supported : Dmpu
2026-02-23 18:10:22,448 [ERROR] ConditionMgr:805 - Attr not supported : Dmpu
2026-02-23 18:10:22,448 [ERROR] ConditionMgr:805 - Attr not supported : Dmpu
2026-02-23 18:10:22,448 [ERROR] ConditionMgr:805 - Attr not supported : Dmpu
2026-02-23 18:10:22,448 [ERROR] ConditionMgr:805 - Attr not supported : Dmpu
2026-02-23 18:10:22,448 [ERROR] ConditionMgr:805 - Attr not supported : Dmpu
2026-02-23 18:10:22,448 [ERROR] ConditionMgr:805 - Attr not supported : Dmpu
2026-02-23 18:10:22,448 [ERROR] ConditionMgr:805 - Attr not supported : Dmpu
2026-02-23 18:10:22,448 [ERROR] ConditionMgr:805 - Attr not supported : Dmpu
2026-02-23 18:10:22,448 [ERROR] ConditionMgr:805 - Attr not supported : Dmpu
2026-02-23 18:10:22,471 [WARN] PackLoader:240 - Cannot read IP mode file for STMicroelectronics.X-CUBE-WB05N.2.0.0
2026-02-23 18:10:22,493 [ERROR] Engine:466 - C:\Users\USER\.stm32cubemx\thirdparties\pdsc\STMicroelectronics.X-CUBE-TCPP.4.2.0.pdsc: PDSC version is not supported
2026-02-23 18:10:22,518 [WARN] PackLoader:240 - Cannot read IP mode file for RealThread.X-CUBE-RT-Thread_Nano.4.1.1
2026-02-23 18:10:22,538 [WARN] PackLoader:240 - Cannot read IP mode file for wolfSSL.I-CUBE-wolfSSL.5.7.0
2026-02-23 18:10:22,561 [WARN] PackLoader:240 - Cannot read IP mode file for STMicroelectronics.FP-ATR-SIGFOX1.3.2.0
2026-02-23 18:10:22,579 [WARN] ConditionMgr:438 - getConditionDescription Invalid condition id : Cortex-A Device cause : null
2026-02-23 18:10:22,606 [WARN] ConditionMgr:1039 - genDependencies : Invalid condition id : Cortex-A Device cause : null
2026-02-23 18:10:22,606 [WARN] ConditionMgr:1039 - genDependencies : Invalid condition id : Cortex-A Device cause : null
2026-02-23 18:10:22,607 [WARN] ConditionMgr:1039 - genDependencies : Invalid condition id : Cortex-A Device cause : null
2026-02-23 18:10:22,623 [WARN] PackLoader:240 - Cannot read IP mode file for STMicroelectronics.X-CUBE-EEPRMA1.5.1.0
2026-02-23 18:10:22,646 [WARN] PackLoader:240 - Cannot read IP mode file for ITTIA_DB.I-CUBE-ITTIADB.8.9.0
2026-02-23 18:10:22,667 [WARN] PackLoader:240 - Cannot read IP mode file for STMicroelectronics.X-CUBE-NFC6.3.2.0
2026-02-23 18:10:22,685 [WARN] PackLoader:240 - Cannot read IP mode file for STMicroelectronics.X-CUBE-AI.10.2.0
2026-02-23 18:10:22,722 [WARN] PackLoader:240 - Cannot read IP mode file for SEGGER.I-CUBE-embOS.1.3.1
2026-02-23 18:10:22,767 [WARN] PackLoader:240 - Cannot read IP mode file for STMicroelectronics.X-CUBE-ALGOBUILD.1.4.0
2026-02-23 18:10:22,787 [WARN] PackLoader:240 - Cannot read IP mode file for STMicroelectronics.X-CUBE-AI.9.1.0
2026-02-23 18:10:22,808 [WARN] PackLoader:240 - Cannot read IP mode file for STMicroelectronics.X-CUBE-PM33A1.1.0.0
2026-02-23 18:10:22,829 [WARN] PackLoader:240 - Cannot read IP mode file for STMicroelectronics.X-CUBE-GNSS1.6.0.0
2026-02-23 18:10:22,864 [WARN] PackLoader:240 - Cannot read IP mode file for STMicroelectronics.X-CUBE-AZRTOS-F4.1.1.0
2026-02-23 18:10:22,886 [ERROR] Engine:466 - C:\Users\USER\.stm32cubemx\thirdparties\pdsc\Avnet-IotConnect.X-CUBE-IoTC-DA16k-PMOD.1.0.0.pdsc: PDSC version is not supported
2026-02-23 18:10:22,905 [WARN] PackLoader:240 - Cannot read IP mode file for STMicroelectronics.X-CUBE-ISPU.2.1.0
2026-02-23 18:10:22,925 [ERROR] Engine:466 - C:\Users\USER\.stm32cubemx\thirdparties\pdsc\STMicroelectronics.X-CUBE-IPS.3.2.0.pdsc: PDSC version is not supported
2026-02-23 18:10:22,946 [WARN] PackLoader:240 - Cannot read IP mode file for STMicroelectronics.X-CUBE-FREERTOS.1.2.0
2026-02-23 18:10:22,964 [WARN] PackLoader:240 - Cannot read IP mode file for STMicroelectronics.X-CUBE-NFC12.1.0.0
2026-02-23 18:10:22,996 [WARN] PackLoader:240 - Cannot read IP mode file for STMicroelectronics.X-CUBE-AZRTOS-L5.2.0.0
2026-02-23 18:10:23,017 [WARN] PackLoader:240 - Cannot read IP mode file for STMicroelectronics.X-CUBE-NFC6.3.1.0
2026-02-23 18:10:23,100 [WARN] PackLoader:240 - Cannot read IP mode file for STMicroelectronics.X-CUBE-DPower.1.2.0
2026-02-23 18:10:23,127 [WARN] PackLoader:240 - Cannot read IP mode file for STMicroelectronics.X-CUBE-AI.9.0.0
2026-02-23 18:10:23,144 [WARN] PackLoader:240 - Cannot read IP mode file for STMicroelectronics.X-CUBE-FREERTOS.1.3.1
2026-02-23 18:10:23,160 [WARN] PackLoader:240 - Cannot read IP mode file for STMicroelectronics.X-CUBE-FREERTOS.1.3.0
2026-02-23 18:10:23,178 [WARN] PackLoader:240 - Cannot read IP mode file for STMicroelectronics.X-CUBE-NFC7.1.0.1
2026-02-23 18:10:23,202 [WARN] PackLoader:240 - Cannot read IP mode file for STMicroelectronics.X-CUBE-TOUCHGFX.4.26.0
2026-02-23 18:10:23,332 [ERROR] Engine:466 - C:\Users\USER\.stm32cubemx\thirdparties\pdsc\STMicroelectronics.FP-SNS-STAIOTCFT.1.0.0.pdsc: PDSC version is not supported
2026-02-23 18:10:23,348 [WARN] PackLoader:240 - Cannot read IP mode file for STMicroelectronics.X-CUBE-DPower.1.3.0
2026-02-23 18:10:23,379 [WARN] ConditionMgr:438 - getConditionDescription Invalid condition id : LAN8742 Phy interface Condition cause : null
2026-02-23 18:10:23,379 [WARN] PackLoader:240 - Cannot read IP mode file for STMicroelectronics.X-CUBE-AZRTOS-L4.2.0.0
2026-02-23 18:10:23,380 [WARN] ConditionMgr:1039 - genDependencies : Invalid condition id : LAN8742 Phy interface Condition cause : null
2026-02-23 18:10:23,380 [WARN] ConditionMgr:1039 - genDependencies : Invalid condition id : LAN8742 Phy interface Condition cause : null
2026-02-23 18:10:23,384 [WARN] ConditionMgr:1039 - genDependencies : Invalid condition id : LAN8742 Phy interface Condition cause : null
2026-02-23 18:10:23,414 [WARN] PackLoader:240 - Cannot read IP mode file for STMicroelectronics.X-CUBE-SFXS2LP1.4.0.0
2026-02-23 18:10:23,441 [ERROR] Engine:466 - C:\Users\USER\.stm32cubemx\thirdparties\pdsc\STMicroelectronics.X-CUBE-ST67W61.1.2.0.pdsc: PDSC version is not supported
2026-02-23 18:10:23,489 [WARN] PackLoader:240 - Cannot read IP mode file for STMicroelectronics.X-CUBE-AZRTOS-H7.3.3.0
2026-02-23 18:10:23,758 [ERROR] Engine:466 - C:\Users\USER\.stm32cubemx\thirdparties\pdsc\STMicroelectronics.X-CUBE-BLEMGR.4.1.0.pdsc: PDSC version is not supported
2026-02-23 18:10:23,876 [WARN] PackLoader:240 - Cannot read IP mode file for STMicroelectronics.X-CUBE-IPS.3.0.0
2026-02-23 18:10:23,905 [WARN] ConditionMgr:438 - getConditionDescription Invalid condition id : UX DEVICE CLASS RTOS Condition cause : null
2026-02-23 18:10:23,905 [WARN] ConditionMgr:438 - getConditionDescription Invalid condition id : UX DEVICE CLASS RTOS Condition cause : null
2026-02-23 18:10:23,906 [WARN] PackLoader:240 - Cannot read IP mode file for STMicroelectronics.X-CUBE-AZRTOS-WB.2.0.0
2026-02-23 18:10:23,907 [WARN] ConditionMgr:1039 - genDependencies : Invalid condition id : UX DEVICE CLASS RTOS Condition cause : null
2026-02-23 18:10:23,907 [WARN] ConditionMgr:1039 - genDependencies : Invalid condition id : UX DEVICE CLASS RTOS Condition cause : null
2026-02-23 18:10:23,907 [WARN] ConditionMgr:1039 - genDependencies : Invalid condition id : UX DEVICE CLASS RTOS Condition cause : null
2026-02-23 18:10:23,907 [WARN] ConditionMgr:1039 - genDependencies : Invalid condition id : UX DEVICE CLASS RTOS Condition cause : null
2026-02-23 18:10:23,907 [WARN] ConditionMgr:1039 - genDependencies : Invalid condition id : UX DEVICE CLASS RTOS Condition cause : null
2026-02-23 18:10:23,925 [WARN] PackLoader:240 - Cannot read IP mode file for STMicroelectronics.X-CUBE-GNSS1.7.0.0
2026-02-23 18:10:23,942 [WARN] PackLoader:240 - Cannot read IP mode file for STMicroelectronics.X-CUBE-GNSS1.7.0.1
2026-02-23 18:10:23,958 [WARN] PackLoader:240 - Cannot read IP mode file for STMicroelectronics.X-CUBE-TOUCHGFX.4.25.0
2026-02-23 18:10:23,983 [WARN] PackLoader:240 - Cannot read IP mode file for STMicroelectronics.FP-SNS-STBOX1.2.0.0
2026-02-23 18:10:24,017 [WARN] PackLoader:240 - Cannot read IP mode file for STMicroelectronics.X-CUBE-STSE01.2.0.0
2026-02-23 18:10:24,067 [WARN] PackLoader:240 - Cannot read IP mode file for STMicroelectronics.X-CUBE-SUBG2.5.0.0
2026-02-23 18:10:24,110 [WARN] PackLoader:240 - Cannot read IP mode file for STMicroelectronics.X-CUBE-AZRTOS-H7RS.1.1.0
2026-02-23 18:10:24,145 [WARN] PackLoader:240 - Cannot read IP mode file for Cesanta.I-CUBE-Mongoose.7.13.0
2026-02-23 18:10:24,205 [WARN] PackLoader:240 - Cannot read IP mode file for STMicroelectronics.X-CUBE-AZRTOS-G4.2.0.0
2026-02-23 18:10:24,225 [WARN] PackLoader:240 - Cannot read IP mode file for STMicroelectronics.X-CUBE-NFC7.2.0.0
2026-02-23 18:10:24,244 [WARN] PackLoader:240 - Cannot read IP mode file for STMicroelectronics.X-CUBE-ISPU.2.0.0
2026-02-23 18:10:24,264 [ERROR] Engine:466 - C:\Users\USER\.stm32cubemx\thirdparties\pdsc\STMicroelectronics.X-CUBE-IPS.3.1.0.pdsc: PDSC version is not supported
2026-02-23 18:10:24,283 [WARN] PackLoader:240 - Cannot read IP mode file for STMicroelectronics.X-CUBE-ALS.1.0.2
2026-02-23 18:10:24,323 [WARN] PackLoader:240 - Cannot read IP mode file for STMicroelectronics.X-CUBE-MEMS1.10.0.0
2026-02-23 18:10:24,405 [WARN] PackLoader:240 - Cannot read IP mode file for STMicroelectronics.X-CUBE-FREERTOS.1.1.0
2026-02-23 18:10:24,425 [WARN] PackLoader:240 - Cannot read IP mode file for STMicroelectronics.X-CUBE-TOUCHGFX.4.24.2
2026-02-23 18:10:24,454 [WARN] PackLoader:240 - Cannot read IP mode file for STMicroelectronics.X-CUBE-TOUCHGFX.4.24.1
2026-02-23 18:10:24,473 [WARN] PackLoader:240 - Cannot read IP mode file for STMicroelectronics.X-CUBE-STSE01.1.0.0
2026-02-23 18:10:24,498 [WARN] PackLoader:240 - Cannot read IP mode file for wolfSSL.I-CUBE-wolfTPM.3.4.0
2026-02-23 18:10:24,525 [WARN] PackLoader:240 - Cannot read IP mode file for portGmbH.I-Cube-SoM-uGOAL.1.1.0
2026-02-23 18:10:24,545 [WARN] PackLoader:240 - Cannot read IP mode file for STMicroelectronics.X-CUBE-ALS.1.0.1
2026-02-23 18:10:24,597 [WARN] PackLoader:240 - Cannot read IP mode file for STMicroelectronics.X-CUBE-AZRTOS-H7RS.1.0.0
2026-02-23 18:10:24,647 [WARN] PackLoader:240 - Cannot read IP mode file for STMicroelectronics.FP-ATR-ASTRA1.2.0.0
2026-02-23 18:10:24,683 [WARN] PackLoader:240 - Cannot read IP mode file for STMicroelectronics.X-CUBE-TOF1.3.4.2
2026-02-23 18:10:24,707 [ERROR] Engine:466 - C:\Users\USER\.stm32cubemx\thirdparties\pdsc\STMicroelectronics.X-CUBE-TOF1.3.4.3.pdsc: PDSC version is not supported
2026-02-23 18:10:24,727 [WARN] PackLoader:240 - Cannot read IP mode file for STMicroelectronics.X-CUBE-TOF1.3.4.1
2026-02-23 18:10:24,766 [WARN] PackLoader:240 - Cannot read IP mode file for STMicroelectronics.X-CUBE-AZRTOS-H7.3.2.0
2026-02-23 18:10:24,829 [WARN] PackLoader:240 - Cannot read IP mode file for Infineon.AIROC-Wi-Fi-Bluetooth-STM32.1.6.0
2026-02-23 18:10:24,860 [WARN] PackLoader:240 - Cannot read IP mode file for wolfSSL.I-CUBE-wolfSSH.1.4.17
2026-02-23 18:10:24,860 [INFO] ThirdParty:978 - Integrity check success = true
2026-02-23 18:10:24,860 [INFO] IntegrityCheckThread:100 - exiting critical section [integrity check]
2026-02-23 18:10:24,860 [INFO] IntegrityCheckThread:103 - End integrity checks thread
2026-02-23 18:10:24,944 [INFO] WebApp:161 - Instantiating new browser for Auth
2026-02-23 18:10:27,350 [INFO] WebApp:779 - Register for checkConnection events
2026-02-23 18:10:27,351 [INFO] WebApp:414 - Apply proxy settings
2026-02-23 18:10:27,351 [INFO] WebApp:499 - Chromium requires no authentication
2026-02-23 18:10:27,367 [INFO] WebApp:442 - Direct internet connection detected
2026-02-23 18:10:28,066 [INFO] WebApp:192 - Starting web application
2026-02-23 18:10:28,066 [INFO] WebApp:544 - Web application path used D:\Documentos\Electronica\Nueva carpeta\STM32CubeIDE_1.15.0\STM32CubeIDE\plugins\com.st.stm32cube.common.mx_6.11.0.202403141607\db\plugins\mcufinder\reactClient1\index.html
2026-02-23 18:21:11,226 [ERROR] ConfigurationRetriever:142 - IOException on connection: Connect timed out
2026-02-23 21:13:26,779 [ERROR] ConfigurationRetriever:142 - IOException on connection: sw-center.st.com
2026-02-23 21:13:26,780 [ERROR] ConfigurationRetriever:142 - IOException on connection: sw-center.st.com
2026-02-23 21:13:26,780 [ERROR] ConfigurationRetriever:142 - IOException on connection: sw-center.st.com
2026-02-23 21:13:30,990 [ERROR] LogOutputStream:75 - [STDERR_REDIRECT] 
