../Middlewares/ST/touchgfx/framework/include/touchgfx/Screen.hpp:104:18:virtual void touchgfx::Screen::afterTransition()	16	static
../Middlewares/ST/touchgfx/framework/include/touchgfx/Screen.hpp:115:18:virtual void touchgfx::Screen::tearDownScreen()	16	static
../Middlewares/ST/touchgfx/framework/include/touchgfx/Screen.hpp:144:18:virtual void touchgfx::Screen::handleTickEvent()	16	static
../Middlewares/ST/touchgfx/framework/include/touchgfx/Screen.hpp:154:18:virtual void touchgfx::Screen::handleKeyEvent(uint8_t)	16	static
../TouchGFX/gui/include/gui/manual_screen/ManualView.hpp:11:13:ManualView::~ManualView()	16	static
../TouchGFX/gui/include/gui/manual_screen/ManualView.hpp:11:13:virtual ManualView::~ManualView()	16	static
../TouchGFX/gui/src/manual_screen/ManualView.cpp:3:1:ManualView::ManualView()	16	static
../TouchGFX/gui/src/manual_screen/ManualView.cpp:8:6:virtual void ManualView::setupScreen()	16	static
../TouchGFX/gui/src/manual_screen/ManualView.cpp:13:6:virtual void ManualView::tearDownScreen()	16	static
