13:53:47 **** Build of configuration Debug for project VehiculoTT ****
make -j16 all 
arm-none-eabi-gcc "../Drivers/STM32F4xx_HAL_Driver/Src/stm32f4xx_hal.c" -mcpu=cortex-m4 -std=gnu11 -g3 -DDEBUG -DUSE_HAL_DRIVER -DSTM32F411xE -c -I../Core/Inc -I../Drivers/STM32F4xx_HAL_Driver/Inc -I../Drivers/STM32F4xx_HAL_Driver/Inc/Legacy -I../Drivers/CMSIS/Device/ST/STM32F4xx/Include -I../Drivers/CMSIS/Include -O0 -ffunction-sections -fdata-sections -Wall -fstack-usage -fcyclomatic-complexity -MMD -MP -MF"Drivers/STM32F4xx_HAL_Driver/Src/stm32f4xx_hal.d" -MT"Drivers/STM32F4xx_HAL_Driver/Src/stm32f4xx_hal.o" --specs=nano.specs -mfpu=fpv4-sp-d16 -mfloat-abi=hard -mthumb -o "Drivers/STM32F4xx_HAL_Driver/Src/stm32f4xx_hal.o"
arm-none-eabi-gcc "../Drivers/STM32F4xx_HAL_Driver/Src/stm32f4xx_hal_cortex.c" -mcpu=cortex-m4 -std=gnu11 -g3 -DDEBUG -DUSE_HAL_DRIVER -DSTM32F411xE -c -I../Core/Inc -I../Drivers/STM32F4xx_HAL_Driver/Inc -I../Drivers/STM32F4xx_HAL_Driver/Inc/Legacy -I../Drivers/CMSIS/Device/ST/STM32F4xx/Include -I../Drivers/CMSIS/Include -O0 -ffunction-sections -fdata-sections -Wall -fstack-usage -fcyclomatic-complexity -MMD -MP -MF"Drivers/STM32F4xx_HAL_Driver/Src/stm32f4xx_hal_cortex.d" -MT"Drivers/STM32F4xx_HAL_Driver/Src/stm32f4xx_hal_cortex.o" --specs=nano.specs -mfpu=fpv4-sp-d16 -mfloat-abi=hard -mthumb -o "Drivers/STM32F4xx_HAL_Driver/Src/stm32f4xx_hal_cortex.o"
arm-none-eabi-gcc "../Drivers/STM32F4xx_HAL_Driver/Src/stm32f4xx_hal_dma.c" -mcpu=cortex-m4 -std=gnu11 -g3 -DDEBUG -DUSE_HAL_DRIVER -DSTM32F411xE -c -I../Core/Inc -I../Drivers/STM32F4xx_HAL_Driver/Inc -I../Drivers/STM32F4xx_HAL_Driver/Inc/Legacy -I../Drivers/CMSIS/Device/ST/STM32F4xx/Include -I../Drivers/CMSIS/Include -O0 -ffunction-sections -fdata-sections -Wall -fstack-usage -fcyclomatic-complexity -MMD -MP -MF"Drivers/STM32F4xx_HAL_Driver/Src/stm32f4xx_hal_dma.d" -MT"Drivers/STM32F4xx_HAL_Driver/Src/stm32f4xx_hal_dma.o" --specs=nano.specs -mfpu=fpv4-sp-d16 -mfloat-abi=hard -mthumb -o "Drivers/STM32F4xx_HAL_Driver/Src/stm32f4xx_hal_dma.o"
arm-none-eabi-gcc "../Drivers/STM32F4xx_HAL_Driver/Src/stm32f4xx_hal_dma_ex.c" -mcpu=cortex-m4 -std=gnu11 -g3 -DDEBUG -DUSE_HAL_DRIVER -DSTM32F411xE -c -I../Core/Inc -I../Drivers/STM32F4xx_HAL_Driver/Inc -I../Drivers/STM32F4xx_HAL_Driver/Inc/Legacy -I../Drivers/CMSIS/Device/ST/STM32F4xx/Include -I../Drivers/CMSIS/Include -O0 -ffunction-sections -fdata-sections -Wall -fstack-usage -fcyclomatic-complexity -MMD -MP -MF"Drivers/STM32F4xx_HAL_Driver/Src/stm32f4xx_hal_dma_ex.d" -MT"Drivers/STM32F4xx_HAL_Driver/Src/stm32f4xx_hal_dma_ex.o" --specs=nano.specs -mfpu=fpv4-sp-d16 -mfloat-abi=hard -mthumb -o "Drivers/STM32F4xx_HAL_Driver/Src/stm32f4xx_hal_dma_ex.o"
arm-none-eabi-gcc "../Drivers/STM32F4xx_HAL_Driver/Src/stm32f4xx_hal_exti.c" -mcpu=cortex-m4 -std=gnu11 -g3 -DDEBUG -DUSE_HAL_DRIVER -DSTM32F411xE -c -I../Core/Inc -I../Drivers/STM32F4xx_HAL_Driver/Inc -I../Drivers/STM32F4xx_HAL_Driver/Inc/Legacy -I../Drivers/CMSIS/Device/ST/STM32F4xx/Include -I../Drivers/CMSIS/Include -O0 -ffunction-sections -fdata-sections -Wall -fstack-usage -fcyclomatic-complexity -MMD -MP -MF"Drivers/STM32F4xx_HAL_Driver/Src/stm32f4xx_hal_exti.d" -MT"Drivers/STM32F4xx_HAL_Driver/Src/stm32f4xx_hal_exti.o" --specs=nano.specs -mfpu=fpv4-sp-d16 -mfloat-abi=hard -mthumb -o "Drivers/STM32F4xx_HAL_Driver/Src/stm32f4xx_hal_exti.o"
arm-none-eabi-gcc "../Drivers/STM32F4xx_HAL_Driver/Src/stm32f4xx_hal_flash.c" -mcpu=cortex-m4 -std=gnu11 -g3 -DDEBUG -DUSE_HAL_DRIVER -DSTM32F411xE -c -I../Core/Inc -I../Drivers/STM32F4xx_HAL_Driver/Inc -I../Drivers/STM32F4xx_HAL_Driver/Inc/Legacy -I../Drivers/CMSIS/Device/ST/STM32F4xx/Include -I../Drivers/CMSIS/Include -O0 -ffunction-sections -fdata-sections -Wall -fstack-usage -fcyclomatic-complexity -MMD -MP -MF"Drivers/STM32F4xx_HAL_Driver/Src/stm32f4xx_hal_flash.d" -MT"Drivers/STM32F4xx_HAL_Driver/Src/stm32f4xx_hal_flash.o" --specs=nano.specs -mfpu=fpv4-sp-d16 -mfloat-abi=hard -mthumb -o "Drivers/STM32F4xx_HAL_Driver/Src/stm32f4xx_hal_flash.o"
arm-none-eabi-gcc "../Drivers/STM32F4xx_HAL_Driver/Src/stm32f4xx_hal_flash_ex.c" -mcpu=cortex-m4 -std=gnu11 -g3 -DDEBUG -DUSE_HAL_DRIVER -DSTM32F411xE -c -I../Core/Inc -I../Drivers/STM32F4xx_HAL_Driver/Inc -I../Drivers/STM32F4xx_HAL_Driver/Inc/Legacy -I../Drivers/CMSIS/Device/ST/STM32F4xx/Include -I../Drivers/CMSIS/Include -O0 -ffunction-sections -fdata-sections -Wall -fstack-usage -fcyclomatic-complexity -MMD -MP -MF"Drivers/STM32F4xx_HAL_Driver/Src/stm32f4xx_hal_flash_ex.d" -MT"Drivers/STM32F4xx_HAL_Driver/Src/stm32f4xx_hal_flash_ex.o" --specs=nano.specs -mfpu=fpv4-sp-d16 -mfloat-abi=hard -mthumb -o "Drivers/STM32F4xx_HAL_Driver/Src/stm32f4xx_hal_flash_ex.o"
arm-none-eabi-gcc "../Drivers/STM32F4xx_HAL_Driver/Src/stm32f4xx_hal_flash_ramfunc.c" -mcpu=cortex-m4 -std=gnu11 -g3 -DDEBUG -DUSE_HAL_DRIVER -DSTM32F411xE -c -I../Core/Inc -I../Drivers/STM32F4xx_HAL_Driver/Inc -I../Drivers/STM32F4xx_HAL_Driver/Inc/Legacy -I../Drivers/CMSIS/Device/ST/STM32F4xx/Include -I../Drivers/CMSIS/Include -O0 -ffunction-sections -fdata-sections -Wall -fstack-usage -fcyclomatic-complexity -MMD -MP -MF"Drivers/STM32F4xx_HAL_Driver/Src/stm32f4xx_hal_flash_ramfunc.d" -MT"Drivers/STM32F4xx_HAL_Driver/Src/stm32f4xx_hal_flash_ramfunc.o" --specs=nano.specs -mfpu=fpv4-sp-d16 -mfloat-abi=hard -mthumb -o "Drivers/STM32F4xx_HAL_Driver/Src/stm32f4xx_hal_flash_ramfunc.o"
arm-none-eabi-gcc "../Drivers/STM32F4xx_HAL_Driver/Src/stm32f4xx_hal_gpio.c" -mcpu=cortex-m4 -std=gnu11 -g3 -DDEBUG -DUSE_HAL_DRIVER -DSTM32F411xE -c -I../Core/Inc -I../Drivers/STM32F4xx_HAL_Driver/Inc -I../Drivers/STM32F4xx_HAL_Driver/Inc/Legacy -I../Drivers/CMSIS/Device/ST/STM32F4xx/Include -I../Drivers/CMSIS/Include -O0 -ffunction-sections -fdata-sections -Wall -fstack-usage -fcyclomatic-complexity -MMD -MP -MF"Drivers/STM32F4xx_HAL_Driver/Src/stm32f4xx_hal_gpio.d" -MT"Drivers/STM32F4xx_HAL_Driver/Src/stm32f4xx_hal_gpio.o" --specs=nano.specs -mfpu=fpv4-sp-d16 -mfloat-abi=hard -mthumb -o "Drivers/STM32F4xx_HAL_Driver/Src/stm32f4xx_hal_gpio.o"
arm-none-eabi-gcc "../Drivers/STM32F4xx_HAL_Driver/Src/stm32f4xx_hal_i2c.c" -mcpu=cortex-m4 -std=gnu11 -g3 -DDEBUG -DUSE_HAL_DRIVER -DSTM32F411xE -c -I../Core/Inc -I../Drivers/STM32F4xx_HAL_Driver/Inc -I../Drivers/STM32F4xx_HAL_Driver/Inc/Legacy -I../Drivers/CMSIS/Device/ST/STM32F4xx/Include -I../Drivers/CMSIS/Include -O0 -ffunction-sections -fdata-sections -Wall -fstack-usage -fcyclomatic-complexity -MMD -MP -MF"Drivers/STM32F4xx_HAL_Driver/Src/stm32f4xx_hal_i2c.d" -MT"Drivers/STM32F4xx_HAL_Driver/Src/stm32f4xx_hal_i2c.o" --specs=nano.specs -mfpu=fpv4-sp-d16 -mfloat-abi=hard -mthumb -o "Drivers/STM32F4xx_HAL_Driver/Src/stm32f4xx_hal_i2c.o"
arm-none-eabi-gcc "../Drivers/STM32F4xx_HAL_Driver/Src/stm32f4xx_hal_i2c_ex.c" -mcpu=cortex-m4 -std=gnu11 -g3 -DDEBUG -DUSE_HAL_DRIVER -DSTM32F411xE -c -I../Core/Inc -I../Drivers/STM32F4xx_HAL_Driver/Inc -I../Drivers/STM32F4xx_HAL_Driver/Inc/Legacy -I../Drivers/CMSIS/Device/ST/STM32F4xx/Include -I../Drivers/CMSIS/Include -O0 -ffunction-sections -fdata-sections -Wall -fstack-usage -fcyclomatic-complexity -MMD -MP -MF"Drivers/STM32F4xx_HAL_Driver/Src/stm32f4xx_hal_i2c_ex.d" -MT"Drivers/STM32F4xx_HAL_Driver/Src/stm32f4xx_hal_i2c_ex.o" --specs=nano.specs -mfpu=fpv4-sp-d16 -mfloat-abi=hard -mthumb -o "Drivers/STM32F4xx_HAL_Driver/Src/stm32f4xx_hal_i2c_ex.o"
arm-none-eabi-gcc "../Drivers/STM32F4xx_HAL_Driver/Src/stm32f4xx_hal_pwr.c" -mcpu=cortex-m4 -std=gnu11 -g3 -DDEBUG -DUSE_HAL_DRIVER -DSTM32F411xE -c -I../Core/Inc -I../Drivers/STM32F4xx_HAL_Driver/Inc -I../Drivers/STM32F4xx_HAL_Driver/Inc/Legacy -I../Drivers/CMSIS/Device/ST/STM32F4xx/Include -I../Drivers/CMSIS/Include -O0 -ffunction-sections -fdata-sections -Wall -fstack-usage -fcyclomatic-complexity -MMD -MP -MF"Drivers/STM32F4xx_HAL_Driver/Src/stm32f4xx_hal_pwr.d" -MT"Drivers/STM32F4xx_HAL_Driver/Src/stm32f4xx_hal_pwr.o" --specs=nano.specs -mfpu=fpv4-sp-d16 -mfloat-abi=hard -mthumb -o "Drivers/STM32F4xx_HAL_Driver/Src/stm32f4xx_hal_pwr.o"
arm-none-eabi-gcc "../Drivers/STM32F4xx_HAL_Driver/Src/stm32f4xx_hal_pwr_ex.c" -mcpu=cortex-m4 -std=gnu11 -g3 -DDEBUG -DUSE_HAL_DRIVER -DSTM32F411xE -c -I../Core/Inc -I../Drivers/STM32F4xx_HAL_Driver/Inc -I../Drivers/STM32F4xx_HAL_Driver/Inc/Legacy -I../Drivers/CMSIS/Device/ST/STM32F4xx/Include -I../Drivers/CMSIS/Include -O0 -ffunction-sections -fdata-sections -Wall -fstack-usage -fcyclomatic-complexity -MMD -MP -MF"Drivers/STM32F4xx_HAL_Driver/Src/stm32f4xx_hal_pwr_ex.d" -MT"Drivers/STM32F4xx_HAL_Driver/Src/stm32f4xx_hal_pwr_ex.o" --specs=nano.specs -mfpu=fpv4-sp-d16 -mfloat-abi=hard -mthumb -o "Drivers/STM32F4xx_HAL_Driver/Src/stm32f4xx_hal_pwr_ex.o"
arm-none-eabi-gcc "../Drivers/STM32F4xx_HAL_Driver/Src/stm32f4xx_hal_rcc.c" -mcpu=cortex-m4 -std=gnu11 -g3 -DDEBUG -DUSE_HAL_DRIVER -DSTM32F411xE -c -I../Core/Inc -I../Drivers/STM32F4xx_HAL_Driver/Inc -I../Drivers/STM32F4xx_HAL_Driver/Inc/Legacy -I../Drivers/CMSIS/Device/ST/STM32F4xx/Include -I../Drivers/CMSIS/Include -O0 -ffunction-sections -fdata-sections -Wall -fstack-usage -fcyclomatic-complexity -MMD -MP -MF"Drivers/STM32F4xx_HAL_Driver/Src/stm32f4xx_hal_rcc.d" -MT"Drivers/STM32F4xx_HAL_Driver/Src/stm32f4xx_hal_rcc.o" --specs=nano.specs -mfpu=fpv4-sp-d16 -mfloat-abi=hard -mthumb -o "Drivers/STM32F4xx_HAL_Driver/Src/stm32f4xx_hal_rcc.o"
arm-none-eabi-gcc "../Drivers/STM32F4xx_HAL_Driver/Src/stm32f4xx_hal_rcc_ex.c" -mcpu=cortex-m4 -std=gnu11 -g3 -DDEBUG -DUSE_HAL_DRIVER -DSTM32F411xE -c -I../Core/Inc -I../Drivers/STM32F4xx_HAL_Driver/Inc -I../Drivers/STM32F4xx_HAL_Driver/Inc/Legacy -I../Drivers/CMSIS/Device/ST/STM32F4xx/Include -I../Drivers/CMSIS/Include -O0 -ffunction-sections -fdata-sections -Wall -fstack-usage -fcyclomatic-complexity -MMD -MP -MF"Drivers/STM32F4xx_HAL_Driver/Src/stm32f4xx_hal_rcc_ex.d" -MT"Drivers/STM32F4xx_HAL_Driver/Src/stm32f4xx_hal_rcc_ex.o" --specs=nano.specs -mfpu=fpv4-sp-d16 -mfloat-abi=hard -mthumb -o "Drivers/STM32F4xx_HAL_Driver/Src/stm32f4xx_hal_rcc_ex.o"
arm-none-eabi-gcc "../Drivers/STM32F4xx_HAL_Driver/Src/stm32f4xx_hal_tim.c" -mcpu=cortex-m4 -std=gnu11 -g3 -DDEBUG -DUSE_HAL_DRIVER -DSTM32F411xE -c -I../Core/Inc -I../Drivers/STM32F4xx_HAL_Driver/Inc -I../Drivers/STM32F4xx_HAL_Driver/Inc/Legacy -I../Drivers/CMSIS/Device/ST/STM32F4xx/Include -I../Drivers/CMSIS/Include -O0 -ffunction-sections -fdata-sections -Wall -fstack-usage -fcyclomatic-complexity -MMD -MP -MF"Drivers/STM32F4xx_HAL_Driver/Src/stm32f4xx_hal_tim.d" -MT"Drivers/STM32F4xx_HAL_Driver/Src/stm32f4xx_hal_tim.o" --specs=nano.specs -mfpu=fpv4-sp-d16 -mfloat-abi=hard -mthumb -o "Drivers/STM32F4xx_HAL_Driver/Src/stm32f4xx_hal_tim.o"
arm-none-eabi-gcc "../Drivers/STM32F4xx_HAL_Driver/Src/stm32f4xx_hal_tim_ex.c" -mcpu=cortex-m4 -std=gnu11 -g3 -DDEBUG -DUSE_HAL_DRIVER -DSTM32F411xE -c -I../Core/Inc -I../Drivers/STM32F4xx_HAL_Driver/Inc -I../Drivers/STM32F4xx_HAL_Driver/Inc/Legacy -I../Drivers/CMSIS/Device/ST/STM32F4xx/Include -I../Drivers/CMSIS/Include -O0 -ffunction-sections -fdata-sections -Wall -fstack-usage -fcyclomatic-complexity -MMD -MP -MF"Drivers/STM32F4xx_HAL_Driver/Src/stm32f4xx_hal_tim_ex.d" -MT"Drivers/STM32F4xx_HAL_Driver/Src/stm32f4xx_hal_tim_ex.o" --specs=nano.specs -mfpu=fpv4-sp-d16 -mfloat-abi=hard -mthumb -o "Drivers/STM32F4xx_HAL_Driver/Src/stm32f4xx_hal_tim_ex.o"
arm-none-eabi-gcc -mcpu=cortex-m4 -g3 -DDEBUG -c -x assembler-with-cpp -MMD -MP -MF"Core/Startup/startup_stm32f411ceux.d" -MT"Core/Startup/startup_stm32f411ceux.o" --specs=nano.specs -mfpu=fpv4-sp-d16 -mfloat-abi=hard -mthumb -o "Core/Startup/startup_stm32f411ceux.o" "../Core/Startup/startup_stm32f411ceux.s"
arm-none-eabi-gcc "../Core/Src/I2C_LCD.c" -mcpu=cortex-m4 -std=gnu11 -g3 -DDEBUG -DUSE_HAL_DRIVER -DSTM32F411xE -c -I../Core/Inc -I../Drivers/STM32F4xx_HAL_Driver/Inc -I../Drivers/STM32F4xx_HAL_Driver/Inc/Legacy -I../Drivers/CMSIS/Device/ST/STM32F4xx/Include -I../Drivers/CMSIS/Include -O0 -ffunction-sections -fdata-sections -Wall -fstack-usage -fcyclomatic-complexity -MMD -MP -MF"Core/Src/I2C_LCD.d" -MT"Core/Src/I2C_LCD.o" --specs=nano.specs -mfpu=fpv4-sp-d16 -mfloat-abi=hard -mthumb -o "Core/Src/I2C_LCD.o"
arm-none-eabi-gcc "../Core/Src/I2C_LCD_cfg.c" -mcpu=cortex-m4 -std=gnu11 -g3 -DDEBUG -DUSE_HAL_DRIVER -DSTM32F411xE -c -I../Core/Inc -I../Drivers/STM32F4xx_HAL_Driver/Inc -I../Drivers/STM32F4xx_HAL_Driver/Inc/Legacy -I../Drivers/CMSIS/Device/ST/STM32F4xx/Include -I../Drivers/CMSIS/Include -O0 -ffunction-sections -fdata-sections -Wall -fstack-usage -fcyclomatic-complexity -MMD -MP -MF"Core/Src/I2C_LCD_cfg.d" -MT"Core/Src/I2C_LCD_cfg.o" --specs=nano.specs -mfpu=fpv4-sp-d16 -mfloat-abi=hard -mthumb -o "Core/Src/I2C_LCD_cfg.o"
arm-none-eabi-gcc "../Core/Src/main.c" -mcpu=cortex-m4 -std=gnu11 -g3 -DDEBUG -DUSE_HAL_DRIVER -DSTM32F411xE -c -I../Core/Inc -I../Drivers/STM32F4xx_HAL_Driver/Inc -I../Drivers/STM32F4xx_HAL_Driver/Inc/Legacy -I../Drivers/CMSIS/Device/ST/STM32F4xx/Include -I../Drivers/CMSIS/Include -O0 -ffunction-sections -fdata-sections -Wall -fstack-usage -fcyclomatic-complexity -MMD -MP -MF"Core/Src/main.d" -MT"Core/Src/main.o" --specs=nano.specs -mfpu=fpv4-sp-d16 -mfloat-abi=hard -mthumb -o "Core/Src/main.o"
arm-none-eabi-gcc "../Core/Src/stm32f4xx_hal_msp.c" -mcpu=cortex-m4 -std=gnu11 -g3 -DDEBUG -DUSE_HAL_DRIVER -DSTM32F411xE -c -I../Core/Inc -I../Drivers/STM32F4xx_HAL_Driver/Inc -I../Drivers/STM32F4xx_HAL_Driver/Inc/Legacy -I../Drivers/CMSIS/Device/ST/STM32F4xx/Include -I../Drivers/CMSIS/Include -O0 -ffunction-sections -fdata-sections -Wall -fstack-usage -fcyclomatic-complexity -MMD -MP -MF"Core/Src/stm32f4xx_hal_msp.d" -MT"Core/Src/stm32f4xx_hal_msp.o" --specs=nano.specs -mfpu=fpv4-sp-d16 -mfloat-abi=hard -mthumb -o "Core/Src/stm32f4xx_hal_msp.o"
arm-none-eabi-gcc "../Core/Src/stm32f4xx_it.c" -mcpu=cortex-m4 -std=gnu11 -g3 -DDEBUG -DUSE_HAL_DRIVER -DSTM32F411xE -c -I../Core/Inc -I../Drivers/STM32F4xx_HAL_Driver/Inc -I../Drivers/STM32F4xx_HAL_Driver/Inc/Legacy -I../Drivers/CMSIS/Device/ST/STM32F4xx/Include -I../Drivers/CMSIS/Include -O0 -ffunction-sections -fdata-sections -Wall -fstack-usage -fcyclomatic-complexity -MMD -MP -MF"Core/Src/stm32f4xx_it.d" -MT"Core/Src/stm32f4xx_it.o" --specs=nano.specs -mfpu=fpv4-sp-d16 -mfloat-abi=hard -mthumb -o "Core/Src/stm32f4xx_it.o"
arm-none-eabi-gcc "../Core/Src/syscalls.c" -mcpu=cortex-m4 -std=gnu11 -g3 -DDEBUG -DUSE_HAL_DRIVER -DSTM32F411xE -c -I../Core/Inc -I../Drivers/STM32F4xx_HAL_Driver/Inc -I../Drivers/STM32F4xx_HAL_Driver/Inc/Legacy -I../Drivers/CMSIS/Device/ST/STM32F4xx/Include -I../Drivers/CMSIS/Include -O0 -ffunction-sections -fdata-sections -Wall -fstack-usage -fcyclomatic-complexity -MMD -MP -MF"Core/Src/syscalls.d" -MT"Core/Src/syscalls.o" --specs=nano.specs -mfpu=fpv4-sp-d16 -mfloat-abi=hard -mthumb -o "Core/Src/syscalls.o"
arm-none-eabi-gcc "../Core/Src/sysmem.c" -mcpu=cortex-m4 -std=gnu11 -g3 -DDEBUG -DUSE_HAL_DRIVER -DSTM32F411xE -c -I../Core/Inc -I../Drivers/STM32F4xx_HAL_Driver/Inc -I../Drivers/STM32F4xx_HAL_Driver/Inc/Legacy -I../Drivers/CMSIS/Device/ST/STM32F4xx/Include -I../Drivers/CMSIS/Include -O0 -ffunction-sections -fdata-sections -Wall -fstack-usage -fcyclomatic-complexity -MMD -MP -MF"Core/Src/sysmem.d" -MT"Core/Src/sysmem.o" --specs=nano.specs -mfpu=fpv4-sp-d16 -mfloat-abi=hard -mthumb -o "Core/Src/sysmem.o"
arm-none-eabi-gcc "../Core/Src/system_stm32f4xx.c" -mcpu=cortex-m4 -std=gnu11 -g3 -DDEBUG -DUSE_HAL_DRIVER -DSTM32F411xE -c -I../Core/Inc -I../Drivers/STM32F4xx_HAL_Driver/Inc -I../Drivers/STM32F4xx_HAL_Driver/Inc/Legacy -I../Drivers/CMSIS/Device/ST/STM32F4xx/Include -I../Drivers/CMSIS/Include -O0 -ffunction-sections -fdata-sections -Wall -fstack-usage -fcyclomatic-complexity -MMD -MP -MF"Core/Src/system_stm32f4xx.d" -MT"Core/Src/system_stm32f4xx.o" --specs=nano.specs -mfpu=fpv4-sp-d16 -mfloat-abi=hard -mthumb -o "Core/Src/system_stm32f4xx.o"
arm-none-eabi-gcc -o "VehiculoTT.elf" @"objects.list"   -mcpu=cortex-m4 -T"C:\git\VehiculoTT\VehiculoTT\STM32F411CEUX_FLASH.ld" --specs=nosys.specs -Wl,-Map="VehiculoTT.map" -Wl,--gc-sections -static --specs=nano.specs -mfpu=fpv4-sp-d16 -mfloat-abi=hard -mthumb -Wl,--start-group -lc -lm -Wl,--end-group
Finished building target: VehiculoTT.elf
 
arm-none-eabi-size  VehiculoTT.elf 
arm-none-eabi-objdump -h -S VehiculoTT.elf  > "VehiculoTT.list"
   text	   data	    bss	    dec	    hex	filename
   6556	     12	   1652	   8220	   201c	VehiculoTT.elf
Finished building: default.size.stdout
 
Finished building: VehiculoTT.list
 
13:56:05 **** Incremental Build of configuration Debug for project VehiculoTT ****
make -j16 all 
arm-none-eabi-gcc "../Core/Src/main.c" -mcpu=cortex-m4 -std=gnu11 -g3 -DDEBUG -DUSE_HAL_DRIVER -DSTM32F411xE -c -I../Core/Inc -I../Drivers/STM32F4xx_HAL_Driver/Inc -I../Drivers/STM32F4xx_HAL_Driver/Inc/Legacy -I../Drivers/CMSIS/Device/ST/STM32F4xx/Include -I../Drivers/CMSIS/Include -O0 -ffunction-sections -fdata-sections -Wall -fstack-usage -fcyclomatic-complexity -MMD -MP -MF"Core/Src/main.d" -MT"Core/Src/main.o" --specs=nano.specs -mfpu=fpv4-sp-d16 -mfloat-abi=hard -mthumb -o "Core/Src/main.o"
../Core/Src/main.c: In function 'main':
../Core/Src/main.c:80:8: warning: unused variable 'buffer' [-Wunused-variable]
   80 |   char buffer[11];
      |        ^~~~~~
arm-none-eabi-gcc -o "VehiculoTT.elf" @"objects.list"   -mcpu=cortex-m4 -T"C:\git\VehiculoTT\VehiculoTT\STM32F411CEUX_FLASH.ld" --specs=nosys.specs -Wl,-Map="VehiculoTT.map" -Wl,--gc-sections -static --specs=nano.specs -mfpu=fpv4-sp-d16 -mfloat-abi=hard -mthumb -Wl,--start-group -lc -lm -Wl,--end-group
Finished building target: VehiculoTT.elf
 
arm-none-eabi-size  VehiculoTT.elf 
arm-none-eabi-objdump -h -S VehiculoTT.elf  > "VehiculoTT.list"
   text	   data	    bss	    dec	    hex	filename
   9488	     12	   1660	  11160	   2b98	VehiculoTT.elf
Finished building: default.size.stdout
 
Finished building: VehiculoTT.list
 
14:08:02 **** Incremental Build of configuration Debug for project VehiculoTT ****
make -j16 all 
arm-none-eabi-gcc "../Core/Src/main.c" -mcpu=cortex-m4 -std=gnu11 -g3 -DDEBUG -DUSE_HAL_DRIVER -DSTM32F411xE -c -I../Core/Inc -I../Drivers/STM32F4xx_HAL_Driver/Inc -I../Drivers/STM32F4xx_HAL_Driver/Inc/Legacy -I../Drivers/CMSIS/Device/ST/STM32F4xx/Include -I../Drivers/CMSIS/Include -O0 -ffunction-sections -fdata-sections -Wall -fstack-usage -fcyclomatic-complexity -MMD -MP -MF"Core/Src/main.d" -MT"Core/Src/main.o" --specs=nano.specs -mfpu=fpv4-sp-d16 -mfloat-abi=hard -mthumb -o "Core/Src/main.o"
../Core/Src/main.c: In function 'main':
../Core/Src/main.c:98:3: warning: implicit declaration of function 'I2C_LCD_NoBackLight'; did you mean 'I2C_LCD_NoBacklight'? [-Wimplicit-function-declaration]
   98 |   I2C_LCD_NoBackLight(LCD);
      |   ^~~~~~~~~~~~~~~~~~~
      |   I2C_LCD_NoBacklight
../Core/Src/main.c:80:8: warning: unused variable 'buffer' [-Wunused-variable]
   80 |   char buffer[11];
      |        ^~~~~~
arm-none-eabi-gcc -o "VehiculoTT.elf" @"objects.list"   -mcpu=cortex-m4 -T"C:\git\VehiculoTT\VehiculoTT\STM32F411CEUX_FLASH.ld" --specs=nosys.specs -Wl,-Map="VehiculoTT.map" -Wl,--gc-sections -static --specs=nano.specs -mfpu=fpv4-sp-d16 -mfloat-abi=hard -mthumb -Wl,--start-group -lc -lm -Wl,--end-group
D:\Documentos\Electronica\Nueva carpeta\STM32CubeIDE_1.15.0\STM32CubeIDE\plugins\com.st.stm32cube.ide.mcu.externaltools.gnu-tools-for-stm32.12.3.rel1.win32_1.0.100.202403111256\tools\arm-none-eabi\bin\ld.exe: ./Core/Src/main.o: in function `main':
C:/git/VehiculoTT/VehiculoTT/Debug/../Core/Src/main.c:98: undefined reference to `I2C_LCD_NoBackLight'
collect2.exe: error: ld returned 1 exit status
make: *** [makefile:64: VehiculoTT.elf] Error 1
"make -j16 all" terminated with exit code 2. Build might be incomplete.
14:08:20 **** Incremental Build of configuration Debug for project VehiculoTT ****
make -j16 all 
arm-none-eabi-gcc "../Core/Src/main.c" -mcpu=cortex-m4 -std=gnu11 -g3 -DDEBUG -DUSE_HAL_DRIVER -DSTM32F411xE -c -I../Core/Inc -I../Drivers/STM32F4xx_HAL_Driver/Inc -I../Drivers/STM32F4xx_HAL_Driver/Inc/Legacy -I../Drivers/CMSIS/Device/ST/STM32F4xx/Include -I../Drivers/CMSIS/Include -O0 -ffunction-sections -fdata-sections -Wall -fstack-usage -fcyclomatic-complexity -MMD -MP -MF"Core/Src/main.d" -MT"Core/Src/main.o" --specs=nano.specs -mfpu=fpv4-sp-d16 -mfloat-abi=hard -mthumb -o "Core/Src/main.o"
../Core/Src/main.c: In function 'main':
../Core/Src/main.c:80:8: warning: unused variable 'buffer' [-Wunused-variable]
   80 |   char buffer[11];
      |        ^~~~~~
arm-none-eabi-gcc -o "VehiculoTT.elf" @"objects.list"   -mcpu=cortex-m4 -T"C:\git\VehiculoTT\VehiculoTT\STM32F411CEUX_FLASH.ld" --specs=nosys.specs -Wl,-Map="VehiculoTT.map" -Wl,--gc-sections -static --specs=nano.specs -mfpu=fpv4-sp-d16 -mfloat-abi=hard -mthumb -Wl,--start-group -lc -lm -Wl,--end-group
Finished building target: VehiculoTT.elf
 
arm-none-eabi-size  VehiculoTT.elf 
arm-none-eabi-objdump -h -S VehiculoTT.elf  > "VehiculoTT.list"
   text	   data	    bss	    dec	    hex	filename
   9612	     12	   1660	  11284	   2c14	VehiculoTT.elf
Finished building: default.size.stdout
 
Finished building: VehiculoTT.list
 
14:10:44 **** Incremental Build of configuration Debug for project VehiculoTT ****
make -j16 all 
arm-none-eabi-gcc "../Core/Src/I2C_LCD_cfg.c" -mcpu=cortex-m4 -std=gnu11 -g3 -DDEBUG -DUSE_HAL_DRIVER -DSTM32F411xE -c -I../Core/Inc -I../Drivers/STM32F4xx_HAL_Driver/Inc -I../Drivers/STM32F4xx_HAL_Driver/Inc/Legacy -I../Drivers/CMSIS/Device/ST/STM32F4xx/Include -I../Drivers/CMSIS/Include -O0 -ffunction-sections -fdata-sections -Wall -fstack-usage -fcyclomatic-complexity -MMD -MP -MF"Core/Src/I2C_LCD_cfg.d" -MT"Core/Src/I2C_LCD_cfg.o" --specs=nano.specs -mfpu=fpv4-sp-d16 -mfloat-abi=hard -mthumb -o "Core/Src/I2C_LCD_cfg.o"
arm-none-eabi-gcc -o "VehiculoTT.elf" @"objects.list"   -mcpu=cortex-m4 -T"C:\git\VehiculoTT\VehiculoTT\STM32F411CEUX_FLASH.ld" --specs=nosys.specs -Wl,-Map="VehiculoTT.map" -Wl,--gc-sections -static --specs=nano.specs -mfpu=fpv4-sp-d16 -mfloat-abi=hard -mthumb -Wl,--start-group -lc -lm -Wl,--end-group
Finished building target: VehiculoTT.elf
 
arm-none-eabi-size  VehiculoTT.elf 
arm-none-eabi-objdump -h -S VehiculoTT.elf  > "VehiculoTT.list"
   text	   data	    bss	    dec	    hex	filename
   9612	     12	   1660	  11284	   2c14	VehiculoTT.elf
Finished building: default.size.stdout
 
Finished building: VehiculoTT.list
 
14:16:16 **** Incremental Build of configuration Debug for project VehiculoTT ****
make -j16 all 
arm-none-eabi-gcc "../Core/Src/main.c" -mcpu=cortex-m4 -std=gnu11 -g3 -DDEBUG -DUSE_HAL_DRIVER -DSTM32F411xE -c -I../Core/Inc -I../Drivers/STM32F4xx_HAL_Driver/Inc -I../Drivers/STM32F4xx_HAL_Driver/Inc/Legacy -I../Drivers/CMSIS/Device/ST/STM32F4xx/Include -I../Drivers/CMSIS/Include -O0 -ffunction-sections -fdata-sections -Wall -fstack-usage -fcyclomatic-complexity -MMD -MP -MF"Core/Src/main.d" -MT"Core/Src/main.o" --specs=nano.specs -mfpu=fpv4-sp-d16 -mfloat-abi=hard -mthumb -o "Core/Src/main.o"
../Core/Src/main.c: In function 'main':
../Core/Src/main.c:95:16: error: 'MyI2C_LCD' undeclared (first use in this function)
   95 |   I2C_LCD_Init(MyI2C_LCD);
      |                ^~~~~~~~~
../Core/Src/main.c:95:16: note: each undeclared identifier is reported only once for each function it appears in
../Core/Src/main.c:81:8: warning: unused variable 'buffer' [-Wunused-variable]
   81 |   char buffer[11];
      |        ^~~~~~
make: *** [Core/Src/subdir.mk:40: Core/Src/main.o] Error 1
"make -j16 all" terminated with exit code 2. Build might be incomplete.
14:16:51 **** Incremental Build of configuration Debug for project VehiculoTT ****
make -j16 all 
arm-none-eabi-gcc "../Core/Src/main.c" -mcpu=cortex-m4 -std=gnu11 -g3 -DDEBUG -DUSE_HAL_DRIVER -DSTM32F411xE -c -I../Core/Inc -I../Drivers/STM32F4xx_HAL_Driver/Inc -I../Drivers/STM32F4xx_HAL_Driver/Inc/Legacy -I../Drivers/CMSIS/Device/ST/STM32F4xx/Include -I../Drivers/CMSIS/Include -O0 -ffunction-sections -fdata-sections -Wall -fstack-usage -fcyclomatic-complexity -MMD -MP -MF"Core/Src/main.d" -MT"Core/Src/main.o" --specs=nano.specs -mfpu=fpv4-sp-d16 -mfloat-abi=hard -mthumb -o "Core/Src/main.o"
../Core/Src/main.c: In function 'main':
../Core/Src/main.c:95:16: error: 'MyI2C_LCD' undeclared (first use in this function)
   95 |   I2C_LCD_Init(MyI2C_LCD);
      |                ^~~~~~~~~
../Core/Src/main.c:95:16: note: each undeclared identifier is reported only once for each function it appears in
../Core/Src/main.c:81:8: warning: unused variable 'buffer' [-Wunused-variable]
   81 |   char buffer[11];
      |        ^~~~~~
make: *** [Core/Src/subdir.mk:40: Core/Src/main.o] Error 1
"make -j16 all" terminated with exit code 2. Build might be incomplete.
14:17:07 **** Incremental Build of configuration Debug for project VehiculoTT ****
make -j16 all 
arm-none-eabi-gcc "../Core/Src/main.c" -mcpu=cortex-m4 -std=gnu11 -g3 -DDEBUG -DUSE_HAL_DRIVER -DSTM32F411xE -c -I../Core/Inc -I../Drivers/STM32F4xx_HAL_Driver/Inc -I../Drivers/STM32F4xx_HAL_Driver/Inc/Legacy -I../Drivers/CMSIS/Device/ST/STM32F4xx/Include -I../Drivers/CMSIS/Include -O0 -ffunction-sections -fdata-sections -Wall -fstack-usage -fcyclomatic-complexity -MMD -MP -MF"Core/Src/main.d" -MT"Core/Src/main.o" --specs=nano.specs -mfpu=fpv4-sp-d16 -mfloat-abi=hard -mthumb -o "Core/Src/main.o"
../Core/Src/main.c: In function 'main':
../Core/Src/main.c:95:16: error: 'MyI2C_LCD' undeclared (first use in this function)
   95 |   I2C_LCD_Init(MyI2C_LCD);
      |                ^~~~~~~~~
../Core/Src/main.c:95:16: note: each undeclared identifier is reported only once for each function it appears in
../Core/Src/main.c:81:8: warning: unused variable 'buffer' [-Wunused-variable]
   81 |   char buffer[11];
      |        ^~~~~~
make: *** [Core/Src/subdir.mk:40: Core/Src/main.o] Error 1
"make -j16 all" terminated with exit code 2. Build might be incomplete.
14:18:03 **** Incremental Build of configuration Debug for project VehiculoTT ****
make -j16 all 
arm-none-eabi-gcc "../Core/Src/main.c" -mcpu=cortex-m4 -std=gnu11 -g3 -DDEBUG -DUSE_HAL_DRIVER -DSTM32F411xE -c -I../Core/Inc -I../Drivers/STM32F4xx_HAL_Driver/Inc -I../Drivers/STM32F4xx_HAL_Driver/Inc/Legacy -I../Drivers/CMSIS/Device/ST/STM32F4xx/Include -I../Drivers/CMSIS/Include -O0 -ffunction-sections -fdata-sections -Wall -fstack-usage -fcyclomatic-complexity -MMD -MP -MF"Core/Src/main.d" -MT"Core/Src/main.o" --specs=nano.specs -mfpu=fpv4-sp-d16 -mfloat-abi=hard -mthumb -o "Core/Src/main.o"
../Core/Src/main.c: In function 'main':
../Core/Src/main.c:95:16: error: 'MyI2C_LCD' undeclared (first use in this function)
   95 |   I2C_LCD_Init(MyI2C_LCD);
      |                ^~~~~~~~~
../Core/Src/main.c:95:16: note: each undeclared identifier is reported only once for each function it appears in
../Core/Src/main.c:81:8: warning: unused variable 'buffer' [-Wunused-variable]
   81 |   char buffer[11];
      |        ^~~~~~
make: *** [Core/Src/subdir.mk:40: Core/Src/main.o] Error 1
"make -j16 all" terminated with exit code 2. Build might be incomplete.
14:18:20 **** Incremental Build of configuration Debug for project VehiculoTT ****
make -j16 all 
arm-none-eabi-gcc "../Core/Src/main.c" -mcpu=cortex-m4 -std=gnu11 -g3 -DDEBUG -DUSE_HAL_DRIVER -DSTM32F411xE -c -I../Core/Inc -I../Drivers/STM32F4xx_HAL_Driver/Inc -I../Drivers/STM32F4xx_HAL_Driver/Inc/Legacy -I../Drivers/CMSIS/Device/ST/STM32F4xx/Include -I../Drivers/CMSIS/Include -O0 -ffunction-sections -fdata-sections -Wall -fstack-usage -fcyclomatic-complexity -MMD -MP -MF"Core/Src/main.d" -MT"Core/Src/main.o" --specs=nano.specs -mfpu=fpv4-sp-d16 -mfloat-abi=hard -mthumb -o "Core/Src/main.o"
../Core/Src/main.c: In function 'main':
../Core/Src/main.c:96:29: error: 'MyI2C_LCD' undeclared (first use in this function)
   96 |    I2C_LCD_CreateCustomChar(MyI2C_LCD, 0, HeartChar);
      |                             ^~~~~~~~~
../Core/Src/main.c:96:29: note: each undeclared identifier is reported only once for each function it appears in
../Core/Src/main.c:81:8: warning: unused variable 'buffer' [-Wunused-variable]
   81 |   char buffer[11];
      |        ^~~~~~
make: *** [Core/Src/subdir.mk:40: Core/Src/main.o] Error 1
"make -j16 all" terminated with exit code 2. Build might be incomplete.
14:19:16 **** Incremental Build of configuration Debug for project VehiculoTT ****
make -j16 all 
arm-none-eabi-gcc "../Core/Src/main.c" -mcpu=cortex-m4 -std=gnu11 -g3 -DDEBUG -DUSE_HAL_DRIVER -DSTM32F411xE -c -I../Core/Inc -I../Drivers/STM32F4xx_HAL_Driver/Inc -I../Drivers/STM32F4xx_HAL_Driver/Inc/Legacy -I../Drivers/CMSIS/Device/ST/STM32F4xx/Include -I../Drivers/CMSIS/Include -O0 -ffunction-sections -fdata-sections -Wall -fstack-usage -fcyclomatic-complexity -MMD -MP -MF"Core/Src/main.d" -MT"Core/Src/main.o" --specs=nano.specs -mfpu=fpv4-sp-d16 -mfloat-abi=hard -mthumb -o "Core/Src/main.o"
../Core/Src/main.c: In function 'main':
../Core/Src/main.c:81:8: warning: unused variable 'buffer' [-Wunused-variable]
   81 |   char buffer[11];
      |        ^~~~~~
arm-none-eabi-gcc -o "VehiculoTT.elf" @"objects.list"   -mcpu=cortex-m4 -T"C:\git\VehiculoTT\VehiculoTT\STM32F411CEUX_FLASH.ld" --specs=nosys.specs -Wl,-Map="VehiculoTT.map" -Wl,--gc-sections -static --specs=nano.specs -mfpu=fpv4-sp-d16 -mfloat-abi=hard -mthumb -Wl,--start-group -lc -lm -Wl,--end-group
Finished building target: VehiculoTT.elf
 
arm-none-eabi-size  VehiculoTT.elf 
arm-none-eabi-objdump -h -S VehiculoTT.elf  > "VehiculoTT.list"
   text	   data	    bss	    dec	    hex	filename
  10520	     28	   1660	  12208	   2fb0	VehiculoTT.elf
Finished building: default.size.stdout
 
Finished building: VehiculoTT.list
 
14:35:22 **** Incremental Build of configuration Debug for project VehiculoTT ****
make -j16 all 
arm-none-eabi-gcc "../Core/Src/I2C_LCD_cfg.c" -mcpu=cortex-m4 -std=gnu11 -g3 -DDEBUG -DUSE_HAL_DRIVER -DSTM32F411xE -c -I../Core/Inc -I../Drivers/STM32F4xx_HAL_Driver/Inc -I../Drivers/STM32F4xx_HAL_Driver/Inc/Legacy -I../Drivers/CMSIS/Device/ST/STM32F4xx/Include -I../Drivers/CMSIS/Include -O0 -ffunction-sections -fdata-sections -Wall -fstack-usage -fcyclomatic-complexity -MMD -MP -MF"Core/Src/I2C_LCD_cfg.d" -MT"Core/Src/I2C_LCD_cfg.o" --specs=nano.specs -mfpu=fpv4-sp-d16 -mfloat-abi=hard -mthumb -o "Core/Src/I2C_LCD_cfg.o"
arm-none-eabi-gcc "../Core/Src/main.c" -mcpu=cortex-m4 -std=gnu11 -g3 -DDEBUG -DUSE_HAL_DRIVER -DSTM32F411xE -c -I../Core/Inc -I../Drivers/STM32F4xx_HAL_Driver/Inc -I../Drivers/STM32F4xx_HAL_Driver/Inc/Legacy -I../Drivers/CMSIS/Device/ST/STM32F4xx/Include -I../Drivers/CMSIS/Include -O0 -ffunction-sections -fdata-sections -Wall -fstack-usage -fcyclomatic-complexity -MMD -MP -MF"Core/Src/main.d" -MT"Core/Src/main.o" --specs=nano.specs -mfpu=fpv4-sp-d16 -mfloat-abi=hard -mthumb -o "Core/Src/main.o"
arm-none-eabi-gcc -o "VehiculoTT.elf" @"objects.list"   -mcpu=cortex-m4 -T"C:\git\VehiculoTT\VehiculoTT\STM32F411CEUX_FLASH.ld" --specs=nosys.specs -Wl,-Map="VehiculoTT.map" -Wl,--gc-sections -static --specs=nano.specs -mfpu=fpv4-sp-d16 -mfloat-abi=hard -mthumb -Wl,--start-group -lc -lm -Wl,--end-group
Finished building target: VehiculoTT.elf
 
arm-none-eabi-size  VehiculoTT.elf 
arm-none-eabi-objdump -h -S VehiculoTT.elf  > "VehiculoTT.list"
   text	   data	    bss	    dec	    hex	filename
   8820	     12	   1652	  10484	   28f4	VehiculoTT.elf
Finished building: default.size.stdout
 
Finished building: VehiculoTT.list
 
14:40:55 **** Incremental Build of configuration Debug for project VehiculoTT ****
make -j16 all 
arm-none-eabi-gcc "../Core/Src/main.c" -mcpu=cortex-m4 -std=gnu11 -g3 -DDEBUG -DUSE_HAL_DRIVER -DSTM32F411xE -c -I../Core/Inc -I../Drivers/STM32F4xx_HAL_Driver/Inc -I../Drivers/STM32F4xx_HAL_Driver/Inc/Legacy -I../Drivers/CMSIS/Device/ST/STM32F4xx/Include -I../Drivers/CMSIS/Include -O0 -ffunction-sections -fdata-sections -Wall -fstack-usage -fcyclomatic-complexity -MMD -MP -MF"Core/Src/main.d" -MT"Core/Src/main.o" --specs=nano.specs -mfpu=fpv4-sp-d16 -mfloat-abi=hard -mthumb -o "Core/Src/main.o"
arm-none-eabi-gcc -o "VehiculoTT.elf" @"objects.list"   -mcpu=cortex-m4 -T"C:\git\VehiculoTT\VehiculoTT\STM32F411CEUX_FLASH.ld" --specs=nosys.specs -Wl,-Map="VehiculoTT.map" -Wl,--gc-sections -static --specs=nano.specs -mfpu=fpv4-sp-d16 -mfloat-abi=hard -mthumb -Wl,--start-group -lc -lm -Wl,--end-group
Finished building target: VehiculoTT.elf
 
arm-none-eabi-size  VehiculoTT.elf 
arm-none-eabi-objdump -h -S VehiculoTT.elf  > "VehiculoTT.list"
   text	   data	    bss	    dec	    hex	filename
   8820	     12	   1652	  10484	   28f4	VehiculoTT.elf
Finished building: default.size.stdout
 
Finished building: VehiculoTT.list
 
14:55:48 **** Incremental Build of configuration Debug for project VehiculoTT ****
make -j16 all 
arm-none-eabi-gcc "../Core/Src/main.c" -mcpu=cortex-m4 -std=gnu11 -g3 -DDEBUG -DUSE_HAL_DRIVER -DSTM32F411xE -c -I../Core/Inc -I../Drivers/STM32F4xx_HAL_Driver/Inc -I../Drivers/STM32F4xx_HAL_Driver/Inc/Legacy -I../Drivers/CMSIS/Device/ST/STM32F4xx/Include -I../Drivers/CMSIS/Include -O0 -ffunction-sections -fdata-sections -Wall -fstack-usage -fcyclomatic-complexity -MMD -MP -MF"Core/Src/main.d" -MT"Core/Src/main.o" --specs=nano.specs -mfpu=fpv4-sp-d16 -mfloat-abi=hard -mthumb -o "Core/Src/main.o"
../Core/Src/main.c: In function 'MPU6050_Init':
../Core/Src/main.c:129:11: warning: unused variable 'Data' [-Wunused-variable]
  129 |   uint8_t Data;
      |           ^~~~
arm-none-eabi-gcc -o "VehiculoTT.elf" @"objects.list"   -mcpu=cortex-m4 -T"C:\git\VehiculoTT\VehiculoTT\STM32F411CEUX_FLASH.ld" --specs=nosys.specs -Wl,-Map="VehiculoTT.map" -Wl,--gc-sections -static --specs=nano.specs -mfpu=fpv4-sp-d16 -mfloat-abi=hard -mthumb -Wl,--start-group -lc -lm -Wl,--end-group
Finished building target: VehiculoTT.elf
 
arm-none-eabi-size  VehiculoTT.elf 
arm-none-eabi-objdump -h -S VehiculoTT.elf  > "VehiculoTT.list"
   text	   data	    bss	    dec	    hex	filename
  10544	     12	   1652	  12208	   2fb0	VehiculoTT.elf
Finished building: default.size.stdout
 
Finished building: VehiculoTT.list
 
15:09:23 **** Incremental Build of configuration Debug for project VehiculoTT ****
make -j16 all 
arm-none-eabi-gcc "../Core/Src/main.c" -mcpu=cortex-m4 -std=gnu11 -g3 -DDEBUG -DUSE_HAL_DRIVER -DSTM32F411xE -c -I../Core/Inc -I../Drivers/STM32F4xx_HAL_Driver/Inc -I../Drivers/STM32F4xx_HAL_Driver/Inc/Legacy -I../Drivers/CMSIS/Device/ST/STM32F4xx/Include -I../Drivers/CMSIS/Include -O0 -ffunction-sections -fdata-sections -Wall -fstack-usage -fcyclomatic-complexity -MMD -MP -MF"Core/Src/main.d" -MT"Core/Src/main.o" --specs=nano.specs -mfpu=fpv4-sp-d16 -mfloat-abi=hard -mthumb -o "Core/Src/main.o"
../Core/Src/main.c:222:5: error: redefinition of 'main'
  222 | int main(void)
      |     ^~~~
../Core/Src/main.c:174:5: note: previous definition of 'main' with type 'int(void)'
  174 | int main(void)
      |     ^~~~
make: *** [Core/Src/subdir.mk:40: Core/Src/main.o] Error 1
"make -j16 all" terminated with exit code 2. Build might be incomplete.
15:11:33 **** Incremental Build of configuration Debug for project VehiculoTT ****
make -j16 all 
arm-none-eabi-gcc "../Core/Src/main.c" -mcpu=cortex-m4 -std=gnu11 -g3 -DDEBUG -DUSE_HAL_DRIVER -DSTM32F411xE -c -I../Core/Inc -I../Drivers/STM32F4xx_HAL_Driver/Inc -I../Drivers/STM32F4xx_HAL_Driver/Inc/Legacy -I../Drivers/CMSIS/Device/ST/STM32F4xx/Include -I../Drivers/CMSIS/Include -O0 -ffunction-sections -fdata-sections -Wall -fstack-usage -fcyclomatic-complexity -MMD -MP -MF"Core/Src/main.d" -MT"Core/Src/main.o" --specs=nano.specs -mfpu=fpv4-sp-d16 -mfloat-abi=hard -mthumb -o "Core/Src/main.o"
arm-none-eabi-gcc -o "VehiculoTT.elf" @"objects.list"   -mcpu=cortex-m4 -T"C:\git\VehiculoTT\VehiculoTT\STM32F411CEUX_FLASH.ld" --specs=nosys.specs -Wl,-Map="VehiculoTT.map" -Wl,--gc-sections -static --specs=nano.specs -mfpu=fpv4-sp-d16 -mfloat-abi=hard -mthumb -Wl,--start-group -lc -lm -Wl,--end-group
Finished building target: VehiculoTT.elf
 
arm-none-eabi-size  VehiculoTT.elf 
arm-none-eabi-objdump -h -S VehiculoTT.elf  > "VehiculoTT.list"
   text	   data	    bss	    dec	    hex	filename
  10636	     12	   1652	  12300	   300c	VehiculoTT.elf
Finished building: default.size.stdout
 
Finished building: VehiculoTT.list
 
15:14:06 **** Incremental Build of configuration Debug for project VehiculoTT ****
make -j16 all 
arm-none-eabi-gcc "../Core/Src/main.c" -mcpu=cortex-m4 -std=gnu11 -g3 -DDEBUG -DUSE_HAL_DRIVER -DSTM32F411xE -c -I../Core/Inc -I../Drivers/STM32F4xx_HAL_Driver/Inc -I../Drivers/STM32F4xx_HAL_Driver/Inc/Legacy -I../Drivers/CMSIS/Device/ST/STM32F4xx/Include -I../Drivers/CMSIS/Include -O0 -ffunction-sections -fdata-sections -Wall -fstack-usage -fcyclomatic-complexity -MMD -MP -MF"Core/Src/main.d" -MT"Core/Src/main.o" --specs=nano.specs -mfpu=fpv4-sp-d16 -mfloat-abi=hard -mthumb -o "Core/Src/main.o"
arm-none-eabi-gcc -o "VehiculoTT.elf" @"objects.list"   -mcpu=cortex-m4 -T"C:\git\VehiculoTT\VehiculoTT\STM32F411CEUX_FLASH.ld" --specs=nosys.specs -Wl,-Map="VehiculoTT.map" -Wl,--gc-sections -static --specs=nano.specs -mfpu=fpv4-sp-d16 -mfloat-abi=hard -mthumb -Wl,--start-group -lc -lm -Wl,--end-group
Finished building target: VehiculoTT.elf
 
arm-none-eabi-size  VehiculoTT.elf 
arm-none-eabi-objdump -h -S VehiculoTT.elf  > "VehiculoTT.list"
   text	   data	    bss	    dec	    hex	filename
  10636	     12	   1652	  12300	   300c	VehiculoTT.elf
Finished building: default.size.stdout
 
Finished building: VehiculoTT.list
 
15:17:46 **** Incremental Build of configuration Debug for project VehiculoTT ****
make -j16 all 
arm-none-eabi-gcc "../Core/Src/main.c" -mcpu=cortex-m4 -std=gnu11 -g3 -DDEBUG -DUSE_HAL_DRIVER -DSTM32F411xE -c -I../Core/Inc -I../Drivers/STM32F4xx_HAL_Driver/Inc -I../Drivers/STM32F4xx_HAL_Driver/Inc/Legacy -I../Drivers/CMSIS/Device/ST/STM32F4xx/Include -I../Drivers/CMSIS/Include -O0 -ffunction-sections -fdata-sections -Wall -fstack-usage -fcyclomatic-complexity -MMD -MP -MF"Core/Src/main.d" -MT"Core/Src/main.o" --specs=nano.specs -mfpu=fpv4-sp-d16 -mfloat-abi=hard -mthumb -o "Core/Src/main.o"
../Core/Src/main.c: In function 'I2C_Scan':
../Core/Src/main.c:170:13: warning: implicit declaration of function 'sprintf' [-Wimplicit-function-declaration]
  170 |             sprintf(msg, "0x%02X", i);
      |             ^~~~~~~
../Core/Src/main.c:25:1: note: include '<stdio.h>' or provide a declaration of 'sprintf'
   24 | #include "string.h"
  +++ |+#include <stdio.h>
   25 | 
../Core/Src/main.c:170:13: warning: incompatible implicit declaration of built-in function 'sprintf' [-Wbuiltin-declaration-mismatch]
  170 |             sprintf(msg, "0x%02X", i);
      |             ^~~~~~~
../Core/Src/main.c:170:13: note: include '<stdio.h>' or provide a declaration of 'sprintf'
arm-none-eabi-gcc -o "VehiculoTT.elf" @"objects.list"   -mcpu=cortex-m4 -T"C:\git\VehiculoTT\VehiculoTT\STM32F411CEUX_FLASH.ld" --specs=nosys.specs -Wl,-Map="VehiculoTT.map" -Wl,--gc-sections -static --specs=nano.specs -mfpu=fpv4-sp-d16 -mfloat-abi=hard -mthumb -Wl,--start-group -lc -lm -Wl,--end-group
Finished building target: VehiculoTT.elf
 
arm-none-eabi-size  VehiculoTT.elf 
arm-none-eabi-objdump -h -S VehiculoTT.elf  > "VehiculoTT.list"
   text	   data	    bss	    dec	    hex	filename
  12072	     92	   1988	  14152	   3748	VehiculoTT.elf
Finished building: default.size.stdout
 
Finished building: VehiculoTT.list
 
15:18:08 **** Incremental Build of configuration Debug for project VehiculoTT ****
make -j16 all 
arm-none-eabi-gcc "../Core/Src/main.c" -mcpu=cortex-m4 -std=gnu11 -g3 -DDEBUG -DUSE_HAL_DRIVER -DSTM32F411xE -c -I../Core/Inc -I../Drivers/STM32F4xx_HAL_Driver/Inc -I../Drivers/STM32F4xx_HAL_Driver/Inc/Legacy -I../Drivers/CMSIS/Device/ST/STM32F4xx/Include -I../Drivers/CMSIS/Include -O0 -ffunction-sections -fdata-sections -Wall -fstack-usage -fcyclomatic-complexity -MMD -MP -MF"Core/Src/main.d" -MT"Core/Src/main.o" --specs=nano.specs -mfpu=fpv4-sp-d16 -mfloat-abi=hard -mthumb -o "Core/Src/main.o"
arm-none-eabi-gcc -o "VehiculoTT.elf" @"objects.list"   -mcpu=cortex-m4 -T"C:\git\VehiculoTT\VehiculoTT\STM32F411CEUX_FLASH.ld" --specs=nosys.specs -Wl,-Map="VehiculoTT.map" -Wl,--gc-sections -static --specs=nano.specs -mfpu=fpv4-sp-d16 -mfloat-abi=hard -mthumb -Wl,--start-group -lc -lm -Wl,--end-group
Finished building target: VehiculoTT.elf
 
arm-none-eabi-size  VehiculoTT.elf 
arm-none-eabi-objdump -h -S VehiculoTT.elf  > "VehiculoTT.list"
   text	   data	    bss	    dec	    hex	filename
  12072	     92	   1988	  14152	   3748	VehiculoTT.elf
Finished building: default.size.stdout
 
Finished building: VehiculoTT.list
 
15:26:35 **** Incremental Build of configuration Debug for project VehiculoTT ****
make -j16 all 
arm-none-eabi-gcc "../Core/Src/main.c" -mcpu=cortex-m4 -std=gnu11 -g3 -DDEBUG -DUSE_HAL_DRIVER -DSTM32F411xE -c -I../Core/Inc -I../Drivers/STM32F4xx_HAL_Driver/Inc -I../Drivers/STM32F4xx_HAL_Driver/Inc/Legacy -I../Drivers/CMSIS/Device/ST/STM32F4xx/Include -I../Drivers/CMSIS/Include -O0 -ffunction-sections -fdata-sections -Wall -fstack-usage -fcyclomatic-complexity -MMD -MP -MF"Core/Src/main.d" -MT"Core/Src/main.o" --specs=nano.specs -mfpu=fpv4-sp-d16 -mfloat-abi=hard -mthumb -o "Core/Src/main.o"
../Core/Src/main.c: In function 'MPU6050_Init':
../Core/Src/main.c:136:13: warning: unused variable 'data' [-Wunused-variable]
  136 |     uint8_t data = 0x00;
      |             ^~~~
arm-none-eabi-gcc -o "VehiculoTT.elf" @"objects.list"   -mcpu=cortex-m4 -T"C:\git\VehiculoTT\VehiculoTT\STM32F411CEUX_FLASH.ld" --specs=nosys.specs -Wl,-Map="VehiculoTT.map" -Wl,--gc-sections -static --specs=nano.specs -mfpu=fpv4-sp-d16 -mfloat-abi=hard -mthumb -Wl,--start-group -lc -lm -Wl,--end-group
Finished building target: VehiculoTT.elf
 
arm-none-eabi-size  VehiculoTT.elf 
arm-none-eabi-objdump -h -S VehiculoTT.elf  > "VehiculoTT.list"
   text	   data	    bss	    dec	    hex	filename
  10644	     12	   1652	  12308	   3014	VehiculoTT.elf
Finished building: default.size.stdout
 
Finished building: VehiculoTT.list
 
15:29:19 **** Incremental Build of configuration Debug for project VehiculoTT ****
make -j16 all 
arm-none-eabi-gcc "../Core/Src/main.c" -mcpu=cortex-m4 -std=gnu11 -g3 -DDEBUG -DUSE_HAL_DRIVER -DSTM32F411xE -c -I../Core/Inc -I../Drivers/STM32F4xx_HAL_Driver/Inc -I../Drivers/STM32F4xx_HAL_Driver/Inc/Legacy -I../Drivers/CMSIS/Device/ST/STM32F4xx/Include -I../Drivers/CMSIS/Include -O0 -ffunction-sections -fdata-sections -Wall -fstack-usage -fcyclomatic-complexity -MMD -MP -MF"Core/Src/main.d" -MT"Core/Src/main.o" --specs=nano.specs -mfpu=fpv4-sp-d16 -mfloat-abi=hard -mthumb -o "Core/Src/main.o"
../Core/Src/main.c: In function 'MPU6050_Init':
../Core/Src/main.c:136:13: warning: unused variable 'data' [-Wunused-variable]
  136 |     uint8_t data = 0x00;
      |             ^~~~
arm-none-eabi-gcc -o "VehiculoTT.elf" @"objects.list"   -mcpu=cortex-m4 -T"C:\git\VehiculoTT\VehiculoTT\STM32F411CEUX_FLASH.ld" --specs=nosys.specs -Wl,-Map="VehiculoTT.map" -Wl,--gc-sections -static --specs=nano.specs -mfpu=fpv4-sp-d16 -mfloat-abi=hard -mthumb -Wl,--start-group -lc -lm -Wl,--end-group
Finished building target: VehiculoTT.elf
 
arm-none-eabi-size  VehiculoTT.elf 
arm-none-eabi-objdump -h -S VehiculoTT.elf  > "VehiculoTT.list"
   text	   data	    bss	    dec	    hex	filename
  10644	     12	   1652	  12308	   3014	VehiculoTT.elf
Finished building: default.size.stdout
 
Finished building: VehiculoTT.list
 
15:33:29 **** Incremental Build of configuration Debug for project VehiculoTT ****
make -j16 all 
arm-none-eabi-gcc "../Core/Src/main.c" -mcpu=cortex-m4 -std=gnu11 -g3 -DDEBUG -DUSE_HAL_DRIVER -DSTM32F411xE -c -I../Core/Inc -I../Drivers/STM32F4xx_HAL_Driver/Inc -I../Drivers/STM32F4xx_HAL_Driver/Inc/Legacy -I../Drivers/CMSIS/Device/ST/STM32F4xx/Include -I../Drivers/CMSIS/Include -O0 -ffunction-sections -fdata-sections -Wall -fstack-usage -fcyclomatic-complexity -MMD -MP -MF"Core/Src/main.d" -MT"Core/Src/main.o" --specs=nano.specs -mfpu=fpv4-sp-d16 -mfloat-abi=hard -mthumb -o "Core/Src/main.o"
arm-none-eabi-gcc -o "VehiculoTT.elf" @"objects.list"   -mcpu=cortex-m4 -T"C:\git\VehiculoTT\VehiculoTT\STM32F411CEUX_FLASH.ld" --specs=nosys.specs -Wl,-Map="VehiculoTT.map" -Wl,--gc-sections -static --specs=nano.specs -mfpu=fpv4-sp-d16 -mfloat-abi=hard -mthumb -Wl,--start-group -lc -lm -Wl,--end-group
Finished building target: VehiculoTT.elf
 
arm-none-eabi-size  VehiculoTT.elf 
arm-none-eabi-objdump -h -S VehiculoTT.elf  > "VehiculoTT.list"
   text	   data	    bss	    dec	    hex	filename
  13272	     92	   1988	  15352	   3bf8	VehiculoTT.elf
Finished building: default.size.stdout
 
Finished building: VehiculoTT.list
 
16:01:57 **** Incremental Build of configuration Debug for project VehiculoTT ****
make -j16 all 
arm-none-eabi-gcc "../Core/Src/main.c" -mcpu=cortex-m4 -std=gnu11 -g3 -DDEBUG -DUSE_HAL_DRIVER -DSTM32F411xE -c -I../Core/Inc -I../Drivers/STM32F4xx_HAL_Driver/Inc -I../Drivers/STM32F4xx_HAL_Driver/Inc/Legacy -I../Drivers/CMSIS/Device/ST/STM32F4xx/Include -I../Drivers/CMSIS/Include -O0 -ffunction-sections -fdata-sections -Wall -fstack-usage -fcyclomatic-complexity -MMD -MP -MF"Core/Src/main.d" -MT"Core/Src/main.o" --specs=nano.specs -mfpu=fpv4-sp-d16 -mfloat-abi=hard -mthumb -o "Core/Src/main.o"
arm-none-eabi-gcc -o "VehiculoTT.elf" @"objects.list"   -mcpu=cortex-m4 -T"C:\git\VehiculoTT\VehiculoTT\STM32F411CEUX_FLASH.ld" --specs=nosys.specs -Wl,-Map="VehiculoTT.map" -Wl,--gc-sections -static --specs=nano.specs -mfpu=fpv4-sp-d16 -mfloat-abi=hard -mthumb -Wl,--start-group -lc -lm -Wl,--end-group
Finished building target: VehiculoTT.elf
 
arm-none-eabi-size  VehiculoTT.elf 
arm-none-eabi-objdump -h -S VehiculoTT.elf  > "VehiculoTT.list"
   text	   data	    bss	    dec	    hex	filename
  14432	     92	   1988	  16512	   4080	VehiculoTT.elf
Finished building: default.size.stdout
 
Finished building: VehiculoTT.list
 
16:03:04 **** Incremental Build of configuration Debug for project VehiculoTT ****
make -j16 all 
arm-none-eabi-gcc "../Core/Src/main.c" -mcpu=cortex-m4 -std=gnu11 -g3 -DDEBUG -DUSE_HAL_DRIVER -DSTM32F411xE -c -I../Core/Inc -I../Drivers/STM32F4xx_HAL_Driver/Inc -I../Drivers/STM32F4xx_HAL_Driver/Inc/Legacy -I../Drivers/CMSIS/Device/ST/STM32F4xx/Include -I../Drivers/CMSIS/Include -O0 -ffunction-sections -fdata-sections -Wall -fstack-usage -fcyclomatic-complexity -MMD -MP -MF"Core/Src/main.d" -MT"Core/Src/main.o" --specs=nano.specs -mfpu=fpv4-sp-d16 -mfloat-abi=hard -mthumb -o "Core/Src/main.o"
arm-none-eabi-gcc -o "VehiculoTT.elf" @"objects.list"   -mcpu=cortex-m4 -T"C:\git\VehiculoTT\VehiculoTT\STM32F411CEUX_FLASH.ld" --specs=nosys.specs -Wl,-Map="VehiculoTT.map" -Wl,--gc-sections -static --specs=nano.specs -mfpu=fpv4-sp-d16 -mfloat-abi=hard -mthumb -Wl,--start-group -lc -lm -Wl,--end-group
Finished building target: VehiculoTT.elf
 
arm-none-eabi-size  VehiculoTT.elf 
arm-none-eabi-objdump -h -S VehiculoTT.elf  > "VehiculoTT.list"
   text	   data	    bss	    dec	    hex	filename
  14432	     92	   1988	  16512	   4080	VehiculoTT.elf
Finished building: default.size.stdout
 
Finished building: VehiculoTT.list
 
16:18:29 **** Incremental Build of configuration Debug for project VehiculoTT ****
make -j16 all 
arm-none-eabi-gcc "../Core/Src/main.c" -mcpu=cortex-m4 -std=gnu11 -g3 -DDEBUG -DUSE_HAL_DRIVER -DSTM32F411xE -c -I../Core/Inc -I../Drivers/STM32F4xx_HAL_Driver/Inc -I../Drivers/STM32F4xx_HAL_Driver/Inc/Legacy -I../Drivers/CMSIS/Device/ST/STM32F4xx/Include -I../Drivers/CMSIS/Include -O0 -ffunction-sections -fdata-sections -Wall -fstack-usage -fcyclomatic-complexity -MMD -MP -MF"Core/Src/main.d" -MT"Core/Src/main.o" --specs=nano.specs -mfpu=fpv4-sp-d16 -mfloat-abi=hard -mthumb -o "Core/Src/main.o"
../Core/Src/main.c: In function 'main':
../Core/Src/main.c:285:19: warning: implicit declaration of function 'atan2' [-Wimplicit-function-declaration]
  285 |            roll = atan2(Ay, Az) * 180 / M_PI;
      |                   ^~~~~
../Core/Src/main.c:26:1: note: include '<math.h>' or provide a declaration of 'atan2'
   25 | #include <stdio.h>
  +++ |+#include <math.h>
   26 | /* USER CODE END Includes */
../Core/Src/main.c:285:19: warning: incompatible implicit declaration of built-in function 'atan2' [-Wbuiltin-declaration-mismatch]
  285 |            roll = atan2(Ay, Az) * 180 / M_PI;
      |                   ^~~~~
../Core/Src/main.c:285:19: note: include '<math.h>' or provide a declaration of 'atan2'
../Core/Src/main.c:285:41: error: 'M_PI' undeclared (first use in this function)
  285 |            roll = atan2(Ay, Az) * 180 / M_PI;
      |                                         ^~~~
../Core/Src/main.c:285:41: note: each undeclared identifier is reported only once for each function it appears in
../Core/Src/main.c:286:31: warning: implicit declaration of function 'sqrt' [-Wimplicit-function-declaration]
  286 |            pitch = atan2(-Ax, sqrt(Ay*Ay + Az*Az)) * 180 / M_PI;
      |                               ^~~~
../Core/Src/main.c:286:31: note: include '<math.h>' or provide a declaration of 'sqrt'
../Core/Src/main.c:286:31: warning: incompatible implicit declaration of built-in function 'sqrt' [-Wbuiltin-declaration-mismatch]
../Core/Src/main.c:286:31: note: include '<math.h>' or provide a declaration of 'sqrt'
../Core/Src/main.c:262:9: warning: variable 'pitch' set but not used [-Wunused-but-set-variable]
  262 |   float pitch = 0;
      |         ^~~~~
make: *** [Core/Src/subdir.mk:40: Core/Src/main.o] Error 1
"make -j16 all" terminated with exit code 2. Build might be incomplete.
16:19:50 **** Incremental Build of configuration Debug for project VehiculoTT ****
make -j16 all 
arm-none-eabi-gcc "../Core/Src/main.c" -mcpu=cortex-m4 -std=gnu11 -g3 -DDEBUG -DUSE_HAL_DRIVER -DSTM32F411xE -c -I../Core/Inc -I../Drivers/STM32F4xx_HAL_Driver/Inc -I../Drivers/STM32F4xx_HAL_Driver/Inc/Legacy -I../Drivers/CMSIS/Device/ST/STM32F4xx/Include -I../Drivers/CMSIS/Include -O0 -ffunction-sections -fdata-sections -Wall -fstack-usage -fcyclomatic-complexity -MMD -MP -MF"Core/Src/main.d" -MT"Core/Src/main.o" --specs=nano.specs -mfpu=fpv4-sp-d16 -mfloat-abi=hard -mthumb -o "Core/Src/main.o"
../Core/Src/main.c: In function 'main':
../Core/Src/main.c:263:9: warning: variable 'pitch' set but not used [-Wunused-but-set-variable]
  263 |   float pitch = 0;
      |         ^~~~~
arm-none-eabi-gcc -o "VehiculoTT.elf" @"objects.list"   -mcpu=cortex-m4 -T"C:\git\VehiculoTT\VehiculoTT\STM32F411CEUX_FLASH.ld" --specs=nosys.specs -Wl,-Map="VehiculoTT.map" -Wl,--gc-sections -static --specs=nano.specs -mfpu=fpv4-sp-d16 -mfloat-abi=hard -mthumb -Wl,--start-group -lc -lm -Wl,--end-group
Finished building target: VehiculoTT.elf
 
arm-none-eabi-size  VehiculoTT.elf 
arm-none-eabi-objdump -h -S VehiculoTT.elf  > "VehiculoTT.list"
   text	   data	    bss	    dec	    hex	filename
  19112	    112	   1984	  21208	   52d8	VehiculoTT.elf
Finished building: default.size.stdout
 
Finished building: VehiculoTT.list
 
16:22:06 **** Incremental Build of configuration Debug for project VehiculoTT ****
make -j16 all 
arm-none-eabi-gcc "../Core/Src/main.c" -mcpu=cortex-m4 -std=gnu11 -g3 -DDEBUG -DUSE_HAL_DRIVER -DSTM32F411xE -c -I../Core/Inc -I../Drivers/STM32F4xx_HAL_Driver/Inc -I../Drivers/STM32F4xx_HAL_Driver/Inc/Legacy -I../Drivers/CMSIS/Device/ST/STM32F4xx/Include -I../Drivers/CMSIS/Include -O0 -ffunction-sections -fdata-sections -Wall -fstack-usage -fcyclomatic-complexity -MMD -MP -MF"Core/Src/main.d" -MT"Core/Src/main.o" --specs=nano.specs -mfpu=fpv4-sp-d16 -mfloat-abi=hard -mthumb -o "Core/Src/main.o"
../Core/Src/main.c: In function 'main':
../Core/Src/main.c:291:57: warning: implicit declaration of function 'abs' [-Wimplicit-function-declaration]
  291 |                sprintf(buf, "Roll:%d.%02d", roll_i/100, abs(roll_i%100));
      |                                                         ^~~
../Core/Src/main.c:27:1: note: include '<stdlib.h>' or provide a declaration of 'abs'
   26 | #include <math.h>
  +++ |+#include <stdlib.h>
   27 | /* USER CODE END Includes */
../Core/Src/main.c:263:9: warning: variable 'pitch' set but not used [-Wunused-but-set-variable]
  263 |   float pitch = 0;
      |         ^~~~~
../Core/Src/main.c:291:38: warning: '%02d' directive writing 2 bytes into a region of size between 1 and 9 [-Wformat-overflow=]
  291 |                sprintf(buf, "Roll:%d.%02d", roll_i/100, abs(roll_i%100));
      |                                      ^~~~
../Core/Src/main.c:291:29: note: directive argument in the range [0, 99]
  291 |                sprintf(buf, "Roll:%d.%02d", roll_i/100, abs(roll_i%100));
      |                             ^~~~~~~~~~~~~~
../Core/Src/main.c:291:16: note: 'sprintf' output between 10 and 18 bytes into a destination of size 16
  291 |                sprintf(buf, "Roll:%d.%02d", roll_i/100, abs(roll_i%100));
      |                ^~~~~~~~~~~~~~~~~~~~~~~~~~~~~~~~~~~~~~~~~~~~~~~~~~~~~~~~~
arm-none-eabi-gcc -o "VehiculoTT.elf" @"objects.list"   -mcpu=cortex-m4 -T"C:\git\VehiculoTT\VehiculoTT\STM32F411CEUX_FLASH.ld" --specs=nosys.specs -Wl,-Map="VehiculoTT.map" -Wl,--gc-sections -static --specs=nano.specs -mfpu=fpv4-sp-d16 -mfloat-abi=hard -mthumb -Wl,--start-group -lc -lm -Wl,--end-group
Finished building target: VehiculoTT.elf
 
arm-none-eabi-size  VehiculoTT.elf 
arm-none-eabi-objdump -h -S VehiculoTT.elf  > "VehiculoTT.list"
   text	   data	    bss	    dec	    hex	filename
  19184	    112	   1984	  21280	   5320	VehiculoTT.elf
Finished building: default.size.stdout
 
Finished building: VehiculoTT.list
 
16:22:32 **** Incremental Build of configuration Debug for project VehiculoTT ****
make -j16 all 
arm-none-eabi-gcc "../Core/Src/main.c" -mcpu=cortex-m4 -std=gnu11 -g3 -DDEBUG -DUSE_HAL_DRIVER -DSTM32F411xE -c -I../Core/Inc -I../Drivers/STM32F4xx_HAL_Driver/Inc -I../Drivers/STM32F4xx_HAL_Driver/Inc/Legacy -I../Drivers/CMSIS/Device/ST/STM32F4xx/Include -I../Drivers/CMSIS/Include -O0 -ffunction-sections -fdata-sections -Wall -fstack-usage -fcyclomatic-complexity -MMD -MP -MF"Core/Src/main.d" -MT"Core/Src/main.o" --specs=nano.specs -mfpu=fpv4-sp-d16 -mfloat-abi=hard -mthumb -o "Core/Src/main.o"
../Core/Src/main.c: In function 'main':
../Core/Src/main.c:264:9: warning: variable 'pitch' set but not used [-Wunused-but-set-variable]
  264 |   float pitch = 0;
      |         ^~~~~
../Core/Src/main.c:292:38: warning: '%02d' directive writing 2 bytes into a region of size between 1 and 9 [-Wformat-overflow=]
  292 |                sprintf(buf, "Roll:%d.%02d", roll_i/100, abs(roll_i%100));
      |                                      ^~~~
../Core/Src/main.c:292:29: note: directive argument in the range [0, 99]
  292 |                sprintf(buf, "Roll:%d.%02d", roll_i/100, abs(roll_i%100));
      |                             ^~~~~~~~~~~~~~
../Core/Src/main.c:292:16: note: 'sprintf' output between 10 and 18 bytes into a destination of size 16
  292 |                sprintf(buf, "Roll:%d.%02d", roll_i/100, abs(roll_i%100));
      |                ^~~~~~~~~~~~~~~~~~~~~~~~~~~~~~~~~~~~~~~~~~~~~~~~~~~~~~~~~
arm-none-eabi-gcc -o "VehiculoTT.elf" @"objects.list"   -mcpu=cortex-m4 -T"C:\git\VehiculoTT\VehiculoTT\STM32F411CEUX_FLASH.ld" --specs=nosys.specs -Wl,-Map="VehiculoTT.map" -Wl,--gc-sections -static --specs=nano.specs -mfpu=fpv4-sp-d16 -mfloat-abi=hard -mthumb -Wl,--start-group -lc -lm -Wl,--end-group
Finished building target: VehiculoTT.elf
 
arm-none-eabi-size  VehiculoTT.elf 
arm-none-eabi-objdump -h -S VehiculoTT.elf  > "VehiculoTT.list"
   text	   data	    bss	    dec	    hex	filename
  19184	    112	   1984	  21280	   5320	VehiculoTT.elf
Finished building: default.size.stdout
 
Finished building: VehiculoTT.list
 
16:22:56 **** Incremental Build of configuration Debug for project VehiculoTT ****
make -j16 all 
arm-none-eabi-gcc "../Core/Src/main.c" -mcpu=cortex-m4 -std=gnu11 -g3 -DDEBUG -DUSE_HAL_DRIVER -DSTM32F411xE -c -I../Core/Inc -I../Drivers/STM32F4xx_HAL_Driver/Inc -I../Drivers/STM32F4xx_HAL_Driver/Inc/Legacy -I../Drivers/CMSIS/Device/ST/STM32F4xx/Include -I../Drivers/CMSIS/Include -O0 -ffunction-sections -fdata-sections -Wall -fstack-usage -fcyclomatic-complexity -MMD -MP -MF"Core/Src/main.d" -MT"Core/Src/main.o" --specs=nano.specs -mfpu=fpv4-sp-d16 -mfloat-abi=hard -mthumb -o "Core/Src/main.o"
../Core/Src/main.c: In function 'main':
../Core/Src/main.c:264:9: warning: variable 'pitch' set but not used [-Wunused-but-set-variable]
  264 |   float pitch = 0;
      |         ^~~~~
arm-none-eabi-gcc -o "VehiculoTT.elf" @"objects.list"   -mcpu=cortex-m4 -T"C:\git\VehiculoTT\VehiculoTT\STM32F411CEUX_FLASH.ld" --specs=nosys.specs -Wl,-Map="VehiculoTT.map" -Wl,--gc-sections -static --specs=nano.specs -mfpu=fpv4-sp-d16 -mfloat-abi=hard -mthumb -Wl,--start-group -lc -lm -Wl,--end-group
Finished building target: VehiculoTT.elf
 
arm-none-eabi-size  VehiculoTT.elf 
arm-none-eabi-objdump -h -S VehiculoTT.elf  > "VehiculoTT.list"
   text	   data	    bss	    dec	    hex	filename
  19184	    112	   1984	  21280	   5320	VehiculoTT.elf
Finished building: default.size.stdout
 
Finished building: VehiculoTT.list
 
16:29:19 **** Incremental Build of configuration Debug for project VehiculoTT ****
make -j16 all 
arm-none-eabi-gcc "../Core/Src/main.c" -mcpu=cortex-m4 -std=gnu11 -g3 -DDEBUG -DUSE_HAL_DRIVER -DSTM32F411xE -c -I../Core/Inc -I../Drivers/STM32F4xx_HAL_Driver/Inc -I../Drivers/STM32F4xx_HAL_Driver/Inc/Legacy -I../Drivers/CMSIS/Device/ST/STM32F4xx/Include -I../Drivers/CMSIS/Include -O0 -ffunction-sections -fdata-sections -Wall -fstack-usage -fcyclomatic-complexity -MMD -MP -MF"Core/Src/main.d" -MT"Core/Src/main.o" --specs=nano.specs -mfpu=fpv4-sp-d16 -mfloat-abi=hard -mthumb -o "Core/Src/main.o"
arm-none-eabi-gcc -o "VehiculoTT.elf" @"objects.list"   -mcpu=cortex-m4 -T"C:\git\VehiculoTT\VehiculoTT\STM32F411CEUX_FLASH.ld" --specs=nosys.specs -Wl,-Map="VehiculoTT.map" -Wl,--gc-sections -static --specs=nano.specs -mfpu=fpv4-sp-d16 -mfloat-abi=hard -mthumb -Wl,--start-group -lc -lm -Wl,--end-group
Finished building target: VehiculoTT.elf
 
arm-none-eabi-size  VehiculoTT.elf 
arm-none-eabi-objdump -h -S VehiculoTT.elf  > "VehiculoTT.list"
   text	   data	    bss	    dec	    hex	filename
  19352	    112	   1984	  21448	   53c8	VehiculoTT.elf
Finished building: default.size.stdout
 
Finished building: VehiculoTT.list
 
16:30:06 **** Incremental Build of configuration Debug for project VehiculoTT ****
make -j16 all 
arm-none-eabi-gcc "../Core/Src/main.c" -mcpu=cortex-m4 -std=gnu11 -g3 -DDEBUG -DUSE_HAL_DRIVER -DSTM32F411xE -c -I../Core/Inc -I../Drivers/STM32F4xx_HAL_Driver/Inc -I../Drivers/STM32F4xx_HAL_Driver/Inc/Legacy -I../Drivers/CMSIS/Device/ST/STM32F4xx/Include -I../Drivers/CMSIS/Include -O0 -ffunction-sections -fdata-sections -Wall -fstack-usage -fcyclomatic-complexity -MMD -MP -MF"Core/Src/main.d" -MT"Core/Src/main.o" --specs=nano.specs -mfpu=fpv4-sp-d16 -mfloat-abi=hard -mthumb -o "Core/Src/main.o"
arm-none-eabi-gcc -o "VehiculoTT.elf" @"objects.list"   -mcpu=cortex-m4 -T"C:\git\VehiculoTT\VehiculoTT\STM32F411CEUX_FLASH.ld" --specs=nosys.specs -Wl,-Map="VehiculoTT.map" -Wl,--gc-sections -static --specs=nano.specs -mfpu=fpv4-sp-d16 -mfloat-abi=hard -mthumb -Wl,--start-group -lc -lm -Wl,--end-group
Finished building target: VehiculoTT.elf
 
arm-none-eabi-size  VehiculoTT.elf 
arm-none-eabi-objdump -h -S VehiculoTT.elf  > "VehiculoTT.list"
   text	   data	    bss	    dec	    hex	filename
  19368	    112	   1984	  21464	   53d8	VehiculoTT.elf
Finished building: default.size.stdout
 
Finished building: VehiculoTT.list
 
