03:18:14 **** Incremental Build of configuration Debug for project HMITT ****
make -j16 all 
arm-none-eabi-gcc "../Core/Src/main.c" -mcpu=cortex-m4 -std=gnu11 -g3 -DDEBUG -DUSE_HAL_DRIVER -DSTM32F411xE -c -I../Core/Inc -I../Drivers/STM32F4xx_HAL_Driver/Inc -I../Drivers/STM32F4xx_HAL_Driver/Inc/Legacy -I../Drivers/CMSIS/Device/ST/STM32F4xx/Include -I../Drivers/CMSIS/Include -I../TouchGFX/App -I../TouchGFX/target/generated -I../TouchGFX/target -I../Middlewares/ST/touchgfx/framework/include -I../TouchGFX/generated/fonts/include -I../TouchGFX/generated/gui_generated/include -I../TouchGFX/generated/images/include -I../TouchGFX/generated/texts/include -I../TouchGFX/generated/videos/include -I../TouchGFX/gui/include -I../Middlewares/Third_Party/FreeRTOS/Source/include -I../Middlewares/Third_Party/FreeRTOS/Source/portable/GCC/ARM_CM4F -I../Middlewares/Third_Party/FreeRTOS/Source/CMSIS_RTOS_V2 -O0 -ffunction-sections -fdata-sections -Wall -fstack-usage -fcyclomatic-complexity -MMD -MP -MF"Core/Src/main.d" -MT"Core/Src/main.o" --specs=nano.specs -mfpu=fpv4-sp-d16 -mfloat-abi=hard -mthumb -o "Core/Src/main.o"
arm-none-eabi-g++ -o "HMITT.elf" @"objects.list"  -l:libtouchgfx-float-abi-hard.a -mcpu=cortex-m4 -T"C:\git\VehiculoTT\HMITT\STM32F411CEUX_FLASH.ld" -Wl,-Map="HMITT.map" -Wl,--gc-sections -static -L"C:\git\VehiculoTT\HMITT\Middlewares\ST\touchgfx\lib\core\cortex_m4f\gcc" --specs=nano.specs -mfpu=fpv4-sp-d16 -mfloat-abi=hard -mthumb -Wl,--start-group -lc -lm -lstdc++ -lsupc++ -Wl,--end-group
Finished building target: HMITT.elf
 
arm-none-eabi-size  HMITT.elf 
arm-none-eabi-objdump -h -S HMITT.elf  > "HMITT.list"
   text	   data	    bss	    dec	    hex	filename
 188750	    652	  67800	 257202	  3ecb2	HMITT.elf
Finished building: default.size.stdout
 
Finished building: HMITT.list
 
03:18:20 **** Incremental Build of configuration Debug for project HMITT ****
make -j16 all 
arm-none-eabi-size  HMITT.elf 
   text	   data	    bss	    dec	    hex	filename
 188750	    652	  67800	 257202	  3ecb2	HMITT.elf
Finished building: default.size.stdout
 
