03:34:56 **** Incremental Build of configuration Debug for project HMITT ****
make -j16 all 
arm-none-eabi-g++ "../TouchGFX/gui/src/model/Model.cpp" -mcpu=cortex-m4 -std=gnu++14 -g3 -DDEBUG -DUSE_HAL_DRIVER -DSTM32F411xE -c -I../Core/Inc -I../Drivers/STM32F4xx_HAL_Driver/Inc -I../Drivers/STM32F4xx_HAL_Driver/Inc/Legacy -I../Drivers/CMSIS/Device/ST/STM32F4xx/Include -I../Drivers/CMSIS/Include -I../TouchGFX/App -I../TouchGFX/target/generated -I../TouchGFX/target -I../Middlewares/ST/touchgfx/framework/include -I../TouchGFX/generated/fonts/include -I../TouchGFX/generated/gui_generated/include -I../TouchGFX/generated/images/include -I../TouchGFX/generated/texts/include -I../TouchGFX/generated/videos/include -I../TouchGFX/gui/include -I../Middlewares/Third_Party/FreeRTOS/Source/include -I../Middlewares/Third_Party/FreeRTOS/Source/portable/GCC/ARM_CM4F -I../Middlewares/Third_Party/FreeRTOS/Source/CMSIS_RTOS_V2 -O0 -ffunction-sections -fdata-sections -fno-exceptions -fno-rtti -fno-use-cxa-atexit -Wall -femit-class-debug-always -fstack-usage -fcyclomatic-complexity -MMD -MP -MF"TouchGFX/gui/src/model/Model.d" -MT"TouchGFX/gui/src/model/Model.o" --specs=nano.specs -mfpu=fpv4-sp-d16 -mfloat-abi=hard -mthumb -o "TouchGFX/gui/src/model/Model.o"
arm-none-eabi-g++ "../TouchGFX/gui/src/home_screen/homeView.cpp" -mcpu=cortex-m4 -std=gnu++14 -g3 -DDEBUG -DUSE_HAL_DRIVER -DSTM32F411xE -c -I../Core/Inc -I../Drivers/STM32F4xx_HAL_Driver/Inc -I../Drivers/STM32F4xx_HAL_Driver/Inc/Legacy -I../Drivers/CMSIS/Device/ST/STM32F4xx/Include -I../Drivers/CMSIS/Include -I../TouchGFX/App -I../TouchGFX/target/generated -I../TouchGFX/target -I../Middlewares/ST/touchgfx/framework/include -I../TouchGFX/generated/fonts/include -I../TouchGFX/generated/gui_generated/include -I../TouchGFX/generated/images/include -I../TouchGFX/generated/texts/include -I../TouchGFX/generated/videos/include -I../TouchGFX/gui/include -I../Middlewares/Third_Party/FreeRTOS/Source/include -I../Middlewares/Third_Party/FreeRTOS/Source/portable/GCC/ARM_CM4F -I../Middlewares/Third_Party/FreeRTOS/Source/CMSIS_RTOS_V2 -O0 -ffunction-sections -fdata-sections -fno-exceptions -fno-rtti -fno-use-cxa-atexit -Wall -femit-class-debug-always -fstack-usage -fcyclomatic-complexity -MMD -MP -MF"TouchGFX/gui/src/home_screen/homeView.d" -MT"TouchGFX/gui/src/home_screen/homeView.o" --specs=nano.specs -mfpu=fpv4-sp-d16 -mfloat-abi=hard -mthumb -o "TouchGFX/gui/src/home_screen/homeView.o"
arm-none-eabi-g++ -o "HMITT.elf" @"objects.list"  -l:libtouchgfx-float-abi-hard.a -mcpu=cortex-m4 -T"C:\git\VehiculoTT\HMITT\STM32F411CEUX_FLASH.ld" -Wl,-Map="HMITT.map" -Wl,--gc-sections -static -L"C:\git\VehiculoTT\HMITT\Middlewares\ST\touchgfx\lib\core\cortex_m4f\gcc" --specs=nano.specs -mfpu=fpv4-sp-d16 -mfloat-abi=hard -mthumb -Wl,--start-group -lc -lm -lstdc++ -lsupc++ -Wl,--end-group
D:\Documentos\Electronica\Nueva carpeta\STM32CubeIDE_1.15.0\STM32CubeIDE\plugins\com.st.stm32cube.ide.mcu.externaltools.gnu-tools-for-stm32.12.3.rel1.win32_1.0.100.202403111256\tools\arm-none-eabi\bin\ld.exe: warning: HMITT.elf has a LOAD segment with RWX permissions
Finished building target: HMITT.elf
 
arm-none-eabi-size  HMITT.elf 
arm-none-eabi-objdump -h -S HMITT.elf  > "HMITT.list"
   text	   data	    bss	    dec	    hex	filename
 193460	    648	  68242	 262350	  400ce	HMITT.elf
Finished building: default.size.stdout
 
Finished building: HMITT.list
 
03:35:06 **** Incremental Build of configuration Debug for project HMITT ****
make -j16 all 
arm-none-eabi-size  HMITT.elf 
   text	   data	    bss	    dec	    hex	filename
 193460	    648	  68242	 262350	  400ce	HMITT.elf
Finished building: default.size.stdout
 
