14:58:56 **** Incremental Build of configuration Debug for project VehiculoTT ****
make -j16 all 
arm-none-eabi-gcc "../Core/Src/main.c" -mcpu=cortex-m4 -std=gnu11 -g3 -DDEBUG -DUSE_HAL_DRIVER -DSTM32F411xE -c -I../Core/Inc -I../Drivers/STM32F4xx_HAL_Driver/Inc -I../Drivers/STM32F4xx_HAL_Driver/Inc/Legacy -I../Drivers/CMSIS/Device/ST/STM32F4xx/Include -I../Drivers/CMSIS/Include -I../Middlewares/Third_Party/FreeRTOS/Source/include -I../Middlewares/Third_Party/FreeRTOS/Source/CMSIS_RTOS_V2 -I../Middlewares/Third_Party/FreeRTOS/Source/portable/GCC/ARM_CM4F -O0 -ffunction-sections -fdata-sections -Wall -fstack-usage -fcyclomatic-complexity -MMD -MP -MF"Core/Src/main.d" -MT"Core/Src/main.o" --specs=nano.specs -mfpu=fpv4-sp-d16 -mfloat-abi=hard -mthumb -o "Core/Src/main.o"
../Core/Src/main.c: In function 'main':
../Core/Src/main.c:214:36: warning: unused variable 'pitch_i' [-Wunused-variable]
  214 |                                int pitch_i = (int)(pitch * 100);
      |                                    ^~~~~~~
../Core/Src/main.c:213:36: warning: unused variable 'roll_i' [-Wunused-variable]
  213 |                                int roll_i = (int)(roll * 100);
      |                                    ^~~~~~
../Core/Src/main.c:212:37: warning: unused variable 'buf2' [-Wunused-variable]
  212 |                                char buf2[20];
      |                                     ^~~~
../Core/Src/main.c:211:37: warning: unused variable 'buf' [-Wunused-variable]
  211 |                                char buf[18];
      |                                     ^~~
arm-none-eabi-g++ -o "VehiculoTT.elf" @"objects.list"   -mcpu=cortex-m4 -T"C:\git\VehiculoTT\VehiculoTT\STM32F411CEUX_FLASH.ld" -Wl,-Map="VehiculoTT.map" -Wl,--gc-sections -static --specs=nano.specs -mfpu=fpv4-sp-d16 -mfloat-abi=hard -mthumb -Wl,--start-group -lc -lm -lstdc++ -lsupc++ -Wl,--end-group
Finished building target: VehiculoTT.elf
 
arm-none-eabi-size  VehiculoTT.elf 
arm-none-eabi-objdump -h -S VehiculoTT.elf  > "VehiculoTT.list"
   text	   data	    bss	    dec	    hex	filename
  69004	    824	  22072	  91900	  166fc	VehiculoTT.elf
Finished building: default.size.stdout
 
Finished building: VehiculoTT.list
 
14:59:15 **** Incremental Build of configuration Debug for project VehiculoTT ****
make -j16 all 
arm-none-eabi-size  VehiculoTT.elf 
   text	   data	    bss	    dec	    hex	filename
  69004	    824	  22072	  91900	  166fc	VehiculoTT.elf
Finished building: default.size.stdout
 
