01:03:03 **** Incremental Build of configuration Debug for project VehiculoTT ****
make -j16 all 
arm-none-eabi-gcc "../Core/Src/main.c" -mcpu=cortex-m4 -std=gnu11 -g3 -DDEBUG -DUSE_HAL_DRIVER -DSTM32F411xE -c -I../Core/Inc -I../Drivers/STM32F4xx_HAL_Driver/Inc -I../Drivers/STM32F4xx_HAL_Driver/Inc/Legacy -I../Drivers/CMSIS/Device/ST/STM32F4xx/Include -I../Drivers/CMSIS/Include -I../Middlewares/Third_Party/FreeRTOS/Source/include -I../Middlewares/Third_Party/FreeRTOS/Source/CMSIS_RTOS_V2 -I../Middlewares/Third_Party/FreeRTOS/Source/portable/GCC/ARM_CM4F -O0 -ffunction-sections -fdata-sections -Wall -fstack-usage -fcyclomatic-complexity -MMD -MP -MF"Core/Src/main.d" -MT"Core/Src/main.o" --specs=nano.specs -mfpu=fpv4-sp-d16 -mfloat-abi=hard -mthumb -o "Core/Src/main.o"
arm-none-eabi-gcc -o "VehiculoTT.elf" @"objects.list"   -mcpu=cortex-m4 -T"C:\git\VehiculoTT\VehiculoTT\STM32F411CEUX_FLASH.ld" --specs=nosys.specs -Wl,-Map="VehiculoTT.map" -Wl,--gc-sections -static --specs=nano.specs -mfpu=fpv4-sp-d16 -mfloat-abi=hard -mthumb -Wl,--start-group -lc -lm -Wl,--end-group
Finished building target: VehiculoTT.elf
 
arm-none-eabi-size  VehiculoTT.elf 
arm-none-eabi-objdump -h -S VehiculoTT.elf  > "VehiculoTT.list"
   text	   data	    bss	    dec	    hex	filename
  35096	     96	  21384	  56576	   dd00	VehiculoTT.elf
Finished building: default.size.stdout
 
Finished building: VehiculoTT.list
 

01:03:07 Build Finished. 0 errors, 0 warnings. (took 3s.465ms)

